Pcap File ../3.pcap Opened
RuleGraph Was Registered On Device
>> Chunk 1 Started
196608 Packets Was Read From Pcap File
>> 196608 Packets (0.295898 GB) Transfered From Host To Device 
	| Duration : 16.753696 ms
	| Bandwidth : 141.293446 Gb/s
>> RuleGraph Was Processed For 256 Threads Per Block 
>> 196608 Packets (0.192 GB) Processed On GPU 
	| Duration : 1.446112 ms
	| Bandwidth : 1061.574906 Gb/s
>> 196608 Packets (0.295898 GB) Transfered From Device to Host
	| Duration : 17.580832 ms
	| Bandwidth : 134.645935 Gb/s
---------------------------------------------------------------

>> Chunk 2 Started
196608 Packets Was Read From Pcap File
>> 196608 Packets (0.295898 GB) Transfered From Host To Device 
	| Duration : 16.480961 ms
	| Bandwidth : 143.631644 Gb/s
>> RuleGraph Was Processed For 256 Threads Per Block 
>> 196608 Packets (0.192 GB) Processed On GPU 
	| Duration : 1.457920 ms
	| Bandwidth : 1052.977048 Gb/s
>> 196608 Packets (0.295898 GB) Transfered From Device to Host
	| Duration : 17.314177 ms
	| Bandwidth : 136.719612 Gb/s
---------------------------------------------------------------

>> Chunk 3 Started
196608 Packets Was Read From Pcap File
>> 196608 Packets (0.295898 GB) Transfered From Host To Device 
	| Duration : 16.453600 ms
	| Bandwidth : 143.870491 Gb/s
>> RuleGraph Was Processed For 256 Threads Per Block 
>> 196608 Packets (0.192 GB) Processed On GPU 
	| Duration : 1.479200 ms
	| Bandwidth : 1037.828721 Gb/s
>> 196608 Packets (0.295898 GB) Transfered From Device to Host
	| Duration : 17.443264 ms
	| Bandwidth : 135.707830 Gb/s
---------------------------------------------------------------

>> Chunk 4 Started
196608 Packets Was Read From Pcap File
>> 196608 Packets (0.295898 GB) Transfered From Host To Device 
	| Duration : 16.484991 ms
	| Bandwidth : 143.596529 Gb/s
>> RuleGraph Was Processed For 256 Threads Per Block 
>> 196608 Packets (0.192 GB) Processed On GPU 
	| Duration : 1.497120 ms
	| Bandwidth : 1025.406264 Gb/s
>> 196608 Packets (0.295898 GB) Transfered From Device to Host
	| Duration : 17.349600 ms
	| Bandwidth : 136.440467 Gb/s
---------------------------------------------------------------

>> Chunk 5 Started
196608 Packets Was Read From Pcap File
>> 196608 Packets (0.295898 GB) Transfered From Host To Device 
	| Duration : 16.457024 ms
	| Bandwidth : 143.840560 Gb/s
>> RuleGraph Was Processed For 256 Threads Per Block 
>> 196608 Packets (0.192 GB) Processed On GPU 
	| Duration : 1.481696 ms
	| Bandwidth : 1036.080438 Gb/s
>> 196608 Packets (0.295898 GB) Transfered From Device to Host
	| Duration : 17.337696 ms
	| Bandwidth : 136.534144 Gb/s
---------------------------------------------------------------

>> Chunk 6 Started
196608 Packets Was Read From Pcap File
>> 196608 Packets (0.295898 GB) Transfered From Host To Device 
	| Duration : 16.348480 ms
	| Bandwidth : 144.795569 Gb/s
>> RuleGraph Was Processed For 256 Threads Per Block 
>> 196608 Packets (0.192 GB) Processed On GPU 
	| Duration : 1.449664 ms
	| Bandwidth : 1058.973840 Gb/s
>> 196608 Packets (0.295898 GB) Transfered From Device to Host
	| Duration : 17.302849 ms
	| Bandwidth : 136.809119 Gb/s
---------------------------------------------------------------

>> Chunk 7 Started
196608 Packets Was Read From Pcap File
>> 196608 Packets (0.295898 GB) Transfered From Host To Device 
	| Duration : 16.554144 ms
	| Bandwidth : 142.996673 Gb/s
>> RuleGraph Was Processed For 256 Threads Per Block 
>> 196608 Packets (0.192 GB) Processed On GPU 
	| Duration : 1.466656 ms
	| Bandwidth : 1046.705077 Gb/s
>> 196608 Packets (0.295898 GB) Transfered From Device to Host
	| Duration : 17.385183 ms
	| Bandwidth : 136.161204 Gb/s
---------------------------------------------------------------

>> Chunk 8 Started
196608 Packets Was Read From Pcap File
>> 196608 Packets (0.295898 GB) Transfered From Host To Device 
	| Duration : 16.433697 ms
	| Bandwidth : 144.044735 Gb/s
>> RuleGraph Was Processed For 256 Threads Per Block 
>> 196608 Packets (0.192 GB) Processed On GPU 
	| Duration : 1.479008 ms
	| Bandwidth : 1037.963481 Gb/s
>> 196608 Packets (0.295898 GB) Transfered From Device to Host
	| Duration : 17.268673 ms
	| Bandwidth : 137.079873 Gb/s
---------------------------------------------------------------

>> Chunk 9 Started
196608 Packets Was Read From Pcap File
>> 196608 Packets (0.295898 GB) Transfered From Host To Device 
	| Duration : 16.435776 ms
	| Bandwidth : 144.026515 Gb/s
>> RuleGraph Was Processed For 256 Threads Per Block 
>> 196608 Packets (0.192 GB) Processed On GPU 
	| Duration : 1.477760 ms
	| Bandwidth : 1038.840065 Gb/s
>> 196608 Packets (0.295898 GB) Transfered From Device to Host
	| Duration : 17.523392 ms
	| Bandwidth : 135.087290 Gb/s
---------------------------------------------------------------

>> Chunk 10 Started
196608 Packets Was Read From Pcap File
>> 196608 Packets (0.295898 GB) Transfered From Host To Device 
	| Duration : 16.565376 ms
	| Bandwidth : 142.899712 Gb/s
>> RuleGraph Was Processed For 256 Threads Per Block 
>> 196608 Packets (0.192 GB) Processed On GPU 
	| Duration : 1.474560 ms
	| Bandwidth : 1041.094446 Gb/s
>> 196608 Packets (0.295898 GB) Transfered From Device to Host
	| Duration : 18.282463 ms
	| Bandwidth : 129.478588 Gb/s
---------------------------------------------------------------

>> Chunk 11 Started
196608 Packets Was Read From Pcap File
>> 196608 Packets (0.295898 GB) Transfered From Host To Device 
	| Duration : 16.518721 ms
	| Bandwidth : 143.303320 Gb/s
>> RuleGraph Was Processed For 256 Threads Per Block 
>> 196608 Packets (0.192 GB) Processed On GPU 
	| Duration : 1.473792 ms
	| Bandwidth : 1041.637012 Gb/s
>> 196608 Packets (0.295898 GB) Transfered From Device to Host
	| Duration : 17.509665 ms
	| Bandwidth : 135.193195 Gb/s
---------------------------------------------------------------

>> Chunk 12 Started
196608 Packets Was Read From Pcap File
>> 196608 Packets (0.295898 GB) Transfered From Host To Device 
	| Duration : 16.536545 ms
	| Bandwidth : 143.148858 Gb/s
>> RuleGraph Was Processed For 256 Threads Per Block 
>> 196608 Packets (0.192 GB) Processed On GPU 
	| Duration : 1.470368 ms
	| Bandwidth : 1044.062589 Gb/s
>> 196608 Packets (0.295898 GB) Transfered From Device to Host
	| Duration : 17.359232 ms
	| Bandwidth : 136.364760 Gb/s
---------------------------------------------------------------

>> Chunk 13 Started
196608 Packets Was Read From Pcap File
>> 196608 Packets (0.295898 GB) Transfered From Host To Device 
	| Duration : 16.731903 ms
	| Bandwidth : 141.477481 Gb/s
>> RuleGraph Was Processed For 256 Threads Per Block 
>> 196608 Packets (0.192 GB) Processed On GPU 
	| Duration : 1.465728 ms
	| Bandwidth : 1047.367727 Gb/s
>> 196608 Packets (0.295898 GB) Transfered From Device to Host
	| Duration : 17.500481 ms
	| Bandwidth : 135.264142 Gb/s
---------------------------------------------------------------

>> Chunk 14 Started
196608 Packets Was Read From Pcap File
>> 196608 Packets (0.295898 GB) Transfered From Host To Device 
	| Duration : 16.527456 ms
	| Bandwidth : 143.227576 Gb/s
>> RuleGraph Was Processed For 256 Threads Per Block 
>> 196608 Packets (0.192 GB) Processed On GPU 
	| Duration : 1.475328 ms
	| Bandwidth : 1040.552530 Gb/s
>> 196608 Packets (0.295898 GB) Transfered From Device to Host
	| Duration : 17.388321 ms
	| Bandwidth : 136.136635 Gb/s
---------------------------------------------------------------

>> Chunk 15 Started
196608 Packets Was Read From Pcap File
>> 196608 Packets (0.295898 GB) Transfered From Host To Device 
	| Duration : 16.398432 ms
	| Bandwidth : 144.354505 Gb/s
>> RuleGraph Was Processed For 256 Threads Per Block 
>> 196608 Packets (0.192 GB) Processed On GPU 
	| Duration : 1.460064 ms
	| Bandwidth : 1051.430755 Gb/s
>> 196608 Packets (0.295898 GB) Transfered From Device to Host
	| Duration : 17.459871 ms
	| Bandwidth : 135.578749 Gb/s
---------------------------------------------------------------

>> Chunk 16 Started
196608 Packets Was Read From Pcap File
>> 196608 Packets (0.295898 GB) Transfered From Host To Device 
	| Duration : 16.407072 ms
	| Bandwidth : 144.278485 Gb/s
>> RuleGraph Was Processed For 256 Threads Per Block 
>> 196608 Packets (0.192 GB) Processed On GPU 
	| Duration : 1.456576 ms
	| Bandwidth : 1053.948617 Gb/s
>> 196608 Packets (0.295898 GB) Transfered From Device to Host
	| Duration : 17.485985 ms
	| Bandwidth : 135.376276 Gb/s
---------------------------------------------------------------

>> Chunk 17 Started
196608 Packets Was Read From Pcap File
>> 196608 Packets (0.295898 GB) Transfered From Host To Device 
	| Duration : 16.518784 ms
	| Bandwidth : 143.302773 Gb/s
>> RuleGraph Was Processed For 256 Threads Per Block 
>> 196608 Packets (0.192 GB) Processed On GPU 
	| Duration : 1.465984 ms
	| Bandwidth : 1047.184870 Gb/s
>> 196608 Packets (0.295898 GB) Transfered From Device to Host
	| Duration : 17.317568 ms
	| Bandwidth : 136.692838 Gb/s
---------------------------------------------------------------

>> Chunk 18 Started
196608 Packets Was Read From Pcap File
>> 196608 Packets (0.295898 GB) Transfered From Host To Device 
	| Duration : 16.546495 ms
	| Bandwidth : 143.062772 Gb/s
>> RuleGraph Was Processed For 256 Threads Per Block 
>> 196608 Packets (0.192 GB) Processed On GPU 
	| Duration : 1.477280 ms
	| Bandwidth : 1039.177562 Gb/s
>> 196608 Packets (0.295898 GB) Transfered From Device to Host
	| Duration : 17.400576 ms
	| Bandwidth : 136.040758 Gb/s
---------------------------------------------------------------

>> Chunk 19 Started
196608 Packets Was Read From Pcap File
>> 196608 Packets (0.295898 GB) Transfered From Host To Device 
	| Duration : 17.110752 ms
	| Bandwidth : 138.345029 Gb/s
>> RuleGraph Was Processed For 256 Threads Per Block 
>> 196608 Packets (0.192 GB) Processed On GPU 
	| Duration : 1.463936 ms
	| Bandwidth : 1048.649859 Gb/s
>> 196608 Packets (0.295898 GB) Transfered From Device to Host
	| Duration : 17.703520 ms
	| Bandwidth : 133.712817 Gb/s
---------------------------------------------------------------

>> Chunk 20 Started
196608 Packets Was Read From Pcap File
>> 196608 Packets (0.295898 GB) Transfered From Host To Device 
	| Duration : 16.494400 ms
	| Bandwidth : 143.514617 Gb/s
>> RuleGraph Was Processed For 256 Threads Per Block 
>> 196608 Packets (0.192 GB) Processed On GPU 
	| Duration : 1.468800 ms
	| Bandwidth : 1045.177222 Gb/s
>> 196608 Packets (0.295898 GB) Transfered From Device to Host
	| Duration : 17.328384 ms
	| Bandwidth : 136.607513 Gb/s
---------------------------------------------------------------

>> Chunk 21 Started
196608 Packets Was Read From Pcap File
>> 196608 Packets (0.295898 GB) Transfered From Host To Device 
	| Duration : 16.456928 ms
	| Bandwidth : 143.841394 Gb/s
>> RuleGraph Was Processed For 256 Threads Per Block 
>> 196608 Packets (0.192 GB) Processed On GPU 
	| Duration : 1.465024 ms
	| Bandwidth : 1047.871063 Gb/s
>> 196608 Packets (0.295898 GB) Transfered From Device to Host
	| Duration : 17.290625 ms
	| Bandwidth : 136.905841 Gb/s
---------------------------------------------------------------

>> Chunk 22 Started
196608 Packets Was Read From Pcap File
>> 196608 Packets (0.295898 GB) Transfered From Host To Device 
	| Duration : 16.694336 ms
	| Bandwidth : 141.795847 Gb/s
>> RuleGraph Was Processed For 256 Threads Per Block 
>> 196608 Packets (0.192 GB) Processed On GPU 
	| Duration : 1.469984 ms
	| Bandwidth : 1044.335308 Gb/s
>> 196608 Packets (0.295898 GB) Transfered From Device to Host
	| Duration : 17.403584 ms
	| Bandwidth : 136.017246 Gb/s
---------------------------------------------------------------

>> Chunk 23 Started
196608 Packets Was Read From Pcap File
>> 196608 Packets (0.295898 GB) Transfered From Host To Device 
	| Duration : 16.382561 ms
	| Bandwidth : 144.494352 Gb/s
>> RuleGraph Was Processed For 256 Threads Per Block 
>> 196608 Packets (0.192 GB) Processed On GPU 
	| Duration : 1.472704 ms
	| Bandwidth : 1042.406481 Gb/s
>> 196608 Packets (0.295898 GB) Transfered From Device to Host
	| Duration : 17.417601 ms
	| Bandwidth : 135.907784 Gb/s
---------------------------------------------------------------

>> Chunk 24 Started
196608 Packets Was Read From Pcap File
>> 196608 Packets (0.295898 GB) Transfered From Host To Device 
	| Duration : 16.399937 ms
	| Bandwidth : 144.341259 Gb/s
>> RuleGraph Was Processed For 256 Threads Per Block 
>> 196608 Packets (0.192 GB) Processed On GPU 
	| Duration : 1.463648 ms
	| Bandwidth : 1048.856207 Gb/s
>> 196608 Packets (0.295898 GB) Transfered From Device to Host
	| Duration : 17.232576 ms
	| Bandwidth : 137.367011 Gb/s
---------------------------------------------------------------

>> Chunk 25 Started
196608 Packets Was Read From Pcap File
>> 196608 Packets (0.295898 GB) Transfered From Host To Device 
	| Duration : 16.414944 ms
	| Bandwidth : 144.209298 Gb/s
>> RuleGraph Was Processed For 256 Threads Per Block 
>> 196608 Packets (0.192 GB) Processed On GPU 
	| Duration : 1.467424 ms
	| Bandwidth : 1046.157221 Gb/s
>> 196608 Packets (0.295898 GB) Transfered From Device to Host
	| Duration : 17.476255 ms
	| Bandwidth : 135.451642 Gb/s
---------------------------------------------------------------

>> Chunk 26 Started
196608 Packets Was Read From Pcap File
>> 196608 Packets (0.295898 GB) Transfered From Host To Device 
	| Duration : 16.874241 ms
	| Bandwidth : 140.284088 Gb/s
>> RuleGraph Was Processed For 256 Threads Per Block 
>> 196608 Packets (0.192 GB) Processed On GPU 
	| Duration : 1.477408 ms
	| Bandwidth : 1039.087508 Gb/s
>> 196608 Packets (0.295898 GB) Transfered From Device to Host
	| Duration : 17.608383 ms
	| Bandwidth : 134.435256 Gb/s
---------------------------------------------------------------

>> Chunk 27 Started
196608 Packets Was Read From Pcap File
>> 196608 Packets (0.295898 GB) Transfered From Host To Device 
	| Duration : 16.739872 ms
	| Bandwidth : 141.410132 Gb/s
>> RuleGraph Was Processed For 256 Threads Per Block 
>> 196608 Packets (0.192 GB) Processed On GPU 
	| Duration : 1.478528 ms
	| Bandwidth : 1038.300408 Gb/s
>> 196608 Packets (0.295898 GB) Transfered From Device to Host
	| Duration : 17.591999 ms
	| Bandwidth : 134.560461 Gb/s
---------------------------------------------------------------

>> Chunk 28 Started
196608 Packets Was Read From Pcap File
>> 196608 Packets (0.295898 GB) Transfered From Host To Device 
	| Duration : 16.745407 ms
	| Bandwidth : 141.363389 Gb/s
>> RuleGraph Was Processed For 256 Threads Per Block 
>> 196608 Packets (0.192 GB) Processed On GPU 
	| Duration : 1.463328 ms
	| Bandwidth : 1049.085541 Gb/s
>> 196608 Packets (0.295898 GB) Transfered From Device to Host
	| Duration : 17.526976 ms
	| Bandwidth : 135.059667 Gb/s
---------------------------------------------------------------

>> Chunk 29 Started
196608 Packets Was Read From Pcap File
>> 196608 Packets (0.295898 GB) Transfered From Host To Device 
	| Duration : 16.394239 ms
	| Bandwidth : 144.391419 Gb/s
>> RuleGraph Was Processed For 256 Threads Per Block 
>> 196608 Packets (0.192 GB) Processed On GPU 
	| Duration : 1.461952 ms
	| Bandwidth : 1050.072971 Gb/s
>> 196608 Packets (0.295898 GB) Transfered From Device to Host
	| Duration : 17.385632 ms
	| Bandwidth : 136.157694 Gb/s
---------------------------------------------------------------

>> Chunk 30 Started
196608 Packets Was Read From Pcap File
>> 196608 Packets (0.295898 GB) Transfered From Host To Device 
	| Duration : 16.489536 ms
	| Bandwidth : 143.556948 Gb/s
>> RuleGraph Was Processed For 256 Threads Per Block 
>> 196608 Packets (0.192 GB) Processed On GPU 
	| Duration : 1.444608 ms
	| Bandwidth : 1062.680172 Gb/s
>> 196608 Packets (0.295898 GB) Transfered From Device to Host
	| Duration : 17.749216 ms
	| Bandwidth : 133.368566 Gb/s
---------------------------------------------------------------

>> Chunk 31 Started
196608 Packets Was Read From Pcap File
>> 196608 Packets (0.295898 GB) Transfered From Host To Device 
	| Duration : 16.508673 ms
	| Bandwidth : 143.390540 Gb/s
>> RuleGraph Was Processed For 256 Threads Per Block 
>> 196608 Packets (0.192 GB) Processed On GPU 
	| Duration : 1.489376 ms
	| Bandwidth : 1030.737908 Gb/s
>> 196608 Packets (0.295898 GB) Transfered From Device to Host
	| Duration : 17.433409 ms
	| Bandwidth : 135.784547 Gb/s
---------------------------------------------------------------

>> Chunk 32 Started
196608 Packets Was Read From Pcap File
>> 196608 Packets (0.295898 GB) Transfered From Host To Device 
	| Duration : 16.454624 ms
	| Bandwidth : 143.861535 Gb/s
>> RuleGraph Was Processed For 256 Threads Per Block 
>> 196608 Packets (0.192 GB) Processed On GPU 
	| Duration : 1.468896 ms
	| Bandwidth : 1045.108855 Gb/s
>> 196608 Packets (0.295898 GB) Transfered From Device to Host
	| Duration : 17.347391 ms
	| Bandwidth : 136.457839 Gb/s
---------------------------------------------------------------

>> Chunk 33 Started
196608 Packets Was Read From Pcap File
>> 196608 Packets (0.295898 GB) Transfered From Host To Device 
	| Duration : 16.697760 ms
	| Bandwidth : 141.766773 Gb/s
>> RuleGraph Was Processed For 256 Threads Per Block 
>> 196608 Packets (0.192 GB) Processed On GPU 
	| Duration : 1.474016 ms
	| Bandwidth : 1041.478723 Gb/s
>> 196608 Packets (0.295898 GB) Transfered From Device to Host
	| Duration : 17.698944 ms
	| Bandwidth : 133.747386 Gb/s
---------------------------------------------------------------

>> Chunk 34 Started
196608 Packets Was Read From Pcap File
>> 196608 Packets (0.295898 GB) Transfered From Host To Device 
	| Duration : 16.820095 ms
	| Bandwidth : 140.735679 Gb/s
>> RuleGraph Was Processed For 256 Threads Per Block 
>> 196608 Packets (0.192 GB) Processed On GPU 
	| Duration : 1.456512 ms
	| Bandwidth : 1053.994939 Gb/s
>> 196608 Packets (0.295898 GB) Transfered From Device to Host
	| Duration : 17.526400 ms
	| Bandwidth : 135.064106 Gb/s
---------------------------------------------------------------

>> Chunk 35 Started
196608 Packets Was Read From Pcap File
>> 196608 Packets (0.295898 GB) Transfered From Host To Device 
	| Duration : 16.592735 ms
	| Bandwidth : 142.664091 Gb/s
>> RuleGraph Was Processed For 256 Threads Per Block 
>> 196608 Packets (0.192 GB) Processed On GPU 
	| Duration : 1.474848 ms
	| Bandwidth : 1040.891140 Gb/s
>> 196608 Packets (0.295898 GB) Transfered From Device to Host
	| Duration : 17.392448 ms
	| Bandwidth : 136.104328 Gb/s
---------------------------------------------------------------

>> Chunk 36 Started
196608 Packets Was Read From Pcap File
>> 196608 Packets (0.295898 GB) Transfered From Host To Device 
	| Duration : 16.479744 ms
	| Bandwidth : 143.642250 Gb/s
>> RuleGraph Was Processed For 256 Threads Per Block 
>> 196608 Packets (0.192 GB) Processed On GPU 
	| Duration : 1.458656 ms
	| Bandwidth : 1052.445744 Gb/s
>> 196608 Packets (0.295898 GB) Transfered From Device to Host
	| Duration : 17.386848 ms
	| Bandwidth : 136.148164 Gb/s
---------------------------------------------------------------

>> Chunk 37 Started
196608 Packets Was Read From Pcap File
>> 196608 Packets (0.295898 GB) Transfered From Host To Device 
	| Duration : 16.254305 ms
	| Bandwidth : 145.634496 Gb/s
>> RuleGraph Was Processed For 256 Threads Per Block 
>> 196608 Packets (0.192 GB) Processed On GPU 
	| Duration : 1.462784 ms
	| Bandwidth : 1049.475654 Gb/s
>> 196608 Packets (0.295898 GB) Transfered From Device to Host
	| Duration : 17.403744 ms
	| Bandwidth : 136.015994 Gb/s
---------------------------------------------------------------

>> Chunk 38 Started
196608 Packets Was Read From Pcap File
>> 196608 Packets (0.295898 GB) Transfered From Host To Device 
	| Duration : 16.460192 ms
	| Bandwidth : 143.812875 Gb/s
>> RuleGraph Was Processed For 256 Threads Per Block 
>> 196608 Packets (0.192 GB) Processed On GPU 
	| Duration : 1.457248 ms
	| Bandwidth : 1053.462608 Gb/s
>> 196608 Packets (0.295898 GB) Transfered From Device to Host
	| Duration : 17.430401 ms
	| Bandwidth : 135.807978 Gb/s
---------------------------------------------------------------

>> Chunk 39 Started
196608 Packets Was Read From Pcap File
>> 196608 Packets (0.295898 GB) Transfered From Host To Device 
	| Duration : 16.498112 ms
	| Bandwidth : 143.482329 Gb/s
>> RuleGraph Was Processed For 256 Threads Per Block 
>> 196608 Packets (0.192 GB) Processed On GPU 
	| Duration : 1.468704 ms
	| Bandwidth : 1045.245513 Gb/s
>> 196608 Packets (0.295898 GB) Transfered From Device to Host
	| Duration : 17.260832 ms
	| Bandwidth : 137.142145 Gb/s
---------------------------------------------------------------

>> Chunk 40 Started
196608 Packets Was Read From Pcap File
>> 196608 Packets (0.295898 GB) Transfered From Host To Device 
	| Duration : 16.500608 ms
	| Bandwidth : 143.460619 Gb/s
>> RuleGraph Was Processed For 256 Threads Per Block 
>> 196608 Packets (0.192 GB) Processed On GPU 
	| Duration : 1.462496 ms
	| Bandwidth : 1049.682328 Gb/s
>> 196608 Packets (0.295898 GB) Transfered From Device to Host
	| Duration : 17.301088 ms
	| Bandwidth : 136.823040 Gb/s
---------------------------------------------------------------

>> Chunk 41 Started
196608 Packets Was Read From Pcap File
>> 196608 Packets (0.295898 GB) Transfered From Host To Device 
	| Duration : 16.433121 ms
	| Bandwidth : 144.049785 Gb/s
>> RuleGraph Was Processed For 256 Threads Per Block 
>> 196608 Packets (0.192 GB) Processed On GPU 
	| Duration : 1.460768 ms
	| Bandwidth : 1050.924080 Gb/s
>> 196608 Packets (0.295898 GB) Transfered From Device to Host
	| Duration : 17.413376 ms
	| Bandwidth : 135.940757 Gb/s
---------------------------------------------------------------

>> Chunk 42 Started
196608 Packets Was Read From Pcap File
>> 196608 Packets (0.295898 GB) Transfered From Host To Device 
	| Duration : 16.774496 ms
	| Bandwidth : 141.118248 Gb/s
>> RuleGraph Was Processed For 256 Threads Per Block 
>> 196608 Packets (0.192 GB) Processed On GPU 
	| Duration : 1.470464 ms
	| Bandwidth : 1043.994453 Gb/s
>> 196608 Packets (0.295898 GB) Transfered From Device to Host
	| Duration : 17.987232 ms
	| Bandwidth : 131.603766 Gb/s
---------------------------------------------------------------

>> Chunk 43 Started
196608 Packets Was Read From Pcap File
>> 196608 Packets (0.295898 GB) Transfered From Host To Device 
	| Duration : 16.544672 ms
	| Bandwidth : 143.078539 Gb/s
>> RuleGraph Was Processed For 256 Threads Per Block 
>> 196608 Packets (0.192 GB) Processed On GPU 
	| Duration : 1.470464 ms
	| Bandwidth : 1043.994453 Gb/s
>> 196608 Packets (0.295898 GB) Transfered From Device to Host
	| Duration : 17.598721 ms
	| Bandwidth : 134.509068 Gb/s
---------------------------------------------------------------

>> Chunk 44 Started
196608 Packets Was Read From Pcap File
>> 196608 Packets (0.295898 GB) Transfered From Host To Device 
	| Duration : 16.632000 ms
	| Bandwidth : 142.327291 Gb/s
>> RuleGraph Was Processed For 256 Threads Per Block 
>> 196608 Packets (0.192 GB) Processed On GPU 
	| Duration : 1.460544 ms
	| Bandwidth : 1051.085253 Gb/s
>> 196608 Packets (0.295898 GB) Transfered From Device to Host
	| Duration : 17.637056 ms
	| Bandwidth : 134.216700 Gb/s
---------------------------------------------------------------

>> Chunk 45 Started
196608 Packets Was Read From Pcap File
>> 196608 Packets (0.295898 GB) Transfered From Host To Device 
	| Duration : 16.885887 ms
	| Bandwidth : 140.187334 Gb/s
>> RuleGraph Was Processed For 256 Threads Per Block 
>> 196608 Packets (0.192 GB) Processed On GPU 
	| Duration : 1.475872 ms
	| Bandwidth : 1040.168936 Gb/s
>> 196608 Packets (0.295898 GB) Transfered From Device to Host
	| Duration : 17.768353 ms
	| Bandwidth : 133.224929 Gb/s
---------------------------------------------------------------

>> Chunk 46 Started
196608 Packets Was Read From Pcap File
>> 196608 Packets (0.295898 GB) Transfered From Host To Device 
	| Duration : 16.862911 ms
	| Bandwidth : 140.378341 Gb/s
>> RuleGraph Was Processed For 256 Threads Per Block 
>> 196608 Packets (0.192 GB) Processed On GPU 
	| Duration : 1.475136 ms
	| Bandwidth : 1040.687914 Gb/s
>> 196608 Packets (0.295898 GB) Transfered From Device to Host
	| Duration : 17.426785 ms
	| Bandwidth : 135.836161 Gb/s
---------------------------------------------------------------

>> Chunk 47 Started
196608 Packets Was Read From Pcap File
>> 196608 Packets (0.295898 GB) Transfered From Host To Device 
	| Duration : 16.528671 ms
	| Bandwidth : 143.217048 Gb/s
>> RuleGraph Was Processed For 256 Threads Per Block 
>> 196608 Packets (0.192 GB) Processed On GPU 
	| Duration : 1.465024 ms
	| Bandwidth : 1047.871063 Gb/s
>> 196608 Packets (0.295898 GB) Transfered From Device to Host
	| Duration : 17.508608 ms
	| Bandwidth : 135.201355 Gb/s
---------------------------------------------------------------

>> Chunk 48 Started
196608 Packets Was Read From Pcap File
>> 196608 Packets (0.295898 GB) Transfered From Host To Device 
	| Duration : 17.153536 ms
	| Bandwidth : 137.999974 Gb/s
>> RuleGraph Was Processed For 256 Threads Per Block 
>> 196608 Packets (0.192 GB) Processed On GPU 
	| Duration : 1.471360 ms
	| Bandwidth : 1043.358718 Gb/s
>> 196608 Packets (0.295898 GB) Transfered From Device to Host
	| Duration : 17.406464 ms
	| Bandwidth : 135.994740 Gb/s
---------------------------------------------------------------

>> Chunk 49 Started
196608 Packets Was Read From Pcap File
>> 196608 Packets (0.295898 GB) Transfered From Host To Device 
	| Duration : 17.043297 ms
	| Bandwidth : 138.892582 Gb/s
>> RuleGraph Was Processed For 256 Threads Per Block 
>> 196608 Packets (0.192 GB) Processed On GPU 
	| Duration : 1.463072 ms
	| Bandwidth : 1049.269148 Gb/s
>> 196608 Packets (0.295898 GB) Transfered From Device to Host
	| Duration : 17.592735 ms
	| Bandwidth : 134.554830 Gb/s
---------------------------------------------------------------

>> Chunk 50 Started
196608 Packets Was Read From Pcap File
>> 196608 Packets (0.295898 GB) Transfered From Host To Device 
	| Duration : 16.682177 ms
	| Bandwidth : 141.899199 Gb/s
>> RuleGraph Was Processed For 256 Threads Per Block 
>> 196608 Packets (0.192 GB) Processed On GPU 
	| Duration : 1.464704 ms
	| Bandwidth : 1048.099965 Gb/s
>> 196608 Packets (0.295898 GB) Transfered From Device to Host
	| Duration : 17.671713 ms
	| Bandwidth : 133.953484 Gb/s
---------------------------------------------------------------

>> Chunk 51 Started
196608 Packets Was Read From Pcap File
>> 196608 Packets (0.295898 GB) Transfered From Host To Device 
	| Duration : 16.434336 ms
	| Bandwidth : 144.039135 Gb/s
>> RuleGraph Was Processed For 256 Threads Per Block 
>> 196608 Packets (0.192 GB) Processed On GPU 
	| Duration : 1.453472 ms
	| Bandwidth : 1056.199384 Gb/s
>> 196608 Packets (0.295898 GB) Transfered From Device to Host
	| Duration : 17.678593 ms
	| Bandwidth : 133.901354 Gb/s
---------------------------------------------------------------

>> Chunk 52 Started
196608 Packets Was Read From Pcap File
>> 196608 Packets (0.295898 GB) Transfered From Host To Device 
	| Duration : 16.451744 ms
	| Bandwidth : 143.886720 Gb/s
>> RuleGraph Was Processed For 256 Threads Per Block 
>> 196608 Packets (0.192 GB) Processed On GPU 
	| Duration : 1.463104 ms
	| Bandwidth : 1049.246151 Gb/s
>> 196608 Packets (0.295898 GB) Transfered From Device to Host
	| Duration : 17.236897 ms
	| Bandwidth : 137.332582 Gb/s
---------------------------------------------------------------

>> Chunk 53 Started
196608 Packets Was Read From Pcap File
>> 196608 Packets (0.295898 GB) Transfered From Host To Device 
	| Duration : 16.448959 ms
	| Bandwidth : 143.911080 Gb/s
>> RuleGraph Was Processed For 256 Threads Per Block 
>> 196608 Packets (0.192 GB) Processed On GPU 
	| Duration : 1.461472 ms
	| Bandwidth : 1050.417807 Gb/s
>> 196608 Packets (0.295898 GB) Transfered From Device to Host
	| Duration : 17.466623 ms
	| Bandwidth : 135.526338 Gb/s
---------------------------------------------------------------

>> Chunk 54 Started
196608 Packets Was Read From Pcap File
>> 196608 Packets (0.295898 GB) Transfered From Host To Device 
	| Duration : 16.419329 ms
	| Bandwidth : 144.170785 Gb/s
>> RuleGraph Was Processed For 256 Threads Per Block 
>> 196608 Packets (0.192 GB) Processed On GPU 
	| Duration : 1.482400 ms
	| Bandwidth : 1035.588446 Gb/s
>> 196608 Packets (0.295898 GB) Transfered From Device to Host
	| Duration : 17.508448 ms
	| Bandwidth : 135.202592 Gb/s
---------------------------------------------------------------

>> Chunk 55 Started
196608 Packets Was Read From Pcap File
>> 196608 Packets (0.295898 GB) Transfered From Host To Device 
	| Duration : 16.447552 ms
	| Bandwidth : 143.923396 Gb/s
>> RuleGraph Was Processed For 256 Threads Per Block 
>> 196608 Packets (0.192 GB) Processed On GPU 
	| Duration : 1.477696 ms
	| Bandwidth : 1038.885069 Gb/s
>> 196608 Packets (0.295898 GB) Transfered From Device to Host
	| Duration : 17.664352 ms
	| Bandwidth : 134.009300 Gb/s
---------------------------------------------------------------

>> Chunk 56 Started
196608 Packets Was Read From Pcap File
>> 196608 Packets (0.295898 GB) Transfered From Host To Device 
	| Duration : 16.438272 ms
	| Bandwidth : 144.004639 Gb/s
>> RuleGraph Was Processed For 256 Threads Per Block 
>> 196608 Packets (0.192 GB) Processed On GPU 
	| Duration : 1.476032 ms
	| Bandwidth : 1040.056198 Gb/s
>> 196608 Packets (0.295898 GB) Transfered From Device to Host
	| Duration : 17.392096 ms
	| Bandwidth : 136.107089 Gb/s
---------------------------------------------------------------

>> Chunk 57 Started
196608 Packets Was Read From Pcap File
>> 196608 Packets (0.295898 GB) Transfered From Host To Device 
	| Duration : 16.418625 ms
	| Bandwidth : 144.176965 Gb/s
>> RuleGraph Was Processed For 256 Threads Per Block 
>> 196608 Packets (0.192 GB) Processed On GPU 
	| Duration : 1.466336 ms
	| Bandwidth : 1046.933471 Gb/s
>> 196608 Packets (0.295898 GB) Transfered From Device to Host
	| Duration : 17.513409 ms
	| Bandwidth : 135.164293 Gb/s
---------------------------------------------------------------

>> Chunk 58 Started
196608 Packets Was Read From Pcap File
>> 196608 Packets (0.295898 GB) Transfered From Host To Device 
	| Duration : 16.778688 ms
	| Bandwidth : 141.082988 Gb/s
>> RuleGraph Was Processed For 256 Threads Per Block 
>> 196608 Packets (0.192 GB) Processed On GPU 
	| Duration : 1.498848 ms
	| Bandwidth : 1024.224130 Gb/s
>> 196608 Packets (0.295898 GB) Transfered From Device to Host
	| Duration : 17.571936 ms
	| Bandwidth : 134.714100 Gb/s
---------------------------------------------------------------

>> Chunk 59 Started
196608 Packets Was Read From Pcap File
>> 196608 Packets (0.295898 GB) Transfered From Host To Device 
	| Duration : 16.763103 ms
	| Bandwidth : 141.214155 Gb/s
>> RuleGraph Was Processed For 256 Threads Per Block 
>> 196608 Packets (0.192 GB) Processed On GPU 
	| Duration : 1.465088 ms
	| Bandwidth : 1047.825277 Gb/s
>> 196608 Packets (0.295898 GB) Transfered From Device to Host
	| Duration : 17.427008 ms
	| Bandwidth : 135.834421 Gb/s
---------------------------------------------------------------

>> Chunk 60 Started
196608 Packets Was Read From Pcap File
>> 196608 Packets (0.295898 GB) Transfered From Host To Device 
	| Duration : 17.019648 ms
	| Bandwidth : 139.085577 Gb/s
>> RuleGraph Was Processed For 256 Threads Per Block 
>> 196608 Packets (0.192 GB) Processed On GPU 
	| Duration : 1.458880 ms
	| Bandwidth : 1052.284153 Gb/s
>> 196608 Packets (0.295898 GB) Transfered From Device to Host
	| Duration : 17.372160 ms
	| Bandwidth : 136.263280 Gb/s
---------------------------------------------------------------

>> Chunk 61 Started
196608 Packets Was Read From Pcap File
>> 196608 Packets (0.295898 GB) Transfered From Host To Device 
	| Duration : 16.672096 ms
	| Bandwidth : 141.984995 Gb/s
>> RuleGraph Was Processed For 256 Threads Per Block 
>> 196608 Packets (0.192 GB) Processed On GPU 
	| Duration : 1.539456 ms
	| Bandwidth : 997.206962 Gb/s
>> 196608 Packets (0.295898 GB) Transfered From Device to Host
	| Duration : 17.498848 ms
	| Bandwidth : 135.276763 Gb/s
---------------------------------------------------------------

>> Chunk 62 Started
196608 Packets Was Read From Pcap File
>> 196608 Packets (0.295898 GB) Transfered From Host To Device 
	| Duration : 16.591232 ms
	| Bandwidth : 142.677015 Gb/s
>> RuleGraph Was Processed For 256 Threads Per Block 
>> 196608 Packets (0.192 GB) Processed On GPU 
	| Duration : 1.465856 ms
	| Bandwidth : 1047.276333 Gb/s
>> 196608 Packets (0.295898 GB) Transfered From Device to Host
	| Duration : 17.365215 ms
	| Bandwidth : 136.317774 Gb/s
---------------------------------------------------------------

>> Chunk 63 Started
196608 Packets Was Read From Pcap File
>> 196608 Packets (0.295898 GB) Transfered From Host To Device 
	| Duration : 16.632383 ms
	| Bandwidth : 142.324010 Gb/s
>> RuleGraph Was Processed For 256 Threads Per Block 
>> 196608 Packets (0.192 GB) Processed On GPU 
	| Duration : 1.476832 ms
	| Bandwidth : 1039.492790 Gb/s
>> 196608 Packets (0.295898 GB) Transfered From Device to Host
	| Duration : 17.391296 ms
	| Bandwidth : 136.113344 Gb/s
---------------------------------------------------------------

>> Chunk 64 Started
196608 Packets Was Read From Pcap File
>> 196608 Packets (0.295898 GB) Transfered From Host To Device 
	| Duration : 16.535521 ms
	| Bandwidth : 143.157725 Gb/s
>> RuleGraph Was Processed For 256 Threads Per Block 
>> 196608 Packets (0.192 GB) Processed On GPU 
	| Duration : 1.467040 ms
	| Bandwidth : 1046.431120 Gb/s
>> 196608 Packets (0.295898 GB) Transfered From Device to Host
	| Duration : 17.399008 ms
	| Bandwidth : 136.053017 Gb/s
---------------------------------------------------------------

>> Chunk 65 Started
196608 Packets Was Read From Pcap File
>> 196608 Packets (0.295898 GB) Transfered From Host To Device 
	| Duration : 16.468960 ms
	| Bandwidth : 143.736309 Gb/s
>> RuleGraph Was Processed For 256 Threads Per Block 
>> 196608 Packets (0.192 GB) Processed On GPU 
	| Duration : 1.479808 ms
	| Bandwidth : 1037.402337 Gb/s
>> 196608 Packets (0.295898 GB) Transfered From Device to Host
	| Duration : 17.600672 ms
	| Bandwidth : 134.494156 Gb/s
---------------------------------------------------------------

>> Chunk 66 Started
196608 Packets Was Read From Pcap File
>> 196608 Packets (0.295898 GB) Transfered From Host To Device 
	| Duration : 16.799583 ms
	| Bandwidth : 140.907512 Gb/s
>> RuleGraph Was Processed For 256 Threads Per Block 
>> 196608 Packets (0.192 GB) Processed On GPU 
	| Duration : 1.459392 ms
	| Bandwidth : 1051.914976 Gb/s
>> 196608 Packets (0.295898 GB) Transfered From Device to Host
	| Duration : 17.232351 ms
	| Bandwidth : 137.368805 Gb/s
---------------------------------------------------------------

>> Chunk 67 Started
196608 Packets Was Read From Pcap File
>> 196608 Packets (0.295898 GB) Transfered From Host To Device 
	| Duration : 16.516417 ms
	| Bandwidth : 143.323311 Gb/s
>> RuleGraph Was Processed For 256 Threads Per Block 
>> 196608 Packets (0.192 GB) Processed On GPU 
	| Duration : 1.463360 ms
	| Bandwidth : 1049.062637 Gb/s
>> 196608 Packets (0.295898 GB) Transfered From Device to Host
	| Duration : 17.339041 ms
	| Bandwidth : 136.523556 Gb/s
---------------------------------------------------------------

>> Chunk 68 Started
196608 Packets Was Read From Pcap File
>> 196608 Packets (0.295898 GB) Transfered From Host To Device 
	| Duration : 16.306335 ms
	| Bandwidth : 145.169803 Gb/s
>> RuleGraph Was Processed For 256 Threads Per Block 
>> 196608 Packets (0.192 GB) Processed On GPU 
	| Duration : 1.465856 ms
	| Bandwidth : 1047.276333 Gb/s
>> 196608 Packets (0.295898 GB) Transfered From Device to Host
	| Duration : 17.334463 ms
	| Bandwidth : 136.559609 Gb/s
---------------------------------------------------------------

>> Chunk 69 Started
196608 Packets Was Read From Pcap File
>> 196608 Packets (0.295898 GB) Transfered From Host To Device 
	| Duration : 16.560928 ms
	| Bandwidth : 142.938092 Gb/s
>> RuleGraph Was Processed For 256 Threads Per Block 
>> 196608 Packets (0.192 GB) Processed On GPU 
	| Duration : 1.465632 ms
	| Bandwidth : 1047.436389 Gb/s
>> 196608 Packets (0.295898 GB) Transfered From Device to Host
	| Duration : 17.387039 ms
	| Bandwidth : 136.146671 Gb/s
---------------------------------------------------------------

>> Chunk 70 Started
196608 Packets Was Read From Pcap File
>> 196608 Packets (0.295898 GB) Transfered From Host To Device 
	| Duration : 16.301023 ms
	| Bandwidth : 145.217109 Gb/s
>> RuleGraph Was Processed For 256 Threads Per Block 
>> 196608 Packets (0.192 GB) Processed On GPU 
	| Duration : 1.476160 ms
	| Bandwidth : 1039.965992 Gb/s
>> 196608 Packets (0.295898 GB) Transfered From Device to Host
	| Duration : 17.236704 ms
	| Bandwidth : 137.334117 Gb/s
---------------------------------------------------------------

>> Chunk 71 Started
196608 Packets Was Read From Pcap File
>> 196608 Packets (0.295898 GB) Transfered From Host To Device 
	| Duration : 16.614464 ms
	| Bandwidth : 142.477514 Gb/s
>> RuleGraph Was Processed For 256 Threads Per Block 
>> 196608 Packets (0.192 GB) Processed On GPU 
	| Duration : 1.459072 ms
	| Bandwidth : 1052.145649 Gb/s
>> 196608 Packets (0.295898 GB) Transfered From Device to Host
	| Duration : 17.508480 ms
	| Bandwidth : 135.202341 Gb/s
---------------------------------------------------------------

>> Chunk 72 Started
196608 Packets Was Read From Pcap File
>> 196608 Packets (0.295898 GB) Transfered From Host To Device 
	| Duration : 16.450945 ms
	| Bandwidth : 143.893710 Gb/s
>> RuleGraph Was Processed For 256 Threads Per Block 
>> 196608 Packets (0.192 GB) Processed On GPU 
	| Duration : 1.465056 ms
	| Bandwidth : 1047.848212 Gb/s
>> 196608 Packets (0.295898 GB) Transfered From Device to Host
	| Duration : 17.489216 ms
	| Bandwidth : 135.351266 Gb/s
---------------------------------------------------------------

>> Chunk 73 Started
196608 Packets Was Read From Pcap File
>> 196608 Packets (0.295898 GB) Transfered From Host To Device 
	| Duration : 16.795904 ms
	| Bandwidth : 140.938379 Gb/s
>> RuleGraph Was Processed For 256 Threads Per Block 
>> 196608 Packets (0.192 GB) Processed On GPU 
	| Duration : 1.466432 ms
	| Bandwidth : 1046.864959 Gb/s
>> 196608 Packets (0.295898 GB) Transfered From Device to Host
	| Duration : 17.584385 ms
	| Bandwidth : 134.618726 Gb/s
---------------------------------------------------------------

>> Chunk 74 Started
196608 Packets Was Read From Pcap File
>> 196608 Packets (0.295898 GB) Transfered From Host To Device 
	| Duration : 16.435137 ms
	| Bandwidth : 144.032114 Gb/s
>> RuleGraph Was Processed For 256 Threads Per Block 
>> 196608 Packets (0.192 GB) Processed On GPU 
	| Duration : 1.454080 ms
	| Bandwidth : 1055.757775 Gb/s
>> 196608 Packets (0.295898 GB) Transfered From Device to Host
	| Duration : 17.297472 ms
	| Bandwidth : 136.851645 Gb/s
---------------------------------------------------------------

>> Chunk 75 Started
196608 Packets Was Read From Pcap File
>> 196608 Packets (0.295898 GB) Transfered From Host To Device 
	| Duration : 16.412737 ms
	| Bandwidth : 144.228687 Gb/s
>> RuleGraph Was Processed For 256 Threads Per Block 
>> 196608 Packets (0.192 GB) Processed On GPU 
	| Duration : 1.468352 ms
	| Bandwidth : 1045.496101 Gb/s
>> 196608 Packets (0.295898 GB) Transfered From Device to Host
	| Duration : 17.555264 ms
	| Bandwidth : 134.842037 Gb/s
---------------------------------------------------------------

>> Chunk 76 Started
196608 Packets Was Read From Pcap File
>> 196608 Packets (0.295898 GB) Transfered From Host To Device 
	| Duration : 16.712576 ms
	| Bandwidth : 141.641092 Gb/s
>> RuleGraph Was Processed For 256 Threads Per Block 
>> 196608 Packets (0.192 GB) Processed On GPU 
	| Duration : 1.483168 ms
	| Bandwidth : 1035.052161 Gb/s
>> 196608 Packets (0.295898 GB) Transfered From Device to Host
	| Duration : 17.532032 ms
	| Bandwidth : 135.020715 Gb/s
---------------------------------------------------------------

>> Chunk 77 Started
196608 Packets Was Read From Pcap File
>> 196608 Packets (0.295898 GB) Transfered From Host To Device 
	| Duration : 16.619968 ms
	| Bandwidth : 142.430325 Gb/s
>> RuleGraph Was Processed For 256 Threads Per Block 
>> 196608 Packets (0.192 GB) Processed On GPU 
	| Duration : 1.456960 ms
	| Bandwidth : 1053.670855 Gb/s
>> 196608 Packets (0.295898 GB) Transfered From Device to Host
	| Duration : 17.262112 ms
	| Bandwidth : 137.131977 Gb/s
---------------------------------------------------------------

>> Chunk 78 Started
196608 Packets Was Read From Pcap File
>> 196608 Packets (0.295898 GB) Transfered From Host To Device 
	| Duration : 16.502880 ms
	| Bandwidth : 143.440871 Gb/s
>> RuleGraph Was Processed For 256 Threads Per Block 
>> 196608 Packets (0.192 GB) Processed On GPU 
	| Duration : 1.463904 ms
	| Bandwidth : 1048.672745 Gb/s
>> 196608 Packets (0.295898 GB) Transfered From Device to Host
	| Duration : 17.413313 ms
	| Bandwidth : 135.941249 Gb/s
---------------------------------------------------------------

>> Chunk 79 Started
196608 Packets Was Read From Pcap File
>> 196608 Packets (0.295898 GB) Transfered From Host To Device 
	| Duration : 16.599712 ms
	| Bandwidth : 142.604128 Gb/s
>> RuleGraph Was Processed For 256 Threads Per Block 
>> 196608 Packets (0.192 GB) Processed On GPU 
	| Duration : 1.467776 ms
	| Bandwidth : 1045.906400 Gb/s
>> 196608 Packets (0.295898 GB) Transfered From Device to Host
	| Duration : 17.349792 ms
	| Bandwidth : 136.438952 Gb/s
---------------------------------------------------------------

>> Chunk 80 Started
196608 Packets Was Read From Pcap File
>> 196608 Packets (0.295898 GB) Transfered From Host To Device 
	| Duration : 16.488031 ms
	| Bandwidth : 143.570051 Gb/s
>> RuleGraph Was Processed For 256 Threads Per Block 
>> 196608 Packets (0.192 GB) Processed On GPU 
	| Duration : 1.474368 ms
	| Bandwidth : 1041.230056 Gb/s
>> 196608 Packets (0.295898 GB) Transfered From Device to Host
	| Duration : 17.495392 ms
	| Bandwidth : 135.303486 Gb/s
---------------------------------------------------------------

>> Chunk 81 Started
196608 Packets Was Read From Pcap File
>> 196608 Packets (0.295898 GB) Transfered From Host To Device 
	| Duration : 16.459455 ms
	| Bandwidth : 143.819308 Gb/s
>> RuleGraph Was Processed For 256 Threads Per Block 
>> 196608 Packets (0.192 GB) Processed On GPU 
	| Duration : 1.478112 ms
	| Bandwidth : 1038.592656 Gb/s
>> 196608 Packets (0.295898 GB) Transfered From Device to Host
	| Duration : 17.398657 ms
	| Bandwidth : 136.055761 Gb/s
---------------------------------------------------------------

>> Chunk 82 Started
196608 Packets Was Read From Pcap File
>> 196608 Packets (0.295898 GB) Transfered From Host To Device 
	| Duration : 16.352192 ms
	| Bandwidth : 144.762703 Gb/s
>> RuleGraph Was Processed For 256 Threads Per Block 
>> 196608 Packets (0.192 GB) Processed On GPU 
	| Duration : 1.456192 ms
	| Bandwidth : 1054.226525 Gb/s
>> 196608 Packets (0.295898 GB) Transfered From Device to Host
	| Duration : 17.300320 ms
	| Bandwidth : 136.829119 Gb/s
---------------------------------------------------------------

>> Chunk 83 Started
196608 Packets Was Read From Pcap File
>> 196608 Packets (0.295898 GB) Transfered From Host To Device 
	| Duration : 16.419359 ms
	| Bandwidth : 144.170517 Gb/s
>> RuleGraph Was Processed For 256 Threads Per Block 
>> 196608 Packets (0.192 GB) Processed On GPU 
	| Duration : 1.481184 ms
	| Bandwidth : 1036.438582 Gb/s
>> 196608 Packets (0.295898 GB) Transfered From Device to Host
	| Duration : 17.417248 ms
	| Bandwidth : 135.910537 Gb/s
---------------------------------------------------------------

>> Chunk 84 Started
196608 Packets Was Read From Pcap File
>> 196608 Packets (0.295898 GB) Transfered From Host To Device 
	| Duration : 16.483776 ms
	| Bandwidth : 143.607113 Gb/s
>> RuleGraph Was Processed For 256 Threads Per Block 
>> 196608 Packets (0.192 GB) Processed On GPU 
	| Duration : 1.485024 ms
	| Bandwidth : 1033.758562 Gb/s
>> 196608 Packets (0.295898 GB) Transfered From Device to Host
	| Duration : 17.337696 ms
	| Bandwidth : 136.534144 Gb/s
---------------------------------------------------------------

>> Chunk 85 Started
196608 Packets Was Read From Pcap File
>> 196608 Packets (0.295898 GB) Transfered From Host To Device 
	| Duration : 16.305984 ms
	| Bandwidth : 145.172927 Gb/s
>> RuleGraph Was Processed For 256 Threads Per Block 
>> 196608 Packets (0.192 GB) Processed On GPU 
	| Duration : 1.459136 ms
	| Bandwidth : 1052.099489 Gb/s
>> 196608 Packets (0.295898 GB) Transfered From Device to Host
	| Duration : 17.367071 ms
	| Bandwidth : 136.303207 Gb/s
---------------------------------------------------------------

>> Chunk 86 Started
196608 Packets Was Read From Pcap File
>> 196608 Packets (0.295898 GB) Transfered From Host To Device 
	| Duration : 16.386976 ms
	| Bandwidth : 144.455418 Gb/s
>> RuleGraph Was Processed For 256 Threads Per Block 
>> 196608 Packets (0.192 GB) Processed On GPU 
	| Duration : 1.469664 ms
	| Bandwidth : 1044.562753 Gb/s
>> 196608 Packets (0.295898 GB) Transfered From Device to Host
	| Duration : 17.372320 ms
	| Bandwidth : 136.262024 Gb/s
---------------------------------------------------------------

>> Chunk 87 Started
196608 Packets Was Read From Pcap File
>> 196608 Packets (0.295898 GB) Transfered From Host To Device 
	| Duration : 16.578016 ms
	| Bandwidth : 142.790757 Gb/s
>> RuleGraph Was Processed For 256 Threads Per Block 
>> 196608 Packets (0.192 GB) Processed On GPU 
	| Duration : 1.469504 ms
	| Bandwidth : 1044.676470 Gb/s
>> 196608 Packets (0.295898 GB) Transfered From Device to Host
	| Duration : 17.634336 ms
	| Bandwidth : 134.237401 Gb/s
---------------------------------------------------------------

>> Chunk 88 Started
196608 Packets Was Read From Pcap File
>> 196608 Packets (0.295898 GB) Transfered From Host To Device 
	| Duration : 16.638945 ms
	| Bandwidth : 142.267887 Gb/s
>> RuleGraph Was Processed For 256 Threads Per Block 
>> 196608 Packets (0.192 GB) Processed On GPU 
	| Duration : 1.458464 ms
	| Bandwidth : 1052.584241 Gb/s
>> 196608 Packets (0.295898 GB) Transfered From Device to Host
	| Duration : 17.424513 ms
	| Bandwidth : 135.853870 Gb/s
---------------------------------------------------------------

>> Chunk 89 Started
196608 Packets Was Read From Pcap File
>> 196608 Packets (0.295898 GB) Transfered From Host To Device 
	| Duration : 16.614592 ms
	| Bandwidth : 142.476418 Gb/s
>> RuleGraph Was Processed For 256 Threads Per Block 
>> 196608 Packets (0.192 GB) Processed On GPU 
	| Duration : 1.475040 ms
	| Bandwidth : 1040.755703 Gb/s
>> 196608 Packets (0.295898 GB) Transfered From Device to Host
	| Duration : 17.391169 ms
	| Bandwidth : 136.114344 Gb/s
---------------------------------------------------------------

>> Chunk 90 Started
196608 Packets Was Read From Pcap File
>> 196608 Packets (0.295898 GB) Transfered From Host To Device 
	| Duration : 16.525375 ms
	| Bandwidth : 143.245612 Gb/s
>> RuleGraph Was Processed For 256 Threads Per Block 
>> 196608 Packets (0.192 GB) Processed On GPU 
	| Duration : 1.470272 ms
	| Bandwidth : 1044.130819 Gb/s
>> 196608 Packets (0.295898 GB) Transfered From Device to Host
	| Duration : 17.430817 ms
	| Bandwidth : 135.804739 Gb/s
---------------------------------------------------------------

>> Chunk 91 Started
196608 Packets Was Read From Pcap File
>> 196608 Packets (0.295898 GB) Transfered From Host To Device 
	| Duration : 16.462528 ms
	| Bandwidth : 143.792464 Gb/s
>> RuleGraph Was Processed For 256 Threads Per Block 
>> 196608 Packets (0.192 GB) Processed On GPU 
	| Duration : 1.456864 ms
	| Bandwidth : 1053.740260 Gb/s
>> 196608 Packets (0.295898 GB) Transfered From Device to Host
	| Duration : 17.330944 ms
	| Bandwidth : 136.587337 Gb/s
---------------------------------------------------------------

>> Chunk 92 Started
196608 Packets Was Read From Pcap File
>> 196608 Packets (0.295898 GB) Transfered From Host To Device 
	| Duration : 16.256992 ms
	| Bandwidth : 145.610421 Gb/s
>> RuleGraph Was Processed For 256 Threads Per Block 
>> 196608 Packets (0.192 GB) Processed On GPU 
	| Duration : 1.453632 ms
	| Bandwidth : 1056.083144 Gb/s
>> 196608 Packets (0.295898 GB) Transfered From Device to Host
	| Duration : 17.578016 ms
	| Bandwidth : 134.667500 Gb/s
---------------------------------------------------------------

>> Chunk 93 Started
196608 Packets Was Read From Pcap File
>> 196608 Packets (0.295898 GB) Transfered From Host To Device 
	| Duration : 16.768385 ms
	| Bandwidth : 141.169678 Gb/s
>> RuleGraph Was Processed For 256 Threads Per Block 
>> 196608 Packets (0.192 GB) Processed On GPU 
	| Duration : 1.474400 ms
	| Bandwidth : 1041.207410 Gb/s
>> 196608 Packets (0.295898 GB) Transfered From Device to Host
	| Duration : 17.384512 ms
	| Bandwidth : 136.166463 Gb/s
---------------------------------------------------------------

>> Chunk 94 Started
196608 Packets Was Read From Pcap File
>> 196608 Packets (0.295898 GB) Transfered From Host To Device 
	| Duration : 16.376225 ms
	| Bandwidth : 144.550259 Gb/s
>> RuleGraph Was Processed For 256 Threads Per Block 
>> 196608 Packets (0.192 GB) Processed On GPU 
	| Duration : 1.458912 ms
	| Bandwidth : 1052.261023 Gb/s
>> 196608 Packets (0.295898 GB) Transfered From Device to Host
	| Duration : 17.368193 ms
	| Bandwidth : 136.294406 Gb/s
---------------------------------------------------------------

>> Chunk 95 Started
196608 Packets Was Read From Pcap File
>> 196608 Packets (0.295898 GB) Transfered From Host To Device 
	| Duration : 16.387936 ms
	| Bandwidth : 144.446961 Gb/s
>> RuleGraph Was Processed For 256 Threads Per Block 
>> 196608 Packets (0.192 GB) Processed On GPU 
	| Duration : 1.455680 ms
	| Bandwidth : 1054.597327 Gb/s
>> 196608 Packets (0.295898 GB) Transfered From Device to Host
	| Duration : 17.396193 ms
	| Bandwidth : 136.075034 Gb/s
---------------------------------------------------------------

>> Chunk 96 Started
196608 Packets Was Read From Pcap File
>> 196608 Packets (0.295898 GB) Transfered From Host To Device 
	| Duration : 16.425856 ms
	| Bandwidth : 144.113497 Gb/s
>> RuleGraph Was Processed For 256 Threads Per Block 
>> 196608 Packets (0.192 GB) Processed On GPU 
	| Duration : 1.467616 ms
	| Bandwidth : 1046.020410 Gb/s
>> 196608 Packets (0.295898 GB) Transfered From Device to Host
	| Duration : 17.557056 ms
	| Bandwidth : 134.828267 Gb/s
---------------------------------------------------------------

>> Chunk 97 Started
196608 Packets Was Read From Pcap File
>> 196608 Packets (0.295898 GB) Transfered From Host To Device 
	| Duration : 16.536512 ms
	| Bandwidth : 143.149138 Gb/s
>> RuleGraph Was Processed For 256 Threads Per Block 
>> 196608 Packets (0.192 GB) Processed On GPU 
	| Duration : 1.450336 ms
	| Bandwidth : 1058.483187 Gb/s
>> 196608 Packets (0.295898 GB) Transfered From Device to Host
	| Duration : 17.468927 ms
	| Bandwidth : 135.508463 Gb/s
---------------------------------------------------------------

>> Chunk 98 Started
196608 Packets Was Read From Pcap File
>> 196608 Packets (0.295898 GB) Transfered From Host To Device 
	| Duration : 16.685984 ms
	| Bandwidth : 141.866824 Gb/s
>> RuleGraph Was Processed For 256 Threads Per Block 
>> 196608 Packets (0.192 GB) Processed On GPU 
	| Duration : 1.470784 ms
	| Bandwidth : 1043.767340 Gb/s
>> 196608 Packets (0.295898 GB) Transfered From Device to Host
	| Duration : 17.373312 ms
	| Bandwidth : 136.254244 Gb/s
---------------------------------------------------------------

>> Chunk 99 Started
196608 Packets Was Read From Pcap File
>> 196608 Packets (0.295898 GB) Transfered From Host To Device 
	| Duration : 16.220064 ms
	| Bandwidth : 145.941932 Gb/s
>> RuleGraph Was Processed For 256 Threads Per Block 
>> 196608 Packets (0.192 GB) Processed On GPU 
	| Duration : 1.446592 ms
	| Bandwidth : 1061.222707 Gb/s
>> 196608 Packets (0.295898 GB) Transfered From Device to Host
	| Duration : 17.345663 ms
	| Bandwidth : 136.471433 Gb/s
---------------------------------------------------------------

>> Chunk 100 Started
196608 Packets Was Read From Pcap File
>> 196608 Packets (0.295898 GB) Transfered From Host To Device 
	| Duration : 16.562304 ms
	| Bandwidth : 142.926224 Gb/s
>> RuleGraph Was Processed For 256 Threads Per Block 
>> 196608 Packets (0.192 GB) Processed On GPU 
	| Duration : 1.463392 ms
	| Bandwidth : 1049.039649 Gb/s
>> 196608 Packets (0.295898 GB) Transfered From Device to Host
	| Duration : 17.304544 ms
	| Bandwidth : 136.795713 Gb/s
---------------------------------------------------------------

>> Chunk 101 Started
196608 Packets Was Read From Pcap File
>> 196608 Packets (0.295898 GB) Transfered From Host To Device 
	| Duration : 16.332479 ms
	| Bandwidth : 144.937424 Gb/s
>> RuleGraph Was Processed For 256 Threads Per Block 
>> 196608 Packets (0.192 GB) Processed On GPU 
	| Duration : 1.462464 ms
	| Bandwidth : 1049.705344 Gb/s
>> 196608 Packets (0.295898 GB) Transfered From Device to Host
	| Duration : 17.275072 ms
	| Bandwidth : 137.029095 Gb/s
---------------------------------------------------------------

>> Chunk 102 Started
196608 Packets Was Read From Pcap File
>> 196608 Packets (0.295898 GB) Transfered From Host To Device 
	| Duration : 16.566208 ms
	| Bandwidth : 142.892539 Gb/s
>> RuleGraph Was Processed For 256 Threads Per Block 
>> 196608 Packets (0.192 GB) Processed On GPU 
	| Duration : 1.451712 ms
	| Bandwidth : 1057.479884 Gb/s
>> 196608 Packets (0.295898 GB) Transfered From Device to Host
	| Duration : 17.229408 ms
	| Bandwidth : 137.392269 Gb/s
---------------------------------------------------------------

>> Chunk 103 Started
196608 Packets Was Read From Pcap File
>> 196608 Packets (0.295898 GB) Transfered From Host To Device 
	| Duration : 16.670431 ms
	| Bandwidth : 141.999177 Gb/s
>> RuleGraph Was Processed For 256 Threads Per Block 
>> 196608 Packets (0.192 GB) Processed On GPU 
	| Duration : 1.430784 ms
	| Bandwidth : 1072.947603 Gb/s
>> 196608 Packets (0.295898 GB) Transfered From Device to Host
	| Duration : 17.760096 ms
	| Bandwidth : 133.286867 Gb/s
---------------------------------------------------------------

>> Chunk 104 Started
196608 Packets Was Read From Pcap File
>> 196608 Packets (0.295898 GB) Transfered From Host To Device 
	| Duration : 16.507168 ms
	| Bandwidth : 143.403613 Gb/s
>> RuleGraph Was Processed For 256 Threads Per Block 
>> 196608 Packets (0.192 GB) Processed On GPU 
	| Duration : 1.462624 ms
	| Bandwidth : 1049.590529 Gb/s
>> 196608 Packets (0.295898 GB) Transfered From Device to Host
	| Duration : 17.811359 ms
	| Bandwidth : 132.903247 Gb/s
---------------------------------------------------------------

>> Chunk 105 Started
196608 Packets Was Read From Pcap File
>> 196608 Packets (0.295898 GB) Transfered From Host To Device 
	| Duration : 16.813440 ms
	| Bandwidth : 140.791382 Gb/s
>> RuleGraph Was Processed For 256 Threads Per Block 
>> 196608 Packets (0.192 GB) Processed On GPU 
	| Duration : 1.477472 ms
	| Bandwidth : 1039.042570 Gb/s
>> 196608 Packets (0.295898 GB) Transfered From Device to Host
	| Duration : 17.501728 ms
	| Bandwidth : 135.254501 Gb/s
---------------------------------------------------------------

>> Chunk 106 Started
196608 Packets Was Read From Pcap File
>> 196608 Packets (0.295898 GB) Transfered From Host To Device 
	| Duration : 16.468800 ms
	| Bandwidth : 143.737708 Gb/s
>> RuleGraph Was Processed For 256 Threads Per Block 
>> 196608 Packets (0.192 GB) Processed On GPU 
	| Duration : 1.453888 ms
	| Bandwidth : 1055.897145 Gb/s
>> 196608 Packets (0.295898 GB) Transfered From Device to Host
	| Duration : 17.507584 ms
	| Bandwidth : 135.209264 Gb/s
---------------------------------------------------------------

>> Chunk 107 Started
196608 Packets Was Read From Pcap File
>> 196608 Packets (0.295898 GB) Transfered From Host To Device 
	| Duration : 16.414335 ms
	| Bandwidth : 144.214643 Gb/s
>> RuleGraph Was Processed For 256 Threads Per Block 
>> 196608 Packets (0.192 GB) Processed On GPU 
	| Duration : 1.469600 ms
	| Bandwidth : 1044.608254 Gb/s
>> 196608 Packets (0.295898 GB) Transfered From Device to Host
	| Duration : 17.391169 ms
	| Bandwidth : 136.114344 Gb/s
---------------------------------------------------------------

>> Chunk 108 Started
196608 Packets Was Read From Pcap File
>> 196608 Packets (0.295898 GB) Transfered From Host To Device 
	| Duration : 16.504671 ms
	| Bandwidth : 143.425306 Gb/s
>> RuleGraph Was Processed For 256 Threads Per Block 
>> 196608 Packets (0.192 GB) Processed On GPU 
	| Duration : 1.479200 ms
	| Bandwidth : 1037.828721 Gb/s
>> 196608 Packets (0.295898 GB) Transfered From Device to Host
	| Duration : 17.445633 ms
	| Bandwidth : 135.689402 Gb/s
---------------------------------------------------------------

>> Chunk 109 Started
196608 Packets Was Read From Pcap File
>> 196608 Packets (0.295898 GB) Transfered From Host To Device 
	| Duration : 16.500576 ms
	| Bandwidth : 143.460901 Gb/s
>> RuleGraph Was Processed For 256 Threads Per Block 
>> 196608 Packets (0.192 GB) Processed On GPU 
	| Duration : 1.455008 ms
	| Bandwidth : 1055.084383 Gb/s
>> 196608 Packets (0.295898 GB) Transfered From Device to Host
	| Duration : 17.542112 ms
	| Bandwidth : 134.943127 Gb/s
---------------------------------------------------------------

>> Chunk 110 Started
196608 Packets Was Read From Pcap File
>> 196608 Packets (0.295898 GB) Transfered From Host To Device 
	| Duration : 16.384800 ms
	| Bandwidth : 144.474605 Gb/s
>> RuleGraph Was Processed For 256 Threads Per Block 
>> 196608 Packets (0.192 GB) Processed On GPU 
	| Duration : 1.454880 ms
	| Bandwidth : 1055.177232 Gb/s
>> 196608 Packets (0.295898 GB) Transfered From Device to Host
	| Duration : 17.564928 ms
	| Bandwidth : 134.767845 Gb/s
---------------------------------------------------------------

>> Chunk 111 Started
196608 Packets Was Read From Pcap File
>> 196608 Packets (0.295898 GB) Transfered From Host To Device 
	| Duration : 16.316353 ms
	| Bandwidth : 145.080676 Gb/s
>> RuleGraph Was Processed For 256 Threads Per Block 
>> 196608 Packets (0.192 GB) Processed On GPU 
	| Duration : 1.469056 ms
	| Bandwidth : 1044.995044 Gb/s
>> 196608 Packets (0.295898 GB) Transfered From Device to Host
	| Duration : 17.684641 ms
	| Bandwidth : 133.855559 Gb/s
---------------------------------------------------------------

>> Chunk 112 Started
196608 Packets Was Read From Pcap File
>> 196608 Packets (0.295898 GB) Transfered From Host To Device 
	| Duration : 16.588415 ms
	| Bandwidth : 142.701245 Gb/s
>> RuleGraph Was Processed For 256 Threads Per Block 
>> 196608 Packets (0.192 GB) Processed On GPU 
	| Duration : 1.462848 ms
	| Bandwidth : 1049.429814 Gb/s
>> 196608 Packets (0.295898 GB) Transfered From Device to Host
	| Duration : 17.895617 ms
	| Bandwidth : 132.277505 Gb/s
---------------------------------------------------------------

>> Chunk 113 Started
196608 Packets Was Read From Pcap File
>> 196608 Packets (0.295898 GB) Transfered From Host To Device 
	| Duration : 16.504896 ms
	| Bandwidth : 143.423350 Gb/s
>> RuleGraph Was Processed For 256 Threads Per Block 
>> 196608 Packets (0.192 GB) Processed On GPU 
	| Duration : 1.473344 ms
	| Bandwidth : 1041.953734 Gb/s
>> 196608 Packets (0.295898 GB) Transfered From Device to Host
	| Duration : 17.618015 ms
	| Bandwidth : 134.361758 Gb/s
---------------------------------------------------------------

>> Chunk 114 Started
196608 Packets Was Read From Pcap File
>> 196608 Packets (0.295898 GB) Transfered From Host To Device 
	| Duration : 16.443136 ms
	| Bandwidth : 143.962044 Gb/s
>> RuleGraph Was Processed For 256 Threads Per Block 
>> 196608 Packets (0.192 GB) Processed On GPU 
	| Duration : 1.462624 ms
	| Bandwidth : 1049.590529 Gb/s
>> 196608 Packets (0.295898 GB) Transfered From Device to Host
	| Duration : 17.318081 ms
	| Bandwidth : 136.688789 Gb/s
---------------------------------------------------------------

>> Chunk 115 Started
196608 Packets Was Read From Pcap File
>> 196608 Packets (0.295898 GB) Transfered From Host To Device 
	| Duration : 16.431648 ms
	| Bandwidth : 144.062693 Gb/s
>> RuleGraph Was Processed For 256 Threads Per Block 
>> 196608 Packets (0.192 GB) Processed On GPU 
	| Duration : 1.461792 ms
	| Bandwidth : 1050.187891 Gb/s
>> 196608 Packets (0.295898 GB) Transfered From Device to Host
	| Duration : 17.340416 ms
	| Bandwidth : 136.512729 Gb/s
---------------------------------------------------------------

>> Chunk 116 Started
196608 Packets Was Read From Pcap File
>> 196608 Packets (0.295898 GB) Transfered From Host To Device 
	| Duration : 16.374304 ms
	| Bandwidth : 144.567215 Gb/s
>> RuleGraph Was Processed For 256 Threads Per Block 
>> 196608 Packets (0.192 GB) Processed On GPU 
	| Duration : 1.472928 ms
	| Bandwidth : 1042.247958 Gb/s
>> 196608 Packets (0.295898 GB) Transfered From Device to Host
	| Duration : 17.240383 ms
	| Bandwidth : 137.304808 Gb/s
---------------------------------------------------------------

>> Chunk 117 Started
196608 Packets Was Read From Pcap File
>> 196608 Packets (0.295898 GB) Transfered From Host To Device 
	| Duration : 16.793472 ms
	| Bandwidth : 140.958788 Gb/s
>> RuleGraph Was Processed For 256 Threads Per Block 
>> 196608 Packets (0.192 GB) Processed On GPU 
	| Duration : 1.471456 ms
	| Bandwidth : 1043.290589 Gb/s
>> 196608 Packets (0.295898 GB) Transfered From Device to Host
	| Duration : 17.520000 ms
	| Bandwidth : 135.113438 Gb/s
---------------------------------------------------------------

>> Chunk 118 Started
196608 Packets Was Read From Pcap File
>> 196608 Packets (0.295898 GB) Transfered From Host To Device 
	| Duration : 16.502432 ms
	| Bandwidth : 143.444767 Gb/s
>> RuleGraph Was Processed For 256 Threads Per Block 
>> 196608 Packets (0.192 GB) Processed On GPU 
	| Duration : 1.475552 ms
	| Bandwidth : 1040.394570 Gb/s
>> 196608 Packets (0.295898 GB) Transfered From Device to Host
	| Duration : 17.292255 ms
	| Bandwidth : 136.892930 Gb/s
---------------------------------------------------------------

>> Chunk 119 Started
196608 Packets Was Read From Pcap File
>> 196608 Packets (0.295898 GB) Transfered From Host To Device 
	| Duration : 16.436512 ms
	| Bandwidth : 144.020063 Gb/s
>> RuleGraph Was Processed For 256 Threads Per Block 
>> 196608 Packets (0.192 GB) Processed On GPU 
	| Duration : 1.467808 ms
	| Bandwidth : 1045.883550 Gb/s
>> 196608 Packets (0.295898 GB) Transfered From Device to Host
	| Duration : 17.545025 ms
	| Bandwidth : 134.920726 Gb/s
---------------------------------------------------------------

>> Chunk 120 Started
196608 Packets Was Read From Pcap File
>> 196608 Packets (0.295898 GB) Transfered From Host To Device 
	| Duration : 16.539425 ms
	| Bandwidth : 143.123931 Gb/s
>> RuleGraph Was Processed For 256 Threads Per Block 
>> 196608 Packets (0.192 GB) Processed On GPU 
	| Duration : 1.473088 ms
	| Bandwidth : 1042.134769 Gb/s
>> 196608 Packets (0.295898 GB) Transfered From Device to Host
	| Duration : 17.786016 ms
	| Bandwidth : 133.092618 Gb/s
---------------------------------------------------------------

>> Chunk 121 Started
196608 Packets Was Read From Pcap File
>> 196608 Packets (0.295898 GB) Transfered From Host To Device 
	| Duration : 16.788864 ms
	| Bandwidth : 140.997478 Gb/s
>> RuleGraph Was Processed For 256 Threads Per Block 
>> 196608 Packets (0.192 GB) Processed On GPU 
	| Duration : 1.461440 ms
	| Bandwidth : 1050.440856 Gb/s
>> 196608 Packets (0.295898 GB) Transfered From Device to Host
	| Duration : 17.481312 ms
	| Bandwidth : 135.412464 Gb/s
---------------------------------------------------------------

>> Chunk 122 Started
196608 Packets Was Read From Pcap File
>> 196608 Packets (0.295898 GB) Transfered From Host To Device 
	| Duration : 16.644800 ms
	| Bandwidth : 142.217838 Gb/s
>> RuleGraph Was Processed For 256 Threads Per Block 
>> 196608 Packets (0.192 GB) Processed On GPU 
	| Duration : 1.462464 ms
	| Bandwidth : 1049.705344 Gb/s
>> 196608 Packets (0.295898 GB) Transfered From Device to Host
	| Duration : 17.327072 ms
	| Bandwidth : 136.617859 Gb/s
---------------------------------------------------------------

>> Chunk 123 Started
196608 Packets Was Read From Pcap File
>> 196608 Packets (0.295898 GB) Transfered From Host To Device 
	| Duration : 16.424480 ms
	| Bandwidth : 144.125564 Gb/s
>> RuleGraph Was Processed For 256 Threads Per Block 
>> 196608 Packets (0.192 GB) Processed On GPU 
	| Duration : 1.463136 ms
	| Bandwidth : 1049.223240 Gb/s
>> 196608 Packets (0.295898 GB) Transfered From Device to Host
	| Duration : 17.428448 ms
	| Bandwidth : 135.823198 Gb/s
---------------------------------------------------------------

>> Chunk 124 Started
196608 Packets Was Read From Pcap File
>> 196608 Packets (0.295898 GB) Transfered From Host To Device 
	| Duration : 16.450880 ms
	| Bandwidth : 143.894278 Gb/s
>> RuleGraph Was Processed For 256 Threads Per Block 
>> 196608 Packets (0.192 GB) Processed On GPU 
	| Duration : 1.467840 ms
	| Bandwidth : 1045.860786 Gb/s
>> 196608 Packets (0.295898 GB) Transfered From Device to Host
	| Duration : 17.399839 ms
	| Bandwidth : 136.046514 Gb/s
---------------------------------------------------------------

>> Chunk 125 Started
196608 Packets Was Read From Pcap File
>> 196608 Packets (0.295898 GB) Transfered From Host To Device 
	| Duration : 16.517376 ms
	| Bandwidth : 143.314986 Gb/s
>> RuleGraph Was Processed For 256 Threads Per Block 
>> 196608 Packets (0.192 GB) Processed On GPU 
	| Duration : 1.475200 ms
	| Bandwidth : 1040.642754 Gb/s
>> 196608 Packets (0.295898 GB) Transfered From Device to Host
	| Duration : 17.775616 ms
	| Bandwidth : 133.170493 Gb/s
---------------------------------------------------------------

>> Chunk 126 Started
196608 Packets Was Read From Pcap File
>> 196608 Packets (0.295898 GB) Transfered From Host To Device 
	| Duration : 16.551168 ms
	| Bandwidth : 143.022380 Gb/s
>> RuleGraph Was Processed For 256 Threads Per Block 
>> 196608 Packets (0.192 GB) Processed On GPU 
	| Duration : 1.462240 ms
	| Bandwidth : 1049.866144 Gb/s
>> 196608 Packets (0.295898 GB) Transfered From Device to Host
	| Duration : 17.494976 ms
	| Bandwidth : 135.306701 Gb/s
---------------------------------------------------------------

>> Chunk 127 Started
196608 Packets Was Read From Pcap File
>> 196608 Packets (0.295898 GB) Transfered From Host To Device 
	| Duration : 16.593824 ms
	| Bandwidth : 142.654728 Gb/s
>> RuleGraph Was Processed For 256 Threads Per Block 
>> 196608 Packets (0.192 GB) Processed On GPU 
	| Duration : 1.464352 ms
	| Bandwidth : 1048.351925 Gb/s
>> 196608 Packets (0.295898 GB) Transfered From Device to Host
	| Duration : 17.710752 ms
	| Bandwidth : 133.658211 Gb/s
---------------------------------------------------------------

>> Chunk 128 Started
196608 Packets Was Read From Pcap File
>> 196608 Packets (0.295898 GB) Transfered From Host To Device 
	| Duration : 16.873665 ms
	| Bandwidth : 140.288877 Gb/s
>> RuleGraph Was Processed For 256 Threads Per Block 
>> 196608 Packets (0.192 GB) Processed On GPU 
	| Duration : 1.457792 ms
	| Bandwidth : 1053.069439 Gb/s
>> 196608 Packets (0.295898 GB) Transfered From Device to Host
	| Duration : 17.591904 ms
	| Bandwidth : 134.561190 Gb/s
---------------------------------------------------------------

>> Chunk 129 Started
196608 Packets Was Read From Pcap File
>> 196608 Packets (0.295898 GB) Transfered From Host To Device 
	| Duration : 16.552128 ms
	| Bandwidth : 143.014090 Gb/s
>> RuleGraph Was Processed For 256 Threads Per Block 
>> 196608 Packets (0.192 GB) Processed On GPU 
	| Duration : 1.466048 ms
	| Bandwidth : 1047.139144 Gb/s
>> 196608 Packets (0.295898 GB) Transfered From Device to Host
	| Duration : 17.394527 ms
	| Bandwidth : 136.088060 Gb/s
---------------------------------------------------------------

>> Chunk 130 Started
196608 Packets Was Read From Pcap File
>> 196608 Packets (0.295898 GB) Transfered From Host To Device 
	| Duration : 16.406015 ms
	| Bandwidth : 144.287778 Gb/s
>> RuleGraph Was Processed For 256 Threads Per Block 
>> 196608 Packets (0.192 GB) Processed On GPU 
	| Duration : 1.471136 ms
	| Bandwidth : 1043.517579 Gb/s
>> 196608 Packets (0.295898 GB) Transfered From Device to Host
	| Duration : 17.178335 ms
	| Bandwidth : 137.800752 Gb/s
---------------------------------------------------------------

>> Chunk 131 Started
196608 Packets Was Read From Pcap File
>> 196608 Packets (0.295898 GB) Transfered From Host To Device 
	| Duration : 16.533792 ms
	| Bandwidth : 143.172687 Gb/s
>> RuleGraph Was Processed For 256 Threads Per Block 
>> 196608 Packets (0.192 GB) Processed On GPU 
	| Duration : 1.457888 ms
	| Bandwidth : 1053.000122 Gb/s
>> 196608 Packets (0.295898 GB) Transfered From Device to Host
	| Duration : 17.368671 ms
	| Bandwidth : 136.290649 Gb/s
---------------------------------------------------------------

>> Chunk 132 Started
196608 Packets Was Read From Pcap File
>> 196608 Packets (0.295898 GB) Transfered From Host To Device 
	| Duration : 16.440832 ms
	| Bandwidth : 143.982219 Gb/s
>> RuleGraph Was Processed For 256 Threads Per Block 
>> 196608 Packets (0.192 GB) Processed On GPU 
	| Duration : 1.461888 ms
	| Bandwidth : 1050.118953 Gb/s
>> 196608 Packets (0.295898 GB) Transfered From Device to Host
	| Duration : 17.325184 ms
	| Bandwidth : 136.632749 Gb/s
---------------------------------------------------------------

>> Chunk 133 Started
196608 Packets Was Read From Pcap File
>> 196608 Packets (0.295898 GB) Transfered From Host To Device 
	| Duration : 16.661184 ms
	| Bandwidth : 142.077985 Gb/s
>> RuleGraph Was Processed For 256 Threads Per Block 
>> 196608 Packets (0.192 GB) Processed On GPU 
	| Duration : 1.461760 ms
	| Bandwidth : 1050.210844 Gb/s
>> 196608 Packets (0.295898 GB) Transfered From Device to Host
	| Duration : 17.316929 ms
	| Bandwidth : 136.697882 Gb/s
---------------------------------------------------------------

>> Chunk 134 Started
196608 Packets Was Read From Pcap File
>> 196608 Packets (0.295898 GB) Transfered From Host To Device 
	| Duration : 16.535007 ms
	| Bandwidth : 143.162167 Gb/s
>> RuleGraph Was Processed For 256 Threads Per Block 
>> 196608 Packets (0.192 GB) Processed On GPU 
	| Duration : 1.462752 ms
	| Bandwidth : 1049.498662 Gb/s
>> 196608 Packets (0.295898 GB) Transfered From Device to Host
	| Duration : 17.322241 ms
	| Bandwidth : 136.655963 Gb/s
---------------------------------------------------------------

>> Chunk 135 Started
196608 Packets Was Read From Pcap File
>> 196608 Packets (0.295898 GB) Transfered From Host To Device 
	| Duration : 16.438463 ms
	| Bandwidth : 144.002969 Gb/s
>> RuleGraph Was Processed For 256 Threads Per Block 
>> 196608 Packets (0.192 GB) Processed On GPU 
	| Duration : 1.473440 ms
	| Bandwidth : 1041.885789 Gb/s
>> 196608 Packets (0.295898 GB) Transfered From Device to Host
	| Duration : 17.609247 ms
	| Bandwidth : 134.428660 Gb/s
---------------------------------------------------------------

>> Chunk 136 Started
196608 Packets Was Read From Pcap File
>> 196608 Packets (0.295898 GB) Transfered From Host To Device 
	| Duration : 16.486080 ms
	| Bandwidth : 143.587043 Gb/s
>> RuleGraph Was Processed For 256 Threads Per Block 
>> 196608 Packets (0.192 GB) Processed On GPU 
	| Duration : 1.480544 ms
	| Bandwidth : 1036.886631 Gb/s
>> 196608 Packets (0.295898 GB) Transfered From Device to Host
	| Duration : 17.620865 ms
	| Bandwidth : 134.340029 Gb/s
---------------------------------------------------------------

>> Chunk 137 Started
196608 Packets Was Read From Pcap File
>> 196608 Packets (0.295898 GB) Transfered From Host To Device 
	| Duration : 16.622976 ms
	| Bandwidth : 142.404552 Gb/s
>> RuleGraph Was Processed For 256 Threads Per Block 
>> 196608 Packets (0.192 GB) Processed On GPU 
	| Duration : 1.456064 ms
	| Bandwidth : 1054.319223 Gb/s
>> 196608 Packets (0.295898 GB) Transfered From Device to Host
	| Duration : 17.451551 ms
	| Bandwidth : 135.643384 Gb/s
---------------------------------------------------------------

>> Chunk 138 Started
196608 Packets Was Read From Pcap File
>> 196608 Packets (0.295898 GB) Transfered From Host To Device 
	| Duration : 16.752192 ms
	| Bandwidth : 141.306139 Gb/s
>> RuleGraph Was Processed For 256 Threads Per Block 
>> 196608 Packets (0.192 GB) Processed On GPU 
	| Duration : 1.463008 ms
	| Bandwidth : 1049.314974 Gb/s
>> 196608 Packets (0.295898 GB) Transfered From Device to Host
	| Duration : 17.437632 ms
	| Bandwidth : 135.751664 Gb/s
---------------------------------------------------------------

>> Chunk 139 Started
196608 Packets Was Read From Pcap File
>> 196608 Packets (0.295898 GB) Transfered From Host To Device 
	| Duration : 16.688192 ms
	| Bandwidth : 141.848047 Gb/s
>> RuleGraph Was Processed For 256 Threads Per Block 
>> 196608 Packets (0.192 GB) Processed On GPU 
	| Duration : 1.474880 ms
	| Bandwidth : 1040.868593 Gb/s
>> 196608 Packets (0.295898 GB) Transfered From Device to Host
	| Duration : 17.648512 ms
	| Bandwidth : 134.129581 Gb/s
---------------------------------------------------------------

>> Chunk 140 Started
196608 Packets Was Read From Pcap File
>> 196608 Packets (0.295898 GB) Transfered From Host To Device 
	| Duration : 16.545183 ms
	| Bandwidth : 143.074119 Gb/s
>> RuleGraph Was Processed For 256 Threads Per Block 
>> 196608 Packets (0.192 GB) Processed On GPU 
	| Duration : 1.477056 ms
	| Bandwidth : 1039.335152 Gb/s
>> 196608 Packets (0.295898 GB) Transfered From Device to Host
	| Duration : 17.496864 ms
	| Bandwidth : 135.292099 Gb/s
---------------------------------------------------------------

>> Chunk 141 Started
196608 Packets Was Read From Pcap File
>> 196608 Packets (0.295898 GB) Transfered From Host To Device 
	| Duration : 16.383072 ms
	| Bandwidth : 144.489844 Gb/s
>> RuleGraph Was Processed For 256 Threads Per Block 
>> 196608 Packets (0.192 GB) Processed On GPU 
	| Duration : 1.482592 ms
	| Bandwidth : 1035.454302 Gb/s
>> 196608 Packets (0.295898 GB) Transfered From Device to Host
	| Duration : 17.376545 ms
	| Bandwidth : 136.228894 Gb/s
---------------------------------------------------------------

>> Chunk 142 Started
196608 Packets Was Read From Pcap File
>> 196608 Packets (0.295898 GB) Transfered From Host To Device 
	| Duration : 16.336544 ms
	| Bandwidth : 144.901363 Gb/s
>> RuleGraph Was Processed For 256 Threads Per Block 
>> 196608 Packets (0.192 GB) Processed On GPU 
	| Duration : 1.444064 ms
	| Bandwidth : 1063.080464 Gb/s
>> 196608 Packets (0.295898 GB) Transfered From Device to Host
	| Duration : 17.501984 ms
	| Bandwidth : 135.252526 Gb/s
---------------------------------------------------------------

>> Chunk 143 Started
196608 Packets Was Read From Pcap File
>> 196608 Packets (0.295898 GB) Transfered From Host To Device 
	| Duration : 16.416864 ms
	| Bandwidth : 144.192426 Gb/s
>> RuleGraph Was Processed For 256 Threads Per Block 
>> 196608 Packets (0.192 GB) Processed On GPU 
	| Duration : 1.461536 ms
	| Bandwidth : 1050.371799 Gb/s
>> 196608 Packets (0.295898 GB) Transfered From Device to Host
	| Duration : 17.535328 ms
	| Bandwidth : 134.995337 Gb/s
---------------------------------------------------------------

>> Chunk 144 Started
196608 Packets Was Read From Pcap File
>> 196608 Packets (0.295898 GB) Transfered From Host To Device 
	| Duration : 16.732321 ms
	| Bandwidth : 141.473949 Gb/s
>> RuleGraph Was Processed For 256 Threads Per Block 
>> 196608 Packets (0.192 GB) Processed On GPU 
	| Duration : 1.478464 ms
	| Bandwidth : 1038.345365 Gb/s
>> 196608 Packets (0.295898 GB) Transfered From Device to Host
	| Duration : 17.307392 ms
	| Bandwidth : 136.773206 Gb/s
---------------------------------------------------------------

>> Chunk 145 Started
196608 Packets Was Read From Pcap File
>> 196608 Packets (0.295898 GB) Transfered From Host To Device 
	| Duration : 16.451136 ms
	| Bandwidth : 143.892042 Gb/s
>> RuleGraph Was Processed For 256 Threads Per Block 
>> 196608 Packets (0.192 GB) Processed On GPU 
	| Duration : 1.469120 ms
	| Bandwidth : 1044.949509 Gb/s
>> 196608 Packets (0.295898 GB) Transfered From Device to Host
	| Duration : 17.326944 ms
	| Bandwidth : 136.618867 Gb/s
---------------------------------------------------------------

>> Chunk 146 Started
196608 Packets Was Read From Pcap File
>> 196608 Packets (0.295898 GB) Transfered From Host To Device 
	| Duration : 16.349152 ms
	| Bandwidth : 144.789623 Gb/s
>> RuleGraph Was Processed For 256 Threads Per Block 
>> 196608 Packets (0.192 GB) Processed On GPU 
	| Duration : 1.472032 ms
	| Bandwidth : 1042.882425 Gb/s
>> 196608 Packets (0.295898 GB) Transfered From Device to Host
	| Duration : 17.312256 ms
	| Bandwidth : 136.734780 Gb/s
---------------------------------------------------------------

>> Chunk 147 Started
196608 Packets Was Read From Pcap File
>> 196608 Packets (0.295898 GB) Transfered From Host To Device 
	| Duration : 16.582624 ms
	| Bandwidth : 142.751077 Gb/s
>> RuleGraph Was Processed For 256 Threads Per Block 
>> 196608 Packets (0.192 GB) Processed On GPU 
	| Duration : 1.456032 ms
	| Bandwidth : 1054.342357 Gb/s
>> 196608 Packets (0.295898 GB) Transfered From Device to Host
	| Duration : 17.266464 ms
	| Bandwidth : 137.097408 Gb/s
---------------------------------------------------------------

>> Chunk 148 Started
196608 Packets Was Read From Pcap File
>> 196608 Packets (0.295898 GB) Transfered From Host To Device 
	| Duration : 16.383904 ms
	| Bandwidth : 144.482510 Gb/s
>> RuleGraph Was Processed For 256 Threads Per Block 
>> 196608 Packets (0.192 GB) Processed On GPU 
	| Duration : 1.469088 ms
	| Bandwidth : 1044.972319 Gb/s
>> 196608 Packets (0.295898 GB) Transfered From Device to Host
	| Duration : 17.333824 ms
	| Bandwidth : 136.564643 Gb/s
---------------------------------------------------------------

>> Chunk 149 Started
196608 Packets Was Read From Pcap File
>> 196608 Packets (0.295898 GB) Transfered From Host To Device 
	| Duration : 16.618303 ms
	| Bandwidth : 142.444596 Gb/s
>> RuleGraph Was Processed For 256 Threads Per Block 
>> 196608 Packets (0.192 GB) Processed On GPU 
	| Duration : 1.468544 ms
	| Bandwidth : 1045.359379 Gb/s
>> 196608 Packets (0.295898 GB) Transfered From Device to Host
	| Duration : 17.292095 ms
	| Bandwidth : 136.894198 Gb/s
---------------------------------------------------------------

>> Chunk 150 Started
196608 Packets Was Read From Pcap File
>> 196608 Packets (0.295898 GB) Transfered From Host To Device 
	| Duration : 16.440416 ms
	| Bandwidth : 143.985861 Gb/s
>> RuleGraph Was Processed For 256 Threads Per Block 
>> 196608 Packets (0.192 GB) Processed On GPU 
	| Duration : 1.466208 ms
	| Bandwidth : 1047.024890 Gb/s
>> 196608 Packets (0.295898 GB) Transfered From Device to Host
	| Duration : 17.472704 ms
	| Bandwidth : 135.479174 Gb/s
---------------------------------------------------------------

>> Chunk 151 Started
196608 Packets Was Read From Pcap File
>> 196608 Packets (0.295898 GB) Transfered From Host To Device 
	| Duration : 16.530560 ms
	| Bandwidth : 143.200688 Gb/s
>> RuleGraph Was Processed For 256 Threads Per Block 
>> 196608 Packets (0.192 GB) Processed On GPU 
	| Duration : 1.468544 ms
	| Bandwidth : 1045.359379 Gb/s
>> 196608 Packets (0.295898 GB) Transfered From Device to Host
	| Duration : 17.358208 ms
	| Bandwidth : 136.372806 Gb/s
---------------------------------------------------------------

>> Chunk 152 Started
196608 Packets Was Read From Pcap File
>> 196608 Packets (0.295898 GB) Transfered From Host To Device 
	| Duration : 16.618689 ms
	| Bandwidth : 142.441294 Gb/s
>> RuleGraph Was Processed For 256 Threads Per Block 
>> 196608 Packets (0.192 GB) Processed On GPU 
	| Duration : 1.478944 ms
	| Bandwidth : 1038.008409 Gb/s
>> 196608 Packets (0.295898 GB) Transfered From Device to Host
	| Duration : 17.369696 ms
	| Bandwidth : 136.282612 Gb/s
---------------------------------------------------------------

>> Chunk 153 Started
196608 Packets Was Read From Pcap File
>> 196608 Packets (0.295898 GB) Transfered From Host To Device 
	| Duration : 16.949663 ms
	| Bandwidth : 139.659855 Gb/s
>> RuleGraph Was Processed For 256 Threads Per Block 
>> 196608 Packets (0.192 GB) Processed On GPU 
	| Duration : 1.484064 ms
	| Bandwidth : 1034.427267 Gb/s
>> 196608 Packets (0.295898 GB) Transfered From Device to Host
	| Duration : 17.573408 ms
	| Bandwidth : 134.702813 Gb/s
---------------------------------------------------------------

>> Chunk 154 Started
196608 Packets Was Read From Pcap File
>> 196608 Packets (0.295898 GB) Transfered From Host To Device 
	| Duration : 16.615936 ms
	| Bandwidth : 142.464888 Gb/s
>> RuleGraph Was Processed For 256 Threads Per Block 
>> 196608 Packets (0.192 GB) Processed On GPU 
	| Duration : 1.471296 ms
	| Bandwidth : 1043.404114 Gb/s
>> 196608 Packets (0.295898 GB) Transfered From Device to Host
	| Duration : 17.295712 ms
	| Bandwidth : 136.865575 Gb/s
---------------------------------------------------------------

>> Chunk 155 Started
196608 Packets Was Read From Pcap File
>> 196608 Packets (0.295898 GB) Transfered From Host To Device 
	| Duration : 16.325600 ms
	| Bandwidth : 144.998502 Gb/s
>> RuleGraph Was Processed For 256 Threads Per Block 
>> 196608 Packets (0.192 GB) Processed On GPU 
	| Duration : 1.467840 ms
	| Bandwidth : 1045.860786 Gb/s
>> 196608 Packets (0.295898 GB) Transfered From Device to Host
	| Duration : 17.352863 ms
	| Bandwidth : 136.414807 Gb/s
---------------------------------------------------------------

>> Chunk 156 Started
196608 Packets Was Read From Pcap File
>> 196608 Packets (0.295898 GB) Transfered From Host To Device 
	| Duration : 16.524128 ms
	| Bandwidth : 143.256425 Gb/s
>> RuleGraph Was Processed For 256 Threads Per Block 
>> 196608 Packets (0.192 GB) Processed On GPU 
	| Duration : 1.469248 ms
	| Bandwidth : 1044.858452 Gb/s
>> 196608 Packets (0.295898 GB) Transfered From Device to Host
	| Duration : 17.408735 ms
	| Bandwidth : 135.976994 Gb/s
---------------------------------------------------------------

>> Chunk 157 Started
196608 Packets Was Read From Pcap File
>> 196608 Packets (0.295898 GB) Transfered From Host To Device 
	| Duration : 16.557089 ms
	| Bandwidth : 142.971239 Gb/s
>> RuleGraph Was Processed For 256 Threads Per Block 
>> 196608 Packets (0.192 GB) Processed On GPU 
	| Duration : 1.482336 ms
	| Bandwidth : 1035.633085 Gb/s
>> 196608 Packets (0.295898 GB) Transfered From Device to Host
	| Duration : 17.387808 ms
	| Bandwidth : 136.140652 Gb/s
---------------------------------------------------------------

>> Chunk 158 Started
196608 Packets Was Read From Pcap File
>> 196608 Packets (0.295898 GB) Transfered From Host To Device 
	| Duration : 16.649471 ms
	| Bandwidth : 142.177938 Gb/s
>> RuleGraph Was Processed For 256 Threads Per Block 
>> 196608 Packets (0.192 GB) Processed On GPU 
	| Duration : 1.473056 ms
	| Bandwidth : 1042.157456 Gb/s
>> 196608 Packets (0.295898 GB) Transfered From Device to Host
	| Duration : 17.709345 ms
	| Bandwidth : 133.668835 Gb/s
---------------------------------------------------------------

>> Chunk 159 Started
196608 Packets Was Read From Pcap File
>> 196608 Packets (0.295898 GB) Transfered From Host To Device 
	| Duration : 16.755136 ms
	| Bandwidth : 141.281302 Gb/s
>> RuleGraph Was Processed For 256 Threads Per Block 
>> 196608 Packets (0.192 GB) Processed On GPU 
	| Duration : 1.473536 ms
	| Bandwidth : 1041.817936 Gb/s
>> 196608 Packets (0.295898 GB) Transfered From Device to Host
	| Duration : 17.465759 ms
	| Bandwidth : 135.533043 Gb/s
---------------------------------------------------------------

>> Chunk 160 Started
196608 Packets Was Read From Pcap File
>> 196608 Packets (0.295898 GB) Transfered From Host To Device 
	| Duration : 16.446783 ms
	| Bandwidth : 143.930122 Gb/s
>> RuleGraph Was Processed For 256 Threads Per Block 
>> 196608 Packets (0.192 GB) Processed On GPU 
	| Duration : 1.467808 ms
	| Bandwidth : 1045.883550 Gb/s
>> 196608 Packets (0.295898 GB) Transfered From Device to Host
	| Duration : 17.360895 ms
	| Bandwidth : 136.351696 Gb/s
---------------------------------------------------------------

>> Chunk 161 Started
196608 Packets Was Read From Pcap File
>> 196608 Packets (0.295898 GB) Transfered From Host To Device 
	| Duration : 16.311424 ms
	| Bandwidth : 145.124513 Gb/s
>> RuleGraph Was Processed For 256 Threads Per Block 
>> 196608 Packets (0.192 GB) Processed On GPU 
	| Duration : 1.451424 ms
	| Bandwidth : 1057.689722 Gb/s
>> 196608 Packets (0.295898 GB) Transfered From Device to Host
	| Duration : 17.423744 ms
	| Bandwidth : 135.859863 Gb/s
---------------------------------------------------------------

>> Chunk 162 Started
196608 Packets Was Read From Pcap File
>> 196608 Packets (0.295898 GB) Transfered From Host To Device 
	| Duration : 16.450752 ms
	| Bandwidth : 143.895395 Gb/s
>> RuleGraph Was Processed For 256 Threads Per Block 
>> 196608 Packets (0.192 GB) Processed On GPU 
	| Duration : 1.463488 ms
	| Bandwidth : 1048.970861 Gb/s
>> 196608 Packets (0.295898 GB) Transfered From Device to Host
	| Duration : 17.456287 ms
	| Bandwidth : 135.606584 Gb/s
---------------------------------------------------------------

>> Chunk 163 Started
196608 Packets Was Read From Pcap File
>> 196608 Packets (0.295898 GB) Transfered From Host To Device 
	| Duration : 16.369793 ms
	| Bandwidth : 144.607052 Gb/s
>> RuleGraph Was Processed For 256 Threads Per Block 
>> 196608 Packets (0.192 GB) Processed On GPU 
	| Duration : 1.467936 ms
	| Bandwidth : 1045.792330 Gb/s
>> 196608 Packets (0.295898 GB) Transfered From Device to Host
	| Duration : 17.320671 ms
	| Bandwidth : 136.668348 Gb/s
---------------------------------------------------------------

>> Chunk 164 Started
196608 Packets Was Read From Pcap File
>> 196608 Packets (0.295898 GB) Transfered From Host To Device 
	| Duration : 16.388737 ms
	| Bandwidth : 144.439900 Gb/s
>> RuleGraph Was Processed For 256 Threads Per Block 
>> 196608 Packets (0.192 GB) Processed On GPU 
	| Duration : 1.475776 ms
	| Bandwidth : 1040.236658 Gb/s
>> 196608 Packets (0.295898 GB) Transfered From Device to Host
	| Duration : 17.273792 ms
	| Bandwidth : 137.039248 Gb/s
---------------------------------------------------------------

>> Chunk 165 Started
196608 Packets Was Read From Pcap File
>> 196608 Packets (0.295898 GB) Transfered From Host To Device 
	| Duration : 16.614496 ms
	| Bandwidth : 142.477236 Gb/s
>> RuleGraph Was Processed For 256 Threads Per Block 
>> 196608 Packets (0.192 GB) Processed On GPU 
	| Duration : 1.457760 ms
	| Bandwidth : 1053.092604 Gb/s
>> 196608 Packets (0.295898 GB) Transfered From Device to Host
	| Duration : 17.370367 ms
	| Bandwidth : 136.277345 Gb/s
---------------------------------------------------------------

>> Chunk 166 Started
196608 Packets Was Read From Pcap File
>> 196608 Packets (0.295898 GB) Transfered From Host To Device 
	| Duration : 16.364416 ms
	| Bandwidth : 144.654565 Gb/s
>> RuleGraph Was Processed For 256 Threads Per Block 
>> 196608 Packets (0.192 GB) Processed On GPU 
	| Duration : 1.474880 ms
	| Bandwidth : 1040.868593 Gb/s
>> 196608 Packets (0.295898 GB) Transfered From Device to Host
	| Duration : 17.484097 ms
	| Bandwidth : 135.390896 Gb/s
---------------------------------------------------------------

>> Chunk 167 Started
196608 Packets Was Read From Pcap File
>> 196608 Packets (0.295898 GB) Transfered From Host To Device 
	| Duration : 16.567583 ms
	| Bandwidth : 142.880678 Gb/s
>> RuleGraph Was Processed For 256 Threads Per Block 
>> 196608 Packets (0.192 GB) Processed On GPU 
	| Duration : 1.464032 ms
	| Bandwidth : 1048.581037 Gb/s
>> 196608 Packets (0.295898 GB) Transfered From Device to Host
	| Duration : 17.511456 ms
	| Bandwidth : 135.179368 Gb/s
---------------------------------------------------------------

>> Chunk 168 Started
196608 Packets Was Read From Pcap File
>> 196608 Packets (0.295898 GB) Transfered From Host To Device 
	| Duration : 16.895329 ms
	| Bandwidth : 140.108995 Gb/s
>> RuleGraph Was Processed For 256 Threads Per Block 
>> 196608 Packets (0.192 GB) Processed On GPU 
	| Duration : 1.472064 ms
	| Bandwidth : 1042.859706 Gb/s
>> 196608 Packets (0.295898 GB) Transfered From Device to Host
	| Duration : 17.435455 ms
	| Bandwidth : 135.768608 Gb/s
---------------------------------------------------------------

>> Chunk 169 Started
196608 Packets Was Read From Pcap File
>> 196608 Packets (0.295898 GB) Transfered From Host To Device 
	| Duration : 16.390240 ms
	| Bandwidth : 144.426655 Gb/s
>> RuleGraph Was Processed For 256 Threads Per Block 
>> 196608 Packets (0.192 GB) Processed On GPU 
	| Duration : 1.465760 ms
	| Bandwidth : 1047.344898 Gb/s
>> 196608 Packets (0.295898 GB) Transfered From Device to Host
	| Duration : 17.370848 ms
	| Bandwidth : 136.273574 Gb/s
---------------------------------------------------------------

>> Chunk 170 Started
196608 Packets Was Read From Pcap File
>> 196608 Packets (0.295898 GB) Transfered From Host To Device 
	| Duration : 16.498528 ms
	| Bandwidth : 143.478713 Gb/s
>> RuleGraph Was Processed For 256 Threads Per Block 
>> 196608 Packets (0.192 GB) Processed On GPU 
	| Duration : 1.467456 ms
	| Bandwidth : 1046.134445 Gb/s
>> 196608 Packets (0.295898 GB) Transfered From Device to Host
	| Duration : 17.270687 ms
	| Bandwidth : 137.063887 Gb/s
---------------------------------------------------------------

>> Chunk 171 Started
196608 Packets Was Read From Pcap File
>> 196608 Packets (0.295898 GB) Transfered From Host To Device 
	| Duration : 16.410879 ms
	| Bandwidth : 144.245015 Gb/s
>> RuleGraph Was Processed For 256 Threads Per Block 
>> 196608 Packets (0.192 GB) Processed On GPU 
	| Duration : 1.472896 ms
	| Bandwidth : 1042.270650 Gb/s
>> 196608 Packets (0.295898 GB) Transfered From Device to Host
	| Duration : 17.614847 ms
	| Bandwidth : 134.385923 Gb/s
---------------------------------------------------------------

>> Chunk 172 Started
196608 Packets Was Read From Pcap File
>> 196608 Packets (0.295898 GB) Transfered From Host To Device 
	| Duration : 16.570145 ms
	| Bandwidth : 142.858590 Gb/s
>> RuleGraph Was Processed For 256 Threads Per Block 
>> 196608 Packets (0.192 GB) Processed On GPU 
	| Duration : 1.525568 ms
	| Bandwidth : 1006.285031 Gb/s
>> 196608 Packets (0.295898 GB) Transfered From Device to Host
	| Duration : 17.199009 ms
	| Bandwidth : 137.635111 Gb/s
---------------------------------------------------------------

>> Chunk 173 Started
196608 Packets Was Read From Pcap File
>> 196608 Packets (0.295898 GB) Transfered From Host To Device 
	| Duration : 16.485888 ms
	| Bandwidth : 143.588721 Gb/s
>> RuleGraph Was Processed For 256 Threads Per Block 
>> 196608 Packets (0.192 GB) Processed On GPU 
	| Duration : 1.464480 ms
	| Bandwidth : 1048.260274 Gb/s
>> 196608 Packets (0.295898 GB) Transfered From Device to Host
	| Duration : 17.206305 ms
	| Bandwidth : 137.576752 Gb/s
---------------------------------------------------------------

>> Chunk 174 Started
196608 Packets Was Read From Pcap File
>> 196608 Packets (0.295898 GB) Transfered From Host To Device 
	| Duration : 16.422880 ms
	| Bandwidth : 144.139607 Gb/s
>> RuleGraph Was Processed For 256 Threads Per Block 
>> 196608 Packets (0.192 GB) Processed On GPU 
	| Duration : 1.464352 ms
	| Bandwidth : 1048.351925 Gb/s
>> 196608 Packets (0.295898 GB) Transfered From Device to Host
	| Duration : 17.623455 ms
	| Bandwidth : 134.320285 Gb/s
---------------------------------------------------------------

>> Chunk 175 Started
196608 Packets Was Read From Pcap File
>> 196608 Packets (0.295898 GB) Transfered From Host To Device 
	| Duration : 16.483999 ms
	| Bandwidth : 143.605169 Gb/s
>> RuleGraph Was Processed For 256 Threads Per Block 
>> 196608 Packets (0.192 GB) Processed On GPU 
	| Duration : 1.479424 ms
	| Bandwidth : 1037.671587 Gb/s
>> 196608 Packets (0.295898 GB) Transfered From Device to Host
	| Duration : 17.724417 ms
	| Bandwidth : 133.555171 Gb/s
---------------------------------------------------------------

>> Chunk 176 Started
196608 Packets Was Read From Pcap File
>> 196608 Packets (0.295898 GB) Transfered From Host To Device 
	| Duration : 16.467520 ms
	| Bandwidth : 143.748879 Gb/s
>> RuleGraph Was Processed For 256 Threads Per Block 
>> 196608 Packets (0.192 GB) Processed On GPU 
	| Duration : 1.480800 ms
	| Bandwidth : 1036.707331 Gb/s
>> 196608 Packets (0.295898 GB) Transfered From Device to Host
	| Duration : 17.273439 ms
	| Bandwidth : 137.042047 Gb/s
---------------------------------------------------------------

>> Chunk 177 Started
196608 Packets Was Read From Pcap File
>> 196608 Packets (0.295898 GB) Transfered From Host To Device 
	| Duration : 16.273697 ms
	| Bandwidth : 145.460955 Gb/s
>> RuleGraph Was Processed For 256 Threads Per Block 
>> 196608 Packets (0.192 GB) Processed On GPU 
	| Duration : 1.464736 ms
	| Bandwidth : 1048.077105 Gb/s
>> 196608 Packets (0.295898 GB) Transfered From Device to Host
	| Duration : 17.415680 ms
	| Bandwidth : 135.922772 Gb/s
---------------------------------------------------------------

>> Chunk 178 Started
196608 Packets Was Read From Pcap File
>> 196608 Packets (0.295898 GB) Transfered From Host To Device 
	| Duration : 16.389471 ms
	| Bandwidth : 144.433429 Gb/s
>> RuleGraph Was Processed For 256 Threads Per Block 
>> 196608 Packets (0.192 GB) Processed On GPU 
	| Duration : 1.471648 ms
	| Bandwidth : 1043.154527 Gb/s
>> 196608 Packets (0.295898 GB) Transfered From Device to Host
	| Duration : 17.410751 ms
	| Bandwidth : 135.961249 Gb/s
---------------------------------------------------------------

>> Chunk 179 Started
196608 Packets Was Read From Pcap File
>> 196608 Packets (0.295898 GB) Transfered From Host To Device 
	| Duration : 16.419329 ms
	| Bandwidth : 144.170785 Gb/s
>> RuleGraph Was Processed For 256 Threads Per Block 
>> 196608 Packets (0.192 GB) Processed On GPU 
	| Duration : 1.458816 ms
	| Bandwidth : 1052.330243 Gb/s
>> 196608 Packets (0.295898 GB) Transfered From Device to Host
	| Duration : 17.493919 ms
	| Bandwidth : 135.314874 Gb/s
---------------------------------------------------------------

>> Chunk 180 Started
196608 Packets Was Read From Pcap File
>> 196608 Packets (0.295898 GB) Transfered From Host To Device 
	| Duration : 16.453568 ms
	| Bandwidth : 143.870774 Gb/s
>> RuleGraph Was Processed For 256 Threads Per Block 
>> 196608 Packets (0.192 GB) Processed On GPU 
	| Duration : 1.470112 ms
	| Bandwidth : 1044.244442 Gb/s
>> 196608 Packets (0.295898 GB) Transfered From Device to Host
	| Duration : 17.653088 ms
	| Bandwidth : 134.094814 Gb/s
---------------------------------------------------------------

>> Chunk 181 Started
196608 Packets Was Read From Pcap File
>> 196608 Packets (0.295898 GB) Transfered From Host To Device 
	| Duration : 16.497503 ms
	| Bandwidth : 143.487621 Gb/s
>> RuleGraph Was Processed For 256 Threads Per Block 
>> 196608 Packets (0.192 GB) Processed On GPU 
	| Duration : 1.461408 ms
	| Bandwidth : 1050.463820 Gb/s
>> 196608 Packets (0.295898 GB) Transfered From Device to Host
	| Duration : 17.612608 ms
	| Bandwidth : 134.403009 Gb/s
---------------------------------------------------------------

>> Chunk 182 Started
196608 Packets Was Read From Pcap File
>> 196608 Packets (0.295898 GB) Transfered From Host To Device 
	| Duration : 16.465153 ms
	| Bandwidth : 143.769544 Gb/s
>> RuleGraph Was Processed For 256 Threads Per Block 
>> 196608 Packets (0.192 GB) Processed On GPU 
	| Duration : 1.463616 ms
	| Bandwidth : 1048.879102 Gb/s
>> 196608 Packets (0.295898 GB) Transfered From Device to Host
	| Duration : 17.556032 ms
	| Bandwidth : 134.836134 Gb/s
---------------------------------------------------------------

>> Chunk 183 Started
196608 Packets Was Read From Pcap File
>> 196608 Packets (0.295898 GB) Transfered From Host To Device 
	| Duration : 16.738239 ms
	| Bandwidth : 141.423925 Gb/s
>> RuleGraph Was Processed For 256 Threads Per Block 
>> 196608 Packets (0.192 GB) Processed On GPU 
	| Duration : 1.461088 ms
	| Bandwidth : 1050.693942 Gb/s
>> 196608 Packets (0.295898 GB) Transfered From Device to Host
	| Duration : 17.537504 ms
	| Bandwidth : 134.978585 Gb/s
---------------------------------------------------------------

>> Chunk 184 Started
196608 Packets Was Read From Pcap File
>> 196608 Packets (0.295898 GB) Transfered From Host To Device 
	| Duration : 16.715776 ms
	| Bandwidth : 141.613972 Gb/s
>> RuleGraph Was Processed For 256 Threads Per Block 
>> 196608 Packets (0.192 GB) Processed On GPU 
	| Duration : 1.455552 ms
	| Bandwidth : 1054.690089 Gb/s
>> 196608 Packets (0.295898 GB) Transfered From Device to Host
	| Duration : 17.793440 ms
	| Bandwidth : 133.037092 Gb/s
---------------------------------------------------------------

>> Chunk 185 Started
196608 Packets Was Read From Pcap File
>> 196608 Packets (0.295898 GB) Transfered From Host To Device 
	| Duration : 16.581600 ms
	| Bandwidth : 142.759895 Gb/s
>> RuleGraph Was Processed For 256 Threads Per Block 
>> 196608 Packets (0.192 GB) Processed On GPU 
	| Duration : 1.463264 ms
	| Bandwidth : 1049.131436 Gb/s
>> 196608 Packets (0.295898 GB) Transfered From Device to Host
	| Duration : 17.424929 ms
	| Bandwidth : 135.850628 Gb/s
---------------------------------------------------------------

>> Chunk 186 Started
196608 Packets Was Read From Pcap File
>> 196608 Packets (0.295898 GB) Transfered From Host To Device 
	| Duration : 16.593344 ms
	| Bandwidth : 142.658860 Gb/s
>> RuleGraph Was Processed For 256 Threads Per Block 
>> 196608 Packets (0.192 GB) Processed On GPU 
	| Duration : 1.451456 ms
	| Bandwidth : 1057.666441 Gb/s
>> 196608 Packets (0.295898 GB) Transfered From Device to Host
	| Duration : 17.396992 ms
	| Bandwidth : 136.068783 Gb/s
---------------------------------------------------------------

>> Chunk 187 Started
196608 Packets Was Read From Pcap File
>> 196608 Packets (0.295898 GB) Transfered From Host To Device 
	| Duration : 16.629057 ms
	| Bandwidth : 142.352480 Gb/s
>> RuleGraph Was Processed For 256 Threads Per Block 
>> 196608 Packets (0.192 GB) Processed On GPU 
	| Duration : 1.465888 ms
	| Bandwidth : 1047.253423 Gb/s
>> 196608 Packets (0.295898 GB) Transfered From Device to Host
	| Duration : 17.766945 ms
	| Bandwidth : 133.235484 Gb/s
---------------------------------------------------------------

>> Chunk 188 Started
196608 Packets Was Read From Pcap File
>> 196608 Packets (0.295898 GB) Transfered From Host To Device 
	| Duration : 16.476448 ms
	| Bandwidth : 143.670984 Gb/s
>> RuleGraph Was Processed For 256 Threads Per Block 
>> 196608 Packets (0.192 GB) Processed On GPU 
	| Duration : 1.462528 ms
	| Bandwidth : 1049.659398 Gb/s
>> 196608 Packets (0.295898 GB) Transfered From Device to Host
	| Duration : 17.498016 ms
	| Bandwidth : 135.283192 Gb/s
---------------------------------------------------------------

>> Chunk 189 Started
196608 Packets Was Read From Pcap File
>> 196608 Packets (0.295898 GB) Transfered From Host To Device 
	| Duration : 16.642241 ms
	| Bandwidth : 142.239712 Gb/s
>> RuleGraph Was Processed For 256 Threads Per Block 
>> 196608 Packets (0.192 GB) Processed On GPU 
	| Duration : 1.477824 ms
	| Bandwidth : 1038.795065 Gb/s
>> 196608 Packets (0.295898 GB) Transfered From Device to Host
	| Duration : 17.792736 ms
	| Bandwidth : 133.042355 Gb/s
---------------------------------------------------------------

>> Chunk 190 Started
196608 Packets Was Read From Pcap File
>> 196608 Packets (0.295898 GB) Transfered From Host To Device 
	| Duration : 16.636415 ms
	| Bandwidth : 142.289516 Gb/s
>> RuleGraph Was Processed For 256 Threads Per Block 
>> 196608 Packets (0.192 GB) Processed On GPU 
	| Duration : 1.468768 ms
	| Bandwidth : 1045.199956 Gb/s
>> 196608 Packets (0.295898 GB) Transfered From Device to Host
	| Duration : 17.617952 ms
	| Bandwidth : 134.362238 Gb/s
---------------------------------------------------------------

>> Chunk 191 Started
196608 Packets Was Read From Pcap File
>> 196608 Packets (0.295898 GB) Transfered From Host To Device 
	| Duration : 16.557983 ms
	| Bandwidth : 142.963515 Gb/s
>> RuleGraph Was Processed For 256 Threads Per Block 
>> 196608 Packets (0.192 GB) Processed On GPU 
	| Duration : 1.454944 ms
	| Bandwidth : 1055.130805 Gb/s
>> 196608 Packets (0.295898 GB) Transfered From Device to Host
	| Duration : 17.339680 ms
	| Bandwidth : 136.518525 Gb/s
---------------------------------------------------------------

>> Chunk 192 Started
196608 Packets Was Read From Pcap File
>> 196608 Packets (0.295898 GB) Transfered From Host To Device 
	| Duration : 16.285440 ms
	| Bandwidth : 145.356063 Gb/s
>> RuleGraph Was Processed For 256 Threads Per Block 
>> 196608 Packets (0.192 GB) Processed On GPU 
	| Duration : 1.464224 ms
	| Bandwidth : 1048.443592 Gb/s
>> 196608 Packets (0.295898 GB) Transfered From Device to Host
	| Duration : 17.340639 ms
	| Bandwidth : 136.510972 Gb/s
---------------------------------------------------------------

>> Chunk 193 Started
196608 Packets Was Read From Pcap File
>> 196608 Packets (0.295898 GB) Transfered From Host To Device 
	| Duration : 16.427488 ms
	| Bandwidth : 144.099174 Gb/s
>> RuleGraph Was Processed For 256 Threads Per Block 
>> 196608 Packets (0.192 GB) Processed On GPU 
	| Duration : 1.459648 ms
	| Bandwidth : 1051.730442 Gb/s
>> 196608 Packets (0.295898 GB) Transfered From Device to Host
	| Duration : 17.488895 ms
	| Bandwidth : 135.353746 Gb/s
---------------------------------------------------------------

>> Chunk 194 Started
196608 Packets Was Read From Pcap File
>> 196608 Packets (0.295898 GB) Transfered From Host To Device 
	| Duration : 16.426657 ms
	| Bandwidth : 144.106469 Gb/s
>> RuleGraph Was Processed For 256 Threads Per Block 
>> 196608 Packets (0.192 GB) Processed On GPU 
	| Duration : 1.471104 ms
	| Bandwidth : 1043.540241 Gb/s
>> 196608 Packets (0.295898 GB) Transfered From Device to Host
	| Duration : 17.368864 ms
	| Bandwidth : 136.289137 Gb/s
---------------------------------------------------------------

>> Chunk 195 Started
196608 Packets Was Read From Pcap File
>> 196608 Packets (0.295898 GB) Transfered From Host To Device 
	| Duration : 16.407488 ms
	| Bandwidth : 144.274829 Gb/s
>> RuleGraph Was Processed For 256 Threads Per Block 
>> 196608 Packets (0.192 GB) Processed On GPU 
	| Duration : 1.461184 ms
	| Bandwidth : 1050.624852 Gb/s
>> 196608 Packets (0.295898 GB) Transfered From Device to Host
	| Duration : 17.505920 ms
	| Bandwidth : 135.222110 Gb/s
---------------------------------------------------------------

>> Chunk 196 Started
196608 Packets Was Read From Pcap File
>> 196608 Packets (0.295898 GB) Transfered From Host To Device 
	| Duration : 16.461569 ms
	| Bandwidth : 143.800845 Gb/s
>> RuleGraph Was Processed For 256 Threads Per Block 
>> 196608 Packets (0.192 GB) Processed On GPU 
	| Duration : 1.466560 ms
	| Bandwidth : 1046.773568 Gb/s
>> 196608 Packets (0.295898 GB) Transfered From Device to Host
	| Duration : 17.334208 ms
	| Bandwidth : 136.561622 Gb/s
---------------------------------------------------------------

>> Chunk 197 Started
196608 Packets Was Read From Pcap File
>> 196608 Packets (0.295898 GB) Transfered From Host To Device 
	| Duration : 16.582815 ms
	| Bandwidth : 142.749435 Gb/s
>> RuleGraph Was Processed For 256 Threads Per Block 
>> 196608 Packets (0.192 GB) Processed On GPU 
	| Duration : 1.457440 ms
	| Bandwidth : 1053.323794 Gb/s
>> 196608 Packets (0.295898 GB) Transfered From Device to Host
	| Duration : 17.683807 ms
	| Bandwidth : 133.861869 Gb/s
---------------------------------------------------------------

>> Chunk 198 Started
196608 Packets Was Read From Pcap File
>> 196608 Packets (0.295898 GB) Transfered From Host To Device 
	| Duration : 16.473824 ms
	| Bandwidth : 143.693872 Gb/s
>> RuleGraph Was Processed For 256 Threads Per Block 
>> 196608 Packets (0.192 GB) Processed On GPU 
	| Duration : 1.465664 ms
	| Bandwidth : 1047.413472 Gb/s
>> 196608 Packets (0.295898 GB) Transfered From Device to Host
	| Duration : 17.548416 ms
	| Bandwidth : 134.894653 Gb/s
---------------------------------------------------------------

>> Chunk 199 Started
196608 Packets Was Read From Pcap File
>> 196608 Packets (0.295898 GB) Transfered From Host To Device 
	| Duration : 16.494593 ms
	| Bandwidth : 143.512941 Gb/s
>> RuleGraph Was Processed For 256 Threads Per Block 
>> 196608 Packets (0.192 GB) Processed On GPU 
	| Duration : 1.471200 ms
	| Bandwidth : 1043.472173 Gb/s
>> 196608 Packets (0.295898 GB) Transfered From Device to Host
	| Duration : 17.328096 ms
	| Bandwidth : 136.609784 Gb/s
---------------------------------------------------------------

>> Chunk 200 Started
196608 Packets Was Read From Pcap File
>> 196608 Packets (0.295898 GB) Transfered From Host To Device 
	| Duration : 16.436607 ms
	| Bandwidth : 144.019228 Gb/s
>> RuleGraph Was Processed For 256 Threads Per Block 
>> 196608 Packets (0.192 GB) Processed On GPU 
	| Duration : 1.476992 ms
	| Bandwidth : 1039.380199 Gb/s
>> 196608 Packets (0.295898 GB) Transfered From Device to Host
	| Duration : 17.243521 ms
	| Bandwidth : 137.279824 Gb/s
---------------------------------------------------------------

>> Chunk 201 Started
196608 Packets Was Read From Pcap File
>> 196608 Packets (0.295898 GB) Transfered From Host To Device 
	| Duration : 16.322336 ms
	| Bandwidth : 145.027493 Gb/s
>> RuleGraph Was Processed For 256 Threads Per Block 
>> 196608 Packets (0.192 GB) Processed On GPU 
	| Duration : 1.470656 ms
	| Bandwidth : 1043.858123 Gb/s
>> 196608 Packets (0.295898 GB) Transfered From Device to Host
	| Duration : 17.411297 ms
	| Bandwidth : 135.956989 Gb/s
---------------------------------------------------------------

>> Chunk 202 Started
196608 Packets Was Read From Pcap File
>> 196608 Packets (0.295898 GB) Transfered From Host To Device 
	| Duration : 16.316095 ms
	| Bandwidth : 145.082966 Gb/s
>> RuleGraph Was Processed For 256 Threads Per Block 
>> 196608 Packets (0.192 GB) Processed On GPU 
	| Duration : 1.470688 ms
	| Bandwidth : 1043.835447 Gb/s
>> 196608 Packets (0.295898 GB) Transfered From Device to Host
	| Duration : 17.428385 ms
	| Bandwidth : 135.823688 Gb/s
---------------------------------------------------------------

>> Chunk 203 Started
196608 Packets Was Read From Pcap File
>> 196608 Packets (0.295898 GB) Transfered From Host To Device 
	| Duration : 16.629503 ms
	| Bandwidth : 142.348660 Gb/s
>> RuleGraph Was Processed For 256 Threads Per Block 
>> 196608 Packets (0.192 GB) Processed On GPU 
	| Duration : 1.476096 ms
	| Bandwidth : 1040.011093 Gb/s
>> 196608 Packets (0.295898 GB) Transfered From Device to Host
	| Duration : 17.459328 ms
	| Bandwidth : 135.582970 Gb/s
---------------------------------------------------------------

>> Chunk 204 Started
196608 Packets Was Read From Pcap File
>> 196608 Packets (0.295898 GB) Transfered From Host To Device 
	| Duration : 16.492128 ms
	| Bandwidth : 143.534385 Gb/s
>> RuleGraph Was Processed For 256 Threads Per Block 
>> 196608 Packets (0.192 GB) Processed On GPU 
	| Duration : 1.473888 ms
	| Bandwidth : 1041.569108 Gb/s
>> 196608 Packets (0.295898 GB) Transfered From Device to Host
	| Duration : 17.327105 ms
	| Bandwidth : 136.617603 Gb/s
---------------------------------------------------------------

>> Chunk 205 Started
196608 Packets Was Read From Pcap File
>> 196608 Packets (0.295898 GB) Transfered From Host To Device 
	| Duration : 16.491808 ms
	| Bandwidth : 143.537174 Gb/s
>> RuleGraph Was Processed For 256 Threads Per Block 
>> 196608 Packets (0.192 GB) Processed On GPU 
	| Duration : 1.466400 ms
	| Bandwidth : 1046.887767 Gb/s
>> 196608 Packets (0.295898 GB) Transfered From Device to Host
	| Duration : 17.737856 ms
	| Bandwidth : 133.453982 Gb/s
---------------------------------------------------------------

>> Chunk 206 Started
196608 Packets Was Read From Pcap File
>> 196608 Packets (0.295898 GB) Transfered From Host To Device 
	| Duration : 16.543104 ms
	| Bandwidth : 143.092099 Gb/s
>> RuleGraph Was Processed For 256 Threads Per Block 
>> 196608 Packets (0.192 GB) Processed On GPU 
	| Duration : 1.470304 ms
	| Bandwidth : 1044.108046 Gb/s
>> 196608 Packets (0.295898 GB) Transfered From Device to Host
	| Duration : 17.645151 ms
	| Bandwidth : 134.155127 Gb/s
---------------------------------------------------------------

>> Chunk 207 Started
196608 Packets Was Read From Pcap File
>> 196608 Packets (0.295898 GB) Transfered From Host To Device 
	| Duration : 16.626656 ms
	| Bandwidth : 142.373040 Gb/s
>> RuleGraph Was Processed For 256 Threads Per Block 
>> 196608 Packets (0.192 GB) Processed On GPU 
	| Duration : 1.471264 ms
	| Bandwidth : 1043.426771 Gb/s
>> 196608 Packets (0.295898 GB) Transfered From Device to Host
	| Duration : 17.372416 ms
	| Bandwidth : 136.261275 Gb/s
---------------------------------------------------------------

>> Chunk 208 Started
196608 Packets Was Read From Pcap File
>> 196608 Packets (0.295898 GB) Transfered From Host To Device 
	| Duration : 16.322304 ms
	| Bandwidth : 145.027781 Gb/s
>> RuleGraph Was Processed For 256 Threads Per Block 
>> 196608 Packets (0.192 GB) Processed On GPU 
	| Duration : 1.467712 ms
	| Bandwidth : 1045.951933 Gb/s
>> 196608 Packets (0.295898 GB) Transfered From Device to Host
	| Duration : 17.443487 ms
	| Bandwidth : 135.706093 Gb/s
---------------------------------------------------------------

>> Chunk 209 Started
196608 Packets Was Read From Pcap File
>> 196608 Packets (0.295898 GB) Transfered From Host To Device 
	| Duration : 16.512159 ms
	| Bandwidth : 143.360263 Gb/s
>> RuleGraph Was Processed For 256 Threads Per Block 
>> 196608 Packets (0.192 GB) Processed On GPU 
	| Duration : 1.468480 ms
	| Bandwidth : 1045.404949 Gb/s
>> 196608 Packets (0.295898 GB) Transfered From Device to Host
	| Duration : 17.259647 ms
	| Bandwidth : 137.151556 Gb/s
---------------------------------------------------------------

>> Chunk 210 Started
196608 Packets Was Read From Pcap File
>> 196608 Packets (0.295898 GB) Transfered From Host To Device 
	| Duration : 16.455393 ms
	| Bandwidth : 143.854815 Gb/s
>> RuleGraph Was Processed For 256 Threads Per Block 
>> 196608 Packets (0.192 GB) Processed On GPU 
	| Duration : 1.482688 ms
	| Bandwidth : 1035.387284 Gb/s
>> 196608 Packets (0.295898 GB) Transfered From Device to Host
	| Duration : 17.247841 ms
	| Bandwidth : 137.245439 Gb/s
---------------------------------------------------------------

>> Chunk 211 Started
196608 Packets Was Read From Pcap File
>> 196608 Packets (0.295898 GB) Transfered From Host To Device 
	| Duration : 16.631617 ms
	| Bandwidth : 142.330572 Gb/s
>> RuleGraph Was Processed For 256 Threads Per Block 
>> 196608 Packets (0.192 GB) Processed On GPU 
	| Duration : 1.463584 ms
	| Bandwidth : 1048.902083 Gb/s
>> 196608 Packets (0.295898 GB) Transfered From Device to Host
	| Duration : 17.382496 ms
	| Bandwidth : 136.182256 Gb/s
---------------------------------------------------------------

>> Chunk 212 Started
196608 Packets Was Read From Pcap File
>> 196608 Packets (0.295898 GB) Transfered From Host To Device 
	| Duration : 16.460640 ms
	| Bandwidth : 143.808959 Gb/s
>> RuleGraph Was Processed For 256 Threads Per Block 
>> 196608 Packets (0.192 GB) Processed On GPU 
	| Duration : 1.470048 ms
	| Bandwidth : 1044.289915 Gb/s
>> 196608 Packets (0.295898 GB) Transfered From Device to Host
	| Duration : 17.412960 ms
	| Bandwidth : 135.944003 Gb/s
---------------------------------------------------------------

>> Chunk 213 Started
196608 Packets Was Read From Pcap File
>> 196608 Packets (0.295898 GB) Transfered From Host To Device 
	| Duration : 16.516417 ms
	| Bandwidth : 143.323311 Gb/s
>> RuleGraph Was Processed For 256 Threads Per Block 
>> 196608 Packets (0.192 GB) Processed On GPU 
	| Duration : 1.474112 ms
	| Bandwidth : 1041.410839 Gb/s
>> 196608 Packets (0.295898 GB) Transfered From Device to Host
	| Duration : 17.531809 ms
	| Bandwidth : 135.022434 Gb/s
---------------------------------------------------------------

>> Chunk 214 Started
196608 Packets Was Read From Pcap File
>> 196608 Packets (0.295898 GB) Transfered From Host To Device 
	| Duration : 16.458431 ms
	| Bandwidth : 143.828258 Gb/s
>> RuleGraph Was Processed For 256 Threads Per Block 
>> 196608 Packets (0.192 GB) Processed On GPU 
	| Duration : 1.482592 ms
	| Bandwidth : 1035.454302 Gb/s
>> 196608 Packets (0.295898 GB) Transfered From Device to Host
	| Duration : 17.540960 ms
	| Bandwidth : 134.951990 Gb/s
---------------------------------------------------------------

>> Chunk 215 Started
196608 Packets Was Read From Pcap File
>> 196608 Packets (0.295898 GB) Transfered From Host To Device 
	| Duration : 16.559200 ms
	| Bandwidth : 142.953009 Gb/s
>> RuleGraph Was Processed For 256 Threads Per Block 
>> 196608 Packets (0.192 GB) Processed On GPU 
	| Duration : 1.479904 ms
	| Bandwidth : 1037.334984 Gb/s
>> 196608 Packets (0.295898 GB) Transfered From Device to Host
	| Duration : 17.511295 ms
	| Bandwidth : 135.180605 Gb/s
---------------------------------------------------------------

>> Chunk 216 Started
196608 Packets Was Read From Pcap File
>> 196608 Packets (0.295898 GB) Transfered From Host To Device 
	| Duration : 16.473473 ms
	| Bandwidth : 143.696934 Gb/s
>> RuleGraph Was Processed For 256 Threads Per Block 
>> 196608 Packets (0.192 GB) Processed On GPU 
	| Duration : 1.468576 ms
	| Bandwidth : 1045.336637 Gb/s
>> 196608 Packets (0.295898 GB) Transfered From Device to Host
	| Duration : 17.444897 ms
	| Bandwidth : 135.695129 Gb/s
---------------------------------------------------------------

>> Chunk 217 Started
196608 Packets Was Read From Pcap File
>> 196608 Packets (0.295898 GB) Transfered From Host To Device 
	| Duration : 17.051840 ms
	| Bandwidth : 138.822996 Gb/s
>> RuleGraph Was Processed For 256 Threads Per Block 
>> 196608 Packets (0.192 GB) Processed On GPU 
	| Duration : 1.481440 ms
	| Bandwidth : 1036.259520 Gb/s
>> 196608 Packets (0.295898 GB) Transfered From Device to Host
	| Duration : 17.616705 ms
	| Bandwidth : 134.371752 Gb/s
---------------------------------------------------------------

>> Chunk 218 Started
196608 Packets Was Read From Pcap File
>> 196608 Packets (0.295898 GB) Transfered From Host To Device 
	| Duration : 16.412895 ms
	| Bandwidth : 144.227296 Gb/s
>> RuleGraph Was Processed For 256 Threads Per Block 
>> 196608 Packets (0.192 GB) Processed On GPU 
	| Duration : 1.472224 ms
	| Bandwidth : 1042.746384 Gb/s
>> 196608 Packets (0.295898 GB) Transfered From Device to Host
	| Duration : 17.572865 ms
	| Bandwidth : 134.706979 Gb/s
---------------------------------------------------------------

>> Chunk 219 Started
196608 Packets Was Read From Pcap File
>> 196608 Packets (0.295898 GB) Transfered From Host To Device 
	| Duration : 16.353697 ms
	| Bandwidth : 144.749381 Gb/s
>> RuleGraph Was Processed For 256 Threads Per Block 
>> 196608 Packets (0.192 GB) Processed On GPU 
	| Duration : 1.459936 ms
	| Bandwidth : 1051.522961 Gb/s
>> 196608 Packets (0.295898 GB) Transfered From Device to Host
	| Duration : 17.579647 ms
	| Bandwidth : 134.655007 Gb/s
---------------------------------------------------------------

>> Chunk 220 Started
196608 Packets Was Read From Pcap File
>> 196608 Packets (0.295898 GB) Transfered From Host To Device 
	| Duration : 16.392128 ms
	| Bandwidth : 144.410018 Gb/s
>> RuleGraph Was Processed For 256 Threads Per Block 
>> 196608 Packets (0.192 GB) Processed On GPU 
	| Duration : 1.473888 ms
	| Bandwidth : 1041.569108 Gb/s
>> 196608 Packets (0.295898 GB) Transfered From Device to Host
	| Duration : 17.738337 ms
	| Bandwidth : 133.450366 Gb/s
---------------------------------------------------------------

>> Chunk 221 Started
196608 Packets Was Read From Pcap File
>> 196608 Packets (0.295898 GB) Transfered From Host To Device 
	| Duration : 16.547873 ms
	| Bandwidth : 143.050866 Gb/s
>> RuleGraph Was Processed For 256 Threads Per Block 
>> 196608 Packets (0.192 GB) Processed On GPU 
	| Duration : 1.475744 ms
	| Bandwidth : 1040.259178 Gb/s
>> 196608 Packets (0.295898 GB) Transfered From Device to Host
	| Duration : 17.621120 ms
	| Bandwidth : 134.338081 Gb/s
---------------------------------------------------------------

>> Chunk 222 Started
196608 Packets Was Read From Pcap File
>> 196608 Packets (0.295898 GB) Transfered From Host To Device 
	| Duration : 16.709663 ms
	| Bandwidth : 141.665780 Gb/s
>> RuleGraph Was Processed For 256 Threads Per Block 
>> 196608 Packets (0.192 GB) Processed On GPU 
	| Duration : 1.464832 ms
	| Bandwidth : 1048.008443 Gb/s
>> 196608 Packets (0.295898 GB) Transfered From Device to Host
	| Duration : 17.245504 ms
	| Bandwidth : 137.264034 Gb/s
---------------------------------------------------------------

>> Chunk 223 Started
196608 Packets Was Read From Pcap File
>> 196608 Packets (0.295898 GB) Transfered From Host To Device 
	| Duration : 16.594208 ms
	| Bandwidth : 142.651432 Gb/s
>> RuleGraph Was Processed For 256 Threads Per Block 
>> 196608 Packets (0.192 GB) Processed On GPU 
	| Duration : 1.472544 ms
	| Bandwidth : 1042.519814 Gb/s
>> 196608 Packets (0.295898 GB) Transfered From Device to Host
	| Duration : 17.248833 ms
	| Bandwidth : 137.237548 Gb/s
---------------------------------------------------------------

>> Chunk 224 Started
196608 Packets Was Read From Pcap File
>> 196608 Packets (0.295898 GB) Transfered From Host To Device 
	| Duration : 16.434431 ms
	| Bandwidth : 144.038299 Gb/s
>> RuleGraph Was Processed For 256 Threads Per Block 
>> 196608 Packets (0.192 GB) Processed On GPU 
	| Duration : 1.467904 ms
	| Bandwidth : 1045.815176 Gb/s
>> 196608 Packets (0.295898 GB) Transfered From Device to Host
	| Duration : 17.405409 ms
	| Bandwidth : 136.002982 Gb/s
---------------------------------------------------------------

>> Chunk 225 Started
196608 Packets Was Read From Pcap File
>> 196608 Packets (0.295898 GB) Transfered From Host To Device 
	| Duration : 16.545504 ms
	| Bandwidth : 143.071348 Gb/s
>> RuleGraph Was Processed For 256 Threads Per Block 
>> 196608 Packets (0.192 GB) Processed On GPU 
	| Duration : 1.468672 ms
	| Bandwidth : 1045.268250 Gb/s
>> 196608 Packets (0.295898 GB) Transfered From Device to Host
	| Duration : 17.208096 ms
	| Bandwidth : 137.562434 Gb/s
---------------------------------------------------------------

>> Chunk 226 Started
196608 Packets Was Read From Pcap File
>> 196608 Packets (0.295898 GB) Transfered From Host To Device 
	| Duration : 16.369793 ms
	| Bandwidth : 144.607052 Gb/s
>> RuleGraph Was Processed For 256 Threads Per Block 
>> 196608 Packets (0.192 GB) Processed On GPU 
	| Duration : 1.463264 ms
	| Bandwidth : 1049.131436 Gb/s
>> 196608 Packets (0.295898 GB) Transfered From Device to Host
	| Duration : 17.223904 ms
	| Bandwidth : 137.436179 Gb/s
---------------------------------------------------------------

>> Chunk 227 Started
196608 Packets Was Read From Pcap File
>> 196608 Packets (0.295898 GB) Transfered From Host To Device 
	| Duration : 16.749056 ms
	| Bandwidth : 141.332593 Gb/s
>> RuleGraph Was Processed For 256 Threads Per Block 
>> 196608 Packets (0.192 GB) Processed On GPU 
	| Duration : 1.486880 ms
	| Bandwidth : 1032.468193 Gb/s
>> 196608 Packets (0.295898 GB) Transfered From Device to Host
	| Duration : 17.475807 ms
	| Bandwidth : 135.455117 Gb/s
---------------------------------------------------------------

>> Chunk 228 Started
196608 Packets Was Read From Pcap File
>> 196608 Packets (0.295898 GB) Transfered From Host To Device 
	| Duration : 16.484896 ms
	| Bandwidth : 143.597360 Gb/s
>> RuleGraph Was Processed For 256 Threads Per Block 
>> 196608 Packets (0.192 GB) Processed On GPU 
	| Duration : 1.479264 ms
	| Bandwidth : 1037.783809 Gb/s
>> 196608 Packets (0.295898 GB) Transfered From Device to Host
	| Duration : 17.785664 ms
	| Bandwidth : 133.095259 Gb/s
---------------------------------------------------------------

>> Chunk 229 Started
196608 Packets Was Read From Pcap File
>> 196608 Packets (0.295898 GB) Transfered From Host To Device 
	| Duration : 16.864799 ms
	| Bandwidth : 140.362623 Gb/s
>> RuleGraph Was Processed For 256 Threads Per Block 
>> 196608 Packets (0.192 GB) Processed On GPU 
	| Duration : 1.462784 ms
	| Bandwidth : 1049.475654 Gb/s
>> 196608 Packets (0.295898 GB) Transfered From Device to Host
	| Duration : 17.351265 ms
	| Bandwidth : 136.427373 Gb/s
---------------------------------------------------------------

>> Chunk 230 Started
196608 Packets Was Read From Pcap File
>> 196608 Packets (0.295898 GB) Transfered From Host To Device 
	| Duration : 16.532255 ms
	| Bandwidth : 143.186001 Gb/s
>> RuleGraph Was Processed For 256 Threads Per Block 
>> 196608 Packets (0.192 GB) Processed On GPU 
	| Duration : 1.462528 ms
	| Bandwidth : 1049.659398 Gb/s
>> 196608 Packets (0.295898 GB) Transfered From Device to Host
	| Duration : 17.502144 ms
	| Bandwidth : 135.251288 Gb/s
---------------------------------------------------------------

>> Chunk 231 Started
196608 Packets Was Read From Pcap File
>> 196608 Packets (0.295898 GB) Transfered From Host To Device 
	| Duration : 16.769217 ms
	| Bandwidth : 141.162677 Gb/s
>> RuleGraph Was Processed For 256 Threads Per Block 
>> 196608 Packets (0.192 GB) Processed On GPU 
	| Duration : 1.457024 ms
	| Bandwidth : 1053.624561 Gb/s
>> 196608 Packets (0.295898 GB) Transfered From Device to Host
	| Duration : 17.713440 ms
	| Bandwidth : 133.637933 Gb/s
---------------------------------------------------------------

>> Chunk 232 Started
196608 Packets Was Read From Pcap File
>> 196608 Packets (0.295898 GB) Transfered From Host To Device 
	| Duration : 16.575424 ms
	| Bandwidth : 142.813087 Gb/s
>> RuleGraph Was Processed For 256 Threads Per Block 
>> 196608 Packets (0.192 GB) Processed On GPU 
	| Duration : 1.465696 ms
	| Bandwidth : 1047.390642 Gb/s
>> 196608 Packets (0.295898 GB) Transfered From Device to Host
	| Duration : 17.538336 ms
	| Bandwidth : 134.972185 Gb/s
---------------------------------------------------------------

>> Chunk 233 Started
196608 Packets Was Read From Pcap File
>> 196608 Packets (0.295898 GB) Transfered From Host To Device 
	| Duration : 16.464577 ms
	| Bandwidth : 143.774574 Gb/s
>> RuleGraph Was Processed For 256 Threads Per Block 
>> 196608 Packets (0.192 GB) Processed On GPU 
	| Duration : 1.491360 ms
	| Bandwidth : 1029.366687 Gb/s
>> 196608 Packets (0.295898 GB) Transfered From Device to Host
	| Duration : 17.547745 ms
	| Bandwidth : 134.899814 Gb/s
---------------------------------------------------------------

>> Chunk 234 Started
196608 Packets Was Read From Pcap File
>> 196608 Packets (0.295898 GB) Transfered From Host To Device 
	| Duration : 16.578560 ms
	| Bandwidth : 142.786075 Gb/s
>> RuleGraph Was Processed For 256 Threads Per Block 
>> 196608 Packets (0.192 GB) Processed On GPU 
	| Duration : 1.471552 ms
	| Bandwidth : 1043.222553 Gb/s
>> 196608 Packets (0.295898 GB) Transfered From Device to Host
	| Duration : 17.411360 ms
	| Bandwidth : 135.956498 Gb/s
---------------------------------------------------------------

>> Chunk 235 Started
196608 Packets Was Read From Pcap File
>> 196608 Packets (0.295898 GB) Transfered From Host To Device 
	| Duration : 16.677280 ms
	| Bandwidth : 141.940858 Gb/s
>> RuleGraph Was Processed For 256 Threads Per Block 
>> 196608 Packets (0.192 GB) Processed On GPU 
	| Duration : 1.482976 ms
	| Bandwidth : 1035.186201 Gb/s
>> 196608 Packets (0.295898 GB) Transfered From Device to Host
	| Duration : 17.601313 ms
	| Bandwidth : 134.489259 Gb/s
---------------------------------------------------------------

>> Chunk 236 Started
196608 Packets Was Read From Pcap File
>> 196608 Packets (0.295898 GB) Transfered From Host To Device 
	| Duration : 16.795551 ms
	| Bandwidth : 140.941340 Gb/s
>> RuleGraph Was Processed For 256 Threads Per Block 
>> 196608 Packets (0.192 GB) Processed On GPU 
	| Duration : 1.466880 ms
	| Bandwidth : 1046.545244 Gb/s
>> 196608 Packets (0.295898 GB) Transfered From Device to Host
	| Duration : 17.587263 ms
	| Bandwidth : 134.596696 Gb/s
---------------------------------------------------------------

>> Chunk 237 Started
196608 Packets Was Read From Pcap File
>> 196608 Packets (0.295898 GB) Transfered From Host To Device 
	| Duration : 16.458624 ms
	| Bandwidth : 143.826575 Gb/s
>> RuleGraph Was Processed For 256 Threads Per Block 
>> 196608 Packets (0.192 GB) Processed On GPU 
	| Duration : 1.483008 ms
	| Bandwidth : 1035.163817 Gb/s
>> 196608 Packets (0.295898 GB) Transfered From Device to Host
	| Duration : 17.473696 ms
	| Bandwidth : 135.471484 Gb/s
---------------------------------------------------------------

>> Chunk 238 Started
196608 Packets Was Read From Pcap File
>> 196608 Packets (0.295898 GB) Transfered From Host To Device 
	| Duration : 16.462624 ms
	| Bandwidth : 143.791631 Gb/s
>> RuleGraph Was Processed For 256 Threads Per Block 
>> 196608 Packets (0.192 GB) Processed On GPU 
	| Duration : 1.464256 ms
	| Bandwidth : 1048.420631 Gb/s
>> 196608 Packets (0.295898 GB) Transfered From Device to Host
	| Duration : 17.424864 ms
	| Bandwidth : 135.851133 Gb/s
---------------------------------------------------------------

>> Chunk 239 Started
196608 Packets Was Read From Pcap File
>> 196608 Packets (0.295898 GB) Transfered From Host To Device 
	| Duration : 16.387457 ms
	| Bandwidth : 144.451181 Gb/s
>> RuleGraph Was Processed For 256 Threads Per Block 
>> 196608 Packets (0.192 GB) Processed On GPU 
	| Duration : 1.463392 ms
	| Bandwidth : 1049.039649 Gb/s
>> 196608 Packets (0.295898 GB) Transfered From Device to Host
	| Duration : 17.347424 ms
	| Bandwidth : 136.457584 Gb/s
---------------------------------------------------------------

>> Chunk 240 Started
196608 Packets Was Read From Pcap File
>> 196608 Packets (0.295898 GB) Transfered From Host To Device 
	| Duration : 16.502016 ms
	| Bandwidth : 143.448382 Gb/s
>> RuleGraph Was Processed For 256 Threads Per Block 
>> 196608 Packets (0.192 GB) Processed On GPU 
	| Duration : 1.466656 ms
	| Bandwidth : 1046.705077 Gb/s
>> 196608 Packets (0.295898 GB) Transfered From Device to Host
	| Duration : 17.343231 ms
	| Bandwidth : 136.490569 Gb/s
---------------------------------------------------------------

>> Chunk 241 Started
196608 Packets Was Read From Pcap File
>> 196608 Packets (0.295898 GB) Transfered From Host To Device 
	| Duration : 16.244064 ms
	| Bandwidth : 145.726307 Gb/s
>> RuleGraph Was Processed For 256 Threads Per Block 
>> 196608 Packets (0.192 GB) Processed On GPU 
	| Duration : 1.460160 ms
	| Bandwidth : 1051.361654 Gb/s
>> 196608 Packets (0.295898 GB) Transfered From Device to Host
	| Duration : 17.461887 ms
	| Bandwidth : 135.563095 Gb/s
---------------------------------------------------------------

>> Chunk 242 Started
196608 Packets Was Read From Pcap File
>> 196608 Packets (0.295898 GB) Transfered From Host To Device 
	| Duration : 16.339520 ms
	| Bandwidth : 144.874976 Gb/s
>> RuleGraph Was Processed For 256 Threads Per Block 
>> 196608 Packets (0.192 GB) Processed On GPU 
	| Duration : 1.462208 ms
	| Bandwidth : 1049.889083 Gb/s
>> 196608 Packets (0.295898 GB) Transfered From Device to Host
	| Duration : 17.344576 ms
	| Bandwidth : 136.479988 Gb/s
---------------------------------------------------------------

>> Chunk 243 Started
196608 Packets Was Read From Pcap File
>> 196608 Packets (0.295898 GB) Transfered From Host To Device 
	| Duration : 16.379999 ms
	| Bandwidth : 144.516949 Gb/s
>> RuleGraph Was Processed For 256 Threads Per Block 
>> 196608 Packets (0.192 GB) Processed On GPU 
	| Duration : 1.462016 ms
	| Bandwidth : 1050.026993 Gb/s
>> 196608 Packets (0.295898 GB) Transfered From Device to Host
	| Duration : 17.435743 ms
	| Bandwidth : 135.766365 Gb/s
---------------------------------------------------------------

>> Chunk 244 Started
196608 Packets Was Read From Pcap File
>> 196608 Packets (0.295898 GB) Transfered From Host To Device 
	| Duration : 16.477951 ms
	| Bandwidth : 143.657879 Gb/s
>> RuleGraph Was Processed For 256 Threads Per Block 
>> 196608 Packets (0.192 GB) Processed On GPU 
	| Duration : 1.466784 ms
	| Bandwidth : 1046.613714 Gb/s
>> 196608 Packets (0.295898 GB) Transfered From Device to Host
	| Duration : 17.742592 ms
	| Bandwidth : 133.418360 Gb/s
---------------------------------------------------------------

>> Chunk 245 Started
196608 Packets Was Read From Pcap File
>> 196608 Packets (0.295898 GB) Transfered From Host To Device 
	| Duration : 16.469952 ms
	| Bandwidth : 143.727653 Gb/s
>> RuleGraph Was Processed For 256 Threads Per Block 
>> 196608 Packets (0.192 GB) Processed On GPU 
	| Duration : 1.468096 ms
	| Bandwidth : 1045.678369 Gb/s
>> 196608 Packets (0.295898 GB) Transfered From Device to Host
	| Duration : 17.499872 ms
	| Bandwidth : 135.268845 Gb/s
---------------------------------------------------------------

>> Chunk 246 Started
196608 Packets Was Read From Pcap File
>> 196608 Packets (0.295898 GB) Transfered From Host To Device 
	| Duration : 16.590464 ms
	| Bandwidth : 142.683625 Gb/s
>> RuleGraph Was Processed For 256 Threads Per Block 
>> 196608 Packets (0.192 GB) Processed On GPU 
	| Duration : 1.424992 ms
	| Bandwidth : 1077.308706 Gb/s
>> 196608 Packets (0.295898 GB) Transfered From Device to Host
	| Duration : 17.445601 ms
	| Bandwidth : 135.689654 Gb/s
---------------------------------------------------------------

>> Chunk 247 Started
196608 Packets Was Read From Pcap File
>> 196608 Packets (0.295898 GB) Transfered From Host To Device 
	| Duration : 16.362240 ms
	| Bandwidth : 144.673805 Gb/s
>> RuleGraph Was Processed For 256 Threads Per Block 
>> 196608 Packets (0.192 GB) Processed On GPU 
	| Duration : 1.466528 ms
	| Bandwidth : 1046.796372 Gb/s
>> 196608 Packets (0.295898 GB) Transfered From Device to Host
	| Duration : 17.299007 ms
	| Bandwidth : 136.839499 Gb/s
---------------------------------------------------------------

>> Chunk 248 Started
196608 Packets Was Read From Pcap File
>> 196608 Packets (0.295898 GB) Transfered From Host To Device 
	| Duration : 16.554720 ms
	| Bandwidth : 142.991697 Gb/s
>> RuleGraph Was Processed For 256 Threads Per Block 
>> 196608 Packets (0.192 GB) Processed On GPU 
	| Duration : 1.460992 ms
	| Bandwidth : 1050.762956 Gb/s
>> 196608 Packets (0.295898 GB) Transfered From Device to Host
	| Duration : 17.277632 ms
	| Bandwidth : 137.008795 Gb/s
---------------------------------------------------------------

>> Chunk 249 Started
196608 Packets Was Read From Pcap File
>> 196608 Packets (0.295898 GB) Transfered From Host To Device 
	| Duration : 16.418783 ms
	| Bandwidth : 144.175575 Gb/s
>> RuleGraph Was Processed For 256 Threads Per Block 
>> 196608 Packets (0.192 GB) Processed On GPU 
	| Duration : 1.458336 ms
	| Bandwidth : 1052.676650 Gb/s
>> 196608 Packets (0.295898 GB) Transfered From Device to Host
	| Duration : 17.656321 ms
	| Bandwidth : 134.070261 Gb/s
---------------------------------------------------------------

>> Chunk 250 Started
196608 Packets Was Read From Pcap File
>> 196608 Packets (0.295898 GB) Transfered From Host To Device 
	| Duration : 16.671265 ms
	| Bandwidth : 141.992077 Gb/s
>> RuleGraph Was Processed For 256 Threads Per Block 
>> 196608 Packets (0.192 GB) Processed On GPU 
	| Duration : 1.470208 ms
	| Bandwidth : 1044.176198 Gb/s
>> 196608 Packets (0.295898 GB) Transfered From Device to Host
	| Duration : 17.439808 ms
	| Bandwidth : 135.734723 Gb/s
---------------------------------------------------------------

>> Chunk 251 Started
196608 Packets Was Read From Pcap File
>> 196608 Packets (0.295898 GB) Transfered From Host To Device 
	| Duration : 16.513569 ms
	| Bandwidth : 143.348026 Gb/s
>> RuleGraph Was Processed For 256 Threads Per Block 
>> 196608 Packets (0.192 GB) Processed On GPU 
	| Duration : 1.464000 ms
	| Bandwidth : 1048.604005 Gb/s
>> 196608 Packets (0.295898 GB) Transfered From Device to Host
	| Duration : 17.555424 ms
	| Bandwidth : 134.840807 Gb/s
---------------------------------------------------------------

>> Chunk 252 Started
196608 Packets Was Read From Pcap File
>> 196608 Packets (0.295898 GB) Transfered From Host To Device 
	| Duration : 16.545952 ms
	| Bandwidth : 143.067472 Gb/s
>> RuleGraph Was Processed For 256 Threads Per Block 
>> 196608 Packets (0.192 GB) Processed On GPU 
	| Duration : 1.456224 ms
	| Bandwidth : 1054.203397 Gb/s
>> 196608 Packets (0.295898 GB) Transfered From Device to Host
	| Duration : 17.509727 ms
	| Bandwidth : 135.192709 Gb/s
---------------------------------------------------------------

>> Chunk 253 Started
196608 Packets Was Read From Pcap File
>> 196608 Packets (0.295898 GB) Transfered From Host To Device 
	| Duration : 16.647903 ms
	| Bandwidth : 142.191328 Gb/s
>> RuleGraph Was Processed For 256 Threads Per Block 
>> 196608 Packets (0.192 GB) Processed On GPU 
	| Duration : 1.453120 ms
	| Bandwidth : 1056.455253 Gb/s
>> 196608 Packets (0.295898 GB) Transfered From Device to Host
	| Duration : 17.463488 ms
	| Bandwidth : 135.550673 Gb/s
---------------------------------------------------------------

>> Chunk 254 Started
196608 Packets Was Read From Pcap File
>> 196608 Packets (0.295898 GB) Transfered From Host To Device 
	| Duration : 16.445152 ms
	| Bandwidth : 143.944395 Gb/s
>> RuleGraph Was Processed For 256 Threads Per Block 
>> 196608 Packets (0.192 GB) Processed On GPU 
	| Duration : 1.455712 ms
	| Bandwidth : 1054.574182 Gb/s
>> 196608 Packets (0.295898 GB) Transfered From Device to Host
	| Duration : 17.215809 ms
	| Bandwidth : 137.500800 Gb/s
---------------------------------------------------------------

>> Chunk 255 Started
196608 Packets Was Read From Pcap File
>> 196608 Packets (0.295898 GB) Transfered From Host To Device 
	| Duration : 16.256449 ms
	| Bandwidth : 145.615290 Gb/s
>> RuleGraph Was Processed For 256 Threads Per Block 
>> 196608 Packets (0.192 GB) Processed On GPU 
	| Duration : 1.468608 ms
	| Bandwidth : 1045.313812 Gb/s
>> 196608 Packets (0.295898 GB) Transfered From Device to Host
	| Duration : 17.311872 ms
	| Bandwidth : 136.737808 Gb/s
---------------------------------------------------------------

>> Chunk 256 Started
196608 Packets Was Read From Pcap File
>> 196608 Packets (0.295898 GB) Transfered From Host To Device 
	| Duration : 16.408545 ms
	| Bandwidth : 144.265538 Gb/s
>> RuleGraph Was Processed For 256 Threads Per Block 
>> 196608 Packets (0.192 GB) Processed On GPU 
	| Duration : 1.460416 ms
	| Bandwidth : 1051.177399 Gb/s
>> 196608 Packets (0.295898 GB) Transfered From Device to Host
	| Duration : 17.295073 ms
	| Bandwidth : 136.870631 Gb/s
---------------------------------------------------------------

>> Chunk 257 Started
196608 Packets Was Read From Pcap File
>> 196608 Packets (0.295898 GB) Transfered From Host To Device 
	| Duration : 16.342304 ms
	| Bandwidth : 144.850290 Gb/s
>> RuleGraph Was Processed For 256 Threads Per Block 
>> 196608 Packets (0.192 GB) Processed On GPU 
	| Duration : 1.457920 ms
	| Bandwidth : 1052.977048 Gb/s
>> 196608 Packets (0.295898 GB) Transfered From Device to Host
	| Duration : 17.657057 ms
	| Bandwidth : 134.064670 Gb/s
---------------------------------------------------------------

>> Chunk 258 Started
196608 Packets Was Read From Pcap File
>> 196608 Packets (0.295898 GB) Transfered From Host To Device 
	| Duration : 16.340481 ms
	| Bandwidth : 144.866453 Gb/s
>> RuleGraph Was Processed For 256 Threads Per Block 
>> 196608 Packets (0.192 GB) Processed On GPU 
	| Duration : 1.473568 ms
	| Bandwidth : 1041.795349 Gb/s
>> 196608 Packets (0.295898 GB) Transfered From Device to Host
	| Duration : 17.326689 ms
	| Bandwidth : 136.620882 Gb/s
---------------------------------------------------------------

>> Chunk 259 Started
196608 Packets Was Read From Pcap File
>> 196608 Packets (0.295898 GB) Transfered From Host To Device 
	| Duration : 16.548256 ms
	| Bandwidth : 143.047552 Gb/s
>> RuleGraph Was Processed For 256 Threads Per Block 
>> 196608 Packets (0.192 GB) Processed On GPU 
	| Duration : 1.457856 ms
	| Bandwidth : 1053.023198 Gb/s
>> 196608 Packets (0.295898 GB) Transfered From Device to Host
	| Duration : 17.758240 ms
	| Bandwidth : 133.300796 Gb/s
---------------------------------------------------------------

>> Chunk 260 Started
196608 Packets Was Read From Pcap File
>> 196608 Packets (0.295898 GB) Transfered From Host To Device 
	| Duration : 16.819489 ms
	| Bandwidth : 140.740754 Gb/s
>> RuleGraph Was Processed For 256 Threads Per Block 
>> 196608 Packets (0.192 GB) Processed On GPU 
	| Duration : 1.464992 ms
	| Bandwidth : 1047.893914 Gb/s
>> 196608 Packets (0.295898 GB) Transfered From Device to Host
	| Duration : 17.509439 ms
	| Bandwidth : 135.194933 Gb/s
---------------------------------------------------------------

>> Chunk 261 Started
196608 Packets Was Read From Pcap File
>> 196608 Packets (0.295898 GB) Transfered From Host To Device 
	| Duration : 16.452896 ms
	| Bandwidth : 143.876645 Gb/s
>> RuleGraph Was Processed For 256 Threads Per Block 
>> 196608 Packets (0.192 GB) Processed On GPU 
	| Duration : 1.453408 ms
	| Bandwidth : 1056.245904 Gb/s
>> 196608 Packets (0.295898 GB) Transfered From Device to Host
	| Duration : 17.594080 ms
	| Bandwidth : 134.544546 Gb/s
---------------------------------------------------------------

>> Chunk 262 Started
196608 Packets Was Read From Pcap File
>> 196608 Packets (0.295898 GB) Transfered From Host To Device 
	| Duration : 16.639263 ms
	| Bandwidth : 142.265164 Gb/s
>> RuleGraph Was Processed For 256 Threads Per Block 
>> 196608 Packets (0.192 GB) Processed On GPU 
	| Duration : 1.461600 ms
	| Bandwidth : 1050.325880 Gb/s
>> 196608 Packets (0.295898 GB) Transfered From Device to Host
	| Duration : 17.361376 ms
	| Bandwidth : 136.347921 Gb/s
---------------------------------------------------------------

>> Chunk 263 Started
196608 Packets Was Read From Pcap File
>> 196608 Packets (0.295898 GB) Transfered From Host To Device 
	| Duration : 16.567200 ms
	| Bandwidth : 142.883984 Gb/s
>> RuleGraph Was Processed For 256 Threads Per Block 
>> 196608 Packets (0.192 GB) Processed On GPU 
	| Duration : 1.472384 ms
	| Bandwidth : 1042.633087 Gb/s
>> 196608 Packets (0.295898 GB) Transfered From Device to Host
	| Duration : 17.364256 ms
	| Bandwidth : 136.325306 Gb/s
---------------------------------------------------------------

>> Chunk 264 Started
196608 Packets Was Read From Pcap File
>> 196608 Packets (0.295898 GB) Transfered From Host To Device 
	| Duration : 16.538015 ms
	| Bandwidth : 143.136129 Gb/s
>> RuleGraph Was Processed For 256 Threads Per Block 
>> 196608 Packets (0.192 GB) Processed On GPU 
	| Duration : 1.460000 ms
	| Bandwidth : 1051.476856 Gb/s
>> 196608 Packets (0.295898 GB) Transfered From Device to Host
	| Duration : 17.410015 ms
	| Bandwidth : 135.966999 Gb/s
---------------------------------------------------------------

>> Chunk 265 Started
196608 Packets Was Read From Pcap File
>> 196608 Packets (0.295898 GB) Transfered From Host To Device 
	| Duration : 16.833536 ms
	| Bandwidth : 140.623306 Gb/s
>> RuleGraph Was Processed For 256 Threads Per Block 
>> 196608 Packets (0.192 GB) Processed On GPU 
	| Duration : 1.468128 ms
	| Bandwidth : 1045.655614 Gb/s
>> 196608 Packets (0.295898 GB) Transfered From Device to Host
	| Duration : 17.449600 ms
	| Bandwidth : 135.658552 Gb/s
---------------------------------------------------------------

>> Chunk 266 Started
196608 Packets Was Read From Pcap File
>> 196608 Packets (0.295898 GB) Transfered From Host To Device 
	| Duration : 16.697121 ms
	| Bandwidth : 141.772198 Gb/s
>> RuleGraph Was Processed For 256 Threads Per Block 
>> 196608 Packets (0.192 GB) Processed On GPU 
	| Duration : 1.472000 ms
	| Bandwidth : 1042.905059 Gb/s
>> 196608 Packets (0.295898 GB) Transfered From Device to Host
	| Duration : 17.455393 ms
	| Bandwidth : 135.613533 Gb/s
---------------------------------------------------------------

>> Chunk 267 Started
196608 Packets Was Read From Pcap File
>> 196608 Packets (0.295898 GB) Transfered From Host To Device 
	| Duration : 16.749887 ms
	| Bandwidth : 141.325576 Gb/s
>> RuleGraph Was Processed For 256 Threads Per Block 
>> 196608 Packets (0.192 GB) Processed On GPU 
	| Duration : 1.471392 ms
	| Bandwidth : 1043.335979 Gb/s
>> 196608 Packets (0.295898 GB) Transfered From Device to Host
	| Duration : 17.594336 ms
	| Bandwidth : 134.542591 Gb/s
---------------------------------------------------------------

>> Chunk 268 Started
196608 Packets Was Read From Pcap File
>> 196608 Packets (0.295898 GB) Transfered From Host To Device 
	| Duration : 16.770817 ms
	| Bandwidth : 141.149207 Gb/s
>> RuleGraph Was Processed For 256 Threads Per Block 
>> 196608 Packets (0.192 GB) Processed On GPU 
	| Duration : 1.457664 ms
	| Bandwidth : 1053.161933 Gb/s
>> 196608 Packets (0.295898 GB) Transfered From Device to Host
	| Duration : 17.387360 ms
	| Bandwidth : 136.144162 Gb/s
---------------------------------------------------------------

>> Chunk 269 Started
196608 Packets Was Read From Pcap File
>> 196608 Packets (0.295898 GB) Transfered From Host To Device 
	| Duration : 16.284960 ms
	| Bandwidth : 145.360353 Gb/s
>> RuleGraph Was Processed For 256 Threads Per Block 
>> 196608 Packets (0.192 GB) Processed On GPU 
	| Duration : 1.475264 ms
	| Bandwidth : 1040.597682 Gb/s
>> 196608 Packets (0.295898 GB) Transfered From Device to Host
	| Duration : 17.356192 ms
	| Bandwidth : 136.388647 Gb/s
---------------------------------------------------------------

>> Chunk 270 Started
196608 Packets Was Read From Pcap File
>> 196608 Packets (0.295898 GB) Transfered From Host To Device 
	| Duration : 16.298689 ms
	| Bandwidth : 145.237909 Gb/s
>> RuleGraph Was Processed For 256 Threads Per Block 
>> 196608 Packets (0.192 GB) Processed On GPU 
	| Duration : 1.458592 ms
	| Bandwidth : 1052.491848 Gb/s
>> 196608 Packets (0.295898 GB) Transfered From Device to Host
	| Duration : 17.296768 ms
	| Bandwidth : 136.857214 Gb/s
---------------------------------------------------------------

>> Chunk 271 Started
196608 Packets Was Read From Pcap File
>> 196608 Packets (0.295898 GB) Transfered From Host To Device 
	| Duration : 16.417343 ms
	| Bandwidth : 144.188221 Gb/s
>> RuleGraph Was Processed For 256 Threads Per Block 
>> 196608 Packets (0.192 GB) Processed On GPU 
	| Duration : 1.471296 ms
	| Bandwidth : 1043.404114 Gb/s
>> 196608 Packets (0.295898 GB) Transfered From Device to Host
	| Duration : 17.417408 ms
	| Bandwidth : 135.909287 Gb/s
---------------------------------------------------------------

>> Chunk 272 Started
196608 Packets Was Read From Pcap File
>> 196608 Packets (0.295898 GB) Transfered From Host To Device 
	| Duration : 16.353632 ms
	| Bandwidth : 144.749955 Gb/s
>> RuleGraph Was Processed For 256 Threads Per Block 
>> 196608 Packets (0.192 GB) Processed On GPU 
	| Duration : 1.476704 ms
	| Bandwidth : 1039.582915 Gb/s
>> 196608 Packets (0.295898 GB) Transfered From Device to Host
	| Duration : 17.288351 ms
	| Bandwidth : 136.923845 Gb/s
---------------------------------------------------------------

>> Chunk 273 Started
196608 Packets Was Read From Pcap File
>> 196608 Packets (0.295898 GB) Transfered From Host To Device 
	| Duration : 16.261024 ms
	| Bandwidth : 145.574315 Gb/s
>> RuleGraph Was Processed For 256 Threads Per Block 
>> 196608 Packets (0.192 GB) Processed On GPU 
	| Duration : 1.469152 ms
	| Bandwidth : 1044.926786 Gb/s
>> 196608 Packets (0.295898 GB) Transfered From Device to Host
	| Duration : 17.594624 ms
	| Bandwidth : 134.540389 Gb/s
---------------------------------------------------------------

>> Chunk 274 Started
196608 Packets Was Read From Pcap File
>> 196608 Packets (0.295898 GB) Transfered From Host To Device 
	| Duration : 16.464705 ms
	| Bandwidth : 143.773458 Gb/s
>> RuleGraph Was Processed For 256 Threads Per Block 
>> 196608 Packets (0.192 GB) Processed On GPU 
	| Duration : 1.461568 ms
	| Bandwidth : 1050.348839 Gb/s
>> 196608 Packets (0.295898 GB) Transfered From Device to Host
	| Duration : 17.422367 ms
	| Bandwidth : 135.870602 Gb/s
---------------------------------------------------------------

>> Chunk 275 Started
196608 Packets Was Read From Pcap File
>> 196608 Packets (0.295898 GB) Transfered From Host To Device 
	| Duration : 16.563808 ms
	| Bandwidth : 142.913238 Gb/s
>> RuleGraph Was Processed For 256 Threads Per Block 
>> 196608 Packets (0.192 GB) Processed On GPU 
	| Duration : 1.453728 ms
	| Bandwidth : 1056.013430 Gb/s
>> 196608 Packets (0.295898 GB) Transfered From Device to Host
	| Duration : 17.613825 ms
	| Bandwidth : 134.393723 Gb/s
---------------------------------------------------------------

>> Chunk 276 Started
196608 Packets Was Read From Pcap File
>> 196608 Packets (0.295898 GB) Transfered From Host To Device 
	| Duration : 16.783520 ms
	| Bandwidth : 141.042376 Gb/s
>> RuleGraph Was Processed For 256 Threads Per Block 
>> 196608 Packets (0.192 GB) Processed On GPU 
	| Duration : 1.480096 ms
	| Bandwidth : 1037.200471 Gb/s
>> 196608 Packets (0.295898 GB) Transfered From Device to Host
	| Duration : 17.339487 ms
	| Bandwidth : 136.520042 Gb/s
---------------------------------------------------------------

>> Chunk 277 Started
196608 Packets Was Read From Pcap File
>> 196608 Packets (0.295898 GB) Transfered From Host To Device 
	| Duration : 16.626911 ms
	| Bandwidth : 142.370851 Gb/s
>> RuleGraph Was Processed For 256 Threads Per Block 
>> 196608 Packets (0.192 GB) Processed On GPU 
	| Duration : 1.474912 ms
	| Bandwidth : 1040.845963 Gb/s
>> 196608 Packets (0.295898 GB) Transfered From Device to Host
	| Duration : 17.377056 ms
	| Bandwidth : 136.224887 Gb/s
---------------------------------------------------------------

>> Chunk 278 Started
196608 Packets Was Read From Pcap File
>> 196608 Packets (0.295898 GB) Transfered From Host To Device 
	| Duration : 16.532320 ms
	| Bandwidth : 143.185439 Gb/s
>> RuleGraph Was Processed For 256 Threads Per Block 
>> 196608 Packets (0.192 GB) Processed On GPU 
	| Duration : 1.470880 ms
	| Bandwidth : 1043.699158 Gb/s
>> 196608 Packets (0.295898 GB) Transfered From Device to Host
	| Duration : 17.350431 ms
	| Bandwidth : 136.433927 Gb/s
---------------------------------------------------------------

>> Chunk 279 Started
196608 Packets Was Read From Pcap File
>> 196608 Packets (0.295898 GB) Transfered From Host To Device 
	| Duration : 16.434208 ms
	| Bandwidth : 144.040255 Gb/s
>> RuleGraph Was Processed For 256 Threads Per Block 
>> 196608 Packets (0.192 GB) Processed On GPU 
	| Duration : 1.465920 ms
	| Bandwidth : 1047.230599 Gb/s
>> 196608 Packets (0.295898 GB) Transfered From Device to Host
	| Duration : 17.304705 ms
	| Bandwidth : 136.794447 Gb/s
---------------------------------------------------------------

>> Chunk 280 Started
196608 Packets Was Read From Pcap File
>> 196608 Packets (0.295898 GB) Transfered From Host To Device 
	| Duration : 16.371712 ms
	| Bandwidth : 144.590104 Gb/s
>> RuleGraph Was Processed For 256 Threads Per Block 
>> 196608 Packets (0.192 GB) Processed On GPU 
	| Duration : 1.454848 ms
	| Bandwidth : 1055.200403 Gb/s
>> 196608 Packets (0.295898 GB) Transfered From Device to Host
	| Duration : 17.367424 ms
	| Bandwidth : 136.300438 Gb/s
---------------------------------------------------------------

>> Chunk 281 Started
196608 Packets Was Read From Pcap File
>> 196608 Packets (0.295898 GB) Transfered From Host To Device 
	| Duration : 16.585472 ms
	| Bandwidth : 142.726567 Gb/s
>> RuleGraph Was Processed For 256 Threads Per Block 
>> 196608 Packets (0.192 GB) Processed On GPU 
	| Duration : 1.473120 ms
	| Bandwidth : 1042.112168 Gb/s
>> 196608 Packets (0.295898 GB) Transfered From Device to Host
	| Duration : 17.382879 ms
	| Bandwidth : 136.179252 Gb/s
---------------------------------------------------------------

>> Chunk 282 Started
196608 Packets Was Read From Pcap File
>> 196608 Packets (0.295898 GB) Transfered From Host To Device 
	| Duration : 16.706177 ms
	| Bandwidth : 141.695346 Gb/s
>> RuleGraph Was Processed For 256 Threads Per Block 
>> 196608 Packets (0.192 GB) Processed On GPU 
	| Duration : 1.460832 ms
	| Bandwidth : 1050.878027 Gb/s
>> 196608 Packets (0.295898 GB) Transfered From Device to Host
	| Duration : 17.637568 ms
	| Bandwidth : 134.212810 Gb/s
---------------------------------------------------------------

>> Chunk 283 Started
196608 Packets Was Read From Pcap File
>> 196608 Packets (0.295898 GB) Transfered From Host To Device 
	| Duration : 16.499744 ms
	| Bandwidth : 143.468131 Gb/s
>> RuleGraph Was Processed For 256 Threads Per Block 
>> 196608 Packets (0.192 GB) Processed On GPU 
	| Duration : 1.472256 ms
	| Bandwidth : 1042.723757 Gb/s
>> 196608 Packets (0.295898 GB) Transfered From Device to Host
	| Duration : 17.737951 ms
	| Bandwidth : 133.453264 Gb/s
---------------------------------------------------------------

>> Chunk 284 Started
196608 Packets Was Read From Pcap File
>> 196608 Packets (0.295898 GB) Transfered From Host To Device 
	| Duration : 16.682337 ms
	| Bandwidth : 141.897836 Gb/s
>> RuleGraph Was Processed For 256 Threads Per Block 
>> 196608 Packets (0.192 GB) Processed On GPU 
	| Duration : 1.518464 ms
	| Bandwidth : 1010.992872 Gb/s
>> 196608 Packets (0.295898 GB) Transfered From Device to Host
	| Duration : 17.492449 ms
	| Bandwidth : 135.326250 Gb/s
---------------------------------------------------------------

>> Chunk 285 Started
196608 Packets Was Read From Pcap File
>> 196608 Packets (0.295898 GB) Transfered From Host To Device 
	| Duration : 16.921856 ms
	| Bandwidth : 139.889354 Gb/s
>> RuleGraph Was Processed For 256 Threads Per Block 
>> 196608 Packets (0.192 GB) Processed On GPU 
	| Duration : 1.464992 ms
	| Bandwidth : 1047.893914 Gb/s
>> 196608 Packets (0.295898 GB) Transfered From Device to Host
	| Duration : 17.458143 ms
	| Bandwidth : 135.592169 Gb/s
---------------------------------------------------------------

>> Chunk 286 Started
196608 Packets Was Read From Pcap File
>> 196608 Packets (0.295898 GB) Transfered From Host To Device 
	| Duration : 16.406208 ms
	| Bandwidth : 144.286083 Gb/s
>> RuleGraph Was Processed For 256 Threads Per Block 
>> 196608 Packets (0.192 GB) Processed On GPU 
	| Duration : 1.470368 ms
	| Bandwidth : 1044.062589 Gb/s
>> 196608 Packets (0.295898 GB) Transfered From Device to Host
	| Duration : 17.249632 ms
	| Bandwidth : 137.231189 Gb/s
---------------------------------------------------------------

>> Chunk 287 Started
196608 Packets Was Read From Pcap File
>> 196608 Packets (0.295898 GB) Transfered From Host To Device 
	| Duration : 16.439457 ms
	| Bandwidth : 143.994264 Gb/s
>> RuleGraph Was Processed For 256 Threads Per Block 
>> 196608 Packets (0.192 GB) Processed On GPU 
	| Duration : 1.460768 ms
	| Bandwidth : 1050.924080 Gb/s
>> 196608 Packets (0.295898 GB) Transfered From Device to Host
	| Duration : 17.359104 ms
	| Bandwidth : 136.365764 Gb/s
---------------------------------------------------------------

>> Chunk 288 Started
196608 Packets Was Read From Pcap File
>> 196608 Packets (0.295898 GB) Transfered From Host To Device 
	| Duration : 16.416063 ms
	| Bandwidth : 144.199462 Gb/s
>> RuleGraph Was Processed For 256 Threads Per Block 
>> 196608 Packets (0.192 GB) Processed On GPU 
	| Duration : 1.483232 ms
	| Bandwidth : 1035.007489 Gb/s
>> 196608 Packets (0.295898 GB) Transfered From Device to Host
	| Duration : 17.414305 ms
	| Bandwidth : 135.933506 Gb/s
---------------------------------------------------------------

>> Chunk 289 Started
196608 Packets Was Read From Pcap File
>> 196608 Packets (0.295898 GB) Transfered From Host To Device 
	| Duration : 16.868511 ms
	| Bandwidth : 140.331738 Gb/s
>> RuleGraph Was Processed For 256 Threads Per Block 
>> 196608 Packets (0.192 GB) Processed On GPU 
	| Duration : 1.465184 ms
	| Bandwidth : 1047.756649 Gb/s
>> 196608 Packets (0.295898 GB) Transfered From Device to Host
	| Duration : 17.316832 ms
	| Bandwidth : 136.698650 Gb/s
---------------------------------------------------------------

>> Chunk 290 Started
196608 Packets Was Read From Pcap File
>> 196608 Packets (0.295898 GB) Transfered From Host To Device 
	| Duration : 16.461920 ms
	| Bandwidth : 143.797779 Gb/s
>> RuleGraph Was Processed For 256 Threads Per Block 
>> 196608 Packets (0.192 GB) Processed On GPU 
	| Duration : 1.456864 ms
	| Bandwidth : 1053.740260 Gb/s
>> 196608 Packets (0.295898 GB) Transfered From Device to Host
	| Duration : 17.417120 ms
	| Bandwidth : 135.911534 Gb/s
---------------------------------------------------------------

>> Chunk 291 Started
196608 Packets Was Read From Pcap File
>> 196608 Packets (0.295898 GB) Transfered From Host To Device 
	| Duration : 16.347168 ms
	| Bandwidth : 144.807193 Gb/s
>> RuleGraph Was Processed For 256 Threads Per Block 
>> 196608 Packets (0.192 GB) Processed On GPU 
	| Duration : 1.457248 ms
	| Bandwidth : 1053.462608 Gb/s
>> 196608 Packets (0.295898 GB) Transfered From Device to Host
	| Duration : 17.848415 ms
	| Bandwidth : 132.627320 Gb/s
---------------------------------------------------------------

>> Chunk 292 Started
196608 Packets Was Read From Pcap File
>> 196608 Packets (0.295898 GB) Transfered From Host To Device 
	| Duration : 16.591393 ms
	| Bandwidth : 142.675637 Gb/s
>> RuleGraph Was Processed For 256 Threads Per Block 
>> 196608 Packets (0.192 GB) Processed On GPU 
	| Duration : 1.456928 ms
	| Bandwidth : 1053.693960 Gb/s
>> 196608 Packets (0.295898 GB) Transfered From Device to Host
	| Duration : 17.407265 ms
	| Bandwidth : 135.988482 Gb/s
---------------------------------------------------------------

>> Chunk 293 Started
196608 Packets Was Read From Pcap File
>> 196608 Packets (0.295898 GB) Transfered From Host To Device 
	| Duration : 16.853760 ms
	| Bandwidth : 140.454565 Gb/s
>> RuleGraph Was Processed For 256 Threads Per Block 
>> 196608 Packets (0.192 GB) Processed On GPU 
	| Duration : 1.462496 ms
	| Bandwidth : 1049.682328 Gb/s
>> 196608 Packets (0.295898 GB) Transfered From Device to Host
	| Duration : 17.580193 ms
	| Bandwidth : 134.650829 Gb/s
---------------------------------------------------------------

>> Chunk 294 Started
196608 Packets Was Read From Pcap File
>> 196608 Packets (0.295898 GB) Transfered From Host To Device 
	| Duration : 16.615105 ms
	| Bandwidth : 142.472018 Gb/s
>> RuleGraph Was Processed For 256 Threads Per Block 
>> 196608 Packets (0.192 GB) Processed On GPU 
	| Duration : 1.478304 ms
	| Bandwidth : 1038.457733 Gb/s
>> 196608 Packets (0.295898 GB) Transfered From Device to Host
	| Duration : 17.454912 ms
	| Bandwidth : 135.617268 Gb/s
---------------------------------------------------------------

>> Chunk 295 Started
196608 Packets Was Read From Pcap File
>> 196608 Packets (0.295898 GB) Transfered From Host To Device 
	| Duration : 16.747999 ms
	| Bandwidth : 141.341510 Gb/s
>> RuleGraph Was Processed For 256 Threads Per Block 
>> 196608 Packets (0.192 GB) Processed On GPU 
	| Duration : 1.466464 ms
	| Bandwidth : 1046.842067 Gb/s
>> 196608 Packets (0.295898 GB) Transfered From Device to Host
	| Duration : 17.489759 ms
	| Bandwidth : 135.347059 Gb/s
---------------------------------------------------------------

>> Chunk 296 Started
196608 Packets Was Read From Pcap File
>> 196608 Packets (0.295898 GB) Transfered From Host To Device 
	| Duration : 16.534081 ms
	| Bandwidth : 143.170193 Gb/s
>> RuleGraph Was Processed For 256 Threads Per Block 
>> 196608 Packets (0.192 GB) Processed On GPU 
	| Duration : 1.471776 ms
	| Bandwidth : 1043.063782 Gb/s
>> 196608 Packets (0.295898 GB) Transfered From Device to Host
	| Duration : 17.724384 ms
	| Bandwidth : 133.555415 Gb/s
---------------------------------------------------------------

>> Chunk 297 Started
196608 Packets Was Read From Pcap File
>> 196608 Packets (0.295898 GB) Transfered From Host To Device 
	| Duration : 16.380863 ms
	| Bandwidth : 144.509326 Gb/s
>> RuleGraph Was Processed For 256 Threads Per Block 
>> 196608 Packets (0.192 GB) Processed On GPU 
	| Duration : 1.459552 ms
	| Bandwidth : 1051.799592 Gb/s
>> 196608 Packets (0.295898 GB) Transfered From Device to Host
	| Duration : 17.271521 ms
	| Bandwidth : 137.057272 Gb/s
---------------------------------------------------------------

>> Chunk 298 Started
196608 Packets Was Read From Pcap File
>> 196608 Packets (0.295898 GB) Transfered From Host To Device 
	| Duration : 16.506048 ms
	| Bandwidth : 143.413340 Gb/s
>> RuleGraph Was Processed For 256 Threads Per Block 
>> 196608 Packets (0.192 GB) Processed On GPU 
	| Duration : 1.463648 ms
	| Bandwidth : 1048.856207 Gb/s
>> 196608 Packets (0.295898 GB) Transfered From Device to Host
	| Duration : 17.681761 ms
	| Bandwidth : 133.877363 Gb/s
---------------------------------------------------------------

>> Chunk 299 Started
196608 Packets Was Read From Pcap File
>> 196608 Packets (0.295898 GB) Transfered From Host To Device 
	| Duration : 16.767904 ms
	| Bandwidth : 141.173725 Gb/s
>> RuleGraph Was Processed For 256 Threads Per Block 
>> 196608 Packets (0.192 GB) Processed On GPU 
	| Duration : 1.481760 ms
	| Bandwidth : 1036.035677 Gb/s
>> 196608 Packets (0.295898 GB) Transfered From Device to Host
	| Duration : 17.453920 ms
	| Bandwidth : 135.624974 Gb/s
---------------------------------------------------------------

>> Chunk 300 Started
196608 Packets Was Read From Pcap File
>> 196608 Packets (0.295898 GB) Transfered From Host To Device 
	| Duration : 16.453407 ms
	| Bandwidth : 143.872175 Gb/s
>> RuleGraph Was Processed For 256 Threads Per Block 
>> 196608 Packets (0.192 GB) Processed On GPU 
	| Duration : 1.462336 ms
	| Bandwidth : 1049.797248 Gb/s
>> 196608 Packets (0.295898 GB) Transfered From Device to Host
	| Duration : 17.338816 ms
	| Bandwidth : 136.525328 Gb/s
---------------------------------------------------------------

>> Chunk 301 Started
196608 Packets Was Read From Pcap File
>> 196608 Packets (0.295898 GB) Transfered From Host To Device 
	| Duration : 16.509184 ms
	| Bandwidth : 143.386101 Gb/s
>> RuleGraph Was Processed For 256 Threads Per Block 
>> 196608 Packets (0.192 GB) Processed On GPU 
	| Duration : 1.465280 ms
	| Bandwidth : 1047.687945 Gb/s
>> 196608 Packets (0.295898 GB) Transfered From Device to Host
	| Duration : 17.276672 ms
	| Bandwidth : 137.016403 Gb/s
---------------------------------------------------------------

>> Chunk 302 Started
196608 Packets Was Read From Pcap File
>> 196608 Packets (0.295898 GB) Transfered From Host To Device 
	| Duration : 16.366144 ms
	| Bandwidth : 144.639292 Gb/s
>> RuleGraph Was Processed For 256 Threads Per Block 
>> 196608 Packets (0.192 GB) Processed On GPU 
	| Duration : 1.483296 ms
	| Bandwidth : 1034.962821 Gb/s
>> 196608 Packets (0.295898 GB) Transfered From Device to Host
	| Duration : 17.418848 ms
	| Bandwidth : 135.898051 Gb/s
---------------------------------------------------------------

>> Chunk 303 Started
196608 Packets Was Read From Pcap File
>> 196608 Packets (0.295898 GB) Transfered From Host To Device 
	| Duration : 16.540417 ms
	| Bandwidth : 143.115348 Gb/s
>> RuleGraph Was Processed For 256 Threads Per Block 
>> 196608 Packets (0.192 GB) Processed On GPU 
	| Duration : 1.470624 ms
	| Bandwidth : 1043.880884 Gb/s
>> 196608 Packets (0.295898 GB) Transfered From Device to Host
	| Duration : 17.403168 ms
	| Bandwidth : 136.020496 Gb/s
---------------------------------------------------------------

>> Chunk 304 Started
196608 Packets Was Read From Pcap File
>> 196608 Packets (0.295898 GB) Transfered From Host To Device 
	| Duration : 16.454144 ms
	| Bandwidth : 143.865738 Gb/s
>> RuleGraph Was Processed For 256 Threads Per Block 
>> 196608 Packets (0.192 GB) Processed On GPU 
	| Duration : 1.451520 ms
	| Bandwidth : 1057.619796 Gb/s
>> 196608 Packets (0.295898 GB) Transfered From Device to Host
	| Duration : 17.235905 ms
	| Bandwidth : 137.340484 Gb/s
---------------------------------------------------------------

>> Chunk 305 Started
196608 Packets Was Read From Pcap File
>> 196608 Packets (0.295898 GB) Transfered From Host To Device 
	| Duration : 16.449984 ms
	| Bandwidth : 143.902119 Gb/s
>> RuleGraph Was Processed For 256 Threads Per Block 
>> 196608 Packets (0.192 GB) Processed On GPU 
	| Duration : 1.467520 ms
	| Bandwidth : 1046.088811 Gb/s
>> 196608 Packets (0.295898 GB) Transfered From Device to Host
	| Duration : 17.284832 ms
	| Bandwidth : 136.951722 Gb/s
---------------------------------------------------------------

>> Chunk 306 Started
196608 Packets Was Read From Pcap File
>> 196608 Packets (0.295898 GB) Transfered From Host To Device 
	| Duration : 16.447872 ms
	| Bandwidth : 143.920592 Gb/s
>> RuleGraph Was Processed For 256 Threads Per Block 
>> 196608 Packets (0.192 GB) Processed On GPU 
	| Duration : 1.482400 ms
	| Bandwidth : 1035.588446 Gb/s
>> 196608 Packets (0.295898 GB) Transfered From Device to Host
	| Duration : 17.535872 ms
	| Bandwidth : 134.991152 Gb/s
---------------------------------------------------------------

>> Chunk 307 Started
196608 Packets Was Read From Pcap File
>> 196608 Packets (0.295898 GB) Transfered From Host To Device 
	| Duration : 16.607201 ms
	| Bandwidth : 142.539827 Gb/s
>> RuleGraph Was Processed For 256 Threads Per Block 
>> 196608 Packets (0.192 GB) Processed On GPU 
	| Duration : 1.469920 ms
	| Bandwidth : 1044.380789 Gb/s
>> 196608 Packets (0.295898 GB) Transfered From Device to Host
	| Duration : 17.378241 ms
	| Bandwidth : 136.215602 Gb/s
---------------------------------------------------------------

>> Chunk 308 Started
196608 Packets Was Read From Pcap File
>> 196608 Packets (0.295898 GB) Transfered From Host To Device 
	| Duration : 16.699425 ms
	| Bandwidth : 141.752637 Gb/s
>> RuleGraph Was Processed For 256 Threads Per Block 
>> 196608 Packets (0.192 GB) Processed On GPU 
	| Duration : 1.462848 ms
	| Bandwidth : 1049.429814 Gb/s
>> 196608 Packets (0.295898 GB) Transfered From Device to Host
	| Duration : 17.462528 ms
	| Bandwidth : 135.558120 Gb/s
---------------------------------------------------------------

>> Chunk 309 Started
196608 Packets Was Read From Pcap File
>> 196608 Packets (0.295898 GB) Transfered From Host To Device 
	| Duration : 16.764288 ms
	| Bandwidth : 141.204178 Gb/s
>> RuleGraph Was Processed For 256 Threads Per Block 
>> 196608 Packets (0.192 GB) Processed On GPU 
	| Duration : 1.471552 ms
	| Bandwidth : 1043.222553 Gb/s
>> 196608 Packets (0.295898 GB) Transfered From Device to Host
	| Duration : 17.731359 ms
	| Bandwidth : 133.502877 Gb/s
---------------------------------------------------------------

>> Chunk 310 Started
196608 Packets Was Read From Pcap File
>> 196608 Packets (0.295898 GB) Transfered From Host To Device 
	| Duration : 16.490561 ms
	| Bandwidth : 143.548031 Gb/s
>> RuleGraph Was Processed For 256 Threads Per Block 
>> 196608 Packets (0.192 GB) Processed On GPU 
	| Duration : 1.477728 ms
	| Bandwidth : 1038.862524 Gb/s
>> 196608 Packets (0.295898 GB) Transfered From Device to Host
	| Duration : 17.492767 ms
	| Bandwidth : 135.323786 Gb/s
---------------------------------------------------------------

>> Chunk 311 Started
196608 Packets Was Read From Pcap File
>> 196608 Packets (0.295898 GB) Transfered From Host To Device 
	| Duration : 16.311584 ms
	| Bandwidth : 145.123087 Gb/s
>> RuleGraph Was Processed For 256 Threads Per Block 
>> 196608 Packets (0.192 GB) Processed On GPU 
	| Duration : 1.463424 ms
	| Bandwidth : 1049.016747 Gb/s
>> 196608 Packets (0.295898 GB) Transfered From Device to Host
	| Duration : 17.326368 ms
	| Bandwidth : 136.623409 Gb/s
---------------------------------------------------------------

>> Chunk 312 Started
196608 Packets Was Read From Pcap File
>> 196608 Packets (0.295898 GB) Transfered From Host To Device 
	| Duration : 16.639999 ms
	| Bandwidth : 142.258869 Gb/s
>> RuleGraph Was Processed For 256 Threads Per Block 
>> 196608 Packets (0.192 GB) Processed On GPU 
	| Duration : 1.477280 ms
	| Bandwidth : 1039.177562 Gb/s
>> 196608 Packets (0.295898 GB) Transfered From Device to Host
	| Duration : 17.726561 ms
	| Bandwidth : 133.539018 Gb/s
---------------------------------------------------------------

>> Chunk 313 Started
196608 Packets Was Read From Pcap File
>> 196608 Packets (0.295898 GB) Transfered From Host To Device 
	| Duration : 16.445984 ms
	| Bandwidth : 143.937117 Gb/s
>> RuleGraph Was Processed For 256 Threads Per Block 
>> 196608 Packets (0.192 GB) Processed On GPU 
	| Duration : 1.476672 ms
	| Bandwidth : 1039.605406 Gb/s
>> 196608 Packets (0.295898 GB) Transfered From Device to Host
	| Duration : 17.633951 ms
	| Bandwidth : 134.240334 Gb/s
---------------------------------------------------------------

>> Chunk 314 Started
196608 Packets Was Read From Pcap File
>> 196608 Packets (0.295898 GB) Transfered From Host To Device 
	| Duration : 16.491968 ms
	| Bandwidth : 143.535779 Gb/s
>> RuleGraph Was Processed For 256 Threads Per Block 
>> 196608 Packets (0.192 GB) Processed On GPU 
	| Duration : 1.471584 ms
	| Bandwidth : 1043.199905 Gb/s
>> 196608 Packets (0.295898 GB) Transfered From Device to Host
	| Duration : 17.350977 ms
	| Bandwidth : 136.429638 Gb/s
---------------------------------------------------------------

>> Chunk 315 Started
196608 Packets Was Read From Pcap File
>> 196608 Packets (0.295898 GB) Transfered From Host To Device 
	| Duration : 16.564257 ms
	| Bandwidth : 142.909371 Gb/s
>> RuleGraph Was Processed For 256 Threads Per Block 
>> 196608 Packets (0.192 GB) Processed On GPU 
	| Duration : 1.468576 ms
	| Bandwidth : 1045.336637 Gb/s
>> 196608 Packets (0.295898 GB) Transfered From Device to Host
	| Duration : 17.479809 ms
	| Bandwidth : 135.424107 Gb/s
---------------------------------------------------------------

>> Chunk 316 Started
196608 Packets Was Read From Pcap File
>> 196608 Packets (0.295898 GB) Transfered From Host To Device 
	| Duration : 16.462912 ms
	| Bandwidth : 143.789116 Gb/s
>> RuleGraph Was Processed For 256 Threads Per Block 
>> 196608 Packets (0.192 GB) Processed On GPU 
	| Duration : 1.471264 ms
	| Bandwidth : 1043.426771 Gb/s
>> 196608 Packets (0.295898 GB) Transfered From Device to Host
	| Duration : 17.281441 ms
	| Bandwidth : 136.978597 Gb/s
---------------------------------------------------------------

>> Chunk 317 Started
196608 Packets Was Read From Pcap File
>> 196608 Packets (0.295898 GB) Transfered From Host To Device 
	| Duration : 16.605057 ms
	| Bandwidth : 142.558230 Gb/s
>> RuleGraph Was Processed For 256 Threads Per Block 
>> 196608 Packets (0.192 GB) Processed On GPU 
	| Duration : 1.484480 ms
	| Bandwidth : 1034.137358 Gb/s
>> 196608 Packets (0.295898 GB) Transfered From Device to Host
	| Duration : 17.259905 ms
	| Bandwidth : 137.149510 Gb/s
---------------------------------------------------------------

>> Chunk 318 Started
196608 Packets Was Read From Pcap File
>> 196608 Packets (0.295898 GB) Transfered From Host To Device 
	| Duration : 16.561377 ms
	| Bandwidth : 142.934223 Gb/s
>> RuleGraph Was Processed For 256 Threads Per Block 
>> 196608 Packets (0.192 GB) Processed On GPU 
	| Duration : 1.467264 ms
	| Bandwidth : 1046.271285 Gb/s
>> 196608 Packets (0.295898 GB) Transfered From Device to Host
	| Duration : 17.464960 ms
	| Bandwidth : 135.539245 Gb/s
---------------------------------------------------------------

>> Chunk 319 Started
196608 Packets Was Read From Pcap File
>> 196608 Packets (0.295898 GB) Transfered From Host To Device 
	| Duration : 16.414177 ms
	| Bandwidth : 144.216034 Gb/s
>> RuleGraph Was Processed For 256 Threads Per Block 
>> 196608 Packets (0.192 GB) Processed On GPU 
	| Duration : 1.460960 ms
	| Bandwidth : 1050.785934 Gb/s
>> 196608 Packets (0.295898 GB) Transfered From Device to Host
	| Duration : 17.561312 ms
	| Bandwidth : 134.795597 Gb/s
---------------------------------------------------------------

>> Chunk 320 Started
196608 Packets Was Read From Pcap File
>> 196608 Packets (0.295898 GB) Transfered From Host To Device 
	| Duration : 16.583521 ms
	| Bandwidth : 142.743360 Gb/s
>> RuleGraph Was Processed For 256 Threads Per Block 
>> 196608 Packets (0.192 GB) Processed On GPU 
	| Duration : 1.486816 ms
	| Bandwidth : 1032.512564 Gb/s
>> 196608 Packets (0.295898 GB) Transfered From Device to Host
	| Duration : 17.321665 ms
	| Bandwidth : 136.660507 Gb/s
---------------------------------------------------------------

>> Chunk 321 Started
196608 Packets Was Read From Pcap File
>> 196608 Packets (0.295898 GB) Transfered From Host To Device 
	| Duration : 16.428991 ms
	| Bandwidth : 144.085991 Gb/s
>> RuleGraph Was Processed For 256 Threads Per Block 
>> 196608 Packets (0.192 GB) Processed On GPU 
	| Duration : 1.473728 ms
	| Bandwidth : 1041.682258 Gb/s
>> 196608 Packets (0.295898 GB) Transfered From Device to Host
	| Duration : 17.431456 ms
	| Bandwidth : 135.799761 Gb/s
---------------------------------------------------------------

>> Chunk 322 Started
196608 Packets Was Read From Pcap File
>> 196608 Packets (0.295898 GB) Transfered From Host To Device 
	| Duration : 16.421856 ms
	| Bandwidth : 144.148597 Gb/s
>> RuleGraph Was Processed For 256 Threads Per Block 
>> 196608 Packets (0.192 GB) Processed On GPU 
	| Duration : 1.467776 ms
	| Bandwidth : 1045.906400 Gb/s
>> 196608 Packets (0.295898 GB) Transfered From Device to Host
	| Duration : 17.810080 ms
	| Bandwidth : 132.912798 Gb/s
---------------------------------------------------------------

>> Chunk 323 Started
196608 Packets Was Read From Pcap File
>> 196608 Packets (0.295898 GB) Transfered From Host To Device 
	| Duration : 16.548288 ms
	| Bandwidth : 143.047272 Gb/s
>> RuleGraph Was Processed For 256 Threads Per Block 
>> 196608 Packets (0.192 GB) Processed On GPU 
	| Duration : 1.461664 ms
	| Bandwidth : 1050.279880 Gb/s
>> 196608 Packets (0.295898 GB) Transfered From Device to Host
	| Duration : 17.380672 ms
	| Bandwidth : 136.196543 Gb/s
---------------------------------------------------------------

>> Chunk 324 Started
196608 Packets Was Read From Pcap File
>> 196608 Packets (0.295898 GB) Transfered From Host To Device 
	| Duration : 16.592928 ms
	| Bandwidth : 142.662435 Gb/s
>> RuleGraph Was Processed For 256 Threads Per Block 
>> 196608 Packets (0.192 GB) Processed On GPU 
	| Duration : 1.467776 ms
	| Bandwidth : 1045.906400 Gb/s
>> 196608 Packets (0.295898 GB) Transfered From Device to Host
	| Duration : 17.565952 ms
	| Bandwidth : 134.759987 Gb/s
---------------------------------------------------------------

>> Chunk 325 Started
196608 Packets Was Read From Pcap File
>> 196608 Packets (0.295898 GB) Transfered From Host To Device 
	| Duration : 16.665249 ms
	| Bandwidth : 142.043333 Gb/s
>> RuleGraph Was Processed For 256 Threads Per Block 
>> 196608 Packets (0.192 GB) Processed On GPU 
	| Duration : 1.472736 ms
	| Bandwidth : 1042.383868 Gb/s
>> 196608 Packets (0.295898 GB) Transfered From Device to Host
	| Duration : 17.343201 ms
	| Bandwidth : 136.490809 Gb/s
---------------------------------------------------------------

>> Chunk 326 Started
196608 Packets Was Read From Pcap File
>> 196608 Packets (0.295898 GB) Transfered From Host To Device 
	| Duration : 16.567968 ms
	| Bandwidth : 142.877355 Gb/s
>> RuleGraph Was Processed For 256 Threads Per Block 
>> 196608 Packets (0.192 GB) Processed On GPU 
	| Duration : 1.462688 ms
	| Bandwidth : 1049.544593 Gb/s
>> 196608 Packets (0.295898 GB) Transfered From Device to Host
	| Duration : 17.381920 ms
	| Bandwidth : 136.186769 Gb/s
---------------------------------------------------------------

>> Chunk 327 Started
196608 Packets Was Read From Pcap File
>> 196608 Packets (0.295898 GB) Transfered From Host To Device 
	| Duration : 16.377888 ms
	| Bandwidth : 144.535580 Gb/s
>> RuleGraph Was Processed For 256 Threads Per Block 
>> 196608 Packets (0.192 GB) Processed On GPU 
	| Duration : 1.479776 ms
	| Bandwidth : 1037.424735 Gb/s
>> 196608 Packets (0.295898 GB) Transfered From Device to Host
	| Duration : 17.745184 ms
	| Bandwidth : 133.398871 Gb/s
---------------------------------------------------------------

>> Chunk 328 Started
196608 Packets Was Read From Pcap File
>> 196608 Packets (0.295898 GB) Transfered From Host To Device 
	| Duration : 16.526688 ms
	| Bandwidth : 143.234238 Gb/s
>> RuleGraph Was Processed For 256 Threads Per Block 
>> 196608 Packets (0.192 GB) Processed On GPU 
	| Duration : 1.456736 ms
	| Bandwidth : 1053.832872 Gb/s
>> 196608 Packets (0.295898 GB) Transfered From Device to Host
	| Duration : 17.258080 ms
	| Bandwidth : 137.164016 Gb/s
---------------------------------------------------------------

>> Chunk 329 Started
196608 Packets Was Read From Pcap File
>> 196608 Packets (0.295898 GB) Transfered From Host To Device 
	| Duration : 16.480032 ms
	| Bandwidth : 143.639740 Gb/s
>> RuleGraph Was Processed For 256 Threads Per Block 
>> 196608 Packets (0.192 GB) Processed On GPU 
	| Duration : 1.460800 ms
	| Bandwidth : 1050.901010 Gb/s
>> 196608 Packets (0.295898 GB) Transfered From Device to Host
	| Duration : 17.748192 ms
	| Bandwidth : 133.376263 Gb/s
---------------------------------------------------------------

>> Chunk 330 Started
196608 Packets Was Read From Pcap File
>> 196608 Packets (0.295898 GB) Transfered From Host To Device 
	| Duration : 16.471584 ms
	| Bandwidth : 143.713407 Gb/s
>> RuleGraph Was Processed For 256 Threads Per Block 
>> 196608 Packets (0.192 GB) Processed On GPU 
	| Duration : 1.490240 ms
	| Bandwidth : 1030.140295 Gb/s
>> 196608 Packets (0.295898 GB) Transfered From Device to Host
	| Duration : 17.595360 ms
	| Bandwidth : 134.534760 Gb/s
---------------------------------------------------------------

>> Chunk 331 Started
196608 Packets Was Read From Pcap File
>> 196608 Packets (0.295898 GB) Transfered From Host To Device 
	| Duration : 16.605247 ms
	| Bandwidth : 142.556592 Gb/s
>> RuleGraph Was Processed For 256 Threads Per Block 
>> 196608 Packets (0.192 GB) Processed On GPU 
	| Duration : 1.481088 ms
	| Bandwidth : 1036.505735 Gb/s
>> 196608 Packets (0.295898 GB) Transfered From Device to Host
	| Duration : 17.356640 ms
	| Bandwidth : 136.385125 Gb/s
---------------------------------------------------------------

>> Chunk 332 Started
196608 Packets Was Read From Pcap File
>> 196608 Packets (0.295898 GB) Transfered From Host To Device 
	| Duration : 16.947905 ms
	| Bandwidth : 139.674347 Gb/s
>> RuleGraph Was Processed For 256 Threads Per Block 
>> 196608 Packets (0.192 GB) Processed On GPU 
	| Duration : 1.466624 ms
	| Bandwidth : 1046.727878 Gb/s
>> 196608 Packets (0.295898 GB) Transfered From Device to Host
	| Duration : 17.383455 ms
	| Bandwidth : 136.174740 Gb/s
---------------------------------------------------------------

>> Chunk 333 Started
196608 Packets Was Read From Pcap File
>> 196608 Packets (0.295898 GB) Transfered From Host To Device 
	| Duration : 16.259264 ms
	| Bandwidth : 145.590077 Gb/s
>> RuleGraph Was Processed For 256 Threads Per Block 
>> 196608 Packets (0.192 GB) Processed On GPU 
	| Duration : 1.475680 ms
	| Bandwidth : 1040.304305 Gb/s
>> 196608 Packets (0.295898 GB) Transfered From Device to Host
	| Duration : 17.370464 ms
	| Bandwidth : 136.276582 Gb/s
---------------------------------------------------------------

>> Chunk 334 Started
196608 Packets Was Read From Pcap File
>> 196608 Packets (0.295898 GB) Transfered From Host To Device 
	| Duration : 16.689407 ms
	| Bandwidth : 141.837721 Gb/s
>> RuleGraph Was Processed For 256 Threads Per Block 
>> 196608 Packets (0.192 GB) Processed On GPU 
	| Duration : 1.467552 ms
	| Bandwidth : 1046.066038 Gb/s
>> 196608 Packets (0.295898 GB) Transfered From Device to Host
	| Duration : 17.398657 ms
	| Bandwidth : 136.055761 Gb/s
---------------------------------------------------------------

>> Chunk 335 Started
196608 Packets Was Read From Pcap File
>> 196608 Packets (0.295898 GB) Transfered From Host To Device 
	| Duration : 16.344481 ms
	| Bandwidth : 144.831003 Gb/s
>> RuleGraph Was Processed For 256 Threads Per Block 
>> 196608 Packets (0.192 GB) Processed On GPU 
	| Duration : 1.464448 ms
	| Bandwidth : 1048.283228 Gb/s
>> 196608 Packets (0.295898 GB) Transfered From Device to Host
	| Duration : 17.489344 ms
	| Bandwidth : 135.350277 Gb/s
---------------------------------------------------------------

>> Chunk 336 Started
196608 Packets Was Read From Pcap File
>> 196608 Packets (0.295898 GB) Transfered From Host To Device 
	| Duration : 16.509825 ms
	| Bandwidth : 143.380535 Gb/s
>> RuleGraph Was Processed For 256 Threads Per Block 
>> 196608 Packets (0.192 GB) Processed On GPU 
	| Duration : 1.457088 ms
	| Bandwidth : 1053.578272 Gb/s
>> 196608 Packets (0.295898 GB) Transfered From Device to Host
	| Duration : 17.325056 ms
	| Bandwidth : 136.633757 Gb/s
---------------------------------------------------------------

>> Chunk 337 Started
196608 Packets Was Read From Pcap File
>> 196608 Packets (0.295898 GB) Transfered From Host To Device 
	| Duration : 16.672192 ms
	| Bandwidth : 141.984183 Gb/s
>> RuleGraph Was Processed For 256 Threads Per Block 
>> 196608 Packets (0.192 GB) Processed On GPU 
	| Duration : 1.471488 ms
	| Bandwidth : 1043.267938 Gb/s
>> 196608 Packets (0.295898 GB) Transfered From Device to Host
	| Duration : 17.779264 ms
	| Bandwidth : 133.143163 Gb/s
---------------------------------------------------------------

>> Chunk 338 Started
196608 Packets Was Read From Pcap File
>> 196608 Packets (0.295898 GB) Transfered From Host To Device 
	| Duration : 17.050913 ms
	| Bandwidth : 138.830544 Gb/s
>> RuleGraph Was Processed For 256 Threads Per Block 
>> 196608 Packets (0.192 GB) Processed On GPU 
	| Duration : 1.477504 ms
	| Bandwidth : 1039.020019 Gb/s
>> 196608 Packets (0.295898 GB) Transfered From Device to Host
	| Duration : 17.358015 ms
	| Bandwidth : 136.374320 Gb/s
---------------------------------------------------------------

>> Chunk 339 Started
196608 Packets Was Read From Pcap File
>> 196608 Packets (0.295898 GB) Transfered From Host To Device 
	| Duration : 16.570305 ms
	| Bandwidth : 142.857209 Gb/s
>> RuleGraph Was Processed For 256 Threads Per Block 
>> 196608 Packets (0.192 GB) Processed On GPU 
	| Duration : 1.466240 ms
	| Bandwidth : 1047.001991 Gb/s
>> 196608 Packets (0.295898 GB) Transfered From Device to Host
	| Duration : 17.509216 ms
	| Bandwidth : 135.196656 Gb/s
---------------------------------------------------------------

>> Chunk 340 Started
196608 Packets Was Read From Pcap File
>> 196608 Packets (0.295898 GB) Transfered From Host To Device 
	| Duration : 16.585823 ms
	| Bandwidth : 142.723547 Gb/s
>> RuleGraph Was Processed For 256 Threads Per Block 
>> 196608 Packets (0.192 GB) Processed On GPU 
	| Duration : 1.462432 ms
	| Bandwidth : 1049.728276 Gb/s
>> 196608 Packets (0.295898 GB) Transfered From Device to Host
	| Duration : 17.369633 ms
	| Bandwidth : 136.283106 Gb/s
---------------------------------------------------------------

>> Chunk 341 Started
196608 Packets Was Read From Pcap File
>> 196608 Packets (0.295898 GB) Transfered From Host To Device 
	| Duration : 16.457792 ms
	| Bandwidth : 143.833842 Gb/s
>> RuleGraph Was Processed For 256 Threads Per Block 
>> 196608 Packets (0.192 GB) Processed On GPU 
	| Duration : 1.470304 ms
	| Bandwidth : 1044.108046 Gb/s
>> 196608 Packets (0.295898 GB) Transfered From Device to Host
	| Duration : 17.472351 ms
	| Bandwidth : 135.481910 Gb/s
---------------------------------------------------------------

>> Chunk 342 Started
196608 Packets Was Read From Pcap File
>> 196608 Packets (0.295898 GB) Transfered From Host To Device 
	| Duration : 16.496063 ms
	| Bandwidth : 143.500147 Gb/s
>> RuleGraph Was Processed For 256 Threads Per Block 
>> 196608 Packets (0.192 GB) Processed On GPU 
	| Duration : 1.467040 ms
	| Bandwidth : 1046.431120 Gb/s
>> 196608 Packets (0.295898 GB) Transfered From Device to Host
	| Duration : 17.264160 ms
	| Bandwidth : 137.115706 Gb/s
---------------------------------------------------------------

>> Chunk 343 Started
196608 Packets Was Read From Pcap File
>> 196608 Packets (0.295898 GB) Transfered From Host To Device 
	| Duration : 17.020609 ms
	| Bandwidth : 139.077721 Gb/s
>> RuleGraph Was Processed For 256 Threads Per Block 
>> 196608 Packets (0.192 GB) Processed On GPU 
	| Duration : 1.457280 ms
	| Bandwidth : 1053.439427 Gb/s
>> 196608 Packets (0.295898 GB) Transfered From Device to Host
	| Duration : 17.351904 ms
	| Bandwidth : 136.422349 Gb/s
---------------------------------------------------------------

>> Chunk 344 Started
196608 Packets Was Read From Pcap File
>> 196608 Packets (0.295898 GB) Transfered From Host To Device 
	| Duration : 16.689505 ms
	| Bandwidth : 141.836894 Gb/s
>> RuleGraph Was Processed For 256 Threads Per Block 
>> 196608 Packets (0.192 GB) Processed On GPU 
	| Duration : 1.469664 ms
	| Bandwidth : 1044.562753 Gb/s
>> 196608 Packets (0.295898 GB) Transfered From Device to Host
	| Duration : 17.463104 ms
	| Bandwidth : 135.553649 Gb/s
---------------------------------------------------------------

>> Chunk 345 Started
196608 Packets Was Read From Pcap File
>> 196608 Packets (0.295898 GB) Transfered From Host To Device 
	| Duration : 17.322752 ms
	| Bandwidth : 136.651930 Gb/s
>> RuleGraph Was Processed For 256 Threads Per Block 
>> 196608 Packets (0.192 GB) Processed On GPU 
	| Duration : 1.456064 ms
	| Bandwidth : 1054.319223 Gb/s
>> 196608 Packets (0.295898 GB) Transfered From Device to Host
	| Duration : 17.622944 ms
	| Bandwidth : 134.324181 Gb/s
---------------------------------------------------------------

>> Chunk 346 Started
196608 Packets Was Read From Pcap File
>> 196608 Packets (0.295898 GB) Transfered From Host To Device 
	| Duration : 16.729664 ms
	| Bandwidth : 141.496417 Gb/s
>> RuleGraph Was Processed For 256 Threads Per Block 
>> 196608 Packets (0.192 GB) Processed On GPU 
	| Duration : 1.467424 ms
	| Bandwidth : 1046.157221 Gb/s
>> 196608 Packets (0.295898 GB) Transfered From Device to Host
	| Duration : 17.467680 ms
	| Bandwidth : 135.518140 Gb/s
---------------------------------------------------------------

>> Chunk 347 Started
196608 Packets Was Read From Pcap File
>> 196608 Packets (0.295898 GB) Transfered From Host To Device 
	| Duration : 16.717793 ms
	| Bandwidth : 141.596894 Gb/s
>> RuleGraph Was Processed For 256 Threads Per Block 
>> 196608 Packets (0.192 GB) Processed On GPU 
	| Duration : 1.477440 ms
	| Bandwidth : 1039.065038 Gb/s
>> 196608 Packets (0.295898 GB) Transfered From Device to Host
	| Duration : 17.387552 ms
	| Bandwidth : 136.142653 Gb/s
---------------------------------------------------------------

>> Chunk 348 Started
196608 Packets Was Read From Pcap File
>> 196608 Packets (0.295898 GB) Transfered From Host To Device 
	| Duration : 16.343840 ms
	| Bandwidth : 144.836682 Gb/s
>> RuleGraph Was Processed For 256 Threads Per Block 
>> 196608 Packets (0.192 GB) Processed On GPU 
	| Duration : 1.478592 ms
	| Bandwidth : 1038.255455 Gb/s
>> 196608 Packets (0.295898 GB) Transfered From Device to Host
	| Duration : 17.401760 ms
	| Bandwidth : 136.031498 Gb/s
---------------------------------------------------------------

>> Chunk 349 Started
196608 Packets Was Read From Pcap File
>> 196608 Packets (0.295898 GB) Transfered From Host To Device 
	| Duration : 16.379808 ms
	| Bandwidth : 144.518632 Gb/s
>> RuleGraph Was Processed For 256 Threads Per Block 
>> 196608 Packets (0.192 GB) Processed On GPU 
	| Duration : 1.469440 ms
	| Bandwidth : 1044.721981 Gb/s
>> 196608 Packets (0.295898 GB) Transfered From Device to Host
	| Duration : 17.386944 ms
	| Bandwidth : 136.147418 Gb/s
---------------------------------------------------------------

>> Chunk 350 Started
196608 Packets Was Read From Pcap File
>> 196608 Packets (0.295898 GB) Transfered From Host To Device 
	| Duration : 16.307648 ms
	| Bandwidth : 145.158121 Gb/s
>> RuleGraph Was Processed For 256 Threads Per Block 
>> 196608 Packets (0.192 GB) Processed On GPU 
	| Duration : 1.461792 ms
	| Bandwidth : 1050.187891 Gb/s
>> 196608 Packets (0.295898 GB) Transfered From Device to Host
	| Duration : 17.585695 ms
	| Bandwidth : 134.608696 Gb/s
---------------------------------------------------------------

>> Chunk 351 Started
196608 Packets Was Read From Pcap File
>> 196608 Packets (0.295898 GB) Transfered From Host To Device 
	| Duration : 16.285152 ms
	| Bandwidth : 145.358633 Gb/s
>> RuleGraph Was Processed For 256 Threads Per Block 
>> 196608 Packets (0.192 GB) Processed On GPU 
	| Duration : 1.466624 ms
	| Bandwidth : 1046.727878 Gb/s
>> 196608 Packets (0.295898 GB) Transfered From Device to Host
	| Duration : 17.515488 ms
	| Bandwidth : 135.148250 Gb/s
---------------------------------------------------------------

>> Chunk 352 Started
196608 Packets Was Read From Pcap File
>> 196608 Packets (0.295898 GB) Transfered From Host To Device 
	| Duration : 16.432640 ms
	| Bandwidth : 144.053998 Gb/s
>> RuleGraph Was Processed For 256 Threads Per Block 
>> 196608 Packets (0.192 GB) Processed On GPU 
	| Duration : 1.459200 ms
	| Bandwidth : 1052.053333 Gb/s
>> 196608 Packets (0.295898 GB) Transfered From Device to Host
	| Duration : 17.479521 ms
	| Bandwidth : 135.426338 Gb/s
---------------------------------------------------------------

>> Chunk 353 Started
196608 Packets Was Read From Pcap File
>> 196608 Packets (0.295898 GB) Transfered From Host To Device 
	| Duration : 16.412704 ms
	| Bandwidth : 144.228972 Gb/s
>> RuleGraph Was Processed For 256 Threads Per Block 
>> 196608 Packets (0.192 GB) Processed On GPU 
	| Duration : 1.483456 ms
	| Bandwidth : 1034.851208 Gb/s
>> 196608 Packets (0.295898 GB) Transfered From Device to Host
	| Duration : 17.704384 ms
	| Bandwidth : 133.706291 Gb/s
---------------------------------------------------------------

>> Chunk 354 Started
196608 Packets Was Read From Pcap File
>> 196608 Packets (0.295898 GB) Transfered From Host To Device 
	| Duration : 16.566273 ms
	| Bandwidth : 142.891979 Gb/s
>> RuleGraph Was Processed For 256 Threads Per Block 
>> 196608 Packets (0.192 GB) Processed On GPU 
	| Duration : 1.461184 ms
	| Bandwidth : 1050.624852 Gb/s
>> 196608 Packets (0.295898 GB) Transfered From Device to Host
	| Duration : 17.365376 ms
	| Bandwidth : 136.316517 Gb/s
---------------------------------------------------------------

>> Chunk 355 Started
196608 Packets Was Read From Pcap File
>> 196608 Packets (0.295898 GB) Transfered From Host To Device 
	| Duration : 16.628576 ms
	| Bandwidth : 142.356595 Gb/s
>> RuleGraph Was Processed For 256 Threads Per Block 
>> 196608 Packets (0.192 GB) Processed On GPU 
	| Duration : 1.481952 ms
	| Bandwidth : 1035.901500 Gb/s
>> 196608 Packets (0.295898 GB) Transfered From Device to Host
	| Duration : 17.466433 ms
	| Bandwidth : 135.527818 Gb/s
---------------------------------------------------------------

>> Chunk 356 Started
196608 Packets Was Read From Pcap File
>> 196608 Packets (0.295898 GB) Transfered From Host To Device 
	| Duration : 16.340448 ms
	| Bandwidth : 144.866741 Gb/s
>> RuleGraph Was Processed For 256 Threads Per Block 
>> 196608 Packets (0.192 GB) Processed On GPU 
	| Duration : 1.466304 ms
	| Bandwidth : 1046.956366 Gb/s
>> 196608 Packets (0.295898 GB) Transfered From Device to Host
	| Duration : 17.399263 ms
	| Bandwidth : 136.051018 Gb/s
---------------------------------------------------------------

>> Chunk 357 Started
196608 Packets Was Read From Pcap File
>> 196608 Packets (0.295898 GB) Transfered From Host To Device 
	| Duration : 16.403296 ms
	| Bandwidth : 144.311702 Gb/s
>> RuleGraph Was Processed For 256 Threads Per Block 
>> 196608 Packets (0.192 GB) Processed On GPU 
	| Duration : 1.472192 ms
	| Bandwidth : 1042.769013 Gb/s
>> 196608 Packets (0.295898 GB) Transfered From Device to Host
	| Duration : 17.316223 ms
	| Bandwidth : 136.703453 Gb/s
---------------------------------------------------------------

>> Chunk 358 Started
196608 Packets Was Read From Pcap File
>> 196608 Packets (0.295898 GB) Transfered From Host To Device 
	| Duration : 16.260384 ms
	| Bandwidth : 145.580053 Gb/s
>> RuleGraph Was Processed For 256 Threads Per Block 
>> 196608 Packets (0.192 GB) Processed On GPU 
	| Duration : 1.461824 ms
	| Bandwidth : 1050.164854 Gb/s
>> 196608 Packets (0.295898 GB) Transfered From Device to Host
	| Duration : 17.598305 ms
	| Bandwidth : 134.512246 Gb/s
---------------------------------------------------------------

>> Chunk 359 Started
196608 Packets Was Read From Pcap File
>> 196608 Packets (0.295898 GB) Transfered From Host To Device 
	| Duration : 16.610945 ms
	| Bandwidth : 142.507698 Gb/s
>> RuleGraph Was Processed For 256 Threads Per Block 
>> 196608 Packets (0.192 GB) Processed On GPU 
	| Duration : 1.460576 ms
	| Bandwidth : 1051.062177 Gb/s
>> 196608 Packets (0.295898 GB) Transfered From Device to Host
	| Duration : 17.241983 ms
	| Bandwidth : 137.292065 Gb/s
---------------------------------------------------------------

>> Chunk 360 Started
196608 Packets Was Read From Pcap File
>> 196608 Packets (0.295898 GB) Transfered From Host To Device 
	| Duration : 16.422720 ms
	| Bandwidth : 144.141014 Gb/s
>> RuleGraph Was Processed For 256 Threads Per Block 
>> 196608 Packets (0.192 GB) Processed On GPU 
	| Duration : 1.466464 ms
	| Bandwidth : 1046.842067 Gb/s
>> 196608 Packets (0.295898 GB) Transfered From Device to Host
	| Duration : 17.915840 ms
	| Bandwidth : 132.128188 Gb/s
---------------------------------------------------------------

>> Chunk 361 Started
196608 Packets Was Read From Pcap File
>> 196608 Packets (0.295898 GB) Transfered From Host To Device 
	| Duration : 16.354912 ms
	| Bandwidth : 144.738628 Gb/s
>> RuleGraph Was Processed For 256 Threads Per Block 
>> 196608 Packets (0.192 GB) Processed On GPU 
	| Duration : 1.462912 ms
	| Bandwidth : 1049.383892 Gb/s
>> 196608 Packets (0.295898 GB) Transfered From Device to Host
	| Duration : 17.725183 ms
	| Bandwidth : 133.549393 Gb/s
---------------------------------------------------------------

>> Chunk 362 Started
196608 Packets Was Read From Pcap File
>> 196608 Packets (0.295898 GB) Transfered From Host To Device 
	| Duration : 16.607424 ms
	| Bandwidth : 142.537911 Gb/s
>> RuleGraph Was Processed For 256 Threads Per Block 
>> 196608 Packets (0.192 GB) Processed On GPU 
	| Duration : 1.463200 ms
	| Bandwidth : 1049.177336 Gb/s
>> 196608 Packets (0.295898 GB) Transfered From Device to Host
	| Duration : 17.441568 ms
	| Bandwidth : 135.721023 Gb/s
---------------------------------------------------------------

>> Chunk 363 Started
196608 Packets Was Read From Pcap File
>> 196608 Packets (0.295898 GB) Transfered From Host To Device 
	| Duration : 16.514849 ms
	| Bandwidth : 143.336917 Gb/s
>> RuleGraph Was Processed For 256 Threads Per Block 
>> 196608 Packets (0.192 GB) Processed On GPU 
	| Duration : 1.462848 ms
	| Bandwidth : 1049.429814 Gb/s
>> 196608 Packets (0.295898 GB) Transfered From Device to Host
	| Duration : 17.646208 ms
	| Bandwidth : 134.147094 Gb/s
---------------------------------------------------------------

>> Chunk 364 Started
196608 Packets Was Read From Pcap File
>> 196608 Packets (0.295898 GB) Transfered From Host To Device 
	| Duration : 16.371872 ms
	| Bandwidth : 144.588689 Gb/s
>> RuleGraph Was Processed For 256 Threads Per Block 
>> 196608 Packets (0.192 GB) Processed On GPU 
	| Duration : 1.462560 ms
	| Bandwidth : 1049.636384 Gb/s
>> 196608 Packets (0.295898 GB) Transfered From Device to Host
	| Duration : 17.289312 ms
	| Bandwidth : 136.916232 Gb/s
---------------------------------------------------------------

>> Chunk 365 Started
196608 Packets Was Read From Pcap File
>> 196608 Packets (0.295898 GB) Transfered From Host To Device 
	| Duration : 16.488224 ms
	| Bandwidth : 143.568373 Gb/s
>> RuleGraph Was Processed For 256 Threads Per Block 
>> 196608 Packets (0.192 GB) Processed On GPU 
	| Duration : 1.460672 ms
	| Bandwidth : 1050.993124 Gb/s
>> 196608 Packets (0.295898 GB) Transfered From Device to Host
	| Duration : 17.394112 ms
	| Bandwidth : 136.091314 Gb/s
---------------------------------------------------------------

>> Chunk 366 Started
196608 Packets Was Read From Pcap File
>> 196608 Packets (0.295898 GB) Transfered From Host To Device 
	| Duration : 16.481504 ms
	| Bandwidth : 143.626907 Gb/s
>> RuleGraph Was Processed For 256 Threads Per Block 
>> 196608 Packets (0.192 GB) Processed On GPU 
	| Duration : 1.459776 ms
	| Bandwidth : 1051.638199 Gb/s
>> 196608 Packets (0.295898 GB) Transfered From Device to Host
	| Duration : 17.491648 ms
	| Bandwidth : 135.332448 Gb/s
---------------------------------------------------------------

>> Chunk 367 Started
196608 Packets Was Read From Pcap File
>> 196608 Packets (0.295898 GB) Transfered From Host To Device 
	| Duration : 16.512993 ms
	| Bandwidth : 143.353026 Gb/s
>> RuleGraph Was Processed For 256 Threads Per Block 
>> 196608 Packets (0.192 GB) Processed On GPU 
	| Duration : 1.467168 ms
	| Bandwidth : 1046.339804 Gb/s
>> 196608 Packets (0.295898 GB) Transfered From Device to Host
	| Duration : 17.325697 ms
	| Bandwidth : 136.628703 Gb/s
---------------------------------------------------------------

>> Chunk 368 Started
196608 Packets Was Read From Pcap File
>> 196608 Packets (0.295898 GB) Transfered From Host To Device 
	| Duration : 16.480192 ms
	| Bandwidth : 143.638343 Gb/s
>> RuleGraph Was Processed For 256 Threads Per Block 
>> 196608 Packets (0.192 GB) Processed On GPU 
	| Duration : 1.469664 ms
	| Bandwidth : 1044.562753 Gb/s
>> 196608 Packets (0.295898 GB) Transfered From Device to Host
	| Duration : 17.576481 ms
	| Bandwidth : 134.679264 Gb/s
---------------------------------------------------------------

>> Chunk 369 Started
196608 Packets Was Read From Pcap File
>> 196608 Packets (0.295898 GB) Transfered From Host To Device 
	| Duration : 16.516895 ms
	| Bandwidth : 143.319156 Gb/s
>> RuleGraph Was Processed For 256 Threads Per Block 
>> 196608 Packets (0.192 GB) Processed On GPU 
	| Duration : 1.469312 ms
	| Bandwidth : 1044.813014 Gb/s
>> 196608 Packets (0.295898 GB) Transfered From Device to Host
	| Duration : 17.733280 ms
	| Bandwidth : 133.488417 Gb/s
---------------------------------------------------------------

>> Chunk 370 Started
196608 Packets Was Read From Pcap File
>> 196608 Packets (0.295898 GB) Transfered From Host To Device 
	| Duration : 16.505600 ms
	| Bandwidth : 143.417234 Gb/s
>> RuleGraph Was Processed For 256 Threads Per Block 
>> 196608 Packets (0.192 GB) Processed On GPU 
	| Duration : 1.483136 ms
	| Bandwidth : 1035.074457 Gb/s
>> 196608 Packets (0.295898 GB) Transfered From Device to Host
	| Duration : 17.526720 ms
	| Bandwidth : 135.061637 Gb/s
---------------------------------------------------------------

>> Chunk 371 Started
196608 Packets Was Read From Pcap File
>> 196608 Packets (0.295898 GB) Transfered From Host To Device 
	| Duration : 16.518496 ms
	| Bandwidth : 143.305272 Gb/s
>> RuleGraph Was Processed For 256 Threads Per Block 
>> 196608 Packets (0.192 GB) Processed On GPU 
	| Duration : 1.467936 ms
	| Bandwidth : 1045.792330 Gb/s
>> 196608 Packets (0.295898 GB) Transfered From Device to Host
	| Duration : 17.710337 ms
	| Bandwidth : 133.661349 Gb/s
---------------------------------------------------------------

>> Chunk 372 Started
196608 Packets Was Read From Pcap File
>> 196608 Packets (0.295898 GB) Transfered From Host To Device 
	| Duration : 16.595137 ms
	| Bandwidth : 142.643447 Gb/s
>> RuleGraph Was Processed For 256 Threads Per Block 
>> 196608 Packets (0.192 GB) Processed On GPU 
	| Duration : 1.478592 ms
	| Bandwidth : 1038.255455 Gb/s
>> 196608 Packets (0.295898 GB) Transfered From Device to Host
	| Duration : 17.473280 ms
	| Bandwidth : 135.474708 Gb/s
---------------------------------------------------------------

>> Chunk 373 Started
196608 Packets Was Read From Pcap File
>> 196608 Packets (0.295898 GB) Transfered From Host To Device 
	| Duration : 16.748863 ms
	| Bandwidth : 141.334219 Gb/s
>> RuleGraph Was Processed For 256 Threads Per Block 
>> 196608 Packets (0.192 GB) Processed On GPU 
	| Duration : 1.481216 ms
	| Bandwidth : 1036.416227 Gb/s
>> 196608 Packets (0.295898 GB) Transfered From Device to Host
	| Duration : 17.469025 ms
	| Bandwidth : 135.507708 Gb/s
---------------------------------------------------------------

>> Chunk 374 Started
196608 Packets Was Read From Pcap File
>> 196608 Packets (0.295898 GB) Transfered From Host To Device 
	| Duration : 16.836224 ms
	| Bandwidth : 140.600859 Gb/s
>> RuleGraph Was Processed For 256 Threads Per Block 
>> 196608 Packets (0.192 GB) Processed On GPU 
	| Duration : 1.452800 ms
	| Bandwidth : 1056.687922 Gb/s
>> 196608 Packets (0.295898 GB) Transfered From Device to Host
	| Duration : 17.601568 ms
	| Bandwidth : 134.487306 Gb/s
---------------------------------------------------------------

>> Chunk 375 Started
196608 Packets Was Read From Pcap File
>> 196608 Packets (0.295898 GB) Transfered From Host To Device 
	| Duration : 16.449375 ms
	| Bandwidth : 143.907442 Gb/s
>> RuleGraph Was Processed For 256 Threads Per Block 
>> 196608 Packets (0.192 GB) Processed On GPU 
	| Duration : 1.457056 ms
	| Bandwidth : 1053.601373 Gb/s
>> 196608 Packets (0.295898 GB) Transfered From Device to Host
	| Duration : 17.401407 ms
	| Bandwidth : 136.034257 Gb/s
---------------------------------------------------------------

>> Chunk 376 Started
196608 Packets Was Read From Pcap File
>> 196608 Packets (0.295898 GB) Transfered From Host To Device 
	| Duration : 16.811647 ms
	| Bandwidth : 140.806397 Gb/s
>> RuleGraph Was Processed For 256 Threads Per Block 
>> 196608 Packets (0.192 GB) Processed On GPU 
	| Duration : 1.469472 ms
	| Bandwidth : 1044.699182 Gb/s
>> 196608 Packets (0.295898 GB) Transfered From Device to Host
	| Duration : 17.782272 ms
	| Bandwidth : 133.120641 Gb/s
---------------------------------------------------------------

>> Chunk 377 Started
196608 Packets Was Read From Pcap File
>> 196608 Packets (0.295898 GB) Transfered From Host To Device 
	| Duration : 16.968256 ms
	| Bandwidth : 139.506824 Gb/s
>> RuleGraph Was Processed For 256 Threads Per Block 
>> 196608 Packets (0.192 GB) Processed On GPU 
	| Duration : 1.461408 ms
	| Bandwidth : 1050.463820 Gb/s
>> 196608 Packets (0.295898 GB) Transfered From Device to Host
	| Duration : 17.348480 ms
	| Bandwidth : 136.449272 Gb/s
---------------------------------------------------------------

>> Chunk 378 Started
196608 Packets Was Read From Pcap File
>> 196608 Packets (0.295898 GB) Transfered From Host To Device 
	| Duration : 16.469280 ms
	| Bandwidth : 143.733513 Gb/s
>> RuleGraph Was Processed For 256 Threads Per Block 
>> 196608 Packets (0.192 GB) Processed On GPU 
	| Duration : 1.461056 ms
	| Bandwidth : 1050.716917 Gb/s
>> 196608 Packets (0.295898 GB) Transfered From Device to Host
	| Duration : 17.314337 ms
	| Bandwidth : 136.718347 Gb/s
---------------------------------------------------------------

>> Chunk 379 Started
196608 Packets Was Read From Pcap File
>> 196608 Packets (0.295898 GB) Transfered From Host To Device 
	| Duration : 16.347168 ms
	| Bandwidth : 144.807193 Gb/s
>> RuleGraph Was Processed For 256 Threads Per Block 
>> 196608 Packets (0.192 GB) Processed On GPU 
	| Duration : 1.475104 ms
	| Bandwidth : 1040.710537 Gb/s
>> 196608 Packets (0.295898 GB) Transfered From Device to Host
	| Duration : 17.244064 ms
	| Bandwidth : 137.275497 Gb/s
---------------------------------------------------------------

>> Chunk 380 Started
196608 Packets Was Read From Pcap File
>> 196608 Packets (0.295898 GB) Transfered From Host To Device 
	| Duration : 16.582624 ms
	| Bandwidth : 142.751077 Gb/s
>> RuleGraph Was Processed For 256 Threads Per Block 
>> 196608 Packets (0.192 GB) Processed On GPU 
	| Duration : 1.457888 ms
	| Bandwidth : 1053.000122 Gb/s
>> 196608 Packets (0.295898 GB) Transfered From Device to Host
	| Duration : 17.358433 ms
	| Bandwidth : 136.371038 Gb/s
---------------------------------------------------------------

>> Chunk 381 Started
196608 Packets Was Read From Pcap File
>> 196608 Packets (0.295898 GB) Transfered From Host To Device 
	| Duration : 16.360064 ms
	| Bandwidth : 144.693050 Gb/s
>> RuleGraph Was Processed For 256 Threads Per Block 
>> 196608 Packets (0.192 GB) Processed On GPU 
	| Duration : 1.486336 ms
	| Bandwidth : 1032.846044 Gb/s
>> 196608 Packets (0.295898 GB) Transfered From Device to Host
	| Duration : 17.464319 ms
	| Bandwidth : 135.544218 Gb/s
---------------------------------------------------------------

>> Chunk 382 Started
196608 Packets Was Read From Pcap File
>> 196608 Packets (0.295898 GB) Transfered From Host To Device 
	| Duration : 16.397312 ms
	| Bandwidth : 144.364361 Gb/s
>> RuleGraph Was Processed For 256 Threads Per Block 
>> 196608 Packets (0.192 GB) Processed On GPU 
	| Duration : 1.468704 ms
	| Bandwidth : 1045.245513 Gb/s
>> 196608 Packets (0.295898 GB) Transfered From Device to Host
	| Duration : 17.392511 ms
	| Bandwidth : 136.103835 Gb/s
---------------------------------------------------------------

>> Chunk 383 Started
196608 Packets Was Read From Pcap File
>> 196608 Packets (0.295898 GB) Transfered From Host To Device 
	| Duration : 16.234560 ms
	| Bandwidth : 145.811620 Gb/s
>> RuleGraph Was Processed For 256 Threads Per Block 
>> 196608 Packets (0.192 GB) Processed On GPU 
	| Duration : 1.471680 ms
	| Bandwidth : 1043.131797 Gb/s
>> 196608 Packets (0.295898 GB) Transfered From Device to Host
	| Duration : 17.349056 ms
	| Bandwidth : 136.444742 Gb/s
---------------------------------------------------------------

>> Chunk 384 Started
196608 Packets Was Read From Pcap File
>> 196608 Packets (0.295898 GB) Transfered From Host To Device 
	| Duration : 16.447647 ms
	| Bandwidth : 143.922561 Gb/s
>> RuleGraph Was Processed For 256 Threads Per Block 
>> 196608 Packets (0.192 GB) Processed On GPU 
	| Duration : 1.467712 ms
	| Bandwidth : 1045.951933 Gb/s
>> 196608 Packets (0.295898 GB) Transfered From Device to Host
	| Duration : 17.728895 ms
	| Bandwidth : 133.521434 Gb/s
---------------------------------------------------------------

>> Chunk 385 Started
196608 Packets Was Read From Pcap File
>> 196608 Packets (0.295898 GB) Transfered From Host To Device 
	| Duration : 16.510719 ms
	| Bandwidth : 143.372766 Gb/s
>> RuleGraph Was Processed For 256 Threads Per Block 
>> 196608 Packets (0.192 GB) Processed On GPU 
	| Duration : 1.459936 ms
	| Bandwidth : 1051.522961 Gb/s
>> 196608 Packets (0.295898 GB) Transfered From Device to Host
	| Duration : 17.332064 ms
	| Bandwidth : 136.578514 Gb/s
---------------------------------------------------------------

>> Chunk 386 Started
196608 Packets Was Read From Pcap File
>> 196608 Packets (0.295898 GB) Transfered From Host To Device 
	| Duration : 16.628864 ms
	| Bandwidth : 142.354129 Gb/s
>> RuleGraph Was Processed For 256 Threads Per Block 
>> 196608 Packets (0.192 GB) Processed On GPU 
	| Duration : 1.470560 ms
	| Bandwidth : 1043.926326 Gb/s
>> 196608 Packets (0.295898 GB) Transfered From Device to Host
	| Duration : 17.467169 ms
	| Bandwidth : 135.522106 Gb/s
---------------------------------------------------------------

>> Chunk 387 Started
196608 Packets Was Read From Pcap File
>> 196608 Packets (0.295898 GB) Transfered From Host To Device 
	| Duration : 16.541952 ms
	| Bandwidth : 143.102064 Gb/s
>> RuleGraph Was Processed For 256 Threads Per Block 
>> 196608 Packets (0.192 GB) Processed On GPU 
	| Duration : 1.469248 ms
	| Bandwidth : 1044.858452 Gb/s
>> 196608 Packets (0.295898 GB) Transfered From Device to Host
	| Duration : 17.364033 ms
	| Bandwidth : 136.327058 Gb/s
---------------------------------------------------------------

>> Chunk 388 Started
196608 Packets Was Read From Pcap File
>> 196608 Packets (0.295898 GB) Transfered From Host To Device 
	| Duration : 16.359232 ms
	| Bandwidth : 144.700406 Gb/s
>> RuleGraph Was Processed For 256 Threads Per Block 
>> 196608 Packets (0.192 GB) Processed On GPU 
	| Duration : 1.467136 ms
	| Bandwidth : 1046.362589 Gb/s
>> 196608 Packets (0.295898 GB) Transfered From Device to Host
	| Duration : 17.513985 ms
	| Bandwidth : 135.159848 Gb/s
---------------------------------------------------------------

>> Chunk 389 Started
196608 Packets Was Read From Pcap File
>> 196608 Packets (0.295898 GB) Transfered From Host To Device 
	| Duration : 16.378208 ms
	| Bandwidth : 144.532752 Gb/s
>> RuleGraph Was Processed For 256 Threads Per Block 
>> 196608 Packets (0.192 GB) Processed On GPU 
	| Duration : 1.476544 ms
	| Bandwidth : 1039.695550 Gb/s
>> 196608 Packets (0.295898 GB) Transfered From Device to Host
	| Duration : 17.609217 ms
	| Bandwidth : 134.428893 Gb/s
---------------------------------------------------------------

>> Chunk 390 Started
196608 Packets Was Read From Pcap File
>> 196608 Packets (0.295898 GB) Transfered From Host To Device 
	| Duration : 16.423361 ms
	| Bandwidth : 144.135389 Gb/s
>> RuleGraph Was Processed For 256 Threads Per Block 
>> 196608 Packets (0.192 GB) Processed On GPU 
	| Duration : 1.480768 ms
	| Bandwidth : 1036.729782 Gb/s
>> 196608 Packets (0.295898 GB) Transfered From Device to Host
	| Duration : 17.433311 ms
	| Bandwidth : 135.785304 Gb/s
---------------------------------------------------------------

>> Chunk 391 Started
196608 Packets Was Read From Pcap File
>> 196608 Packets (0.295898 GB) Transfered From Host To Device 
	| Duration : 16.530369 ms
	| Bandwidth : 143.202340 Gb/s
>> RuleGraph Was Processed For 256 Threads Per Block 
>> 196608 Packets (0.192 GB) Processed On GPU 
	| Duration : 1.472256 ms
	| Bandwidth : 1042.723757 Gb/s
>> 196608 Packets (0.295898 GB) Transfered From Device to Host
	| Duration : 17.419872 ms
	| Bandwidth : 135.890061 Gb/s
---------------------------------------------------------------

>> Chunk 392 Started
196608 Packets Was Read From Pcap File
>> 196608 Packets (0.295898 GB) Transfered From Host To Device 
	| Duration : 16.421696 ms
	| Bandwidth : 144.150004 Gb/s
>> RuleGraph Was Processed For 256 Threads Per Block 
>> 196608 Packets (0.192 GB) Processed On GPU 
	| Duration : 1.464128 ms
	| Bandwidth : 1048.512310 Gb/s
>> 196608 Packets (0.295898 GB) Transfered From Device to Host
	| Duration : 17.458752 ms
	| Bandwidth : 135.587443 Gb/s
---------------------------------------------------------------

>> Chunk 393 Started
196608 Packets Was Read From Pcap File
>> 196608 Packets (0.295898 GB) Transfered From Host To Device 
	| Duration : 16.480480 ms
	| Bandwidth : 143.635833 Gb/s
>> RuleGraph Was Processed For 256 Threads Per Block 
>> 196608 Packets (0.192 GB) Processed On GPU 
	| Duration : 1.453536 ms
	| Bandwidth : 1056.152868 Gb/s
>> 196608 Packets (0.295898 GB) Transfered From Device to Host
	| Duration : 17.515392 ms
	| Bandwidth : 135.148985 Gb/s
---------------------------------------------------------------

>> Chunk 394 Started
196608 Packets Was Read From Pcap File
>> 196608 Packets (0.295898 GB) Transfered From Host To Device 
	| Duration : 16.596865 ms
	| Bandwidth : 142.628595 Gb/s
>> RuleGraph Was Processed For 256 Threads Per Block 
>> 196608 Packets (0.192 GB) Processed On GPU 
	| Duration : 1.468128 ms
	| Bandwidth : 1045.655614 Gb/s
>> 196608 Packets (0.295898 GB) Transfered From Device to Host
	| Duration : 17.358368 ms
	| Bandwidth : 136.371548 Gb/s
---------------------------------------------------------------

>> Chunk 395 Started
196608 Packets Was Read From Pcap File
>> 196608 Packets (0.295898 GB) Transfered From Host To Device 
	| Duration : 16.531391 ms
	| Bandwidth : 143.193484 Gb/s
>> RuleGraph Was Processed For 256 Threads Per Block 
>> 196608 Packets (0.192 GB) Processed On GPU 
	| Duration : 1.477248 ms
	| Bandwidth : 1039.200120 Gb/s
>> 196608 Packets (0.295898 GB) Transfered From Device to Host
	| Duration : 17.230080 ms
	| Bandwidth : 137.386916 Gb/s
---------------------------------------------------------------

>> Chunk 396 Started
196608 Packets Was Read From Pcap File
>> 196608 Packets (0.295898 GB) Transfered From Host To Device 
	| Duration : 16.403263 ms
	| Bandwidth : 144.311988 Gb/s
>> RuleGraph Was Processed For 256 Threads Per Block 
>> 196608 Packets (0.192 GB) Processed On GPU 
	| Duration : 1.507872 ms
	| Bandwidth : 1018.094550 Gb/s
>> 196608 Packets (0.295898 GB) Transfered From Device to Host
	| Duration : 17.514112 ms
	| Bandwidth : 135.158861 Gb/s
---------------------------------------------------------------

>> Chunk 397 Started
196608 Packets Was Read From Pcap File
>> 196608 Packets (0.295898 GB) Transfered From Host To Device 
	| Duration : 16.391264 ms
	| Bandwidth : 144.417630 Gb/s
>> RuleGraph Was Processed For 256 Threads Per Block 
>> 196608 Packets (0.192 GB) Processed On GPU 
	| Duration : 1.467584 ms
	| Bandwidth : 1046.043181 Gb/s
>> 196608 Packets (0.295898 GB) Transfered From Device to Host
	| Duration : 17.672607 ms
	| Bandwidth : 133.946703 Gb/s
---------------------------------------------------------------

>> Chunk 398 Started
196608 Packets Was Read From Pcap File
>> 196608 Packets (0.295898 GB) Transfered From Host To Device 
	| Duration : 16.450239 ms
	| Bandwidth : 143.899883 Gb/s
>> RuleGraph Was Processed For 256 Threads Per Block 
>> 196608 Packets (0.192 GB) Processed On GPU 
	| Duration : 1.469760 ms
	| Bandwidth : 1044.494551 Gb/s
>> 196608 Packets (0.295898 GB) Transfered From Device to Host
	| Duration : 17.254623 ms
	| Bandwidth : 137.191490 Gb/s
---------------------------------------------------------------

>> Chunk 399 Started
196608 Packets Was Read From Pcap File
>> 196608 Packets (0.295898 GB) Transfered From Host To Device 
	| Duration : 16.366688 ms
	| Bandwidth : 144.634488 Gb/s
>> RuleGraph Was Processed For 256 Threads Per Block 
>> 196608 Packets (0.192 GB) Processed On GPU 
	| Duration : 1.463584 ms
	| Bandwidth : 1048.902083 Gb/s
>> 196608 Packets (0.295898 GB) Transfered From Device to Host
	| Duration : 17.693312 ms
	| Bandwidth : 133.789962 Gb/s
---------------------------------------------------------------

>> Chunk 400 Started
196608 Packets Was Read From Pcap File
>> 196608 Packets (0.295898 GB) Transfered From Host To Device 
	| Duration : 16.770496 ms
	| Bandwidth : 141.151904 Gb/s
>> RuleGraph Was Processed For 256 Threads Per Block 
>> 196608 Packets (0.192 GB) Processed On GPU 
	| Duration : 1.464800 ms
	| Bandwidth : 1048.031301 Gb/s
>> 196608 Packets (0.295898 GB) Transfered From Device to Host
	| Duration : 17.494272 ms
	| Bandwidth : 135.312145 Gb/s
---------------------------------------------------------------

>> Chunk 401 Started
196608 Packets Was Read From Pcap File
>> 196608 Packets (0.295898 GB) Transfered From Host To Device 
	| Duration : 16.513472 ms
	| Bandwidth : 143.348870 Gb/s
>> RuleGraph Was Processed For 256 Threads Per Block 
>> 196608 Packets (0.192 GB) Processed On GPU 
	| Duration : 1.462624 ms
	| Bandwidth : 1049.590529 Gb/s
>> 196608 Packets (0.295898 GB) Transfered From Device to Host
	| Duration : 17.291008 ms
	| Bandwidth : 136.902805 Gb/s
---------------------------------------------------------------

>> Chunk 402 Started
196608 Packets Was Read From Pcap File
>> 196608 Packets (0.295898 GB) Transfered From Host To Device 
	| Duration : 16.476704 ms
	| Bandwidth : 143.668755 Gb/s
>> RuleGraph Was Processed For 256 Threads Per Block 
>> 196608 Packets (0.192 GB) Processed On GPU 
	| Duration : 1.464032 ms
	| Bandwidth : 1048.581037 Gb/s
>> 196608 Packets (0.295898 GB) Transfered From Device to Host
	| Duration : 17.512672 ms
	| Bandwidth : 135.169975 Gb/s
---------------------------------------------------------------

>> Chunk 403 Started
196608 Packets Was Read From Pcap File
>> 196608 Packets (0.295898 GB) Transfered From Host To Device 
	| Duration : 16.275808 ms
	| Bandwidth : 145.442085 Gb/s
>> RuleGraph Was Processed For 256 Threads Per Block 
>> 196608 Packets (0.192 GB) Processed On GPU 
	| Duration : 1.462528 ms
	| Bandwidth : 1049.659398 Gb/s
>> 196608 Packets (0.295898 GB) Transfered From Device to Host
	| Duration : 17.394880 ms
	| Bandwidth : 136.085300 Gb/s
---------------------------------------------------------------

>> Chunk 404 Started
196608 Packets Was Read From Pcap File
>> 196608 Packets (0.295898 GB) Transfered From Host To Device 
	| Duration : 16.379969 ms
	| Bandwidth : 144.517218 Gb/s
>> RuleGraph Was Processed For 256 Threads Per Block 
>> 196608 Packets (0.192 GB) Processed On GPU 
	| Duration : 1.478336 ms
	| Bandwidth : 1038.435291 Gb/s
>> 196608 Packets (0.295898 GB) Transfered From Device to Host
	| Duration : 17.377377 ms
	| Bandwidth : 136.222375 Gb/s
---------------------------------------------------------------

>> Chunk 405 Started
196608 Packets Was Read From Pcap File
>> 196608 Packets (0.295898 GB) Transfered From Host To Device 
	| Duration : 16.513985 ms
	| Bandwidth : 143.344417 Gb/s
>> RuleGraph Was Processed For 256 Threads Per Block 
>> 196608 Packets (0.192 GB) Processed On GPU 
	| Duration : 1.467904 ms
	| Bandwidth : 1045.815176 Gb/s
>> 196608 Packets (0.295898 GB) Transfered From Device to Host
	| Duration : 17.435232 ms
	| Bandwidth : 135.770346 Gb/s
---------------------------------------------------------------

>> Chunk 406 Started
196608 Packets Was Read From Pcap File
>> 196608 Packets (0.295898 GB) Transfered From Host To Device 
	| Duration : 16.378016 ms
	| Bandwidth : 144.534452 Gb/s
>> RuleGraph Was Processed For 256 Threads Per Block 
>> 196608 Packets (0.192 GB) Processed On GPU 
	| Duration : 1.467616 ms
	| Bandwidth : 1046.020410 Gb/s
>> 196608 Packets (0.295898 GB) Transfered From Device to Host
	| Duration : 17.267073 ms
	| Bandwidth : 137.092578 Gb/s
---------------------------------------------------------------

>> Chunk 407 Started
196608 Packets Was Read From Pcap File
>> 196608 Packets (0.295898 GB) Transfered From Host To Device 
	| Duration : 16.591105 ms
	| Bandwidth : 142.678114 Gb/s
>> RuleGraph Was Processed For 256 Threads Per Block 
>> 196608 Packets (0.192 GB) Processed On GPU 
	| Duration : 1.465792 ms
	| Bandwidth : 1047.322070 Gb/s
>> 196608 Packets (0.295898 GB) Transfered From Device to Host
	| Duration : 17.856833 ms
	| Bandwidth : 132.564804 Gb/s
---------------------------------------------------------------

>> Chunk 408 Started
196608 Packets Was Read From Pcap File
>> 196608 Packets (0.295898 GB) Transfered From Host To Device 
	| Duration : 16.912607 ms
	| Bandwidth : 139.965853 Gb/s
>> RuleGraph Was Processed For 256 Threads Per Block 
>> 196608 Packets (0.192 GB) Processed On GPU 
	| Duration : 1.481088 ms
	| Bandwidth : 1036.505735 Gb/s
>> 196608 Packets (0.295898 GB) Transfered From Device to Host
	| Duration : 17.335775 ms
	| Bandwidth : 136.549272 Gb/s
---------------------------------------------------------------

>> Chunk 409 Started
196608 Packets Was Read From Pcap File
>> 196608 Packets (0.295898 GB) Transfered From Host To Device 
	| Duration : 16.791937 ms
	| Bandwidth : 140.971677 Gb/s
>> RuleGraph Was Processed For 256 Threads Per Block 
>> 196608 Packets (0.192 GB) Processed On GPU 
	| Duration : 1.464864 ms
	| Bandwidth : 1047.985502 Gb/s
>> 196608 Packets (0.295898 GB) Transfered From Device to Host
	| Duration : 17.314753 ms
	| Bandwidth : 136.715064 Gb/s
---------------------------------------------------------------

>> Chunk 410 Started
196608 Packets Was Read From Pcap File
>> 196608 Packets (0.295898 GB) Transfered From Host To Device 
	| Duration : 16.377760 ms
	| Bandwidth : 144.536708 Gb/s
>> RuleGraph Was Processed For 256 Threads Per Block 
>> 196608 Packets (0.192 GB) Processed On GPU 
	| Duration : 1.481632 ms
	| Bandwidth : 1036.125202 Gb/s
>> 196608 Packets (0.295898 GB) Transfered From Device to Host
	| Duration : 17.316416 ms
	| Bandwidth : 136.701932 Gb/s
---------------------------------------------------------------

>> Chunk 411 Started
196608 Packets Was Read From Pcap File
>> 196608 Packets (0.295898 GB) Transfered From Host To Device 
	| Duration : 16.348225 ms
	| Bandwidth : 144.797833 Gb/s
>> RuleGraph Was Processed For 256 Threads Per Block 
>> 196608 Packets (0.192 GB) Processed On GPU 
	| Duration : 1.461344 ms
	| Bandwidth : 1050.509836 Gb/s
>> 196608 Packets (0.295898 GB) Transfered From Device to Host
	| Duration : 17.287777 ms
	| Bandwidth : 136.928392 Gb/s
---------------------------------------------------------------

>> Chunk 412 Started
196608 Packets Was Read From Pcap File
>> 196608 Packets (0.295898 GB) Transfered From Host To Device 
	| Duration : 16.505793 ms
	| Bandwidth : 143.415561 Gb/s
>> RuleGraph Was Processed For 256 Threads Per Block 
>> 196608 Packets (0.192 GB) Processed On GPU 
	| Duration : 1.463392 ms
	| Bandwidth : 1049.039649 Gb/s
>> 196608 Packets (0.295898 GB) Transfered From Device to Host
	| Duration : 17.282335 ms
	| Bandwidth : 136.971507 Gb/s
---------------------------------------------------------------

>> Chunk 413 Started
196608 Packets Was Read From Pcap File
>> 196608 Packets (0.295898 GB) Transfered From Host To Device 
	| Duration : 16.647648 ms
	| Bandwidth : 142.193511 Gb/s
>> RuleGraph Was Processed For 256 Threads Per Block 
>> 196608 Packets (0.192 GB) Processed On GPU 
	| Duration : 1.467424 ms
	| Bandwidth : 1046.157221 Gb/s
>> 196608 Packets (0.295898 GB) Transfered From Device to Host
	| Duration : 17.305183 ms
	| Bandwidth : 136.790662 Gb/s
---------------------------------------------------------------

>> Chunk 414 Started
196608 Packets Was Read From Pcap File
>> 196608 Packets (0.295898 GB) Transfered From Host To Device 
	| Duration : 16.388865 ms
	| Bandwidth : 144.438774 Gb/s
>> RuleGraph Was Processed For 256 Threads Per Block 
>> 196608 Packets (0.192 GB) Processed On GPU 
	| Duration : 1.477088 ms
	| Bandwidth : 1039.312672 Gb/s
>> 196608 Packets (0.295898 GB) Transfered From Device to Host
	| Duration : 17.328096 ms
	| Bandwidth : 136.609784 Gb/s
---------------------------------------------------------------

>> Chunk 415 Started
196608 Packets Was Read From Pcap File
>> 196608 Packets (0.295898 GB) Transfered From Host To Device 
	| Duration : 16.738432 ms
	| Bandwidth : 141.422297 Gb/s
>> RuleGraph Was Processed For 256 Threads Per Block 
>> 196608 Packets (0.192 GB) Processed On GPU 
	| Duration : 1.462080 ms
	| Bandwidth : 1049.981019 Gb/s
>> 196608 Packets (0.295898 GB) Transfered From Device to Host
	| Duration : 17.633184 ms
	| Bandwidth : 134.246171 Gb/s
---------------------------------------------------------------

>> Chunk 416 Started
196608 Packets Was Read From Pcap File
>> 196608 Packets (0.295898 GB) Transfered From Host To Device 
	| Duration : 16.533953 ms
	| Bandwidth : 143.171300 Gb/s
>> RuleGraph Was Processed For 256 Threads Per Block 
>> 196608 Packets (0.192 GB) Processed On GPU 
	| Duration : 1.474496 ms
	| Bandwidth : 1041.139646 Gb/s
>> 196608 Packets (0.295898 GB) Transfered From Device to Host
	| Duration : 17.327456 ms
	| Bandwidth : 136.614836 Gb/s
---------------------------------------------------------------

>> Chunk 417 Started
196608 Packets Was Read From Pcap File
>> 196608 Packets (0.295898 GB) Transfered From Host To Device 
	| Duration : 16.943169 ms
	| Bandwidth : 139.713388 Gb/s
>> RuleGraph Was Processed For 256 Threads Per Block 
>> 196608 Packets (0.192 GB) Processed On GPU 
	| Duration : 1.477216 ms
	| Bandwidth : 1039.222595 Gb/s
>> 196608 Packets (0.295898 GB) Transfered From Device to Host
	| Duration : 17.445120 ms
	| Bandwidth : 135.693393 Gb/s
---------------------------------------------------------------

>> Chunk 418 Started
196608 Packets Was Read From Pcap File
>> 196608 Packets (0.295898 GB) Transfered From Host To Device 
	| Duration : 16.722656 ms
	| Bandwidth : 141.555711 Gb/s
>> RuleGraph Was Processed For 256 Threads Per Block 
>> 196608 Packets (0.192 GB) Processed On GPU 
	| Duration : 1.463072 ms
	| Bandwidth : 1049.269148 Gb/s
>> 196608 Packets (0.295898 GB) Transfered From Device to Host
	| Duration : 17.467360 ms
	| Bandwidth : 135.520626 Gb/s
---------------------------------------------------------------

>> Chunk 419 Started
196608 Packets Was Read From Pcap File
>> 196608 Packets (0.295898 GB) Transfered From Host To Device 
	| Duration : 16.528160 ms
	| Bandwidth : 143.221477 Gb/s
>> RuleGraph Was Processed For 256 Threads Per Block 
>> 196608 Packets (0.192 GB) Processed On GPU 
	| Duration : 1.480832 ms
	| Bandwidth : 1036.684965 Gb/s
>> 196608 Packets (0.295898 GB) Transfered From Device to Host
	| Duration : 17.630913 ms
	| Bandwidth : 134.263468 Gb/s
---------------------------------------------------------------

>> Chunk 420 Started
196608 Packets Was Read From Pcap File
>> 196608 Packets (0.295898 GB) Transfered From Host To Device 
	| Duration : 16.599680 ms
	| Bandwidth : 142.604406 Gb/s
>> RuleGraph Was Processed For 256 Threads Per Block 
>> 196608 Packets (0.192 GB) Processed On GPU 
	| Duration : 1.476000 ms
	| Bandwidth : 1040.078794 Gb/s
>> 196608 Packets (0.295898 GB) Transfered From Device to Host
	| Duration : 17.447296 ms
	| Bandwidth : 135.676467 Gb/s
---------------------------------------------------------------

>> Chunk 421 Started
196608 Packets Was Read From Pcap File
>> 196608 Packets (0.295898 GB) Transfered From Host To Device 
	| Duration : 16.656096 ms
	| Bandwidth : 142.121393 Gb/s
>> RuleGraph Was Processed For 256 Threads Per Block 
>> 196608 Packets (0.192 GB) Processed On GPU 
	| Duration : 1.480320 ms
	| Bandwidth : 1037.043527 Gb/s
>> 196608 Packets (0.295898 GB) Transfered From Device to Host
	| Duration : 17.365631 ms
	| Bandwidth : 136.314510 Gb/s
---------------------------------------------------------------

>> Chunk 422 Started
196608 Packets Was Read From Pcap File
>> 196608 Packets (0.295898 GB) Transfered From Host To Device 
	| Duration : 16.447071 ms
	| Bandwidth : 143.927602 Gb/s
>> RuleGraph Was Processed For 256 Threads Per Block 
>> 196608 Packets (0.192 GB) Processed On GPU 
	| Duration : 1.465632 ms
	| Bandwidth : 1047.436389 Gb/s
>> 196608 Packets (0.295898 GB) Transfered From Device to Host
	| Duration : 17.467457 ms
	| Bandwidth : 135.519871 Gb/s
---------------------------------------------------------------

>> Chunk 423 Started
196608 Packets Was Read From Pcap File
>> 196608 Packets (0.295898 GB) Transfered From Host To Device 
	| Duration : 16.803104 ms
	| Bandwidth : 140.877986 Gb/s
>> RuleGraph Was Processed For 256 Threads Per Block 
>> 196608 Packets (0.192 GB) Processed On GPU 
	| Duration : 1.478048 ms
	| Bandwidth : 1038.637639 Gb/s
>> 196608 Packets (0.295898 GB) Transfered From Device to Host
	| Duration : 17.405472 ms
	| Bandwidth : 136.002490 Gb/s
---------------------------------------------------------------

>> Chunk 424 Started
196608 Packets Was Read From Pcap File
>> 196608 Packets (0.295898 GB) Transfered From Host To Device 
	| Duration : 16.642113 ms
	| Bandwidth : 142.240804 Gb/s
>> RuleGraph Was Processed For 256 Threads Per Block 
>> 196608 Packets (0.192 GB) Processed On GPU 
	| Duration : 1.479872 ms
	| Bandwidth : 1037.357462 Gb/s
>> 196608 Packets (0.295898 GB) Transfered From Device to Host
	| Duration : 17.349407 ms
	| Bandwidth : 136.441982 Gb/s
---------------------------------------------------------------

>> Chunk 425 Started
196608 Packets Was Read From Pcap File
>> 196608 Packets (0.295898 GB) Transfered From Host To Device 
	| Duration : 16.393600 ms
	| Bandwidth : 144.397047 Gb/s
>> RuleGraph Was Processed For 256 Threads Per Block 
>> 196608 Packets (0.192 GB) Processed On GPU 
	| Duration : 1.480672 ms
	| Bandwidth : 1036.796973 Gb/s
>> 196608 Packets (0.295898 GB) Transfered From Device to Host
	| Duration : 17.284161 ms
	| Bandwidth : 136.957041 Gb/s
---------------------------------------------------------------

>> Chunk 426 Started
196608 Packets Was Read From Pcap File
>> 196608 Packets (0.295898 GB) Transfered From Host To Device 
	| Duration : 16.235519 ms
	| Bandwidth : 145.803004 Gb/s
>> RuleGraph Was Processed For 256 Threads Per Block 
>> 196608 Packets (0.192 GB) Processed On GPU 
	| Duration : 1.458368 ms
	| Bandwidth : 1052.653589 Gb/s
>> 196608 Packets (0.295898 GB) Transfered From Device to Host
	| Duration : 17.389313 ms
	| Bandwidth : 136.128870 Gb/s
---------------------------------------------------------------

>> Chunk 427 Started
196608 Packets Was Read From Pcap File
>> 196608 Packets (0.295898 GB) Transfered From Host To Device 
	| Duration : 16.365343 ms
	| Bandwidth : 144.646372 Gb/s
>> RuleGraph Was Processed For 256 Threads Per Block 
>> 196608 Packets (0.192 GB) Processed On GPU 
	| Duration : 1.483296 ms
	| Bandwidth : 1034.962821 Gb/s
>> 196608 Packets (0.295898 GB) Transfered From Device to Host
	| Duration : 17.490208 ms
	| Bandwidth : 135.343590 Gb/s
---------------------------------------------------------------

>> Chunk 428 Started
196608 Packets Was Read From Pcap File
>> 196608 Packets (0.295898 GB) Transfered From Host To Device 
	| Duration : 16.602625 ms
	| Bandwidth : 142.579111 Gb/s
>> RuleGraph Was Processed For 256 Threads Per Block 
>> 196608 Packets (0.192 GB) Processed On GPU 
	| Duration : 1.481184 ms
	| Bandwidth : 1036.438582 Gb/s
>> 196608 Packets (0.295898 GB) Transfered From Device to Host
	| Duration : 17.354143 ms
	| Bandwidth : 136.404747 Gb/s
---------------------------------------------------------------

>> Chunk 429 Started
196608 Packets Was Read From Pcap File
>> 196608 Packets (0.295898 GB) Transfered From Host To Device 
	| Duration : 16.573376 ms
	| Bandwidth : 142.830739 Gb/s
>> RuleGraph Was Processed For 256 Threads Per Block 
>> 196608 Packets (0.192 GB) Processed On GPU 
	| Duration : 1.481952 ms
	| Bandwidth : 1035.901500 Gb/s
>> 196608 Packets (0.295898 GB) Transfered From Device to Host
	| Duration : 17.362783 ms
	| Bandwidth : 136.336867 Gb/s
---------------------------------------------------------------

>> Chunk 430 Started
196608 Packets Was Read From Pcap File
>> 196608 Packets (0.295898 GB) Transfered From Host To Device 
	| Duration : 16.492512 ms
	| Bandwidth : 143.531048 Gb/s
>> RuleGraph Was Processed For 256 Threads Per Block 
>> 196608 Packets (0.192 GB) Processed On GPU 
	| Duration : 1.477728 ms
	| Bandwidth : 1038.862524 Gb/s
>> 196608 Packets (0.295898 GB) Transfered From Device to Host
	| Duration : 17.395424 ms
	| Bandwidth : 136.081047 Gb/s
---------------------------------------------------------------

>> Chunk 431 Started
196608 Packets Was Read From Pcap File
>> 196608 Packets (0.295898 GB) Transfered From Host To Device 
	| Duration : 16.838079 ms
	| Bandwidth : 140.585362 Gb/s
>> RuleGraph Was Processed For 256 Threads Per Block 
>> 196608 Packets (0.192 GB) Processed On GPU 
	| Duration : 1.481056 ms
	| Bandwidth : 1036.528177 Gb/s
>> 196608 Packets (0.295898 GB) Transfered From Device to Host
	| Duration : 17.293217 ms
	| Bandwidth : 136.885320 Gb/s
---------------------------------------------------------------

>> Chunk 432 Started
196608 Packets Was Read From Pcap File
>> 196608 Packets (0.295898 GB) Transfered From Host To Device 
	| Duration : 16.452448 ms
	| Bandwidth : 143.880565 Gb/s
>> RuleGraph Was Processed For 256 Threads Per Block 
>> 196608 Packets (0.192 GB) Processed On GPU 
	| Duration : 1.482592 ms
	| Bandwidth : 1035.454302 Gb/s
>> 196608 Packets (0.295898 GB) Transfered From Device to Host
	| Duration : 17.296320 ms
	| Bandwidth : 136.860760 Gb/s
---------------------------------------------------------------

>> Chunk 433 Started
196608 Packets Was Read From Pcap File
>> 196608 Packets (0.295898 GB) Transfered From Host To Device 
	| Duration : 16.433344 ms
	| Bandwidth : 144.047828 Gb/s
>> RuleGraph Was Processed For 256 Threads Per Block 
>> 196608 Packets (0.192 GB) Processed On GPU 
	| Duration : 1.473344 ms
	| Bandwidth : 1041.953734 Gb/s
>> 196608 Packets (0.295898 GB) Transfered From Device to Host
	| Duration : 17.383968 ms
	| Bandwidth : 136.170721 Gb/s
---------------------------------------------------------------

>> Chunk 434 Started
196608 Packets Was Read From Pcap File
>> 196608 Packets (0.295898 GB) Transfered From Host To Device 
	| Duration : 16.358879 ms
	| Bandwidth : 144.703527 Gb/s
>> RuleGraph Was Processed For 256 Threads Per Block 
>> 196608 Packets (0.192 GB) Processed On GPU 
	| Duration : 1.459136 ms
	| Bandwidth : 1052.099489 Gb/s
>> 196608 Packets (0.295898 GB) Transfered From Device to Host
	| Duration : 17.440191 ms
	| Bandwidth : 135.731740 Gb/s
---------------------------------------------------------------

>> Chunk 435 Started
196608 Packets Was Read From Pcap File
>> 196608 Packets (0.295898 GB) Transfered From Host To Device 
	| Duration : 16.480961 ms
	| Bandwidth : 143.631644 Gb/s
>> RuleGraph Was Processed For 256 Threads Per Block 
>> 196608 Packets (0.192 GB) Processed On GPU 
	| Duration : 1.470816 ms
	| Bandwidth : 1043.744583 Gb/s
>> 196608 Packets (0.295898 GB) Transfered From Device to Host
	| Duration : 17.418816 ms
	| Bandwidth : 135.898304 Gb/s
---------------------------------------------------------------

>> Chunk 436 Started
196608 Packets Was Read From Pcap File
>> 196608 Packets (0.295898 GB) Transfered From Host To Device 
	| Duration : 16.540960 ms
	| Bandwidth : 143.110645 Gb/s
>> RuleGraph Was Processed For 256 Threads Per Block 
>> 196608 Packets (0.192 GB) Processed On GPU 
	| Duration : 1.470528 ms
	| Bandwidth : 1043.949005 Gb/s
>> 196608 Packets (0.295898 GB) Transfered From Device to Host
	| Duration : 17.609024 ms
	| Bandwidth : 134.430363 Gb/s
---------------------------------------------------------------

>> Chunk 437 Started
196608 Packets Was Read From Pcap File
>> 196608 Packets (0.295898 GB) Transfered From Host To Device 
	| Duration : 16.580383 ms
	| Bandwidth : 142.770372 Gb/s
>> RuleGraph Was Processed For 256 Threads Per Block 
>> 196608 Packets (0.192 GB) Processed On GPU 
	| Duration : 1.474880 ms
	| Bandwidth : 1040.868593 Gb/s
>> 196608 Packets (0.295898 GB) Transfered From Device to Host
	| Duration : 17.229216 ms
	| Bandwidth : 137.393805 Gb/s
---------------------------------------------------------------

>> Chunk 438 Started
196608 Packets Was Read From Pcap File
>> 196608 Packets (0.295898 GB) Transfered From Host To Device 
	| Duration : 16.714209 ms
	| Bandwidth : 141.627256 Gb/s
>> RuleGraph Was Processed For 256 Threads Per Block 
>> 196608 Packets (0.192 GB) Processed On GPU 
	| Duration : 1.452640 ms
	| Bandwidth : 1056.804294 Gb/s
>> 196608 Packets (0.295898 GB) Transfered From Device to Host
	| Duration : 17.536961 ms
	| Bandwidth : 134.982769 Gb/s
---------------------------------------------------------------

>> Chunk 439 Started
196608 Packets Was Read From Pcap File
>> 196608 Packets (0.295898 GB) Transfered From Host To Device 
	| Duration : 16.728479 ms
	| Bandwidth : 141.506436 Gb/s
>> RuleGraph Was Processed For 256 Threads Per Block 
>> 196608 Packets (0.192 GB) Processed On GPU 
	| Duration : 1.462336 ms
	| Bandwidth : 1049.797248 Gb/s
>> 196608 Packets (0.295898 GB) Transfered From Device to Host
	| Duration : 17.483040 ms
	| Bandwidth : 135.399079 Gb/s
---------------------------------------------------------------

>> Chunk 440 Started
196608 Packets Was Read From Pcap File
>> 196608 Packets (0.295898 GB) Transfered From Host To Device 
	| Duration : 16.408895 ms
	| Bandwidth : 144.262452 Gb/s
>> RuleGraph Was Processed For 256 Threads Per Block 
>> 196608 Packets (0.192 GB) Processed On GPU 
	| Duration : 1.481856 ms
	| Bandwidth : 1035.968584 Gb/s
>> 196608 Packets (0.295898 GB) Transfered From Device to Host
	| Duration : 17.488352 ms
	| Bandwidth : 135.357953 Gb/s
---------------------------------------------------------------

>> Chunk 441 Started
196608 Packets Was Read From Pcap File
>> 196608 Packets (0.295898 GB) Transfered From Host To Device 
	| Duration : 16.502945 ms
	| Bandwidth : 143.440308 Gb/s
>> RuleGraph Was Processed For 256 Threads Per Block 
>> 196608 Packets (0.192 GB) Processed On GPU 
	| Duration : 1.458016 ms
	| Bandwidth : 1052.907657 Gb/s
>> 196608 Packets (0.295898 GB) Transfered From Device to Host
	| Duration : 17.481983 ms
	| Bandwidth : 135.407263 Gb/s
---------------------------------------------------------------

>> Chunk 442 Started
196608 Packets Was Read From Pcap File
>> 196608 Packets (0.295898 GB) Transfered From Host To Device 
	| Duration : 16.433376 ms
	| Bandwidth : 144.047544 Gb/s
>> RuleGraph Was Processed For 256 Threads Per Block 
>> 196608 Packets (0.192 GB) Processed On GPU 
	| Duration : 1.468256 ms
	| Bandwidth : 1045.564434 Gb/s
>> 196608 Packets (0.295898 GB) Transfered From Device to Host
	| Duration : 17.332031 ms
	| Bandwidth : 136.578769 Gb/s
---------------------------------------------------------------

>> Chunk 443 Started
196608 Packets Was Read From Pcap File
>> 196608 Packets (0.295898 GB) Transfered From Host To Device 
	| Duration : 16.472639 ms
	| Bandwidth : 143.704205 Gb/s
>> RuleGraph Was Processed For 256 Threads Per Block 
>> 196608 Packets (0.192 GB) Processed On GPU 
	| Duration : 1.476800 ms
	| Bandwidth : 1039.515362 Gb/s
>> 196608 Packets (0.295898 GB) Transfered From Device to Host
	| Duration : 17.523647 ms
	| Bandwidth : 135.085320 Gb/s
---------------------------------------------------------------

>> Chunk 444 Started
196608 Packets Was Read From Pcap File
>> 196608 Packets (0.295898 GB) Transfered From Host To Device 
	| Duration : 16.778591 ms
	| Bandwidth : 141.083806 Gb/s
>> RuleGraph Was Processed For 256 Threads Per Block 
>> 196608 Packets (0.192 GB) Processed On GPU 
	| Duration : 1.477920 ms
	| Bandwidth : 1038.727531 Gb/s
>> 196608 Packets (0.295898 GB) Transfered From Device to Host
	| Duration : 17.396320 ms
	| Bandwidth : 136.074035 Gb/s
---------------------------------------------------------------

>> Chunk 445 Started
196608 Packets Was Read From Pcap File
>> 196608 Packets (0.295898 GB) Transfered From Host To Device 
	| Duration : 16.726175 ms
	| Bandwidth : 141.525929 Gb/s
>> RuleGraph Was Processed For 256 Threads Per Block 
>> 196608 Packets (0.192 GB) Processed On GPU 
	| Duration : 1.462400 ms
	| Bandwidth : 1049.751294 Gb/s
>> 196608 Packets (0.295898 GB) Transfered From Device to Host
	| Duration : 17.709280 ms
	| Bandwidth : 133.669325 Gb/s
---------------------------------------------------------------

>> Chunk 446 Started
196608 Packets Was Read From Pcap File
>> 196608 Packets (0.295898 GB) Transfered From Host To Device 
	| Duration : 16.863968 ms
	| Bandwidth : 140.369545 Gb/s
>> RuleGraph Was Processed For 256 Threads Per Block 
>> 196608 Packets (0.192 GB) Processed On GPU 
	| Duration : 1.467328 ms
	| Bandwidth : 1046.225724 Gb/s
>> 196608 Packets (0.295898 GB) Transfered From Device to Host
	| Duration : 17.438368 ms
	| Bandwidth : 135.745932 Gb/s
---------------------------------------------------------------

>> Chunk 447 Started
196608 Packets Was Read From Pcap File
>> 196608 Packets (0.295898 GB) Transfered From Host To Device 
	| Duration : 16.930847 ms
	| Bandwidth : 139.815065 Gb/s
>> RuleGraph Was Processed For 256 Threads Per Block 
>> 196608 Packets (0.192 GB) Processed On GPU 
	| Duration : 1.466112 ms
	| Bandwidth : 1047.093422 Gb/s
>> 196608 Packets (0.295898 GB) Transfered From Device to Host
	| Duration : 17.311359 ms
	| Bandwidth : 136.741861 Gb/s
---------------------------------------------------------------

>> Chunk 448 Started
196608 Packets Was Read From Pcap File
>> 196608 Packets (0.295898 GB) Transfered From Host To Device 
	| Duration : 16.352833 ms
	| Bandwidth : 144.757030 Gb/s
>> RuleGraph Was Processed For 256 Threads Per Block 
>> 196608 Packets (0.192 GB) Processed On GPU 
	| Duration : 1.461888 ms
	| Bandwidth : 1050.118953 Gb/s
>> 196608 Packets (0.295898 GB) Transfered From Device to Host
	| Duration : 17.418753 ms
	| Bandwidth : 135.898795 Gb/s
---------------------------------------------------------------

>> Chunk 449 Started
196608 Packets Was Read From Pcap File
>> 196608 Packets (0.295898 GB) Transfered From Host To Device 
	| Duration : 16.563681 ms
	| Bandwidth : 142.914341 Gb/s
>> RuleGraph Was Processed For 256 Threads Per Block 
>> 196608 Packets (0.192 GB) Processed On GPU 
	| Duration : 1.452832 ms
	| Bandwidth : 1056.664685 Gb/s
>> 196608 Packets (0.295898 GB) Transfered From Device to Host
	| Duration : 17.860416 ms
	| Bandwidth : 132.538203 Gb/s
---------------------------------------------------------------

>> Chunk 450 Started
196608 Packets Was Read From Pcap File
>> 196608 Packets (0.295898 GB) Transfered From Host To Device 
	| Duration : 16.691200 ms
	| Bandwidth : 141.822485 Gb/s
>> RuleGraph Was Processed For 256 Threads Per Block 
>> 196608 Packets (0.192 GB) Processed On GPU 
	| Duration : 1.456192 ms
	| Bandwidth : 1054.226525 Gb/s
>> 196608 Packets (0.295898 GB) Transfered From Device to Host
	| Duration : 17.801600 ms
	| Bandwidth : 132.976113 Gb/s
---------------------------------------------------------------

>> Chunk 451 Started
196608 Packets Was Read From Pcap File
>> 196608 Packets (0.295898 GB) Transfered From Host To Device 
	| Duration : 16.543327 ms
	| Bandwidth : 143.090169 Gb/s
>> RuleGraph Was Processed For 256 Threads Per Block 
>> 196608 Packets (0.192 GB) Processed On GPU 
	| Duration : 1.464384 ms
	| Bandwidth : 1048.329053 Gb/s
>> 196608 Packets (0.295898 GB) Transfered From Device to Host
	| Duration : 17.534464 ms
	| Bandwidth : 135.001989 Gb/s
---------------------------------------------------------------

>> Chunk 452 Started
196608 Packets Was Read From Pcap File
>> 196608 Packets (0.295898 GB) Transfered From Host To Device 
	| Duration : 16.728256 ms
	| Bandwidth : 141.508324 Gb/s
>> RuleGraph Was Processed For 256 Threads Per Block 
>> 196608 Packets (0.192 GB) Processed On GPU 
	| Duration : 1.469216 ms
	| Bandwidth : 1044.881257 Gb/s
>> 196608 Packets (0.295898 GB) Transfered From Device to Host
	| Duration : 17.425089 ms
	| Bandwidth : 135.849379 Gb/s
---------------------------------------------------------------

>> Chunk 453 Started
196608 Packets Was Read From Pcap File
>> 196608 Packets (0.295898 GB) Transfered From Host To Device 
	| Duration : 16.360289 ms
	| Bandwidth : 144.691060 Gb/s
>> RuleGraph Was Processed For 256 Threads Per Block 
>> 196608 Packets (0.192 GB) Processed On GPU 
	| Duration : 1.464160 ms
	| Bandwidth : 1048.489432 Gb/s
>> 196608 Packets (0.295898 GB) Transfered From Device to Host
	| Duration : 17.402529 ms
	| Bandwidth : 136.025490 Gb/s
---------------------------------------------------------------

>> Chunk 454 Started
196608 Packets Was Read From Pcap File
>> 196608 Packets (0.295898 GB) Transfered From Host To Device 
	| Duration : 16.424383 ms
	| Bandwidth : 144.126417 Gb/s
>> RuleGraph Was Processed For 256 Threads Per Block 
>> 196608 Packets (0.192 GB) Processed On GPU 
	| Duration : 1.465728 ms
	| Bandwidth : 1047.367727 Gb/s
>> 196608 Packets (0.295898 GB) Transfered From Device to Host
	| Duration : 17.559969 ms
	| Bandwidth : 134.805905 Gb/s
---------------------------------------------------------------

>> Chunk 455 Started
196608 Packets Was Read From Pcap File
>> 196608 Packets (0.295898 GB) Transfered From Host To Device 
	| Duration : 16.430336 ms
	| Bandwidth : 144.074199 Gb/s
>> RuleGraph Was Processed For 256 Threads Per Block 
>> 196608 Packets (0.192 GB) Processed On GPU 
	| Duration : 1.481056 ms
	| Bandwidth : 1036.528177 Gb/s
>> 196608 Packets (0.295898 GB) Transfered From Device to Host
	| Duration : 17.579744 ms
	| Bandwidth : 134.654262 Gb/s
---------------------------------------------------------------

>> Chunk 456 Started
196608 Packets Was Read From Pcap File
>> 196608 Packets (0.295898 GB) Transfered From Host To Device 
	| Duration : 16.594145 ms
	| Bandwidth : 142.651973 Gb/s
>> RuleGraph Was Processed For 256 Threads Per Block 
>> 196608 Packets (0.192 GB) Processed On GPU 
	| Duration : 1.462432 ms
	| Bandwidth : 1049.728276 Gb/s
>> 196608 Packets (0.295898 GB) Transfered From Device to Host
	| Duration : 17.303713 ms
	| Bandwidth : 136.802288 Gb/s
---------------------------------------------------------------

>> Chunk 457 Started
196608 Packets Was Read From Pcap File
>> 196608 Packets (0.295898 GB) Transfered From Host To Device 
	| Duration : 16.365215 ms
	| Bandwidth : 144.647501 Gb/s
>> RuleGraph Was Processed For 256 Threads Per Block 
>> 196608 Packets (0.192 GB) Processed On GPU 
	| Duration : 1.471008 ms
	| Bandwidth : 1043.608403 Gb/s
>> 196608 Packets (0.295898 GB) Transfered From Device to Host
	| Duration : 17.261889 ms
	| Bandwidth : 137.133750 Gb/s
---------------------------------------------------------------

>> Chunk 458 Started
196608 Packets Was Read From Pcap File
>> 196608 Packets (0.295898 GB) Transfered From Host To Device 
	| Duration : 16.641600 ms
	| Bandwidth : 142.245190 Gb/s
>> RuleGraph Was Processed For 256 Threads Per Block 
>> 196608 Packets (0.192 GB) Processed On GPU 
	| Duration : 1.470080 ms
	| Bandwidth : 1044.267136 Gb/s
>> 196608 Packets (0.295898 GB) Transfered From Device to Host
	| Duration : 17.335199 ms
	| Bandwidth : 136.553809 Gb/s
---------------------------------------------------------------

>> Chunk 459 Started
196608 Packets Was Read From Pcap File
>> 196608 Packets (0.295898 GB) Transfered From Host To Device 
	| Duration : 16.290913 ms
	| Bandwidth : 145.307237 Gb/s
>> RuleGraph Was Processed For 256 Threads Per Block 
>> 196608 Packets (0.192 GB) Processed On GPU 
	| Duration : 1.478976 ms
	| Bandwidth : 1037.985903 Gb/s
>> 196608 Packets (0.295898 GB) Transfered From Device to Host
	| Duration : 17.489216 ms
	| Bandwidth : 135.351266 Gb/s
---------------------------------------------------------------

>> Chunk 460 Started
196608 Packets Was Read From Pcap File
>> 196608 Packets (0.295898 GB) Transfered From Host To Device 
	| Duration : 16.329697 ms
	| Bandwidth : 144.962123 Gb/s
>> RuleGraph Was Processed For 256 Threads Per Block 
>> 196608 Packets (0.192 GB) Processed On GPU 
	| Duration : 1.459680 ms
	| Bandwidth : 1051.707423 Gb/s
>> 196608 Packets (0.295898 GB) Transfered From Device to Host
	| Duration : 17.402431 ms
	| Bandwidth : 136.026250 Gb/s
---------------------------------------------------------------

>> Chunk 461 Started
196608 Packets Was Read From Pcap File
>> 196608 Packets (0.295898 GB) Transfered From Host To Device 
	| Duration : 16.268320 ms
	| Bandwidth : 145.509032 Gb/s
>> RuleGraph Was Processed For 256 Threads Per Block 
>> 196608 Packets (0.192 GB) Processed On GPU 
	| Duration : 1.465280 ms
	| Bandwidth : 1047.687945 Gb/s
>> 196608 Packets (0.295898 GB) Transfered From Device to Host
	| Duration : 17.584513 ms
	| Bandwidth : 134.617748 Gb/s
---------------------------------------------------------------

>> Chunk 462 Started
196608 Packets Was Read From Pcap File
>> 196608 Packets (0.295898 GB) Transfered From Host To Device 
	| Duration : 16.403072 ms
	| Bandwidth : 144.313666 Gb/s
>> RuleGraph Was Processed For 256 Threads Per Block 
>> 196608 Packets (0.192 GB) Processed On GPU 
	| Duration : 1.464960 ms
	| Bandwidth : 1047.916852 Gb/s
>> 196608 Packets (0.295898 GB) Transfered From Device to Host
	| Duration : 17.630367 ms
	| Bandwidth : 134.267623 Gb/s
---------------------------------------------------------------

>> Chunk 463 Started
196608 Packets Was Read From Pcap File
>> 196608 Packets (0.295898 GB) Transfered From Host To Device 
	| Duration : 16.541599 ms
	| Bandwidth : 143.105117 Gb/s
>> RuleGraph Was Processed For 256 Threads Per Block 
>> 196608 Packets (0.192 GB) Processed On GPU 
	| Duration : 1.469632 ms
	| Bandwidth : 1044.585460 Gb/s
>> 196608 Packets (0.295898 GB) Transfered From Device to Host
	| Duration : 17.434944 ms
	| Bandwidth : 135.772589 Gb/s
---------------------------------------------------------------

>> Chunk 464 Started
196608 Packets Was Read From Pcap File
>> 196608 Packets (0.295898 GB) Transfered From Host To Device 
	| Duration : 16.574465 ms
	| Bandwidth : 142.821354 Gb/s
>> RuleGraph Was Processed For 256 Threads Per Block 
>> 196608 Packets (0.192 GB) Processed On GPU 
	| Duration : 1.464064 ms
	| Bandwidth : 1048.558156 Gb/s
>> 196608 Packets (0.295898 GB) Transfered From Device to Host
	| Duration : 17.424801 ms
	| Bandwidth : 135.851624 Gb/s
---------------------------------------------------------------

>> Chunk 465 Started
196608 Packets Was Read From Pcap File
>> 196608 Packets (0.295898 GB) Transfered From Host To Device 
	| Duration : 16.745089 ms
	| Bandwidth : 141.366078 Gb/s
>> RuleGraph Was Processed For 256 Threads Per Block 
>> 196608 Packets (0.192 GB) Processed On GPU 
	| Duration : 1.463808 ms
	| Bandwidth : 1048.741578 Gb/s
>> 196608 Packets (0.295898 GB) Transfered From Device to Host
	| Duration : 17.344065 ms
	| Bandwidth : 136.484010 Gb/s
---------------------------------------------------------------

>> Chunk 466 Started
196608 Packets Was Read From Pcap File
>> 196608 Packets (0.295898 GB) Transfered From Host To Device 
	| Duration : 16.727776 ms
	| Bandwidth : 141.512390 Gb/s
>> RuleGraph Was Processed For 256 Threads Per Block 
>> 196608 Packets (0.192 GB) Processed On GPU 
	| Duration : 1.475584 ms
	| Bandwidth : 1040.371960 Gb/s
>> 196608 Packets (0.295898 GB) Transfered From Device to Host
	| Duration : 17.348127 ms
	| Bandwidth : 136.452048 Gb/s
---------------------------------------------------------------

>> Chunk 467 Started
196608 Packets Was Read From Pcap File
>> 196608 Packets (0.295898 GB) Transfered From Host To Device 
	| Duration : 16.593985 ms
	| Bandwidth : 142.653350 Gb/s
>> RuleGraph Was Processed For 256 Threads Per Block 
>> 196608 Packets (0.192 GB) Processed On GPU 
	| Duration : 1.473440 ms
	| Bandwidth : 1041.885789 Gb/s
>> 196608 Packets (0.295898 GB) Transfered From Device to Host
	| Duration : 17.309248 ms
	| Bandwidth : 136.758541 Gb/s
---------------------------------------------------------------

>> Chunk 468 Started
196608 Packets Was Read From Pcap File
>> 196608 Packets (0.295898 GB) Transfered From Host To Device 
	| Duration : 16.519775 ms
	| Bandwidth : 143.294170 Gb/s
>> RuleGraph Was Processed For 256 Threads Per Block 
>> 196608 Packets (0.192 GB) Processed On GPU 
	| Duration : 1.454976 ms
	| Bandwidth : 1055.107637 Gb/s
>> 196608 Packets (0.295898 GB) Transfered From Device to Host
	| Duration : 17.342497 ms
	| Bandwidth : 136.496349 Gb/s
---------------------------------------------------------------

>> Chunk 469 Started
196608 Packets Was Read From Pcap File
>> 196608 Packets (0.295898 GB) Transfered From Host To Device 
	| Duration : 16.687263 ms
	| Bandwidth : 141.855943 Gb/s
>> RuleGraph Was Processed For 256 Threads Per Block 
>> 196608 Packets (0.192 GB) Processed On GPU 
	| Duration : 1.460800 ms
	| Bandwidth : 1050.901010 Gb/s
>> 196608 Packets (0.295898 GB) Transfered From Device to Host
	| Duration : 17.638752 ms
	| Bandwidth : 134.203798 Gb/s
---------------------------------------------------------------

>> Chunk 470 Started
196608 Packets Was Read From Pcap File
>> 196608 Packets (0.295898 GB) Transfered From Host To Device 
	| Duration : 16.462751 ms
	| Bandwidth : 143.790515 Gb/s
>> RuleGraph Was Processed For 256 Threads Per Block 
>> 196608 Packets (0.192 GB) Processed On GPU 
	| Duration : 1.452960 ms
	| Bandwidth : 1056.571574 Gb/s
>> 196608 Packets (0.295898 GB) Transfered From Device to Host
	| Duration : 17.408640 ms
	| Bandwidth : 135.977739 Gb/s
---------------------------------------------------------------

>> Chunk 471 Started
196608 Packets Was Read From Pcap File
>> 196608 Packets (0.295898 GB) Transfered From Host To Device 
	| Duration : 16.555712 ms
	| Bandwidth : 142.983131 Gb/s
>> RuleGraph Was Processed For 256 Threads Per Block 
>> 196608 Packets (0.192 GB) Processed On GPU 
	| Duration : 1.470272 ms
	| Bandwidth : 1044.130819 Gb/s
>> 196608 Packets (0.295898 GB) Transfered From Device to Host
	| Duration : 17.614719 ms
	| Bandwidth : 134.386898 Gb/s
---------------------------------------------------------------

>> Chunk 472 Started
196608 Packets Was Read From Pcap File
>> 196608 Packets (0.295898 GB) Transfered From Host To Device 
	| Duration : 16.395967 ms
	| Bandwidth : 144.376201 Gb/s
>> RuleGraph Was Processed For 256 Threads Per Block 
>> 196608 Packets (0.192 GB) Processed On GPU 
	| Duration : 1.475072 ms
	| Bandwidth : 1040.733078 Gb/s
>> 196608 Packets (0.295898 GB) Transfered From Device to Host
	| Duration : 17.215712 ms
	| Bandwidth : 137.501577 Gb/s
---------------------------------------------------------------

>> Chunk 473 Started
196608 Packets Was Read From Pcap File
>> 196608 Packets (0.295898 GB) Transfered From Host To Device 
	| Duration : 16.399488 ms
	| Bandwidth : 144.345204 Gb/s
>> RuleGraph Was Processed For 256 Threads Per Block 
>> 196608 Packets (0.192 GB) Processed On GPU 
	| Duration : 1.465152 ms
	| Bandwidth : 1047.779496 Gb/s
>> 196608 Packets (0.295898 GB) Transfered From Device to Host
	| Duration : 17.217152 ms
	| Bandwidth : 137.490077 Gb/s
---------------------------------------------------------------

>> Chunk 474 Started
196608 Packets Was Read From Pcap File
>> 196608 Packets (0.295898 GB) Transfered From Host To Device 
	| Duration : 16.768703 ms
	| Bandwidth : 141.166996 Gb/s
>> RuleGraph Was Processed For 256 Threads Per Block 
>> 196608 Packets (0.192 GB) Processed On GPU 
	| Duration : 1.475808 ms
	| Bandwidth : 1040.214055 Gb/s
>> 196608 Packets (0.295898 GB) Transfered From Device to Host
	| Duration : 17.495840 ms
	| Bandwidth : 135.300019 Gb/s
---------------------------------------------------------------

>> Chunk 475 Started
196608 Packets Was Read From Pcap File
>> 196608 Packets (0.295898 GB) Transfered From Host To Device 
	| Duration : 16.431841 ms
	| Bandwidth : 144.061004 Gb/s
>> RuleGraph Was Processed For 256 Threads Per Block 
>> 196608 Packets (0.192 GB) Processed On GPU 
	| Duration : 1.446752 ms
	| Bandwidth : 1061.105359 Gb/s
>> 196608 Packets (0.295898 GB) Transfered From Device to Host
	| Duration : 17.399776 ms
	| Bandwidth : 136.047006 Gb/s
---------------------------------------------------------------

>> Chunk 476 Started
196608 Packets Was Read From Pcap File
>> 196608 Packets (0.295898 GB) Transfered From Host To Device 
	| Duration : 16.443424 ms
	| Bandwidth : 143.959523 Gb/s
>> RuleGraph Was Processed For 256 Threads Per Block 
>> 196608 Packets (0.192 GB) Processed On GPU 
	| Duration : 1.479744 ms
	| Bandwidth : 1037.447217 Gb/s
>> 196608 Packets (0.295898 GB) Transfered From Device to Host
	| Duration : 17.399456 ms
	| Bandwidth : 136.049512 Gb/s
---------------------------------------------------------------

>> Chunk 477 Started
196608 Packets Was Read From Pcap File
>> 196608 Packets (0.295898 GB) Transfered From Host To Device 
	| Duration : 16.372353 ms
	| Bandwidth : 144.584444 Gb/s
>> RuleGraph Was Processed For 256 Threads Per Block 
>> 196608 Packets (0.192 GB) Processed On GPU 
	| Duration : 1.468384 ms
	| Bandwidth : 1045.473269 Gb/s
>> 196608 Packets (0.295898 GB) Transfered From Device to Host
	| Duration : 17.753023 ms
	| Bandwidth : 133.339966 Gb/s
---------------------------------------------------------------

>> Chunk 478 Started
196608 Packets Was Read From Pcap File
>> 196608 Packets (0.295898 GB) Transfered From Host To Device 
	| Duration : 16.800545 ms
	| Bandwidth : 140.899449 Gb/s
>> RuleGraph Was Processed For 256 Threads Per Block 
>> 196608 Packets (0.192 GB) Processed On GPU 
	| Duration : 1.472480 ms
	| Bandwidth : 1042.565053 Gb/s
>> 196608 Packets (0.295898 GB) Transfered From Device to Host
	| Duration : 17.692225 ms
	| Bandwidth : 133.798183 Gb/s
---------------------------------------------------------------

>> Chunk 479 Started
196608 Packets Was Read From Pcap File
>> 196608 Packets (0.295898 GB) Transfered From Host To Device 
	| Duration : 16.501345 ms
	| Bandwidth : 143.454218 Gb/s
>> RuleGraph Was Processed For 256 Threads Per Block 
>> 196608 Packets (0.192 GB) Processed On GPU 
	| Duration : 1.473056 ms
	| Bandwidth : 1042.157456 Gb/s
>> 196608 Packets (0.295898 GB) Transfered From Device to Host
	| Duration : 17.368288 ms
	| Bandwidth : 136.293657 Gb/s
---------------------------------------------------------------

>> Chunk 480 Started
196608 Packets Was Read From Pcap File
>> 196608 Packets (0.295898 GB) Transfered From Host To Device 
	| Duration : 16.363905 ms
	| Bandwidth : 144.659084 Gb/s
>> RuleGraph Was Processed For 256 Threads Per Block 
>> 196608 Packets (0.192 GB) Processed On GPU 
	| Duration : 1.468032 ms
	| Bandwidth : 1045.723967 Gb/s
>> 196608 Packets (0.295898 GB) Transfered From Device to Host
	| Duration : 17.446495 ms
	| Bandwidth : 135.682697 Gb/s
---------------------------------------------------------------

>> Chunk 481 Started
196608 Packets Was Read From Pcap File
>> 196608 Packets (0.295898 GB) Transfered From Host To Device 
	| Duration : 16.391329 ms
	| Bandwidth : 144.417059 Gb/s
>> RuleGraph Was Processed For 256 Threads Per Block 
>> 196608 Packets (0.192 GB) Processed On GPU 
	| Duration : 1.457536 ms
	| Bandwidth : 1053.254444 Gb/s
>> 196608 Packets (0.295898 GB) Transfered From Device to Host
	| Duration : 17.287935 ms
	| Bandwidth : 136.927138 Gb/s
---------------------------------------------------------------

>> Chunk 482 Started
196608 Packets Was Read From Pcap File
>> 196608 Packets (0.295898 GB) Transfered From Host To Device 
	| Duration : 16.716801 ms
	| Bandwidth : 141.605295 Gb/s
>> RuleGraph Was Processed For 256 Threads Per Block 
>> 196608 Packets (0.192 GB) Processed On GPU 
	| Duration : 1.475840 ms
	| Bandwidth : 1040.191537 Gb/s
>> 196608 Packets (0.295898 GB) Transfered From Device to Host
	| Duration : 17.364161 ms
	| Bandwidth : 136.326055 Gb/s
---------------------------------------------------------------

>> Chunk 483 Started
196608 Packets Was Read From Pcap File
>> 196608 Packets (0.295898 GB) Transfered From Host To Device 
	| Duration : 16.611679 ms
	| Bandwidth : 142.501399 Gb/s
>> RuleGraph Was Processed For 256 Threads Per Block 
>> 196608 Packets (0.192 GB) Processed On GPU 
	| Duration : 1.482528 ms
	| Bandwidth : 1035.499012 Gb/s
>> 196608 Packets (0.295898 GB) Transfered From Device to Host
	| Duration : 17.532225 ms
	| Bandwidth : 135.019232 Gb/s
---------------------------------------------------------------

>> Chunk 484 Started
196608 Packets Was Read From Pcap File
>> 196608 Packets (0.295898 GB) Transfered From Host To Device 
	| Duration : 16.341375 ms
	| Bandwidth : 144.858523 Gb/s
>> RuleGraph Was Processed For 256 Threads Per Block 
>> 196608 Packets (0.192 GB) Processed On GPU 
	| Duration : 1.468448 ms
	| Bandwidth : 1045.427693 Gb/s
>> 196608 Packets (0.295898 GB) Transfered From Device to Host
	| Duration : 17.339008 ms
	| Bandwidth : 136.523811 Gb/s
---------------------------------------------------------------

>> Chunk 485 Started
196608 Packets Was Read From Pcap File
>> 196608 Packets (0.295898 GB) Transfered From Host To Device 
	| Duration : 16.311840 ms
	| Bandwidth : 145.120814 Gb/s
>> RuleGraph Was Processed For 256 Threads Per Block 
>> 196608 Packets (0.192 GB) Processed On GPU 
	| Duration : 1.477152 ms
	| Bandwidth : 1039.267632 Gb/s
>> 196608 Packets (0.295898 GB) Transfered From Device to Host
	| Duration : 17.470432 ms
	| Bandwidth : 135.496790 Gb/s
---------------------------------------------------------------

>> Chunk 486 Started
196608 Packets Was Read From Pcap File
>> 196608 Packets (0.295898 GB) Transfered From Host To Device 
	| Duration : 16.451040 ms
	| Bandwidth : 143.892876 Gb/s
>> RuleGraph Was Processed For 256 Threads Per Block 
>> 196608 Packets (0.192 GB) Processed On GPU 
	| Duration : 1.473888 ms
	| Bandwidth : 1041.569108 Gb/s
>> 196608 Packets (0.295898 GB) Transfered From Device to Host
	| Duration : 17.338593 ms
	| Bandwidth : 136.527085 Gb/s
---------------------------------------------------------------

>> Chunk 487 Started
196608 Packets Was Read From Pcap File
>> 196608 Packets (0.295898 GB) Transfered From Host To Device 
	| Duration : 16.587040 ms
	| Bandwidth : 142.713076 Gb/s
>> RuleGraph Was Processed For 256 Threads Per Block 
>> 196608 Packets (0.192 GB) Processed On GPU 
	| Duration : 1.460608 ms
	| Bandwidth : 1051.039187 Gb/s
>> 196608 Packets (0.295898 GB) Transfered From Device to Host
	| Duration : 17.347551 ms
	| Bandwidth : 136.456578 Gb/s
---------------------------------------------------------------

>> Chunk 488 Started
196608 Packets Was Read From Pcap File
>> 196608 Packets (0.295898 GB) Transfered From Host To Device 
	| Duration : 16.305183 ms
	| Bandwidth : 145.180060 Gb/s
>> RuleGraph Was Processed For 256 Threads Per Block 
>> 196608 Packets (0.192 GB) Processed On GPU 
	| Duration : 1.484768 ms
	| Bandwidth : 1033.936760 Gb/s
>> 196608 Packets (0.295898 GB) Transfered From Device to Host
	| Duration : 17.268929 ms
	| Bandwidth : 137.077845 Gb/s
---------------------------------------------------------------

>> Chunk 489 Started
196608 Packets Was Read From Pcap File
>> 196608 Packets (0.295898 GB) Transfered From Host To Device 
	| Duration : 16.336416 ms
	| Bandwidth : 144.902497 Gb/s
>> RuleGraph Was Processed For 256 Threads Per Block 
>> 196608 Packets (0.192 GB) Processed On GPU 
	| Duration : 1.470304 ms
	| Bandwidth : 1044.108046 Gb/s
>> 196608 Packets (0.295898 GB) Transfered From Device to Host
	| Duration : 17.392672 ms
	| Bandwidth : 136.102581 Gb/s
---------------------------------------------------------------

>> Chunk 490 Started
196608 Packets Was Read From Pcap File
>> 196608 Packets (0.295898 GB) Transfered From Host To Device 
	| Duration : 16.818144 ms
	| Bandwidth : 140.752007 Gb/s
>> RuleGraph Was Processed For 256 Threads Per Block 
>> 196608 Packets (0.192 GB) Processed On GPU 
	| Duration : 1.458304 ms
	| Bandwidth : 1052.699711 Gb/s
>> 196608 Packets (0.295898 GB) Transfered From Device to Host
	| Duration : 17.308928 ms
	| Bandwidth : 136.761073 Gb/s
---------------------------------------------------------------

>> Chunk 491 Started
196608 Packets Was Read From Pcap File
>> 196608 Packets (0.295898 GB) Transfered From Host To Device 
	| Duration : 16.399584 ms
	| Bandwidth : 144.344364 Gb/s
>> RuleGraph Was Processed For 256 Threads Per Block 
>> 196608 Packets (0.192 GB) Processed On GPU 
	| Duration : 1.456256 ms
	| Bandwidth : 1054.180183 Gb/s
>> 196608 Packets (0.295898 GB) Transfered From Device to Host
	| Duration : 17.391104 ms
	| Bandwidth : 136.114851 Gb/s
---------------------------------------------------------------

>> Chunk 492 Started
196608 Packets Was Read From Pcap File
>> 196608 Packets (0.295898 GB) Transfered From Host To Device 
	| Duration : 16.489153 ms
	| Bandwidth : 143.560286 Gb/s
>> RuleGraph Was Processed For 256 Threads Per Block 
>> 196608 Packets (0.192 GB) Processed On GPU 
	| Duration : 1.492128 ms
	| Bandwidth : 1028.836826 Gb/s
>> 196608 Packets (0.295898 GB) Transfered From Device to Host
	| Duration : 17.425983 ms
	| Bandwidth : 135.842405 Gb/s
---------------------------------------------------------------

>> Chunk 493 Started
196608 Packets Was Read From Pcap File
>> 196608 Packets (0.295898 GB) Transfered From Host To Device 
	| Duration : 16.423264 ms
	| Bandwidth : 144.136243 Gb/s
>> RuleGraph Was Processed For 256 Threads Per Block 
>> 196608 Packets (0.192 GB) Processed On GPU 
	| Duration : 1.466656 ms
	| Bandwidth : 1046.705077 Gb/s
>> 196608 Packets (0.295898 GB) Transfered From Device to Host
	| Duration : 17.470816 ms
	| Bandwidth : 135.493817 Gb/s
---------------------------------------------------------------

>> Chunk 494 Started
196608 Packets Was Read From Pcap File
>> 196608 Packets (0.295898 GB) Transfered From Host To Device 
	| Duration : 16.606337 ms
	| Bandwidth : 142.547243 Gb/s
>> RuleGraph Was Processed For 256 Threads Per Block 
>> 196608 Packets (0.192 GB) Processed On GPU 
	| Duration : 1.460672 ms
	| Bandwidth : 1050.993124 Gb/s
>> 196608 Packets (0.295898 GB) Transfered From Device to Host
	| Duration : 17.500383 ms
	| Bandwidth : 135.264894 Gb/s
---------------------------------------------------------------

>> Chunk 495 Started
196608 Packets Was Read From Pcap File
>> 196608 Packets (0.295898 GB) Transfered From Host To Device 
	| Duration : 16.810305 ms
	| Bandwidth : 140.817644 Gb/s
>> RuleGraph Was Processed For 256 Threads Per Block 
>> 196608 Packets (0.192 GB) Processed On GPU 
	| Duration : 1.475200 ms
	| Bandwidth : 1040.642754 Gb/s
>> 196608 Packets (0.295898 GB) Transfered From Device to Host
	| Duration : 17.546528 ms
	| Bandwidth : 134.909169 Gb/s
---------------------------------------------------------------

>> Chunk 496 Started
196608 Packets Was Read From Pcap File
>> 196608 Packets (0.295898 GB) Transfered From Host To Device 
	| Duration : 16.547264 ms
	| Bandwidth : 143.056126 Gb/s
>> RuleGraph Was Processed For 256 Threads Per Block 
>> 196608 Packets (0.192 GB) Processed On GPU 
	| Duration : 1.459360 ms
	| Bandwidth : 1051.938005 Gb/s
>> 196608 Packets (0.295898 GB) Transfered From Device to Host
	| Duration : 17.442017 ms
	| Bandwidth : 135.717535 Gb/s
---------------------------------------------------------------

>> Chunk 497 Started
196608 Packets Was Read From Pcap File
>> 196608 Packets (0.295898 GB) Transfered From Host To Device 
	| Duration : 16.602720 ms
	| Bandwidth : 142.578292 Gb/s
>> RuleGraph Was Processed For 256 Threads Per Block 
>> 196608 Packets (0.192 GB) Processed On GPU 
	| Duration : 1.461856 ms
	| Bandwidth : 1050.141903 Gb/s
>> 196608 Packets (0.295898 GB) Transfered From Device to Host
	| Duration : 17.422272 ms
	| Bandwidth : 135.871345 Gb/s
---------------------------------------------------------------

>> Chunk 498 Started
196608 Packets Was Read From Pcap File
>> 196608 Packets (0.295898 GB) Transfered From Host To Device 
	| Duration : 16.479456 ms
	| Bandwidth : 143.644760 Gb/s
>> RuleGraph Was Processed For 256 Threads Per Block 
>> 196608 Packets (0.192 GB) Processed On GPU 
	| Duration : 1.476128 ms
	| Bandwidth : 1039.988584 Gb/s
>> 196608 Packets (0.295898 GB) Transfered From Device to Host
	| Duration : 17.503584 ms
	| Bandwidth : 135.240161 Gb/s
---------------------------------------------------------------

>> Chunk 499 Started
196608 Packets Was Read From Pcap File
>> 196608 Packets (0.295898 GB) Transfered From Host To Device 
	| Duration : 16.652927 ms
	| Bandwidth : 142.148431 Gb/s
>> RuleGraph Was Processed For 256 Threads Per Block 
>> 196608 Packets (0.192 GB) Processed On GPU 
	| Duration : 1.467456 ms
	| Bandwidth : 1046.134445 Gb/s
>> 196608 Packets (0.295898 GB) Transfered From Device to Host
	| Duration : 17.532192 ms
	| Bandwidth : 135.019481 Gb/s
---------------------------------------------------------------

>> Chunk 500 Started
196608 Packets Was Read From Pcap File
>> 196608 Packets (0.295898 GB) Transfered From Host To Device 
	| Duration : 16.511265 ms
	| Bandwidth : 143.368030 Gb/s
>> RuleGraph Was Processed For 256 Threads Per Block 
>> 196608 Packets (0.192 GB) Processed On GPU 
	| Duration : 1.475232 ms
	| Bandwidth : 1040.620217 Gb/s
>> 196608 Packets (0.295898 GB) Transfered From Device to Host
	| Duration : 17.990273 ms
	| Bandwidth : 131.581525 Gb/s
---------------------------------------------------------------

>> Chunk 501 Started
196608 Packets Was Read From Pcap File
>> 196608 Packets (0.295898 GB) Transfered From Host To Device 
	| Duration : 16.554239 ms
	| Bandwidth : 142.995849 Gb/s
>> RuleGraph Was Processed For 256 Threads Per Block 
>> 196608 Packets (0.192 GB) Processed On GPU 
	| Duration : 1.460768 ms
	| Bandwidth : 1050.924080 Gb/s
>> 196608 Packets (0.295898 GB) Transfered From Device to Host
	| Duration : 17.467104 ms
	| Bandwidth : 135.522609 Gb/s
---------------------------------------------------------------

>> Chunk 502 Started
196608 Packets Was Read From Pcap File
>> 196608 Packets (0.295898 GB) Transfered From Host To Device 
	| Duration : 16.555584 ms
	| Bandwidth : 142.984235 Gb/s
>> RuleGraph Was Processed For 256 Threads Per Block 
>> 196608 Packets (0.192 GB) Processed On GPU 
	| Duration : 1.468672 ms
	| Bandwidth : 1045.268250 Gb/s
>> 196608 Packets (0.295898 GB) Transfered From Device to Host
	| Duration : 17.663776 ms
	| Bandwidth : 134.013670 Gb/s
---------------------------------------------------------------

>> Chunk 503 Started
196608 Packets Was Read From Pcap File
>> 196608 Packets (0.295898 GB) Transfered From Host To Device 
	| Duration : 16.427296 ms
	| Bandwidth : 144.100864 Gb/s
>> RuleGraph Was Processed For 256 Threads Per Block 
>> 196608 Packets (0.192 GB) Processed On GPU 
	| Duration : 1.461408 ms
	| Bandwidth : 1050.463820 Gb/s
>> 196608 Packets (0.295898 GB) Transfered From Device to Host
	| Duration : 17.348480 ms
	| Bandwidth : 136.449272 Gb/s
---------------------------------------------------------------

>> Chunk 504 Started
196608 Packets Was Read From Pcap File
>> 196608 Packets (0.295898 GB) Transfered From Host To Device 
	| Duration : 16.276512 ms
	| Bandwidth : 145.435796 Gb/s
>> RuleGraph Was Processed For 256 Threads Per Block 
>> 196608 Packets (0.192 GB) Processed On GPU 
	| Duration : 1.467872 ms
	| Bandwidth : 1045.837938 Gb/s
>> 196608 Packets (0.295898 GB) Transfered From Device to Host
	| Duration : 17.334017 ms
	| Bandwidth : 136.563125 Gb/s
---------------------------------------------------------------

>> Chunk 505 Started
196608 Packets Was Read From Pcap File
>> 196608 Packets (0.295898 GB) Transfered From Host To Device 
	| Duration : 16.391872 ms
	| Bandwidth : 144.412270 Gb/s
>> RuleGraph Was Processed For 256 Threads Per Block 
>> 196608 Packets (0.192 GB) Processed On GPU 
	| Duration : 1.459392 ms
	| Bandwidth : 1051.914976 Gb/s
>> 196608 Packets (0.295898 GB) Transfered From Device to Host
	| Duration : 17.362816 ms
	| Bandwidth : 136.336613 Gb/s
---------------------------------------------------------------

>> Chunk 506 Started
196608 Packets Was Read From Pcap File
>> 196608 Packets (0.295898 GB) Transfered From Host To Device 
	| Duration : 16.649471 ms
	| Bandwidth : 142.177938 Gb/s
>> RuleGraph Was Processed For 256 Threads Per Block 
>> 196608 Packets (0.192 GB) Processed On GPU 
	| Duration : 1.477824 ms
	| Bandwidth : 1038.795065 Gb/s
>> 196608 Packets (0.295898 GB) Transfered From Device to Host
	| Duration : 17.527777 ms
	| Bandwidth : 135.053495 Gb/s
---------------------------------------------------------------

>> Chunk 507 Started
196608 Packets Was Read From Pcap File
>> 196608 Packets (0.295898 GB) Transfered From Host To Device 
	| Duration : 16.568960 ms
	| Bandwidth : 142.868802 Gb/s
>> RuleGraph Was Processed For 256 Threads Per Block 
>> 196608 Packets (0.192 GB) Processed On GPU 
	| Duration : 1.531424 ms
	| Bandwidth : 1002.437081 Gb/s
>> 196608 Packets (0.295898 GB) Transfered From Device to Host
	| Duration : 17.403456 ms
	| Bandwidth : 136.018245 Gb/s
---------------------------------------------------------------

>> Chunk 508 Started
196608 Packets Was Read From Pcap File
>> 196608 Packets (0.295898 GB) Transfered From Host To Device 
	| Duration : 16.629503 ms
	| Bandwidth : 142.348660 Gb/s
>> RuleGraph Was Processed For 256 Threads Per Block 
>> 196608 Packets (0.192 GB) Processed On GPU 
	| Duration : 1.468832 ms
	| Bandwidth : 1045.154404 Gb/s
>> 196608 Packets (0.295898 GB) Transfered From Device to Host
	| Duration : 17.495935 ms
	| Bandwidth : 135.299282 Gb/s
---------------------------------------------------------------

>> Chunk 509 Started
196608 Packets Was Read From Pcap File
>> 196608 Packets (0.295898 GB) Transfered From Host To Device 
	| Duration : 16.503649 ms
	| Bandwidth : 143.434191 Gb/s
>> RuleGraph Was Processed For 256 Threads Per Block 
>> 196608 Packets (0.192 GB) Processed On GPU 
	| Duration : 1.465824 ms
	| Bandwidth : 1047.299158 Gb/s
>> 196608 Packets (0.295898 GB) Transfered From Device to Host
	| Duration : 17.743776 ms
	| Bandwidth : 133.409453 Gb/s
---------------------------------------------------------------

>> Chunk 510 Started
196608 Packets Was Read From Pcap File
>> 196608 Packets (0.295898 GB) Transfered From Host To Device 
	| Duration : 16.498016 ms
	| Bandwidth : 143.483159 Gb/s
>> RuleGraph Was Processed For 256 Threads Per Block 
>> 196608 Packets (0.192 GB) Processed On GPU 
	| Duration : 1.469568 ms
	| Bandwidth : 1044.630963 Gb/s
>> 196608 Packets (0.295898 GB) Transfered From Device to Host
	| Duration : 17.446625 ms
	| Bandwidth : 135.681688 Gb/s
---------------------------------------------------------------

>> Chunk 511 Started
196608 Packets Was Read From Pcap File
>> 196608 Packets (0.295898 GB) Transfered From Host To Device 
	| Duration : 16.435200 ms
	| Bandwidth : 144.031563 Gb/s
>> RuleGraph Was Processed For 256 Threads Per Block 
>> 196608 Packets (0.192 GB) Processed On GPU 
	| Duration : 1.480160 ms
	| Bandwidth : 1037.155613 Gb/s
>> 196608 Packets (0.295898 GB) Transfered From Device to Host
	| Duration : 17.414495 ms
	| Bandwidth : 135.932017 Gb/s
---------------------------------------------------------------

>> Chunk 512 Started
196608 Packets Was Read From Pcap File
>> 196608 Packets (0.295898 GB) Transfered From Host To Device 
	| Duration : 16.664543 ms
	| Bandwidth : 142.049349 Gb/s
>> RuleGraph Was Processed For 256 Threads Per Block 
>> 196608 Packets (0.192 GB) Processed On GPU 
	| Duration : 1.476256 ms
	| Bandwidth : 1039.898389 Gb/s
>> 196608 Packets (0.295898 GB) Transfered From Device to Host
	| Duration : 17.486208 ms
	| Bandwidth : 135.374548 Gb/s
---------------------------------------------------------------

>> Chunk 513 Started
196608 Packets Was Read From Pcap File
>> 196608 Packets (0.295898 GB) Transfered From Host To Device 
	| Duration : 16.563423 ms
	| Bandwidth : 142.916562 Gb/s
>> RuleGraph Was Processed For 256 Threads Per Block 
>> 196608 Packets (0.192 GB) Processed On GPU 
	| Duration : 1.464576 ms
	| Bandwidth : 1048.191588 Gb/s
>> 196608 Packets (0.295898 GB) Transfered From Device to Host
	| Duration : 17.393536 ms
	| Bandwidth : 136.095820 Gb/s
---------------------------------------------------------------

>> Chunk 514 Started
196608 Packets Was Read From Pcap File
>> 196608 Packets (0.295898 GB) Transfered From Host To Device 
	| Duration : 16.311584 ms
	| Bandwidth : 145.123087 Gb/s
>> RuleGraph Was Processed For 256 Threads Per Block 
>> 196608 Packets (0.192 GB) Processed On GPU 
	| Duration : 1.467008 ms
	| Bandwidth : 1046.453909 Gb/s
>> 196608 Packets (0.295898 GB) Transfered From Device to Host
	| Duration : 17.513536 ms
	| Bandwidth : 135.163307 Gb/s
---------------------------------------------------------------

>> Chunk 515 Started
196608 Packets Was Read From Pcap File
>> 196608 Packets (0.295898 GB) Transfered From Host To Device 
	| Duration : 16.474049 ms
	| Bandwidth : 143.691909 Gb/s
>> RuleGraph Was Processed For 256 Threads Per Block 
>> 196608 Packets (0.192 GB) Processed On GPU 
	| Duration : 1.477600 ms
	| Bandwidth : 1038.952540 Gb/s
>> 196608 Packets (0.295898 GB) Transfered From Device to Host
	| Duration : 17.319807 ms
	| Bandwidth : 136.675166 Gb/s
---------------------------------------------------------------

>> Chunk 516 Started
196608 Packets Was Read From Pcap File
>> 196608 Packets (0.295898 GB) Transfered From Host To Device 
	| Duration : 16.765120 ms
	| Bandwidth : 141.197174 Gb/s
>> RuleGraph Was Processed For 256 Threads Per Block 
>> 196608 Packets (0.192 GB) Processed On GPU 
	| Duration : 1.466144 ms
	| Bandwidth : 1047.070606 Gb/s
>> 196608 Packets (0.295898 GB) Transfered From Device to Host
	| Duration : 17.389088 ms
	| Bandwidth : 136.130632 Gb/s
---------------------------------------------------------------

>> Chunk 517 Started
196608 Packets Was Read From Pcap File
>> 196608 Packets (0.295898 GB) Transfered From Host To Device 
	| Duration : 16.539200 ms
	| Bandwidth : 143.125878 Gb/s
>> RuleGraph Was Processed For 256 Threads Per Block 
>> 196608 Packets (0.192 GB) Processed On GPU 
	| Duration : 1.464608 ms
	| Bandwidth : 1048.168724 Gb/s
>> 196608 Packets (0.295898 GB) Transfered From Device to Host
	| Duration : 17.342720 ms
	| Bandwidth : 136.494592 Gb/s
---------------------------------------------------------------

>> Chunk 518 Started
196608 Packets Was Read From Pcap File
>> 196608 Packets (0.295898 GB) Transfered From Host To Device 
	| Duration : 16.496096 ms
	| Bandwidth : 143.499865 Gb/s
>> RuleGraph Was Processed For 256 Threads Per Block 
>> 196608 Packets (0.192 GB) Processed On GPU 
	| Duration : 1.467680 ms
	| Bandwidth : 1045.974786 Gb/s
>> 196608 Packets (0.295898 GB) Transfered From Device to Host
	| Duration : 17.503103 ms
	| Bandwidth : 135.243874 Gb/s
---------------------------------------------------------------

>> Chunk 519 Started
196608 Packets Was Read From Pcap File
>> 196608 Packets (0.295898 GB) Transfered From Host To Device 
	| Duration : 16.415840 ms
	| Bandwidth : 144.201422 Gb/s
>> RuleGraph Was Processed For 256 Threads Per Block 
>> 196608 Packets (0.192 GB) Processed On GPU 
	| Duration : 1.475616 ms
	| Bandwidth : 1040.349436 Gb/s
>> 196608 Packets (0.295898 GB) Transfered From Device to Host
	| Duration : 17.334368 ms
	| Bandwidth : 136.560360 Gb/s
---------------------------------------------------------------

>> Chunk 520 Started
196608 Packets Was Read From Pcap File
>> 196608 Packets (0.295898 GB) Transfered From Host To Device 
	| Duration : 16.332289 ms
	| Bandwidth : 144.939116 Gb/s
>> RuleGraph Was Processed For 256 Threads Per Block 
>> 196608 Packets (0.192 GB) Processed On GPU 
	| Duration : 1.461664 ms
	| Bandwidth : 1050.279880 Gb/s
>> 196608 Packets (0.295898 GB) Transfered From Device to Host
	| Duration : 17.273727 ms
	| Bandwidth : 137.039762 Gb/s
---------------------------------------------------------------

>> Chunk 521 Started
196608 Packets Was Read From Pcap File
>> 196608 Packets (0.295898 GB) Transfered From Host To Device 
	| Duration : 16.524288 ms
	| Bandwidth : 143.255036 Gb/s
>> RuleGraph Was Processed For 256 Threads Per Block 
>> 196608 Packets (0.192 GB) Processed On GPU 
	| Duration : 1.472768 ms
	| Bandwidth : 1042.361257 Gb/s
>> 196608 Packets (0.295898 GB) Transfered From Device to Host
	| Duration : 17.492096 ms
	| Bandwidth : 135.328980 Gb/s
---------------------------------------------------------------

>> Chunk 522 Started
196608 Packets Was Read From Pcap File
>> 196608 Packets (0.295898 GB) Transfered From Host To Device 
	| Duration : 16.719936 ms
	| Bandwidth : 141.578739 Gb/s
>> RuleGraph Was Processed For 256 Threads Per Block 
>> 196608 Packets (0.192 GB) Processed On GPU 
	| Duration : 1.468256 ms
	| Bandwidth : 1045.564434 Gb/s
>> 196608 Packets (0.295898 GB) Transfered From Device to Host
	| Duration : 17.350464 ms
	| Bandwidth : 136.433672 Gb/s
---------------------------------------------------------------

>> Chunk 523 Started
196608 Packets Was Read From Pcap File
>> 196608 Packets (0.295898 GB) Transfered From Host To Device 
	| Duration : 16.595425 ms
	| Bandwidth : 142.640972 Gb/s
>> RuleGraph Was Processed For 256 Threads Per Block 
>> 196608 Packets (0.192 GB) Processed On GPU 
	| Duration : 1.471552 ms
	| Bandwidth : 1043.222553 Gb/s
>> 196608 Packets (0.295898 GB) Transfered From Device to Host
	| Duration : 17.496576 ms
	| Bandwidth : 135.294326 Gb/s
---------------------------------------------------------------

>> Chunk 524 Started
196608 Packets Was Read From Pcap File
>> 196608 Packets (0.295898 GB) Transfered From Host To Device 
	| Duration : 16.515072 ms
	| Bandwidth : 143.334980 Gb/s
>> RuleGraph Was Processed For 256 Threads Per Block 
>> 196608 Packets (0.192 GB) Processed On GPU 
	| Duration : 1.472864 ms
	| Bandwidth : 1042.293258 Gb/s
>> 196608 Packets (0.295898 GB) Transfered From Device to Host
	| Duration : 17.601248 ms
	| Bandwidth : 134.489755 Gb/s
---------------------------------------------------------------

>> Chunk 525 Started
196608 Packets Was Read From Pcap File
>> 196608 Packets (0.295898 GB) Transfered From Host To Device 
	| Duration : 16.670912 ms
	| Bandwidth : 141.995083 Gb/s
>> RuleGraph Was Processed For 256 Threads Per Block 
>> 196608 Packets (0.192 GB) Processed On GPU 
	| Duration : 1.475776 ms
	| Bandwidth : 1040.236658 Gb/s
>> 196608 Packets (0.295898 GB) Transfered From Device to Host
	| Duration : 17.317568 ms
	| Bandwidth : 136.692838 Gb/s
---------------------------------------------------------------

>> Chunk 526 Started
196608 Packets Was Read From Pcap File
>> 196608 Packets (0.295898 GB) Transfered From Host To Device 
	| Duration : 16.375744 ms
	| Bandwidth : 144.554502 Gb/s
>> RuleGraph Was Processed For 256 Threads Per Block 
>> 196608 Packets (0.192 GB) Processed On GPU 
	| Duration : 1.482656 ms
	| Bandwidth : 1035.409595 Gb/s
>> 196608 Packets (0.295898 GB) Transfered From Device to Host
	| Duration : 17.581696 ms
	| Bandwidth : 134.639318 Gb/s
---------------------------------------------------------------

>> Chunk 527 Started
196608 Packets Was Read From Pcap File
>> 196608 Packets (0.295898 GB) Transfered From Host To Device 
	| Duration : 16.667839 ms
	| Bandwidth : 142.021260 Gb/s
>> RuleGraph Was Processed For 256 Threads Per Block 
>> 196608 Packets (0.192 GB) Processed On GPU 
	| Duration : 1.465088 ms
	| Bandwidth : 1047.825277 Gb/s
>> 196608 Packets (0.295898 GB) Transfered From Device to Host
	| Duration : 18.126144 ms
	| Bandwidth : 130.595203 Gb/s
---------------------------------------------------------------

>> Chunk 528 Started
196608 Packets Was Read From Pcap File
>> 196608 Packets (0.295898 GB) Transfered From Host To Device 
	| Duration : 16.735968 ms
	| Bandwidth : 141.443121 Gb/s
>> RuleGraph Was Processed For 256 Threads Per Block 
>> 196608 Packets (0.192 GB) Processed On GPU 
	| Duration : 1.464832 ms
	| Bandwidth : 1048.008443 Gb/s
>> 196608 Packets (0.295898 GB) Transfered From Device to Host
	| Duration : 17.536928 ms
	| Bandwidth : 134.983018 Gb/s
---------------------------------------------------------------

>> Chunk 529 Started
196608 Packets Was Read From Pcap File
>> 196608 Packets (0.295898 GB) Transfered From Host To Device 
	| Duration : 16.573376 ms
	| Bandwidth : 142.830739 Gb/s
>> RuleGraph Was Processed For 256 Threads Per Block 
>> 196608 Packets (0.192 GB) Processed On GPU 
	| Duration : 1.470912 ms
	| Bandwidth : 1043.676489 Gb/s
>> 196608 Packets (0.295898 GB) Transfered From Device to Host
	| Duration : 17.560928 ms
	| Bandwidth : 134.798540 Gb/s
---------------------------------------------------------------

>> Chunk 530 Started
196608 Packets Was Read From Pcap File
>> 196608 Packets (0.295898 GB) Transfered From Host To Device 
	| Duration : 16.686752 ms
	| Bandwidth : 141.860289 Gb/s
>> RuleGraph Was Processed For 256 Threads Per Block 
>> 196608 Packets (0.192 GB) Processed On GPU 
	| Duration : 1.471712 ms
	| Bandwidth : 1043.109153 Gb/s
>> 196608 Packets (0.295898 GB) Transfered From Device to Host
	| Duration : 17.429024 ms
	| Bandwidth : 135.818709 Gb/s
---------------------------------------------------------------

>> Chunk 531 Started
196608 Packets Was Read From Pcap File
>> 196608 Packets (0.295898 GB) Transfered From Host To Device 
	| Duration : 16.521120 ms
	| Bandwidth : 143.282507 Gb/s
>> RuleGraph Was Processed For 256 Threads Per Block 
>> 196608 Packets (0.192 GB) Processed On GPU 
	| Duration : 1.472960 ms
	| Bandwidth : 1042.225352 Gb/s
>> 196608 Packets (0.295898 GB) Transfered From Device to Host
	| Duration : 17.832256 ms
	| Bandwidth : 132.747503 Gb/s
---------------------------------------------------------------

>> Chunk 532 Started
196608 Packets Was Read From Pcap File
>> 196608 Packets (0.295898 GB) Transfered From Host To Device 
	| Duration : 16.843008 ms
	| Bandwidth : 140.544224 Gb/s
>> RuleGraph Was Processed For 256 Threads Per Block 
>> 196608 Packets (0.192 GB) Processed On GPU 
	| Duration : 1.470848 ms
	| Bandwidth : 1043.721912 Gb/s
>> 196608 Packets (0.295898 GB) Transfered From Device to Host
	| Duration : 17.472992 ms
	| Bandwidth : 135.476941 Gb/s
---------------------------------------------------------------

>> Chunk 533 Started
196608 Packets Was Read From Pcap File
>> 196608 Packets (0.295898 GB) Transfered From Host To Device 
	| Duration : 16.471552 ms
	| Bandwidth : 143.713690 Gb/s
>> RuleGraph Was Processed For 256 Threads Per Block 
>> 196608 Packets (0.192 GB) Processed On GPU 
	| Duration : 1.484448 ms
	| Bandwidth : 1034.159698 Gb/s
>> 196608 Packets (0.295898 GB) Transfered From Device to Host
	| Duration : 17.740864 ms
	| Bandwidth : 133.431355 Gb/s
---------------------------------------------------------------

>> Chunk 534 Started
196608 Packets Was Read From Pcap File
>> 196608 Packets (0.295898 GB) Transfered From Host To Device 
	| Duration : 16.522881 ms
	| Bandwidth : 143.267240 Gb/s
>> RuleGraph Was Processed For 256 Threads Per Block 
>> 196608 Packets (0.192 GB) Processed On GPU 
	| Duration : 1.472544 ms
	| Bandwidth : 1042.519814 Gb/s
>> 196608 Packets (0.295898 GB) Transfered From Device to Host
	| Duration : 17.392256 ms
	| Bandwidth : 136.105835 Gb/s
---------------------------------------------------------------

>> Chunk 535 Started
196608 Packets Was Read From Pcap File
>> 196608 Packets (0.295898 GB) Transfered From Host To Device 
	| Duration : 16.447041 ms
	| Bandwidth : 143.927869 Gb/s
>> RuleGraph Was Processed For 256 Threads Per Block 
>> 196608 Packets (0.192 GB) Processed On GPU 
	| Duration : 1.489664 ms
	| Bandwidth : 1030.538627 Gb/s
>> 196608 Packets (0.295898 GB) Transfered From Device to Host
	| Duration : 17.234976 ms
	| Bandwidth : 137.347886 Gb/s
---------------------------------------------------------------

>> Chunk 536 Started
196608 Packets Was Read From Pcap File
>> 196608 Packets (0.295898 GB) Transfered From Host To Device 
	| Duration : 16.568289 ms
	| Bandwidth : 142.874592 Gb/s
>> RuleGraph Was Processed For 256 Threads Per Block 
>> 196608 Packets (0.192 GB) Processed On GPU 
	| Duration : 1.485536 ms
	| Bandwidth : 1033.402268 Gb/s
>> 196608 Packets (0.295898 GB) Transfered From Device to Host
	| Duration : 17.253984 ms
	| Bandwidth : 137.196571 Gb/s
---------------------------------------------------------------

>> Chunk 537 Started
196608 Packets Was Read From Pcap File
>> 196608 Packets (0.295898 GB) Transfered From Host To Device 
	| Duration : 16.319040 ms
	| Bandwidth : 145.056784 Gb/s
>> RuleGraph Was Processed For 256 Threads Per Block 
>> 196608 Packets (0.192 GB) Processed On GPU 
	| Duration : 1.474784 ms
	| Bandwidth : 1040.936322 Gb/s
>> 196608 Packets (0.295898 GB) Transfered From Device to Host
	| Duration : 17.440128 ms
	| Bandwidth : 135.732229 Gb/s
---------------------------------------------------------------

>> Chunk 538 Started
196608 Packets Was Read From Pcap File
>> 196608 Packets (0.295898 GB) Transfered From Host To Device 
	| Duration : 16.629728 ms
	| Bandwidth : 142.346733 Gb/s
>> RuleGraph Was Processed For 256 Threads Per Block 
>> 196608 Packets (0.192 GB) Processed On GPU 
	| Duration : 1.472512 ms
	| Bandwidth : 1042.542433 Gb/s
>> 196608 Packets (0.295898 GB) Transfered From Device to Host
	| Duration : 17.267456 ms
	| Bandwidth : 137.089534 Gb/s
---------------------------------------------------------------

>> Chunk 539 Started
196608 Packets Was Read From Pcap File
>> 196608 Packets (0.295898 GB) Transfered From Host To Device 
	| Duration : 16.920128 ms
	| Bandwidth : 139.903641 Gb/s
>> RuleGraph Was Processed For 256 Threads Per Block 
>> 196608 Packets (0.192 GB) Processed On GPU 
	| Duration : 1.474048 ms
	| Bandwidth : 1041.456066 Gb/s
>> 196608 Packets (0.295898 GB) Transfered From Device to Host
	| Duration : 17.861919 ms
	| Bandwidth : 132.527051 Gb/s
---------------------------------------------------------------

>> Chunk 540 Started
196608 Packets Was Read From Pcap File
>> 196608 Packets (0.295898 GB) Transfered From Host To Device 
	| Duration : 16.686464 ms
	| Bandwidth : 141.862737 Gb/s
>> RuleGraph Was Processed For 256 Threads Per Block 
>> 196608 Packets (0.192 GB) Processed On GPU 
	| Duration : 1.490624 ms
	| Bandwidth : 1029.874939 Gb/s
>> 196608 Packets (0.295898 GB) Transfered From Device to Host
	| Duration : 17.392576 ms
	| Bandwidth : 136.103328 Gb/s
---------------------------------------------------------------

>> Chunk 541 Started
196608 Packets Was Read From Pcap File
>> 196608 Packets (0.295898 GB) Transfered From Host To Device 
	| Duration : 16.468704 ms
	| Bandwidth : 143.738540 Gb/s
>> RuleGraph Was Processed For 256 Threads Per Block 
>> 196608 Packets (0.192 GB) Processed On GPU 
	| Duration : 1.471488 ms
	| Bandwidth : 1043.267938 Gb/s
>> 196608 Packets (0.295898 GB) Transfered From Device to Host
	| Duration : 17.422815 ms
	| Bandwidth : 135.867106 Gb/s
---------------------------------------------------------------

>> Chunk 542 Started
196608 Packets Was Read From Pcap File
>> 196608 Packets (0.295898 GB) Transfered From Host To Device 
	| Duration : 16.430368 ms
	| Bandwidth : 144.073915 Gb/s
>> RuleGraph Was Processed For 256 Threads Per Block 
>> 196608 Packets (0.192 GB) Processed On GPU 
	| Duration : 1.469792 ms
	| Bandwidth : 1044.471763 Gb/s
>> 196608 Packets (0.295898 GB) Transfered From Device to Host
	| Duration : 17.352415 ms
	| Bandwidth : 136.418331 Gb/s
---------------------------------------------------------------

>> Chunk 543 Started
196608 Packets Was Read From Pcap File
>> 196608 Packets (0.295898 GB) Transfered From Host To Device 
	| Duration : 16.663679 ms
	| Bandwidth : 142.056714 Gb/s
>> RuleGraph Was Processed For 256 Threads Per Block 
>> 196608 Packets (0.192 GB) Processed On GPU 
	| Duration : 1.470400 ms
	| Bandwidth : 1044.039904 Gb/s
>> 196608 Packets (0.295898 GB) Transfered From Device to Host
	| Duration : 17.497503 ms
	| Bandwidth : 135.287159 Gb/s
---------------------------------------------------------------

>> Chunk 544 Started
196608 Packets Was Read From Pcap File
>> 196608 Packets (0.295898 GB) Transfered From Host To Device 
	| Duration : 16.370239 ms
	| Bandwidth : 144.603110 Gb/s
>> RuleGraph Was Processed For 256 Threads Per Block 
>> 196608 Packets (0.192 GB) Processed On GPU 
	| Duration : 1.456512 ms
	| Bandwidth : 1053.994939 Gb/s
>> 196608 Packets (0.295898 GB) Transfered From Device to Host
	| Duration : 17.635872 ms
	| Bandwidth : 134.225714 Gb/s
---------------------------------------------------------------

>> Chunk 545 Started
196608 Packets Was Read From Pcap File
>> 196608 Packets (0.295898 GB) Transfered From Host To Device 
	| Duration : 16.618591 ms
	| Bandwidth : 142.442127 Gb/s
>> RuleGraph Was Processed For 256 Threads Per Block 
>> 196608 Packets (0.192 GB) Processed On GPU 
	| Duration : 1.471136 ms
	| Bandwidth : 1043.517579 Gb/s
>> 196608 Packets (0.295898 GB) Transfered From Device to Host
	| Duration : 17.287296 ms
	| Bandwidth : 136.932199 Gb/s
---------------------------------------------------------------

>> Chunk 546 Started
196608 Packets Was Read From Pcap File
>> 196608 Packets (0.295898 GB) Transfered From Host To Device 
	| Duration : 16.587008 ms
	| Bandwidth : 142.713355 Gb/s
>> RuleGraph Was Processed For 256 Threads Per Block 
>> 196608 Packets (0.192 GB) Processed On GPU 
	| Duration : 1.480896 ms
	| Bandwidth : 1036.640152 Gb/s
>> 196608 Packets (0.295898 GB) Transfered From Device to Host
	| Duration : 17.199265 ms
	| Bandwidth : 137.633065 Gb/s
---------------------------------------------------------------

>> Chunk 547 Started
196608 Packets Was Read From Pcap File
>> 196608 Packets (0.295898 GB) Transfered From Host To Device 
	| Duration : 16.884735 ms
	| Bandwidth : 140.196899 Gb/s
>> RuleGraph Was Processed For 256 Threads Per Block 
>> 196608 Packets (0.192 GB) Processed On GPU 
	| Duration : 1.474048 ms
	| Bandwidth : 1041.456066 Gb/s
>> 196608 Packets (0.295898 GB) Transfered From Device to Host
	| Duration : 17.622784 ms
	| Bandwidth : 134.325402 Gb/s
---------------------------------------------------------------

>> Chunk 548 Started
196608 Packets Was Read From Pcap File
>> 196608 Packets (0.295898 GB) Transfered From Host To Device 
	| Duration : 16.836639 ms
	| Bandwidth : 140.597387 Gb/s
>> RuleGraph Was Processed For 256 Threads Per Block 
>> 196608 Packets (0.192 GB) Processed On GPU 
	| Duration : 1.478208 ms
	| Bandwidth : 1038.525232 Gb/s
>> 196608 Packets (0.295898 GB) Transfered From Device to Host
	| Duration : 17.381727 ms
	| Bandwidth : 136.188278 Gb/s
---------------------------------------------------------------

>> Chunk 549 Started
196608 Packets Was Read From Pcap File
>> 196608 Packets (0.295898 GB) Transfered From Host To Device 
	| Duration : 16.595167 ms
	| Bandwidth : 142.643185 Gb/s
>> RuleGraph Was Processed For 256 Threads Per Block 
>> 196608 Packets (0.192 GB) Processed On GPU 
	| Duration : 1.471136 ms
	| Bandwidth : 1043.517579 Gb/s
>> 196608 Packets (0.295898 GB) Transfered From Device to Host
	| Duration : 17.456703 ms
	| Bandwidth : 135.603354 Gb/s
---------------------------------------------------------------

>> Chunk 550 Started
196608 Packets Was Read From Pcap File
>> 196608 Packets (0.295898 GB) Transfered From Host To Device 
	| Duration : 16.655359 ms
	| Bandwidth : 142.127676 Gb/s
>> RuleGraph Was Processed For 256 Threads Per Block 
>> 196608 Packets (0.192 GB) Processed On GPU 
	| Duration : 1.474656 ms
	| Bandwidth : 1041.026697 Gb/s
>> 196608 Packets (0.295898 GB) Transfered From Device to Host
	| Duration : 17.272224 ms
	| Bandwidth : 137.051687 Gb/s
---------------------------------------------------------------

>> Chunk 551 Started
196608 Packets Was Read From Pcap File
>> 196608 Packets (0.295898 GB) Transfered From Host To Device 
	| Duration : 16.359903 ms
	| Bandwidth : 144.694467 Gb/s
>> RuleGraph Was Processed For 256 Threads Per Block 
>> 196608 Packets (0.192 GB) Processed On GPU 
	| Duration : 1.489376 ms
	| Bandwidth : 1030.737908 Gb/s
>> 196608 Packets (0.295898 GB) Transfered From Device to Host
	| Duration : 17.379040 ms
	| Bandwidth : 136.209338 Gb/s
---------------------------------------------------------------

>> Chunk 552 Started
196608 Packets Was Read From Pcap File
>> 196608 Packets (0.295898 GB) Transfered From Host To Device 
	| Duration : 16.496193 ms
	| Bandwidth : 143.499019 Gb/s
>> RuleGraph Was Processed For 256 Threads Per Block 
>> 196608 Packets (0.192 GB) Processed On GPU 
	| Duration : 1.468544 ms
	| Bandwidth : 1045.359379 Gb/s
>> 196608 Packets (0.295898 GB) Transfered From Device to Host
	| Duration : 17.411039 ms
	| Bandwidth : 135.959000 Gb/s
---------------------------------------------------------------

>> Chunk 553 Started
196608 Packets Was Read From Pcap File
>> 196608 Packets (0.295898 GB) Transfered From Host To Device 
	| Duration : 16.359039 ms
	| Bandwidth : 144.702110 Gb/s
>> RuleGraph Was Processed For 256 Threads Per Block 
>> 196608 Packets (0.192 GB) Processed On GPU 
	| Duration : 1.474656 ms
	| Bandwidth : 1041.026697 Gb/s
>> 196608 Packets (0.295898 GB) Transfered From Device to Host
	| Duration : 17.356735 ms
	| Bandwidth : 136.384376 Gb/s
---------------------------------------------------------------

>> Chunk 554 Started
196608 Packets Was Read From Pcap File
>> 196608 Packets (0.295898 GB) Transfered From Host To Device 
	| Duration : 16.514496 ms
	| Bandwidth : 143.339980 Gb/s
>> RuleGraph Was Processed For 256 Threads Per Block 
>> 196608 Packets (0.192 GB) Processed On GPU 
	| Duration : 1.481152 ms
	| Bandwidth : 1036.460937 Gb/s
>> 196608 Packets (0.295898 GB) Transfered From Device to Host
	| Duration : 17.388609 ms
	| Bandwidth : 136.134380 Gb/s
---------------------------------------------------------------

>> Chunk 555 Started
196608 Packets Was Read From Pcap File
>> 196608 Packets (0.295898 GB) Transfered From Host To Device 
	| Duration : 16.785824 ms
	| Bandwidth : 141.023016 Gb/s
>> RuleGraph Was Processed For 256 Threads Per Block 
>> 196608 Packets (0.192 GB) Processed On GPU 
	| Duration : 1.469664 ms
	| Bandwidth : 1044.562753 Gb/s
>> 196608 Packets (0.295898 GB) Transfered From Device to Host
	| Duration : 17.409632 ms
	| Bandwidth : 135.969993 Gb/s
---------------------------------------------------------------

>> Chunk 556 Started
196608 Packets Was Read From Pcap File
>> 196608 Packets (0.295898 GB) Transfered From Host To Device 
	| Duration : 16.536448 ms
	| Bandwidth : 143.149700 Gb/s
>> RuleGraph Was Processed For 256 Threads Per Block 
>> 196608 Packets (0.192 GB) Processed On GPU 
	| Duration : 1.479104 ms
	| Bandwidth : 1037.896055 Gb/s
>> 196608 Packets (0.295898 GB) Transfered From Device to Host
	| Duration : 17.454687 ms
	| Bandwidth : 135.619016 Gb/s
---------------------------------------------------------------

>> Chunk 557 Started
196608 Packets Was Read From Pcap File
>> 196608 Packets (0.295898 GB) Transfered From Host To Device 
	| Duration : 16.342079 ms
	| Bandwidth : 144.852284 Gb/s
>> RuleGraph Was Processed For 256 Threads Per Block 
>> 196608 Packets (0.192 GB) Processed On GPU 
	| Duration : 1.467552 ms
	| Bandwidth : 1046.066038 Gb/s
>> 196608 Packets (0.295898 GB) Transfered From Device to Host
	| Duration : 17.443136 ms
	| Bandwidth : 135.708824 Gb/s
---------------------------------------------------------------

>> Chunk 558 Started
196608 Packets Was Read From Pcap File
>> 196608 Packets (0.295898 GB) Transfered From Host To Device 
	| Duration : 16.525345 ms
	| Bandwidth : 143.245876 Gb/s
>> RuleGraph Was Processed For 256 Threads Per Block 
>> 196608 Packets (0.192 GB) Processed On GPU 
	| Duration : 1.458784 ms
	| Bandwidth : 1052.353376 Gb/s
>> 196608 Packets (0.295898 GB) Transfered From Device to Host
	| Duration : 17.436064 ms
	| Bandwidth : 135.763870 Gb/s
---------------------------------------------------------------

>> Chunk 559 Started
196608 Packets Was Read From Pcap File
>> 196608 Packets (0.295898 GB) Transfered From Host To Device 
	| Duration : 16.312449 ms
	| Bandwidth : 145.115401 Gb/s
>> RuleGraph Was Processed For 256 Threads Per Block 
>> 196608 Packets (0.192 GB) Processed On GPU 
	| Duration : 1.472352 ms
	| Bandwidth : 1042.655711 Gb/s
>> 196608 Packets (0.295898 GB) Transfered From Device to Host
	| Duration : 17.457600 ms
	| Bandwidth : 135.596391 Gb/s
---------------------------------------------------------------

>> Chunk 560 Started
196608 Packets Was Read From Pcap File
>> 196608 Packets (0.295898 GB) Transfered From Host To Device 
	| Duration : 16.520416 ms
	| Bandwidth : 143.288611 Gb/s
>> RuleGraph Was Processed For 256 Threads Per Block 
>> 196608 Packets (0.192 GB) Processed On GPU 
	| Duration : 1.486176 ms
	| Bandwidth : 1032.957224 Gb/s
>> 196608 Packets (0.295898 GB) Transfered From Device to Host
	| Duration : 17.357599 ms
	| Bandwidth : 136.377587 Gb/s
---------------------------------------------------------------

>> Chunk 561 Started
196608 Packets Was Read From Pcap File
>> 196608 Packets (0.295898 GB) Transfered From Host To Device 
	| Duration : 16.609632 ms
	| Bandwidth : 142.518957 Gb/s
>> RuleGraph Was Processed For 256 Threads Per Block 
>> 196608 Packets (0.192 GB) Processed On GPU 
	| Duration : 1.473568 ms
	| Bandwidth : 1041.795349 Gb/s
>> 196608 Packets (0.295898 GB) Transfered From Device to Host
	| Duration : 17.572096 ms
	| Bandwidth : 134.712872 Gb/s
---------------------------------------------------------------

>> Chunk 562 Started
196608 Packets Was Read From Pcap File
>> 196608 Packets (0.295898 GB) Transfered From Host To Device 
	| Duration : 16.321472 ms
	| Bandwidth : 145.035171 Gb/s
>> RuleGraph Was Processed For 256 Threads Per Block 
>> 196608 Packets (0.192 GB) Processed On GPU 
	| Duration : 1.481824 ms
	| Bandwidth : 1035.990919 Gb/s
>> 196608 Packets (0.295898 GB) Transfered From Device to Host
	| Duration : 17.476255 ms
	| Bandwidth : 135.451642 Gb/s
---------------------------------------------------------------

>> Chunk 563 Started
196608 Packets Was Read From Pcap File
>> 196608 Packets (0.295898 GB) Transfered From Host To Device 
	| Duration : 16.671713 ms
	| Bandwidth : 141.988260 Gb/s
>> RuleGraph Was Processed For 256 Threads Per Block 
>> 196608 Packets (0.192 GB) Processed On GPU 
	| Duration : 1.473024 ms
	| Bandwidth : 1042.180059 Gb/s
>> 196608 Packets (0.295898 GB) Transfered From Device to Host
	| Duration : 17.752129 ms
	| Bandwidth : 133.346685 Gb/s
---------------------------------------------------------------

>> Chunk 564 Started
196608 Packets Was Read From Pcap File
>> 196608 Packets (0.295898 GB) Transfered From Host To Device 
	| Duration : 16.499584 ms
	| Bandwidth : 143.469525 Gb/s
>> RuleGraph Was Processed For 256 Threads Per Block 
>> 196608 Packets (0.192 GB) Processed On GPU 
	| Duration : 1.472256 ms
	| Bandwidth : 1042.723757 Gb/s
>> 196608 Packets (0.295898 GB) Transfered From Device to Host
	| Duration : 17.362017 ms
	| Bandwidth : 136.342888 Gb/s
---------------------------------------------------------------

>> Chunk 565 Started
196608 Packets Was Read From Pcap File
>> 196608 Packets (0.295898 GB) Transfered From Host To Device 
	| Duration : 16.676128 ms
	| Bandwidth : 141.950664 Gb/s
>> RuleGraph Was Processed For 256 Threads Per Block 
>> 196608 Packets (0.192 GB) Processed On GPU 
	| Duration : 1.475840 ms
	| Bandwidth : 1040.191537 Gb/s
>> 196608 Packets (0.295898 GB) Transfered From Device to Host
	| Duration : 17.304768 ms
	| Bandwidth : 136.793949 Gb/s
---------------------------------------------------------------

>> Chunk 566 Started
196608 Packets Was Read From Pcap File
>> 196608 Packets (0.295898 GB) Transfered From Host To Device 
	| Duration : 16.282112 ms
	| Bandwidth : 145.385776 Gb/s
>> RuleGraph Was Processed For 256 Threads Per Block 
>> 196608 Packets (0.192 GB) Processed On GPU 
	| Duration : 1.472448 ms
	| Bandwidth : 1042.587758 Gb/s
>> 196608 Packets (0.295898 GB) Transfered From Device to Host
	| Duration : 17.305696 ms
	| Bandwidth : 136.786607 Gb/s
---------------------------------------------------------------

>> Chunk 567 Started
196608 Packets Was Read From Pcap File
>> 196608 Packets (0.295898 GB) Transfered From Host To Device 
	| Duration : 16.310305 ms
	| Bandwidth : 145.134475 Gb/s
>> RuleGraph Was Processed For 256 Threads Per Block 
>> 196608 Packets (0.192 GB) Processed On GPU 
	| Duration : 1.474688 ms
	| Bandwidth : 1041.004060 Gb/s
>> 196608 Packets (0.295898 GB) Transfered From Device to Host
	| Duration : 17.392576 ms
	| Bandwidth : 136.103328 Gb/s
---------------------------------------------------------------

>> Chunk 568 Started
196608 Packets Was Read From Pcap File
>> 196608 Packets (0.295898 GB) Transfered From Host To Device 
	| Duration : 16.481792 ms
	| Bandwidth : 143.624397 Gb/s
>> RuleGraph Was Processed For 256 Threads Per Block 
>> 196608 Packets (0.192 GB) Processed On GPU 
	| Duration : 1.475680 ms
	| Bandwidth : 1040.304305 Gb/s
>> 196608 Packets (0.295898 GB) Transfered From Device to Host
	| Duration : 17.848160 ms
	| Bandwidth : 132.629219 Gb/s
---------------------------------------------------------------

>> Chunk 569 Started
196608 Packets Was Read From Pcap File
>> 196608 Packets (0.295898 GB) Transfered From Host To Device 
	| Duration : 16.464832 ms
	| Bandwidth : 143.772342 Gb/s
>> RuleGraph Was Processed For 256 Threads Per Block 
>> 196608 Packets (0.192 GB) Processed On GPU 
	| Duration : 1.478912 ms
	| Bandwidth : 1038.030832 Gb/s
>> 196608 Packets (0.295898 GB) Transfered From Device to Host
	| Duration : 17.439039 ms
	| Bandwidth : 135.740706 Gb/s
---------------------------------------------------------------

>> Chunk 570 Started
196608 Packets Was Read From Pcap File
>> 196608 Packets (0.295898 GB) Transfered From Host To Device 
	| Duration : 16.281857 ms
	| Bandwidth : 145.388058 Gb/s
>> RuleGraph Was Processed For 256 Threads Per Block 
>> 196608 Packets (0.192 GB) Processed On GPU 
	| Duration : 1.473184 ms
	| Bandwidth : 1042.066884 Gb/s
>> 196608 Packets (0.295898 GB) Transfered From Device to Host
	| Duration : 17.472927 ms
	| Bandwidth : 135.477444 Gb/s
---------------------------------------------------------------

>> Chunk 571 Started
196608 Packets Was Read From Pcap File
>> 196608 Packets (0.295898 GB) Transfered From Host To Device 
	| Duration : 16.888737 ms
	| Bandwidth : 140.163681 Gb/s
>> RuleGraph Was Processed For 256 Threads Per Block 
>> 196608 Packets (0.192 GB) Processed On GPU 
	| Duration : 1.491488 ms
	| Bandwidth : 1029.278325 Gb/s
>> 196608 Packets (0.295898 GB) Transfered From Device to Host
	| Duration : 17.397823 ms
	| Bandwidth : 136.062279 Gb/s
---------------------------------------------------------------

>> Chunk 572 Started
196608 Packets Was Read From Pcap File
>> 196608 Packets (0.295898 GB) Transfered From Host To Device 
	| Duration : 16.654816 ms
	| Bandwidth : 142.132315 Gb/s
>> RuleGraph Was Processed For 256 Threads Per Block 
>> 196608 Packets (0.192 GB) Processed On GPU 
	| Duration : 1.472416 ms
	| Bandwidth : 1042.610380 Gb/s
>> 196608 Packets (0.295898 GB) Transfered From Device to Host
	| Duration : 17.470465 ms
	| Bandwidth : 135.496539 Gb/s
---------------------------------------------------------------

>> Chunk 573 Started
196608 Packets Was Read From Pcap File
>> 196608 Packets (0.295898 GB) Transfered From Host To Device 
	| Duration : 16.663296 ms
	| Bandwidth : 142.059982 Gb/s
>> RuleGraph Was Processed For 256 Threads Per Block 
>> 196608 Packets (0.192 GB) Processed On GPU 
	| Duration : 1.474880 ms
	| Bandwidth : 1040.868593 Gb/s
>> 196608 Packets (0.295898 GB) Transfered From Device to Host
	| Duration : 17.455105 ms
	| Bandwidth : 135.615771 Gb/s
---------------------------------------------------------------

>> Chunk 574 Started
196608 Packets Was Read From Pcap File
>> 196608 Packets (0.295898 GB) Transfered From Host To Device 
	| Duration : 16.448193 ms
	| Bandwidth : 143.917788 Gb/s
>> RuleGraph Was Processed For 256 Threads Per Block 
>> 196608 Packets (0.192 GB) Processed On GPU 
	| Duration : 1.464800 ms
	| Bandwidth : 1048.031301 Gb/s
>> 196608 Packets (0.295898 GB) Transfered From Device to Host
	| Duration : 17.337696 ms
	| Bandwidth : 136.534144 Gb/s
---------------------------------------------------------------

>> Chunk 575 Started
196608 Packets Was Read From Pcap File
>> 196608 Packets (0.295898 GB) Transfered From Host To Device 
	| Duration : 16.670879 ms
	| Bandwidth : 141.995359 Gb/s
>> RuleGraph Was Processed For 256 Threads Per Block 
>> 196608 Packets (0.192 GB) Processed On GPU 
	| Duration : 1.471328 ms
	| Bandwidth : 1043.381373 Gb/s
>> 196608 Packets (0.295898 GB) Transfered From Device to Host
	| Duration : 17.534016 ms
	| Bandwidth : 135.005440 Gb/s
---------------------------------------------------------------

>> Chunk 576 Started
196608 Packets Was Read From Pcap File
>> 196608 Packets (0.295898 GB) Transfered From Host To Device 
	| Duration : 16.953983 ms
	| Bandwidth : 139.624267 Gb/s
>> RuleGraph Was Processed For 256 Threads Per Block 
>> 196608 Packets (0.192 GB) Processed On GPU 
	| Duration : 1.470048 ms
	| Bandwidth : 1044.289915 Gb/s
>> 196608 Packets (0.295898 GB) Transfered From Device to Host
	| Duration : 17.399456 ms
	| Bandwidth : 136.049512 Gb/s
---------------------------------------------------------------

>> Chunk 577 Started
196608 Packets Was Read From Pcap File
>> 196608 Packets (0.295898 GB) Transfered From Host To Device 
	| Duration : 16.608513 ms
	| Bandwidth : 142.528565 Gb/s
>> RuleGraph Was Processed For 256 Threads Per Block 
>> 196608 Packets (0.192 GB) Processed On GPU 
	| Duration : 1.464192 ms
	| Bandwidth : 1048.466469 Gb/s
>> 196608 Packets (0.295898 GB) Transfered From Device to Host
	| Duration : 17.528448 ms
	| Bandwidth : 135.048322 Gb/s
---------------------------------------------------------------

>> Chunk 578 Started
196608 Packets Was Read From Pcap File
>> 196608 Packets (0.295898 GB) Transfered From Host To Device 
	| Duration : 16.770369 ms
	| Bandwidth : 141.152980 Gb/s
>> RuleGraph Was Processed For 256 Threads Per Block 
>> 196608 Packets (0.192 GB) Processed On GPU 
	| Duration : 1.474560 ms
	| Bandwidth : 1041.094446 Gb/s
>> 196608 Packets (0.295898 GB) Transfered From Device to Host
	| Duration : 17.625856 ms
	| Bandwidth : 134.301985 Gb/s
---------------------------------------------------------------

>> Chunk 579 Started
196608 Packets Was Read From Pcap File
>> 196608 Packets (0.295898 GB) Transfered From Host To Device 
	| Duration : 16.824160 ms
	| Bandwidth : 140.701679 Gb/s
>> RuleGraph Was Processed For 256 Threads Per Block 
>> 196608 Packets (0.192 GB) Processed On GPU 
	| Duration : 1.467616 ms
	| Bandwidth : 1046.020410 Gb/s
>> 196608 Packets (0.295898 GB) Transfered From Device to Host
	| Duration : 17.527937 ms
	| Bandwidth : 135.052260 Gb/s
---------------------------------------------------------------

>> Chunk 580 Started
196608 Packets Was Read From Pcap File
>> 196608 Packets (0.295898 GB) Transfered From Host To Device 
	| Duration : 16.655457 ms
	| Bandwidth : 142.126846 Gb/s
>> RuleGraph Was Processed For 256 Threads Per Block 
>> 196608 Packets (0.192 GB) Processed On GPU 
	| Duration : 1.464992 ms
	| Bandwidth : 1047.893914 Gb/s
>> 196608 Packets (0.295898 GB) Transfered From Device to Host
	| Duration : 17.478720 ms
	| Bandwidth : 135.432545 Gb/s
---------------------------------------------------------------

>> Chunk 581 Started
196608 Packets Was Read From Pcap File
>> 196608 Packets (0.295898 GB) Transfered From Host To Device 
	| Duration : 16.396769 ms
	| Bandwidth : 144.369147 Gb/s
>> RuleGraph Was Processed For 256 Threads Per Block 
>> 196608 Packets (0.192 GB) Processed On GPU 
	| Duration : 1.466752 ms
	| Bandwidth : 1046.636511 Gb/s
>> 196608 Packets (0.295898 GB) Transfered From Device to Host
	| Duration : 17.552608 ms
	| Bandwidth : 134.862434 Gb/s
---------------------------------------------------------------

>> Chunk 582 Started
196608 Packets Was Read From Pcap File
>> 196608 Packets (0.295898 GB) Transfered From Host To Device 
	| Duration : 16.787489 ms
	| Bandwidth : 141.009028 Gb/s
>> RuleGraph Was Processed For 256 Threads Per Block 
>> 196608 Packets (0.192 GB) Processed On GPU 
	| Duration : 1.480480 ms
	| Bandwidth : 1036.931465 Gb/s
>> 196608 Packets (0.295898 GB) Transfered From Device to Host
	| Duration : 17.308096 ms
	| Bandwidth : 136.767644 Gb/s
---------------------------------------------------------------

>> Chunk 583 Started
196608 Packets Was Read From Pcap File
>> 196608 Packets (0.295898 GB) Transfered From Host To Device 
	| Duration : 16.472736 ms
	| Bandwidth : 143.703356 Gb/s
>> RuleGraph Was Processed For 256 Threads Per Block 
>> 196608 Packets (0.192 GB) Processed On GPU 
	| Duration : 1.478720 ms
	| Bandwidth : 1038.165645 Gb/s
>> 196608 Packets (0.295898 GB) Transfered From Device to Host
	| Duration : 17.437569 ms
	| Bandwidth : 135.752154 Gb/s
---------------------------------------------------------------

>> Chunk 584 Started
196608 Packets Was Read From Pcap File
>> 196608 Packets (0.295898 GB) Transfered From Host To Device 
	| Duration : 16.426975 ms
	| Bandwidth : 144.103675 Gb/s
>> RuleGraph Was Processed For 256 Threads Per Block 
>> 196608 Packets (0.192 GB) Processed On GPU 
	| Duration : 1.462208 ms
	| Bandwidth : 1049.889083 Gb/s
>> 196608 Packets (0.295898 GB) Transfered From Device to Host
	| Duration : 17.428448 ms
	| Bandwidth : 135.823198 Gb/s
---------------------------------------------------------------

>> Chunk 585 Started
196608 Packets Was Read From Pcap File
>> 196608 Packets (0.295898 GB) Transfered From Host To Device 
	| Duration : 16.369152 ms
	| Bandwidth : 144.612714 Gb/s
>> RuleGraph Was Processed For 256 Threads Per Block 
>> 196608 Packets (0.192 GB) Processed On GPU 
	| Duration : 1.480608 ms
	| Bandwidth : 1036.841800 Gb/s
>> 196608 Packets (0.295898 GB) Transfered From Device to Host
	| Duration : 17.428097 ms
	| Bandwidth : 135.825933 Gb/s
---------------------------------------------------------------

>> Chunk 586 Started
196608 Packets Was Read From Pcap File
>> 196608 Packets (0.295898 GB) Transfered From Host To Device 
	| Duration : 16.436417 ms
	| Bandwidth : 144.020899 Gb/s
>> RuleGraph Was Processed For 256 Threads Per Block 
>> 196608 Packets (0.192 GB) Processed On GPU 
	| Duration : 1.475648 ms
	| Bandwidth : 1040.326828 Gb/s
>> 196608 Packets (0.295898 GB) Transfered From Device to Host
	| Duration : 17.699455 ms
	| Bandwidth : 133.743523 Gb/s
---------------------------------------------------------------

>> Chunk 587 Started
196608 Packets Was Read From Pcap File
>> 196608 Packets (0.295898 GB) Transfered From Host To Device 
	| Duration : 16.830080 ms
	| Bandwidth : 140.652183 Gb/s
>> RuleGraph Was Processed For 256 Threads Per Block 
>> 196608 Packets (0.192 GB) Processed On GPU 
	| Duration : 1.479232 ms
	| Bandwidth : 1037.806306 Gb/s
>> 196608 Packets (0.295898 GB) Transfered From Device to Host
	| Duration : 17.530081 ms
	| Bandwidth : 135.035744 Gb/s
---------------------------------------------------------------

>> Chunk 588 Started
196608 Packets Was Read From Pcap File
>> 196608 Packets (0.295898 GB) Transfered From Host To Device 
	| Duration : 16.662752 ms
	| Bandwidth : 142.064617 Gb/s
>> RuleGraph Was Processed For 256 Threads Per Block 
>> 196608 Packets (0.192 GB) Processed On GPU 
	| Duration : 1.485056 ms
	| Bandwidth : 1033.736240 Gb/s
>> 196608 Packets (0.295898 GB) Transfered From Device to Host
	| Duration : 17.374111 ms
	| Bandwidth : 136.247977 Gb/s
---------------------------------------------------------------

>> Chunk 589 Started
196608 Packets Was Read From Pcap File
>> 196608 Packets (0.295898 GB) Transfered From Host To Device 
	| Duration : 16.455488 ms
	| Bandwidth : 143.853982 Gb/s
>> RuleGraph Was Processed For 256 Threads Per Block 
>> 196608 Packets (0.192 GB) Processed On GPU 
	| Duration : 1.469088 ms
	| Bandwidth : 1044.972319 Gb/s
>> 196608 Packets (0.295898 GB) Transfered From Device to Host
	| Duration : 17.458944 ms
	| Bandwidth : 135.585947 Gb/s
---------------------------------------------------------------

>> Chunk 590 Started
196608 Packets Was Read From Pcap File
>> 196608 Packets (0.295898 GB) Transfered From Host To Device 
	| Duration : 16.444927 ms
	| Bandwidth : 143.946365 Gb/s
>> RuleGraph Was Processed For 256 Threads Per Block 
>> 196608 Packets (0.192 GB) Processed On GPU 
	| Duration : 1.476416 ms
	| Bandwidth : 1039.785710 Gb/s
>> 196608 Packets (0.295898 GB) Transfered From Device to Host
	| Duration : 17.354368 ms
	| Bandwidth : 136.402978 Gb/s
---------------------------------------------------------------

>> Chunk 591 Started
196608 Packets Was Read From Pcap File
>> 196608 Packets (0.295898 GB) Transfered From Host To Device 
	| Duration : 16.547808 ms
	| Bandwidth : 143.051427 Gb/s
>> RuleGraph Was Processed For 256 Threads Per Block 
>> 196608 Packets (0.192 GB) Processed On GPU 
	| Duration : 1.487520 ms
	| Bandwidth : 1032.023953 Gb/s
>> 196608 Packets (0.295898 GB) Transfered From Device to Host
	| Duration : 17.638752 ms
	| Bandwidth : 134.203798 Gb/s
---------------------------------------------------------------

>> Chunk 592 Started
196608 Packets Was Read From Pcap File
>> 196608 Packets (0.295898 GB) Transfered From Host To Device 
	| Duration : 16.664127 ms
	| Bandwidth : 142.052893 Gb/s
>> RuleGraph Was Processed For 256 Threads Per Block 
>> 196608 Packets (0.192 GB) Processed On GPU 
	| Duration : 1.473728 ms
	| Bandwidth : 1041.682258 Gb/s
>> 196608 Packets (0.295898 GB) Transfered From Device to Host
	| Duration : 17.545824 ms
	| Bandwidth : 134.914581 Gb/s
---------------------------------------------------------------

>> Chunk 593 Started
196608 Packets Was Read From Pcap File
>> 196608 Packets (0.295898 GB) Transfered From Host To Device 
	| Duration : 16.607489 ms
	| Bandwidth : 142.537355 Gb/s
>> RuleGraph Was Processed For 256 Threads Per Block 
>> 196608 Packets (0.192 GB) Processed On GPU 
	| Duration : 1.484000 ms
	| Bandwidth : 1034.471889 Gb/s
>> 196608 Packets (0.295898 GB) Transfered From Device to Host
	| Duration : 17.463072 ms
	| Bandwidth : 135.553900 Gb/s
---------------------------------------------------------------

>> Chunk 594 Started
196608 Packets Was Read From Pcap File
>> 196608 Packets (0.295898 GB) Transfered From Host To Device 
	| Duration : 17.363775 ms
	| Bandwidth : 136.329080 Gb/s
>> RuleGraph Was Processed For 256 Threads Per Block 
>> 196608 Packets (0.192 GB) Processed On GPU 
	| Duration : 1.473056 ms
	| Bandwidth : 1042.157456 Gb/s
>> 196608 Packets (0.295898 GB) Transfered From Device to Host
	| Duration : 17.655041 ms
	| Bandwidth : 134.079979 Gb/s
---------------------------------------------------------------

>> Chunk 595 Started
196608 Packets Was Read From Pcap File
>> 196608 Packets (0.295898 GB) Transfered From Host To Device 
	| Duration : 16.736832 ms
	| Bandwidth : 141.435819 Gb/s
>> RuleGraph Was Processed For 256 Threads Per Block 
>> 196608 Packets (0.192 GB) Processed On GPU 
	| Duration : 1.469696 ms
	| Bandwidth : 1044.539961 Gb/s
>> 196608 Packets (0.295898 GB) Transfered From Device to Host
	| Duration : 17.319712 ms
	| Bandwidth : 136.675918 Gb/s
---------------------------------------------------------------

>> Chunk 596 Started
196608 Packets Was Read From Pcap File
>> 196608 Packets (0.295898 GB) Transfered From Host To Device 
	| Duration : 16.645409 ms
	| Bandwidth : 142.212640 Gb/s
>> RuleGraph Was Processed For 256 Threads Per Block 
>> 196608 Packets (0.192 GB) Processed On GPU 
	| Duration : 1.482560 ms
	| Bandwidth : 1035.476615 Gb/s
>> 196608 Packets (0.295898 GB) Transfered From Device to Host
	| Duration : 17.515265 ms
	| Bandwidth : 135.149972 Gb/s
---------------------------------------------------------------

>> Chunk 597 Started
196608 Packets Was Read From Pcap File
>> 196608 Packets (0.295898 GB) Transfered From Host To Device 
	| Duration : 16.286753 ms
	| Bandwidth : 145.344351 Gb/s
>> RuleGraph Was Processed For 256 Threads Per Block 
>> 196608 Packets (0.192 GB) Processed On GPU 
	| Duration : 1.486816 ms
	| Bandwidth : 1032.512564 Gb/s
>> 196608 Packets (0.295898 GB) Transfered From Device to Host
	| Duration : 17.298080 ms
	| Bandwidth : 136.846832 Gb/s
---------------------------------------------------------------

>> Chunk 598 Started
196608 Packets Was Read From Pcap File
>> 196608 Packets (0.295898 GB) Transfered From Host To Device 
	| Duration : 16.383713 ms
	| Bandwidth : 144.484192 Gb/s
>> RuleGraph Was Processed For 256 Threads Per Block 
>> 196608 Packets (0.192 GB) Processed On GPU 
	| Duration : 1.479584 ms
	| Bandwidth : 1037.559390 Gb/s
>> 196608 Packets (0.295898 GB) Transfered From Device to Host
	| Duration : 17.535105 ms
	| Bandwidth : 134.997055 Gb/s
---------------------------------------------------------------

>> Chunk 599 Started
196608 Packets Was Read From Pcap File
>> 196608 Packets (0.295898 GB) Transfered From Host To Device 
	| Duration : 16.474527 ms
	| Bandwidth : 143.687734 Gb/s
>> RuleGraph Was Processed For 256 Threads Per Block 
>> 196608 Packets (0.192 GB) Processed On GPU 
	| Duration : 1.465568 ms
	| Bandwidth : 1047.482141 Gb/s
>> 196608 Packets (0.295898 GB) Transfered From Device to Host
	| Duration : 17.595297 ms
	| Bandwidth : 134.535241 Gb/s
---------------------------------------------------------------

>> Chunk 600 Started
196608 Packets Was Read From Pcap File
>> 196608 Packets (0.295898 GB) Transfered From Host To Device 
	| Duration : 16.590912 ms
	| Bandwidth : 142.679771 Gb/s
>> RuleGraph Was Processed For 256 Threads Per Block 
>> 196608 Packets (0.192 GB) Processed On GPU 
	| Duration : 1.463008 ms
	| Bandwidth : 1049.314974 Gb/s
>> 196608 Packets (0.295898 GB) Transfered From Device to Host
	| Duration : 17.224863 ms
	| Bandwidth : 137.428524 Gb/s
---------------------------------------------------------------

>> Chunk 601 Started
196608 Packets Was Read From Pcap File
>> 196608 Packets (0.295898 GB) Transfered From Host To Device 
	| Duration : 16.426081 ms
	| Bandwidth : 144.111523 Gb/s
>> RuleGraph Was Processed For 256 Threads Per Block 
>> 196608 Packets (0.192 GB) Processed On GPU 
	| Duration : 1.459936 ms
	| Bandwidth : 1051.522961 Gb/s
>> 196608 Packets (0.295898 GB) Transfered From Device to Host
	| Duration : 17.662239 ms
	| Bandwidth : 134.025334 Gb/s
---------------------------------------------------------------

>> Chunk 602 Started
196608 Packets Was Read From Pcap File
>> 196608 Packets (0.295898 GB) Transfered From Host To Device 
	| Duration : 16.693377 ms
	| Bandwidth : 141.803996 Gb/s
>> RuleGraph Was Processed For 256 Threads Per Block 
>> 196608 Packets (0.192 GB) Processed On GPU 
	| Duration : 1.467968 ms
	| Bandwidth : 1045.769570 Gb/s
>> 196608 Packets (0.295898 GB) Transfered From Device to Host
	| Duration : 17.382368 ms
	| Bandwidth : 136.183257 Gb/s
---------------------------------------------------------------

>> Chunk 603 Started
196608 Packets Was Read From Pcap File
>> 196608 Packets (0.295898 GB) Transfered From Host To Device 
	| Duration : 16.527361 ms
	| Bandwidth : 143.228402 Gb/s
>> RuleGraph Was Processed For 256 Threads Per Block 
>> 196608 Packets (0.192 GB) Processed On GPU 
	| Duration : 1.473120 ms
	| Bandwidth : 1042.112168 Gb/s
>> 196608 Packets (0.295898 GB) Transfered From Device to Host
	| Duration : 17.331264 ms
	| Bandwidth : 136.584812 Gb/s
---------------------------------------------------------------

>> Chunk 604 Started
196608 Packets Was Read From Pcap File
>> 196608 Packets (0.295898 GB) Transfered From Host To Device 
	| Duration : 16.505217 ms
	| Bandwidth : 143.420566 Gb/s
>> RuleGraph Was Processed For 256 Threads Per Block 
>> 196608 Packets (0.192 GB) Processed On GPU 
	| Duration : 1.478080 ms
	| Bandwidth : 1038.615105 Gb/s
>> 196608 Packets (0.295898 GB) Transfered From Device to Host
	| Duration : 17.322208 ms
	| Bandwidth : 136.656219 Gb/s
---------------------------------------------------------------

>> Chunk 605 Started
196608 Packets Was Read From Pcap File
>> 196608 Packets (0.295898 GB) Transfered From Host To Device 
	| Duration : 17.031584 ms
	| Bandwidth : 138.988102 Gb/s
>> RuleGraph Was Processed For 256 Threads Per Block 
>> 196608 Packets (0.192 GB) Processed On GPU 
	| Duration : 1.471008 ms
	| Bandwidth : 1043.608403 Gb/s
>> 196608 Packets (0.295898 GB) Transfered From Device to Host
	| Duration : 17.723200 ms
	| Bandwidth : 133.564341 Gb/s
---------------------------------------------------------------

>> Chunk 606 Started
196608 Packets Was Read From Pcap File
>> 196608 Packets (0.295898 GB) Transfered From Host To Device 
	| Duration : 16.736959 ms
	| Bandwidth : 141.434739 Gb/s
>> RuleGraph Was Processed For 256 Threads Per Block 
>> 196608 Packets (0.192 GB) Processed On GPU 
	| Duration : 1.477056 ms
	| Bandwidth : 1039.335152 Gb/s
>> 196608 Packets (0.295898 GB) Transfered From Device to Host
	| Duration : 17.695776 ms
	| Bandwidth : 133.771331 Gb/s
---------------------------------------------------------------

>> Chunk 607 Started
196608 Packets Was Read From Pcap File
>> 196608 Packets (0.295898 GB) Transfered From Host To Device 
	| Duration : 16.661152 ms
	| Bandwidth : 142.078262 Gb/s
>> RuleGraph Was Processed For 256 Threads Per Block 
>> 196608 Packets (0.192 GB) Processed On GPU 
	| Duration : 1.488288 ms
	| Bandwidth : 1031.491354 Gb/s
>> 196608 Packets (0.295898 GB) Transfered From Device to Host
	| Duration : 17.250879 ms
	| Bandwidth : 137.221266 Gb/s
---------------------------------------------------------------

>> Chunk 608 Started
196608 Packets Was Read From Pcap File
>> 196608 Packets (0.295898 GB) Transfered From Host To Device 
	| Duration : 16.651615 ms
	| Bandwidth : 142.159633 Gb/s
>> RuleGraph Was Processed For 256 Threads Per Block 
>> 196608 Packets (0.192 GB) Processed On GPU 
	| Duration : 1.484032 ms
	| Bandwidth : 1034.449536 Gb/s
>> 196608 Packets (0.295898 GB) Transfered From Device to Host
	| Duration : 17.611135 ms
	| Bandwidth : 134.414246 Gb/s
---------------------------------------------------------------

>> Chunk 609 Started
196608 Packets Was Read From Pcap File
>> 196608 Packets (0.295898 GB) Transfered From Host To Device 
	| Duration : 16.561249 ms
	| Bandwidth : 142.935326 Gb/s
>> RuleGraph Was Processed For 256 Threads Per Block 
>> 196608 Packets (0.192 GB) Processed On GPU 
	| Duration : 1.479136 ms
	| Bandwidth : 1037.873637 Gb/s
>> 196608 Packets (0.295898 GB) Transfered From Device to Host
	| Duration : 17.583809 ms
	| Bandwidth : 134.623136 Gb/s
---------------------------------------------------------------

>> Chunk 610 Started
196608 Packets Was Read From Pcap File
>> 196608 Packets (0.295898 GB) Transfered From Host To Device 
	| Duration : 16.618401 ms
	| Bandwidth : 142.443762 Gb/s
>> RuleGraph Was Processed For 256 Threads Per Block 
>> 196608 Packets (0.192 GB) Processed On GPU 
	| Duration : 1.479168 ms
	| Bandwidth : 1037.851137 Gb/s
>> 196608 Packets (0.295898 GB) Transfered From Device to Host
	| Duration : 17.573471 ms
	| Bandwidth : 134.702330 Gb/s
---------------------------------------------------------------

>> Chunk 611 Started
196608 Packets Was Read From Pcap File
>> 196608 Packets (0.295898 GB) Transfered From Host To Device 
	| Duration : 16.441280 ms
	| Bandwidth : 143.978294 Gb/s
>> RuleGraph Was Processed For 256 Threads Per Block 
>> 196608 Packets (0.192 GB) Processed On GPU 
	| Duration : 1.478176 ms
	| Bandwidth : 1038.547678 Gb/s
>> 196608 Packets (0.295898 GB) Transfered From Device to Host
	| Duration : 17.444448 ms
	| Bandwidth : 135.698615 Gb/s
---------------------------------------------------------------

>> Chunk 612 Started
196608 Packets Was Read From Pcap File
>> 196608 Packets (0.295898 GB) Transfered From Host To Device 
	| Duration : 16.631041 ms
	| Bandwidth : 142.335501 Gb/s
>> RuleGraph Was Processed For 256 Threads Per Block 
>> 196608 Packets (0.192 GB) Processed On GPU 
	| Duration : 1.481632 ms
	| Bandwidth : 1036.125202 Gb/s
>> 196608 Packets (0.295898 GB) Transfered From Device to Host
	| Duration : 17.288416 ms
	| Bandwidth : 136.923331 Gb/s
---------------------------------------------------------------

>> Chunk 613 Started
196608 Packets Was Read From Pcap File
>> 196608 Packets (0.295898 GB) Transfered From Host To Device 
	| Duration : 16.372608 ms
	| Bandwidth : 144.582187 Gb/s
>> RuleGraph Was Processed For 256 Threads Per Block 
>> 196608 Packets (0.192 GB) Processed On GPU 
	| Duration : 1.470848 ms
	| Bandwidth : 1043.721912 Gb/s
>> 196608 Packets (0.295898 GB) Transfered From Device to Host
	| Duration : 17.217567 ms
	| Bandwidth : 137.486756 Gb/s
---------------------------------------------------------------

>> Chunk 614 Started
196608 Packets Was Read From Pcap File
>> 196608 Packets (0.295898 GB) Transfered From Host To Device 
	| Duration : 16.536448 ms
	| Bandwidth : 143.149700 Gb/s
>> RuleGraph Was Processed For 256 Threads Per Block 
>> 196608 Packets (0.192 GB) Processed On GPU 
	| Duration : 1.468832 ms
	| Bandwidth : 1045.154404 Gb/s
>> 196608 Packets (0.295898 GB) Transfered From Device to Host
	| Duration : 17.480064 ms
	| Bandwidth : 135.422127 Gb/s
---------------------------------------------------------------

>> Chunk 615 Started
196608 Packets Was Read From Pcap File
>> 196608 Packets (0.295898 GB) Transfered From Host To Device 
	| Duration : 16.390816 ms
	| Bandwidth : 144.421580 Gb/s
>> RuleGraph Was Processed For 256 Threads Per Block 
>> 196608 Packets (0.192 GB) Processed On GPU 
	| Duration : 1.480512 ms
	| Bandwidth : 1036.909006 Gb/s
>> 196608 Packets (0.295898 GB) Transfered From Device to Host
	| Duration : 17.377728 ms
	| Bandwidth : 136.219624 Gb/s
---------------------------------------------------------------

>> Chunk 616 Started
196608 Packets Was Read From Pcap File
>> 196608 Packets (0.295898 GB) Transfered From Host To Device 
	| Duration : 16.400576 ms
	| Bandwidth : 144.335635 Gb/s
>> RuleGraph Was Processed For 256 Threads Per Block 
>> 196608 Packets (0.192 GB) Processed On GPU 
	| Duration : 1.478816 ms
	| Bandwidth : 1038.098192 Gb/s
>> 196608 Packets (0.295898 GB) Transfered From Device to Host
	| Duration : 17.263968 ms
	| Bandwidth : 137.117236 Gb/s
---------------------------------------------------------------

>> Chunk 617 Started
196608 Packets Was Read From Pcap File
>> 196608 Packets (0.295898 GB) Transfered From Host To Device 
	| Duration : 17.179359 ms
	| Bandwidth : 137.792536 Gb/s
>> RuleGraph Was Processed For 256 Threads Per Block 
>> 196608 Packets (0.192 GB) Processed On GPU 
	| Duration : 1.476800 ms
	| Bandwidth : 1039.515362 Gb/s
>> 196608 Packets (0.295898 GB) Transfered From Device to Host
	| Duration : 17.738592 ms
	| Bandwidth : 133.448443 Gb/s
---------------------------------------------------------------

>> Chunk 618 Started
196608 Packets Was Read From Pcap File
>> 196608 Packets (0.295898 GB) Transfered From Host To Device 
	| Duration : 16.366753 ms
	| Bandwidth : 144.633915 Gb/s
>> RuleGraph Was Processed For 256 Threads Per Block 
>> 196608 Packets (0.192 GB) Processed On GPU 
	| Duration : 1.467808 ms
	| Bandwidth : 1045.883550 Gb/s
>> 196608 Packets (0.295898 GB) Transfered From Device to Host
	| Duration : 17.587839 ms
	| Bandwidth : 134.592287 Gb/s
---------------------------------------------------------------

>> Chunk 619 Started
196608 Packets Was Read From Pcap File
>> 196608 Packets (0.295898 GB) Transfered From Host To Device 
	| Duration : 16.475519 ms
	| Bandwidth : 143.679084 Gb/s
>> RuleGraph Was Processed For 256 Threads Per Block 
>> 196608 Packets (0.192 GB) Processed On GPU 
	| Duration : 1.531264 ms
	| Bandwidth : 1002.541889 Gb/s
>> 196608 Packets (0.295898 GB) Transfered From Device to Host
	| Duration : 17.512896 ms
	| Bandwidth : 135.168253 Gb/s
---------------------------------------------------------------

>> Chunk 620 Started
196608 Packets Was Read From Pcap File
>> 196608 Packets (0.295898 GB) Transfered From Host To Device 
	| Duration : 16.522207 ms
	| Bandwidth : 143.273079 Gb/s
>> RuleGraph Was Processed For 256 Threads Per Block 
>> 196608 Packets (0.192 GB) Processed On GPU 
	| Duration : 1.469088 ms
	| Bandwidth : 1044.972319 Gb/s
>> 196608 Packets (0.295898 GB) Transfered From Device to Host
	| Duration : 17.626177 ms
	| Bandwidth : 134.299543 Gb/s
---------------------------------------------------------------

>> Chunk 621 Started
196608 Packets Was Read From Pcap File
>> 196608 Packets (0.295898 GB) Transfered From Host To Device 
	| Duration : 16.591007 ms
	| Bandwidth : 142.678951 Gb/s
>> RuleGraph Was Processed For 256 Threads Per Block 
>> 196608 Packets (0.192 GB) Processed On GPU 
	| Duration : 1.476576 ms
	| Bandwidth : 1039.673055 Gb/s
>> 196608 Packets (0.295898 GB) Transfered From Device to Host
	| Duration : 17.373217 ms
	| Bandwidth : 136.254992 Gb/s
---------------------------------------------------------------

>> Chunk 622 Started
196608 Packets Was Read From Pcap File
>> 196608 Packets (0.295898 GB) Transfered From Host To Device 
	| Duration : 16.416351 ms
	| Bandwidth : 144.196932 Gb/s
>> RuleGraph Was Processed For 256 Threads Per Block 
>> 196608 Packets (0.192 GB) Processed On GPU 
	| Duration : 1.478272 ms
	| Bandwidth : 1038.480260 Gb/s
>> 196608 Packets (0.295898 GB) Transfered From Device to Host
	| Duration : 17.331104 ms
	| Bandwidth : 136.586074 Gb/s
---------------------------------------------------------------

>> Chunk 623 Started
196608 Packets Was Read From Pcap File
>> 196608 Packets (0.295898 GB) Transfered From Host To Device 
	| Duration : 16.377119 ms
	| Bandwidth : 144.542364 Gb/s
>> RuleGraph Was Processed For 256 Threads Per Block 
>> 196608 Packets (0.192 GB) Processed On GPU 
	| Duration : 1.471168 ms
	| Bandwidth : 1043.494833 Gb/s
>> 196608 Packets (0.295898 GB) Transfered From Device to Host
	| Duration : 17.522911 ms
	| Bandwidth : 135.090995 Gb/s
---------------------------------------------------------------

>> Chunk 624 Started
196608 Packets Was Read From Pcap File
>> 196608 Packets (0.295898 GB) Transfered From Host To Device 
	| Duration : 16.496864 ms
	| Bandwidth : 143.493179 Gb/s
>> RuleGraph Was Processed For 256 Threads Per Block 
>> 196608 Packets (0.192 GB) Processed On GPU 
	| Duration : 1.467008 ms
	| Bandwidth : 1046.453909 Gb/s
>> 196608 Packets (0.295898 GB) Transfered From Device to Host
	| Duration : 17.325665 ms
	| Bandwidth : 136.628959 Gb/s
---------------------------------------------------------------

>> Chunk 625 Started
196608 Packets Was Read From Pcap File
>> 196608 Packets (0.295898 GB) Transfered From Host To Device 
	| Duration : 16.471552 ms
	| Bandwidth : 143.713690 Gb/s
>> RuleGraph Was Processed For 256 Threads Per Block 
>> 196608 Packets (0.192 GB) Processed On GPU 
	| Duration : 1.484448 ms
	| Bandwidth : 1034.159698 Gb/s
>> 196608 Packets (0.295898 GB) Transfered From Device to Host
	| Duration : 17.444769 ms
	| Bandwidth : 135.696123 Gb/s
---------------------------------------------------------------

>> Chunk 626 Started
196608 Packets Was Read From Pcap File
>> 196608 Packets (0.295898 GB) Transfered From Host To Device 
	| Duration : 16.511999 ms
	| Bandwidth : 143.361654 Gb/s
>> RuleGraph Was Processed For 256 Threads Per Block 
>> 196608 Packets (0.192 GB) Processed On GPU 
	| Duration : 1.477120 ms
	| Bandwidth : 1039.290109 Gb/s
>> 196608 Packets (0.295898 GB) Transfered From Device to Host
	| Duration : 17.508385 ms
	| Bandwidth : 135.203078 Gb/s
---------------------------------------------------------------

>> Chunk 627 Started
196608 Packets Was Read From Pcap File
>> 196608 Packets (0.295898 GB) Transfered From Host To Device 
	| Duration : 16.636671 ms
	| Bandwidth : 142.287330 Gb/s
>> RuleGraph Was Processed For 256 Threads Per Block 
>> 196608 Packets (0.192 GB) Processed On GPU 
	| Duration : 1.479008 ms
	| Bandwidth : 1037.963481 Gb/s
>> 196608 Packets (0.295898 GB) Transfered From Device to Host
	| Duration : 17.424543 ms
	| Bandwidth : 135.853632 Gb/s
---------------------------------------------------------------

>> Chunk 628 Started
196608 Packets Was Read From Pcap File
>> 196608 Packets (0.295898 GB) Transfered From Host To Device 
	| Duration : 16.406752 ms
	| Bandwidth : 144.281303 Gb/s
>> RuleGraph Was Processed For 256 Threads Per Block 
>> 196608 Packets (0.192 GB) Processed On GPU 
	| Duration : 1.480032 ms
	| Bandwidth : 1037.245333 Gb/s
>> 196608 Packets (0.295898 GB) Transfered From Device to Host
	| Duration : 17.244896 ms
	| Bandwidth : 137.268877 Gb/s
---------------------------------------------------------------

>> Chunk 629 Started
196608 Packets Was Read From Pcap File
>> 196608 Packets (0.295898 GB) Transfered From Host To Device 
	| Duration : 16.395519 ms
	| Bandwidth : 144.380148 Gb/s
>> RuleGraph Was Processed For 256 Threads Per Block 
>> 196608 Packets (0.192 GB) Processed On GPU 
	| Duration : 1.485664 ms
	| Bandwidth : 1033.313212 Gb/s
>> 196608 Packets (0.295898 GB) Transfered From Device to Host
	| Duration : 17.273825 ms
	| Bandwidth : 137.038991 Gb/s
---------------------------------------------------------------

>> Chunk 630 Started
196608 Packets Was Read From Pcap File
>> 196608 Packets (0.295898 GB) Transfered From Host To Device 
	| Duration : 16.718975 ms
	| Bandwidth : 141.586879 Gb/s
>> RuleGraph Was Processed For 256 Threads Per Block 
>> 196608 Packets (0.192 GB) Processed On GPU 
	| Duration : 1.479360 ms
	| Bandwidth : 1037.716490 Gb/s
>> 196608 Packets (0.295898 GB) Transfered From Device to Host
	| Duration : 17.463680 ms
	| Bandwidth : 135.549178 Gb/s
---------------------------------------------------------------

>> Chunk 631 Started
196608 Packets Was Read From Pcap File
>> 196608 Packets (0.295898 GB) Transfered From Host To Device 
	| Duration : 16.746271 ms
	| Bandwidth : 141.356095 Gb/s
>> RuleGraph Was Processed For 256 Threads Per Block 
>> 196608 Packets (0.192 GB) Processed On GPU 
	| Duration : 1.475424 ms
	| Bandwidth : 1040.484767 Gb/s
>> 196608 Packets (0.295898 GB) Transfered From Device to Host
	| Duration : 17.320959 ms
	| Bandwidth : 136.666075 Gb/s
---------------------------------------------------------------

>> Chunk 632 Started
196608 Packets Was Read From Pcap File
>> 196608 Packets (0.295898 GB) Transfered From Host To Device 
	| Duration : 16.363392 ms
	| Bandwidth : 144.663620 Gb/s
>> RuleGraph Was Processed For 256 Threads Per Block 
>> 196608 Packets (0.192 GB) Processed On GPU 
	| Duration : 1.472640 ms
	| Bandwidth : 1042.451795 Gb/s
>> 196608 Packets (0.295898 GB) Transfered From Device to Host
	| Duration : 17.802719 ms
	| Bandwidth : 132.967750 Gb/s
---------------------------------------------------------------

>> Chunk 633 Started
196608 Packets Was Read From Pcap File
>> 196608 Packets (0.295898 GB) Transfered From Host To Device 
	| Duration : 16.781887 ms
	| Bandwidth : 141.056098 Gb/s
>> RuleGraph Was Processed For 256 Threads Per Block 
>> 196608 Packets (0.192 GB) Processed On GPU 
	| Duration : 1.472832 ms
	| Bandwidth : 1042.315951 Gb/s
>> 196608 Packets (0.295898 GB) Transfered From Device to Host
	| Duration : 17.420736 ms
	| Bandwidth : 135.883321 Gb/s
---------------------------------------------------------------

>> Chunk 634 Started
196608 Packets Was Read From Pcap File
>> 196608 Packets (0.295898 GB) Transfered From Host To Device 
	| Duration : 16.619680 ms
	| Bandwidth : 142.432793 Gb/s
>> RuleGraph Was Processed For 256 Threads Per Block 
>> 196608 Packets (0.192 GB) Processed On GPU 
	| Duration : 1.479104 ms
	| Bandwidth : 1037.896055 Gb/s
>> 196608 Packets (0.295898 GB) Transfered From Device to Host
	| Duration : 17.425793 ms
	| Bandwidth : 135.843892 Gb/s
---------------------------------------------------------------

>> Chunk 635 Started
196608 Packets Was Read From Pcap File
>> 196608 Packets (0.295898 GB) Transfered From Host To Device 
	| Duration : 16.346975 ms
	| Bandwidth : 144.808899 Gb/s
>> RuleGraph Was Processed For 256 Threads Per Block 
>> 196608 Packets (0.192 GB) Processed On GPU 
	| Duration : 1.476096 ms
	| Bandwidth : 1040.011093 Gb/s
>> 196608 Packets (0.295898 GB) Transfered From Device to Host
	| Duration : 17.326271 ms
	| Bandwidth : 136.624176 Gb/s
---------------------------------------------------------------

>> Chunk 636 Started
196608 Packets Was Read From Pcap File
>> 196608 Packets (0.295898 GB) Transfered From Host To Device 
	| Duration : 16.533920 ms
	| Bandwidth : 143.171581 Gb/s
>> RuleGraph Was Processed For 256 Threads Per Block 
>> 196608 Packets (0.192 GB) Processed On GPU 
	| Duration : 1.461120 ms
	| Bandwidth : 1050.670883 Gb/s
>> 196608 Packets (0.295898 GB) Transfered From Device to Host
	| Duration : 17.370975 ms
	| Bandwidth : 136.272571 Gb/s
---------------------------------------------------------------

>> Chunk 637 Started
196608 Packets Was Read From Pcap File
>> 196608 Packets (0.295898 GB) Transfered From Host To Device 
	| Duration : 16.335009 ms
	| Bandwidth : 144.914983 Gb/s
>> RuleGraph Was Processed For 256 Threads Per Block 
>> 196608 Packets (0.192 GB) Processed On GPU 
	| Duration : 1.467936 ms
	| Bandwidth : 1045.792330 Gb/s
>> 196608 Packets (0.295898 GB) Transfered From Device to Host
	| Duration : 17.439552 ms
	| Bandwidth : 135.736713 Gb/s
---------------------------------------------------------------

>> Chunk 638 Started
196608 Packets Was Read From Pcap File
>> 196608 Packets (0.295898 GB) Transfered From Host To Device 
	| Duration : 16.458977 ms
	| Bandwidth : 143.823491 Gb/s
>> RuleGraph Was Processed For 256 Threads Per Block 
>> 196608 Packets (0.192 GB) Processed On GPU 
	| Duration : 1.469312 ms
	| Bandwidth : 1044.813014 Gb/s
>> 196608 Packets (0.295898 GB) Transfered From Device to Host
	| Duration : 17.499712 ms
	| Bandwidth : 135.270083 Gb/s
---------------------------------------------------------------

>> Chunk 639 Started
196608 Packets Was Read From Pcap File
>> 196608 Packets (0.295898 GB) Transfered From Host To Device 
	| Duration : 16.520544 ms
	| Bandwidth : 143.287503 Gb/s
>> RuleGraph Was Processed For 256 Threads Per Block 
>> 196608 Packets (0.192 GB) Processed On GPU 
	| Duration : 1.483904 ms
	| Bandwidth : 1034.538788 Gb/s
>> 196608 Packets (0.295898 GB) Transfered From Device to Host
	| Duration : 17.397217 ms
	| Bandwidth : 136.067023 Gb/s
---------------------------------------------------------------

>> Chunk 640 Started
196608 Packets Was Read From Pcap File
>> 196608 Packets (0.295898 GB) Transfered From Host To Device 
	| Duration : 16.345663 ms
	| Bandwidth : 144.820525 Gb/s
>> RuleGraph Was Processed For 256 Threads Per Block 
>> 196608 Packets (0.192 GB) Processed On GPU 
	| Duration : 1.468640 ms
	| Bandwidth : 1045.291073 Gb/s
>> 196608 Packets (0.295898 GB) Transfered From Device to Host
	| Duration : 17.697248 ms
	| Bandwidth : 133.760200 Gb/s
---------------------------------------------------------------

>> Chunk 641 Started
196608 Packets Was Read From Pcap File
>> 196608 Packets (0.295898 GB) Transfered From Host To Device 
	| Duration : 16.507616 ms
	| Bandwidth : 143.399719 Gb/s
>> RuleGraph Was Processed For 256 Threads Per Block 
>> 196608 Packets (0.192 GB) Processed On GPU 
	| Duration : 1.476128 ms
	| Bandwidth : 1039.988584 Gb/s
>> 196608 Packets (0.295898 GB) Transfered From Device to Host
	| Duration : 17.706560 ms
	| Bandwidth : 133.689857 Gb/s
---------------------------------------------------------------

>> Chunk 642 Started
196608 Packets Was Read From Pcap File
>> 196608 Packets (0.295898 GB) Transfered From Host To Device 
	| Duration : 16.463009 ms
	| Bandwidth : 143.788266 Gb/s
>> RuleGraph Was Processed For 256 Threads Per Block 
>> 196608 Packets (0.192 GB) Processed On GPU 
	| Duration : 1.488864 ms
	| Bandwidth : 1031.092368 Gb/s
>> 196608 Packets (0.295898 GB) Transfered From Device to Host
	| Duration : 17.408640 ms
	| Bandwidth : 135.977739 Gb/s
---------------------------------------------------------------

>> Chunk 643 Started
196608 Packets Was Read From Pcap File
>> 196608 Packets (0.295898 GB) Transfered From Host To Device 
	| Duration : 16.403135 ms
	| Bandwidth : 144.313112 Gb/s
>> RuleGraph Was Processed For 256 Threads Per Block 
>> 196608 Packets (0.192 GB) Processed On GPU 
	| Duration : 1.478240 ms
	| Bandwidth : 1038.502703 Gb/s
>> 196608 Packets (0.295898 GB) Transfered From Device to Host
	| Duration : 17.681280 ms
	| Bandwidth : 133.881002 Gb/s
---------------------------------------------------------------

>> Chunk 644 Started
196608 Packets Was Read From Pcap File
>> 196608 Packets (0.295898 GB) Transfered From Host To Device 
	| Duration : 16.357376 ms
	| Bandwidth : 144.716823 Gb/s
>> RuleGraph Was Processed For 256 Threads Per Block 
>> 196608 Packets (0.192 GB) Processed On GPU 
	| Duration : 1.476576 ms
	| Bandwidth : 1039.673055 Gb/s
>> 196608 Packets (0.295898 GB) Transfered From Device to Host
	| Duration : 17.416479 ms
	| Bandwidth : 135.916535 Gb/s
---------------------------------------------------------------

>> Chunk 645 Started
196608 Packets Was Read From Pcap File
>> 196608 Packets (0.295898 GB) Transfered From Host To Device 
	| Duration : 16.426399 ms
	| Bandwidth : 144.108728 Gb/s
>> RuleGraph Was Processed For 256 Threads Per Block 
>> 196608 Packets (0.192 GB) Processed On GPU 
	| Duration : 1.476704 ms
	| Bandwidth : 1039.582915 Gb/s
>> 196608 Packets (0.295898 GB) Transfered From Device to Host
	| Duration : 17.271168 ms
	| Bandwidth : 137.060072 Gb/s
---------------------------------------------------------------

>> Chunk 646 Started
196608 Packets Was Read From Pcap File
>> 196608 Packets (0.295898 GB) Transfered From Host To Device 
	| Duration : 16.489664 ms
	| Bandwidth : 143.555835 Gb/s
>> RuleGraph Was Processed For 256 Threads Per Block 
>> 196608 Packets (0.192 GB) Processed On GPU 
	| Duration : 1.476448 ms
	| Bandwidth : 1039.763126 Gb/s
>> 196608 Packets (0.295898 GB) Transfered From Device to Host
	| Duration : 17.492064 ms
	| Bandwidth : 135.329231 Gb/s
---------------------------------------------------------------

>> Chunk 647 Started
196608 Packets Was Read From Pcap File
>> 196608 Packets (0.295898 GB) Transfered From Host To Device 
	| Duration : 16.487841 ms
	| Bandwidth : 143.571711 Gb/s
>> RuleGraph Was Processed For 256 Threads Per Block 
>> 196608 Packets (0.192 GB) Processed On GPU 
	| Duration : 1.468416 ms
	| Bandwidth : 1045.450523 Gb/s
>> 196608 Packets (0.295898 GB) Transfered From Device to Host
	| Duration : 17.297537 ms
	| Bandwidth : 136.851132 Gb/s
---------------------------------------------------------------

>> Chunk 648 Started
196608 Packets Was Read From Pcap File
>> 196608 Packets (0.295898 GB) Transfered From Host To Device 
	| Duration : 16.537409 ms
	| Bandwidth : 143.141379 Gb/s
>> RuleGraph Was Processed For 256 Threads Per Block 
>> 196608 Packets (0.192 GB) Processed On GPU 
	| Duration : 1.473664 ms
	| Bandwidth : 1041.727424 Gb/s
>> 196608 Packets (0.295898 GB) Transfered From Device to Host
	| Duration : 17.313280 ms
	| Bandwidth : 136.726691 Gb/s
---------------------------------------------------------------

>> Chunk 649 Started
196608 Packets Was Read From Pcap File
>> 196608 Packets (0.295898 GB) Transfered From Host To Device 
	| Duration : 16.383039 ms
	| Bandwidth : 144.490130 Gb/s
>> RuleGraph Was Processed For 256 Threads Per Block 
>> 196608 Packets (0.192 GB) Processed On GPU 
	| Duration : 1.482688 ms
	| Bandwidth : 1035.387284 Gb/s
>> 196608 Packets (0.295898 GB) Transfered From Device to Host
	| Duration : 17.665216 ms
	| Bandwidth : 134.002745 Gb/s
---------------------------------------------------------------

>> Chunk 650 Started
196608 Packets Was Read From Pcap File
>> 196608 Packets (0.295898 GB) Transfered From Host To Device 
	| Duration : 16.352800 ms
	| Bandwidth : 144.757317 Gb/s
>> RuleGraph Was Processed For 256 Threads Per Block 
>> 196608 Packets (0.192 GB) Processed On GPU 
	| Duration : 1.469696 ms
	| Bandwidth : 1044.539961 Gb/s
>> 196608 Packets (0.295898 GB) Transfered From Device to Host
	| Duration : 17.371872 ms
	| Bandwidth : 136.265539 Gb/s
---------------------------------------------------------------

>> Chunk 651 Started
196608 Packets Was Read From Pcap File
>> 196608 Packets (0.295898 GB) Transfered From Host To Device 
	| Duration : 16.428448 ms
	| Bandwidth : 144.090759 Gb/s
>> RuleGraph Was Processed For 256 Threads Per Block 
>> 196608 Packets (0.192 GB) Processed On GPU 
	| Duration : 1.465248 ms
	| Bandwidth : 1047.710873 Gb/s
>> 196608 Packets (0.295898 GB) Transfered From Device to Host
	| Duration : 17.438335 ms
	| Bandwidth : 135.746185 Gb/s
---------------------------------------------------------------

>> Chunk 652 Started
196608 Packets Was Read From Pcap File
>> 196608 Packets (0.295898 GB) Transfered From Host To Device 
	| Duration : 16.451904 ms
	| Bandwidth : 143.885319 Gb/s
>> RuleGraph Was Processed For 256 Threads Per Block 
>> 196608 Packets (0.192 GB) Processed On GPU 
	| Duration : 1.463424 ms
	| Bandwidth : 1049.016747 Gb/s
>> 196608 Packets (0.295898 GB) Transfered From Device to Host
	| Duration : 17.336832 ms
	| Bandwidth : 136.540949 Gb/s
---------------------------------------------------------------

>> Chunk 653 Started
196608 Packets Was Read From Pcap File
>> 196608 Packets (0.295898 GB) Transfered From Host To Device 
	| Duration : 16.621216 ms
	| Bandwidth : 142.419636 Gb/s
>> RuleGraph Was Processed For 256 Threads Per Block 
>> 196608 Packets (0.192 GB) Processed On GPU 
	| Duration : 1.468992 ms
	| Bandwidth : 1045.040583 Gb/s
>> 196608 Packets (0.295898 GB) Transfered From Device to Host
	| Duration : 17.346687 ms
	| Bandwidth : 136.463375 Gb/s
---------------------------------------------------------------

>> Chunk 654 Started
196608 Packets Was Read From Pcap File
>> 196608 Packets (0.295898 GB) Transfered From Host To Device 
	| Duration : 16.491072 ms
	| Bandwidth : 143.543582 Gb/s
>> RuleGraph Was Processed For 256 Threads Per Block 
>> 196608 Packets (0.192 GB) Processed On GPU 
	| Duration : 1.466944 ms
	| Bandwidth : 1046.499574 Gb/s
>> 196608 Packets (0.295898 GB) Transfered From Device to Host
	| Duration : 17.402592 ms
	| Bandwidth : 136.024998 Gb/s
---------------------------------------------------------------

>> Chunk 655 Started
196608 Packets Was Read From Pcap File
>> 196608 Packets (0.295898 GB) Transfered From Host To Device 
	| Duration : 16.617599 ms
	| Bandwidth : 142.450629 Gb/s
>> RuleGraph Was Processed For 256 Threads Per Block 
>> 196608 Packets (0.192 GB) Processed On GPU 
	| Duration : 1.483552 ms
	| Bandwidth : 1034.784269 Gb/s
>> 196608 Packets (0.295898 GB) Transfered From Device to Host
	| Duration : 17.467552 ms
	| Bandwidth : 135.519131 Gb/s
---------------------------------------------------------------

>> Chunk 656 Started
196608 Packets Was Read From Pcap File
>> 196608 Packets (0.295898 GB) Transfered From Host To Device 
	| Duration : 16.678881 ms
	| Bandwidth : 141.927240 Gb/s
>> RuleGraph Was Processed For 256 Threads Per Block 
>> 196608 Packets (0.192 GB) Processed On GPU 
	| Duration : 1.476960 ms
	| Bandwidth : 1039.402765 Gb/s
>> 196608 Packets (0.295898 GB) Transfered From Device to Host
	| Duration : 17.665119 ms
	| Bandwidth : 134.003483 Gb/s
---------------------------------------------------------------

>> Chunk 657 Started
196608 Packets Was Read From Pcap File
>> 196608 Packets (0.295898 GB) Transfered From Host To Device 
	| Duration : 16.527744 ms
	| Bandwidth : 143.225080 Gb/s
>> RuleGraph Was Processed For 256 Threads Per Block 
>> 196608 Packets (0.192 GB) Processed On GPU 
	| Duration : 1.475584 ms
	| Bandwidth : 1040.371960 Gb/s
>> 196608 Packets (0.295898 GB) Transfered From Device to Host
	| Duration : 17.578560 ms
	| Bandwidth : 134.663335 Gb/s
---------------------------------------------------------------

>> Chunk 658 Started
196608 Packets Was Read From Pcap File
>> 196608 Packets (0.295898 GB) Transfered From Host To Device 
	| Duration : 16.520096 ms
	| Bandwidth : 143.291390 Gb/s
>> RuleGraph Was Processed For 256 Threads Per Block 
>> 196608 Packets (0.192 GB) Processed On GPU 
	| Duration : 1.473056 ms
	| Bandwidth : 1042.157456 Gb/s
>> 196608 Packets (0.295898 GB) Transfered From Device to Host
	| Duration : 17.658785 ms
	| Bandwidth : 134.051551 Gb/s
---------------------------------------------------------------

>> Chunk 659 Started
196608 Packets Was Read From Pcap File
>> 196608 Packets (0.295898 GB) Transfered From Host To Device 
	| Duration : 16.394688 ms
	| Bandwidth : 144.387472 Gb/s
>> RuleGraph Was Processed For 256 Threads Per Block 
>> 196608 Packets (0.192 GB) Processed On GPU 
	| Duration : 1.481856 ms
	| Bandwidth : 1035.968584 Gb/s
>> 196608 Packets (0.295898 GB) Transfered From Device to Host
	| Duration : 17.386593 ms
	| Bandwidth : 136.150166 Gb/s
---------------------------------------------------------------

>> Chunk 660 Started
196608 Packets Was Read From Pcap File
>> 196608 Packets (0.295898 GB) Transfered From Host To Device 
	| Duration : 16.404097 ms
	| Bandwidth : 144.304655 Gb/s
>> RuleGraph Was Processed For 256 Threads Per Block 
>> 196608 Packets (0.192 GB) Processed On GPU 
	| Duration : 1.476512 ms
	| Bandwidth : 1039.718131 Gb/s
>> 196608 Packets (0.295898 GB) Transfered From Device to Host
	| Duration : 17.246719 ms
	| Bandwidth : 137.254364 Gb/s
---------------------------------------------------------------

>> Chunk 661 Started
196608 Packets Was Read From Pcap File
>> 196608 Packets (0.295898 GB) Transfered From Host To Device 
	| Duration : 16.419968 ms
	| Bandwidth : 144.165174 Gb/s
>> RuleGraph Was Processed For 256 Threads Per Block 
>> 196608 Packets (0.192 GB) Processed On GPU 
	| Duration : 1.481728 ms
	| Bandwidth : 1036.058098 Gb/s
>> 196608 Packets (0.295898 GB) Transfered From Device to Host
	| Duration : 17.374847 ms
	| Bandwidth : 136.242204 Gb/s
---------------------------------------------------------------

>> Chunk 662 Started
196608 Packets Was Read From Pcap File
>> 196608 Packets (0.295898 GB) Transfered From Host To Device 
	| Duration : 16.397184 ms
	| Bandwidth : 144.365487 Gb/s
>> RuleGraph Was Processed For 256 Threads Per Block 
>> 196608 Packets (0.192 GB) Processed On GPU 
	| Duration : 1.476064 ms
	| Bandwidth : 1040.033687 Gb/s
>> 196608 Packets (0.295898 GB) Transfered From Device to Host
	| Duration : 17.689312 ms
	| Bandwidth : 133.820213 Gb/s
---------------------------------------------------------------

>> Chunk 663 Started
196608 Packets Was Read From Pcap File
>> 196608 Packets (0.295898 GB) Transfered From Host To Device 
	| Duration : 16.379393 ms
	| Bandwidth : 144.522300 Gb/s
>> RuleGraph Was Processed For 256 Threads Per Block 
>> 196608 Packets (0.192 GB) Processed On GPU 
	| Duration : 1.475936 ms
	| Bandwidth : 1040.123821 Gb/s
>> 196608 Packets (0.295898 GB) Transfered From Device to Host
	| Duration : 17.439552 ms
	| Bandwidth : 135.736713 Gb/s
---------------------------------------------------------------

>> Chunk 664 Started
196608 Packets Was Read From Pcap File
>> 196608 Packets (0.295898 GB) Transfered From Host To Device 
	| Duration : 16.437471 ms
	| Bandwidth : 144.011658 Gb/s
>> RuleGraph Was Processed For 256 Threads Per Block 
>> 196608 Packets (0.192 GB) Processed On GPU 
	| Duration : 1.470016 ms
	| Bandwidth : 1044.312611 Gb/s
>> 196608 Packets (0.295898 GB) Transfered From Device to Host
	| Duration : 17.364033 ms
	| Bandwidth : 136.327058 Gb/s
---------------------------------------------------------------

>> Chunk 665 Started
196608 Packets Was Read From Pcap File
>> 196608 Packets (0.295898 GB) Transfered From Host To Device 
	| Duration : 16.556513 ms
	| Bandwidth : 142.976213 Gb/s
>> RuleGraph Was Processed For 256 Threads Per Block 
>> 196608 Packets (0.192 GB) Processed On GPU 
	| Duration : 1.472416 ms
	| Bandwidth : 1042.610380 Gb/s
>> 196608 Packets (0.295898 GB) Transfered From Device to Host
	| Duration : 17.458784 ms
	| Bandwidth : 135.587191 Gb/s
---------------------------------------------------------------

>> Chunk 666 Started
196608 Packets Was Read From Pcap File
>> 196608 Packets (0.295898 GB) Transfered From Host To Device 
	| Duration : 16.350945 ms
	| Bandwidth : 144.773747 Gb/s
>> RuleGraph Was Processed For 256 Threads Per Block 
>> 196608 Packets (0.192 GB) Processed On GPU 
	| Duration : 1.475328 ms
	| Bandwidth : 1040.552530 Gb/s
>> 196608 Packets (0.295898 GB) Transfered From Device to Host
	| Duration : 17.355713 ms
	| Bandwidth : 136.392410 Gb/s
---------------------------------------------------------------

>> Chunk 667 Started
196608 Packets Was Read From Pcap File
>> 196608 Packets (0.295898 GB) Transfered From Host To Device 
	| Duration : 16.610529 ms
	| Bandwidth : 142.511265 Gb/s
>> RuleGraph Was Processed For 256 Threads Per Block 
>> 196608 Packets (0.192 GB) Processed On GPU 
	| Duration : 1.465024 ms
	| Bandwidth : 1047.871063 Gb/s
>> 196608 Packets (0.295898 GB) Transfered From Device to Host
	| Duration : 17.427263 ms
	| Bandwidth : 135.832429 Gb/s
---------------------------------------------------------------

>> Chunk 668 Started
196608 Packets Was Read From Pcap File
>> 196608 Packets (0.295898 GB) Transfered From Host To Device 
	| Duration : 16.511328 ms
	| Bandwidth : 143.367483 Gb/s
>> RuleGraph Was Processed For 256 Threads Per Block 
>> 196608 Packets (0.192 GB) Processed On GPU 
	| Duration : 1.471552 ms
	| Bandwidth : 1043.222553 Gb/s
>> 196608 Packets (0.295898 GB) Transfered From Device to Host
	| Duration : 17.312033 ms
	| Bandwidth : 136.736543 Gb/s
---------------------------------------------------------------

>> Chunk 669 Started
196608 Packets Was Read From Pcap File
>> 196608 Packets (0.295898 GB) Transfered From Host To Device 
	| Duration : 17.184320 ms
	| Bandwidth : 137.752756 Gb/s
>> RuleGraph Was Processed For 256 Threads Per Block 
>> 196608 Packets (0.192 GB) Processed On GPU 
	| Duration : 1.477248 ms
	| Bandwidth : 1039.200120 Gb/s
>> 196608 Packets (0.295898 GB) Transfered From Device to Host
	| Duration : 17.337440 ms
	| Bandwidth : 136.536157 Gb/s
---------------------------------------------------------------

>> Chunk 670 Started
196608 Packets Was Read From Pcap File
>> 196608 Packets (0.295898 GB) Transfered From Host To Device 
	| Duration : 16.468767 ms
	| Bandwidth : 143.737991 Gb/s
>> RuleGraph Was Processed For 256 Threads Per Block 
>> 196608 Packets (0.192 GB) Processed On GPU 
	| Duration : 1.477120 ms
	| Bandwidth : 1039.290109 Gb/s
>> 196608 Packets (0.295898 GB) Transfered From Device to Host
	| Duration : 17.547520 ms
	| Bandwidth : 134.901544 Gb/s
---------------------------------------------------------------

>> Chunk 671 Started
196608 Packets Was Read From Pcap File
>> 196608 Packets (0.295898 GB) Transfered From Host To Device 
	| Duration : 16.392448 ms
	| Bandwidth : 144.407195 Gb/s
>> RuleGraph Was Processed For 256 Threads Per Block 
>> 196608 Packets (0.192 GB) Processed On GPU 
	| Duration : 1.475328 ms
	| Bandwidth : 1040.552530 Gb/s
>> 196608 Packets (0.295898 GB) Transfered From Device to Host
	| Duration : 17.563616 ms
	| Bandwidth : 134.777914 Gb/s
---------------------------------------------------------------

>> Chunk 672 Started
196608 Packets Was Read From Pcap File
>> 196608 Packets (0.295898 GB) Transfered From Host To Device 
	| Duration : 16.920000 ms
	| Bandwidth : 139.904698 Gb/s
>> RuleGraph Was Processed For 256 Threads Per Block 
>> 196608 Packets (0.192 GB) Processed On GPU 
	| Duration : 1.493024 ms
	| Bandwidth : 1028.219412 Gb/s
>> 196608 Packets (0.295898 GB) Transfered From Device to Host
	| Duration : 17.565344 ms
	| Bandwidth : 134.764655 Gb/s
---------------------------------------------------------------

>> Chunk 673 Started
196608 Packets Was Read From Pcap File
>> 196608 Packets (0.295898 GB) Transfered From Host To Device 
	| Duration : 16.531103 ms
	| Bandwidth : 143.195979 Gb/s
>> RuleGraph Was Processed For 256 Threads Per Block 
>> 196608 Packets (0.192 GB) Processed On GPU 
	| Duration : 1.480320 ms
	| Bandwidth : 1037.043527 Gb/s
>> 196608 Packets (0.295898 GB) Transfered From Device to Host
	| Duration : 17.445889 ms
	| Bandwidth : 135.687414 Gb/s
---------------------------------------------------------------

>> Chunk 674 Started
196608 Packets Was Read From Pcap File
>> 196608 Packets (0.295898 GB) Transfered From Host To Device 
	| Duration : 16.793217 ms
	| Bandwidth : 140.960933 Gb/s
>> RuleGraph Was Processed For 256 Threads Per Block 
>> 196608 Packets (0.192 GB) Processed On GPU 
	| Duration : 1.479104 ms
	| Bandwidth : 1037.896055 Gb/s
>> 196608 Packets (0.295898 GB) Transfered From Device to Host
	| Duration : 17.397951 ms
	| Bandwidth : 136.061280 Gb/s
---------------------------------------------------------------

>> Chunk 675 Started
196608 Packets Was Read From Pcap File
>> 196608 Packets (0.295898 GB) Transfered From Host To Device 
	| Duration : 16.345152 ms
	| Bandwidth : 144.825054 Gb/s
>> RuleGraph Was Processed For 256 Threads Per Block 
>> 196608 Packets (0.192 GB) Processed On GPU 
	| Duration : 1.458400 ms
	| Bandwidth : 1052.630443 Gb/s
>> 196608 Packets (0.295898 GB) Transfered From Device to Host
	| Duration : 17.281313 ms
	| Bandwidth : 136.979610 Gb/s
---------------------------------------------------------------

>> Chunk 676 Started
196608 Packets Was Read From Pcap File
>> 196608 Packets (0.295898 GB) Transfered From Host To Device 
	| Duration : 16.334400 ms
	| Bandwidth : 144.920381 Gb/s
>> RuleGraph Was Processed For 256 Threads Per Block 
>> 196608 Packets (0.192 GB) Processed On GPU 
	| Duration : 1.476416 ms
	| Bandwidth : 1039.785710 Gb/s
>> 196608 Packets (0.295898 GB) Transfered From Device to Host
	| Duration : 17.427937 ms
	| Bandwidth : 135.827181 Gb/s
---------------------------------------------------------------

>> Chunk 677 Started
196608 Packets Was Read From Pcap File
>> 196608 Packets (0.295898 GB) Transfered From Host To Device 
	| Duration : 16.660671 ms
	| Bandwidth : 142.082361 Gb/s
>> RuleGraph Was Processed For 256 Threads Per Block 
>> 196608 Packets (0.192 GB) Processed On GPU 
	| Duration : 1.474208 ms
	| Bandwidth : 1041.343048 Gb/s
>> 196608 Packets (0.295898 GB) Transfered From Device to Host
	| Duration : 17.392448 ms
	| Bandwidth : 136.104328 Gb/s
---------------------------------------------------------------

>> Chunk 678 Started
196608 Packets Was Read From Pcap File
>> 196608 Packets (0.295898 GB) Transfered From Host To Device 
	| Duration : 16.335104 ms
	| Bandwidth : 144.914137 Gb/s
>> RuleGraph Was Processed For 256 Threads Per Block 
>> 196608 Packets (0.192 GB) Processed On GPU 
	| Duration : 1.467904 ms
	| Bandwidth : 1045.815176 Gb/s
>> 196608 Packets (0.295898 GB) Transfered From Device to Host
	| Duration : 17.300224 ms
	| Bandwidth : 136.829873 Gb/s
---------------------------------------------------------------

>> Chunk 679 Started
196608 Packets Was Read From Pcap File
>> 196608 Packets (0.295898 GB) Transfered From Host To Device 
	| Duration : 16.532192 ms
	| Bandwidth : 143.186546 Gb/s
>> RuleGraph Was Processed For 256 Threads Per Block 
>> 196608 Packets (0.192 GB) Processed On GPU 
	| Duration : 1.478176 ms
	| Bandwidth : 1038.547678 Gb/s
>> 196608 Packets (0.295898 GB) Transfered From Device to Host
	| Duration : 17.777569 ms
	| Bandwidth : 133.155862 Gb/s
---------------------------------------------------------------

>> Chunk 680 Started
196608 Packets Was Read From Pcap File
>> 196608 Packets (0.295898 GB) Transfered From Host To Device 
	| Duration : 16.605600 ms
	| Bandwidth : 142.553563 Gb/s
>> RuleGraph Was Processed For 256 Threads Per Block 
>> 196608 Packets (0.192 GB) Processed On GPU 
	| Duration : 1.474656 ms
	| Bandwidth : 1041.026697 Gb/s
>> 196608 Packets (0.295898 GB) Transfered From Device to Host
	| Duration : 17.693216 ms
	| Bandwidth : 133.790683 Gb/s
---------------------------------------------------------------

>> Chunk 681 Started
196608 Packets Was Read From Pcap File
>> 196608 Packets (0.295898 GB) Transfered From Host To Device 
	| Duration : 16.495169 ms
	| Bandwidth : 143.507929 Gb/s
>> RuleGraph Was Processed For 256 Threads Per Block 
>> 196608 Packets (0.192 GB) Processed On GPU 
	| Duration : 1.466176 ms
	| Bandwidth : 1047.047705 Gb/s
>> 196608 Packets (0.295898 GB) Transfered From Device to Host
	| Duration : 17.325825 ms
	| Bandwidth : 136.627695 Gb/s
---------------------------------------------------------------

>> Chunk 682 Started
196608 Packets Was Read From Pcap File
>> 196608 Packets (0.295898 GB) Transfered From Host To Device 
	| Duration : 16.618464 ms
	| Bandwidth : 142.443223 Gb/s
>> RuleGraph Was Processed For 256 Threads Per Block 
>> 196608 Packets (0.192 GB) Processed On GPU 
	| Duration : 1.474592 ms
	| Bandwidth : 1041.071890 Gb/s
>> 196608 Packets (0.295898 GB) Transfered From Device to Host
	| Duration : 17.312737 ms
	| Bandwidth : 136.730984 Gb/s
---------------------------------------------------------------

>> Chunk 683 Started
196608 Packets Was Read From Pcap File
>> 196608 Packets (0.295898 GB) Transfered From Host To Device 
	| Duration : 16.882463 ms
	| Bandwidth : 140.215763 Gb/s
>> RuleGraph Was Processed For 256 Threads Per Block 
>> 196608 Packets (0.192 GB) Processed On GPU 
	| Duration : 1.487552 ms
	| Bandwidth : 1032.001706 Gb/s
>> 196608 Packets (0.295898 GB) Transfered From Device to Host
	| Duration : 17.461664 ms
	| Bandwidth : 135.564828 Gb/s
---------------------------------------------------------------

>> Chunk 684 Started
196608 Packets Was Read From Pcap File
>> 196608 Packets (0.295898 GB) Transfered From Host To Device 
	| Duration : 16.907072 ms
	| Bandwidth : 140.011676 Gb/s
>> RuleGraph Was Processed For 256 Threads Per Block 
>> 196608 Packets (0.192 GB) Processed On GPU 
	| Duration : 1.481440 ms
	| Bandwidth : 1036.259520 Gb/s
>> 196608 Packets (0.295898 GB) Transfered From Device to Host
	| Duration : 17.697281 ms
	| Bandwidth : 133.759955 Gb/s
---------------------------------------------------------------

>> Chunk 685 Started
196608 Packets Was Read From Pcap File
>> 196608 Packets (0.295898 GB) Transfered From Host To Device 
	| Duration : 16.519552 ms
	| Bandwidth : 143.296106 Gb/s
>> RuleGraph Was Processed For 256 Threads Per Block 
>> 196608 Packets (0.192 GB) Processed On GPU 
	| Duration : 1.477024 ms
	| Bandwidth : 1039.357717 Gb/s
>> 196608 Packets (0.295898 GB) Transfered From Device to Host
	| Duration : 17.318913 ms
	| Bandwidth : 136.682225 Gb/s
---------------------------------------------------------------

>> Chunk 686 Started
196608 Packets Was Read From Pcap File
>> 196608 Packets (0.295898 GB) Transfered From Host To Device 
	| Duration : 16.706976 ms
	| Bandwidth : 141.688568 Gb/s
>> RuleGraph Was Processed For 256 Threads Per Block 
>> 196608 Packets (0.192 GB) Processed On GPU 
	| Duration : 1.475264 ms
	| Bandwidth : 1040.597682 Gb/s
>> 196608 Packets (0.295898 GB) Transfered From Device to Host
	| Duration : 17.534401 ms
	| Bandwidth : 135.002474 Gb/s
---------------------------------------------------------------

>> Chunk 687 Started
196608 Packets Was Read From Pcap File
>> 196608 Packets (0.295898 GB) Transfered From Host To Device 
	| Duration : 16.883360 ms
	| Bandwidth : 140.208318 Gb/s
>> RuleGraph Was Processed For 256 Threads Per Block 
>> 196608 Packets (0.192 GB) Processed On GPU 
	| Duration : 1.473408 ms
	| Bandwidth : 1041.908465 Gb/s
>> 196608 Packets (0.295898 GB) Transfered From Device to Host
	| Duration : 17.630592 ms
	| Bandwidth : 134.265909 Gb/s
---------------------------------------------------------------

>> Chunk 688 Started
196608 Packets Was Read From Pcap File
>> 196608 Packets (0.295898 GB) Transfered From Host To Device 
	| Duration : 16.540960 ms
	| Bandwidth : 143.110645 Gb/s
>> RuleGraph Was Processed For 256 Threads Per Block 
>> 196608 Packets (0.192 GB) Processed On GPU 
	| Duration : 1.470912 ms
	| Bandwidth : 1043.676489 Gb/s
>> 196608 Packets (0.295898 GB) Transfered From Device to Host
	| Duration : 17.597729 ms
	| Bandwidth : 134.516649 Gb/s
---------------------------------------------------------------

>> Chunk 689 Started
196608 Packets Was Read From Pcap File
>> 196608 Packets (0.295898 GB) Transfered From Host To Device 
	| Duration : 16.607937 ms
	| Bandwidth : 142.533508 Gb/s
>> RuleGraph Was Processed For 256 Threads Per Block 
>> 196608 Packets (0.192 GB) Processed On GPU 
	| Duration : 1.474368 ms
	| Bandwidth : 1041.230056 Gb/s
>> 196608 Packets (0.295898 GB) Transfered From Device to Host
	| Duration : 17.555584 ms
	| Bandwidth : 134.839576 Gb/s
---------------------------------------------------------------

>> Chunk 690 Started
196608 Packets Was Read From Pcap File
>> 196608 Packets (0.295898 GB) Transfered From Host To Device 
	| Duration : 16.345728 ms
	| Bandwidth : 144.819950 Gb/s
>> RuleGraph Was Processed For 256 Threads Per Block 
>> 196608 Packets (0.192 GB) Processed On GPU 
	| Duration : 1.473408 ms
	| Bandwidth : 1041.908465 Gb/s
>> 196608 Packets (0.295898 GB) Transfered From Device to Host
	| Duration : 17.416992 ms
	| Bandwidth : 135.912532 Gb/s
---------------------------------------------------------------

>> Chunk 691 Started
196608 Packets Was Read From Pcap File
>> 196608 Packets (0.295898 GB) Transfered From Host To Device 
	| Duration : 16.400640 ms
	| Bandwidth : 144.335064 Gb/s
>> RuleGraph Was Processed For 256 Threads Per Block 
>> 196608 Packets (0.192 GB) Processed On GPU 
	| Duration : 1.464640 ms
	| Bandwidth : 1048.145775 Gb/s
>> 196608 Packets (0.295898 GB) Transfered From Device to Host
	| Duration : 17.513409 ms
	| Bandwidth : 135.164293 Gb/s
---------------------------------------------------------------

>> Chunk 692 Started
196608 Packets Was Read From Pcap File
>> 196608 Packets (0.295898 GB) Transfered From Host To Device 
	| Duration : 16.384865 ms
	| Bandwidth : 144.474033 Gb/s
>> RuleGraph Was Processed For 256 Threads Per Block 
>> 196608 Packets (0.192 GB) Processed On GPU 
	| Duration : 1.471392 ms
	| Bandwidth : 1043.335979 Gb/s
>> 196608 Packets (0.295898 GB) Transfered From Device to Host
	| Duration : 17.435488 ms
	| Bandwidth : 135.768356 Gb/s
---------------------------------------------------------------

>> Chunk 693 Started
196608 Packets Was Read From Pcap File
>> 196608 Packets (0.295898 GB) Transfered From Host To Device 
	| Duration : 16.319073 ms
	| Bandwidth : 145.056496 Gb/s
>> RuleGraph Was Processed For 256 Threads Per Block 
>> 196608 Packets (0.192 GB) Processed On GPU 
	| Duration : 1.471872 ms
	| Bandwidth : 1042.995776 Gb/s
>> 196608 Packets (0.295898 GB) Transfered From Device to Host
	| Duration : 17.475296 ms
	| Bandwidth : 135.459079 Gb/s
---------------------------------------------------------------

>> Chunk 694 Started
196608 Packets Was Read From Pcap File
>> 196608 Packets (0.295898 GB) Transfered From Host To Device 
	| Duration : 16.497631 ms
	| Bandwidth : 143.486510 Gb/s
>> RuleGraph Was Processed For 256 Threads Per Block 
>> 196608 Packets (0.192 GB) Processed On GPU 
	| Duration : 1.473024 ms
	| Bandwidth : 1042.180059 Gb/s
>> 196608 Packets (0.295898 GB) Transfered From Device to Host
	| Duration : 17.419905 ms
	| Bandwidth : 135.889808 Gb/s
---------------------------------------------------------------

>> Chunk 695 Started
196608 Packets Was Read From Pcap File
>> 196608 Packets (0.295898 GB) Transfered From Host To Device 
	| Duration : 16.347456 ms
	| Bandwidth : 144.804641 Gb/s
>> RuleGraph Was Processed For 256 Threads Per Block 
>> 196608 Packets (0.192 GB) Processed On GPU 
	| Duration : 1.473888 ms
	| Bandwidth : 1041.569108 Gb/s
>> 196608 Packets (0.295898 GB) Transfered From Device to Host
	| Duration : 17.660128 ms
	| Bandwidth : 134.041358 Gb/s
---------------------------------------------------------------

>> Chunk 696 Started
196608 Packets Was Read From Pcap File
>> 196608 Packets (0.295898 GB) Transfered From Host To Device 
	| Duration : 16.576609 ms
	| Bandwidth : 142.802883 Gb/s
>> RuleGraph Was Processed For 256 Threads Per Block 
>> 196608 Packets (0.192 GB) Processed On GPU 
	| Duration : 1.470400 ms
	| Bandwidth : 1044.039904 Gb/s
>> 196608 Packets (0.295898 GB) Transfered From Device to Host
	| Duration : 17.468288 ms
	| Bandwidth : 135.513420 Gb/s
---------------------------------------------------------------

>> Chunk 697 Started
196608 Packets Was Read From Pcap File
>> 196608 Packets (0.295898 GB) Transfered From Host To Device 
	| Duration : 16.522943 ms
	| Bandwidth : 143.266695 Gb/s
>> RuleGraph Was Processed For 256 Threads Per Block 
>> 196608 Packets (0.192 GB) Processed On GPU 
	| Duration : 1.467360 ms
	| Bandwidth : 1046.202861 Gb/s
>> 196608 Packets (0.295898 GB) Transfered From Device to Host
	| Duration : 17.611200 ms
	| Bandwidth : 134.413751 Gb/s
---------------------------------------------------------------

>> Chunk 698 Started
196608 Packets Was Read From Pcap File
>> 196608 Packets (0.295898 GB) Transfered From Host To Device 
	| Duration : 16.629280 ms
	| Bandwidth : 142.350570 Gb/s
>> RuleGraph Was Processed For 256 Threads Per Block 
>> 196608 Packets (0.192 GB) Processed On GPU 
	| Duration : 1.478048 ms
	| Bandwidth : 1038.637639 Gb/s
>> 196608 Packets (0.295898 GB) Transfered From Device to Host
	| Duration : 17.695936 ms
	| Bandwidth : 133.770119 Gb/s
---------------------------------------------------------------

>> Chunk 699 Started
196608 Packets Was Read From Pcap File
>> 196608 Packets (0.295898 GB) Transfered From Host To Device 
	| Duration : 16.461599 ms
	| Bandwidth : 143.800578 Gb/s
>> RuleGraph Was Processed For 256 Threads Per Block 
>> 196608 Packets (0.192 GB) Processed On GPU 
	| Duration : 1.475072 ms
	| Bandwidth : 1040.733078 Gb/s
>> 196608 Packets (0.295898 GB) Transfered From Device to Host
	| Duration : 17.367584 ms
	| Bandwidth : 136.299181 Gb/s
---------------------------------------------------------------

>> Chunk 700 Started
196608 Packets Was Read From Pcap File
>> 196608 Packets (0.295898 GB) Transfered From Host To Device 
	| Duration : 16.595232 ms
	| Bandwidth : 142.642628 Gb/s
>> RuleGraph Was Processed For 256 Threads Per Block 
>> 196608 Packets (0.192 GB) Processed On GPU 
	| Duration : 1.466720 ms
	| Bandwidth : 1046.659394 Gb/s
>> 196608 Packets (0.295898 GB) Transfered From Device to Host
	| Duration : 17.393312 ms
	| Bandwidth : 136.097567 Gb/s
---------------------------------------------------------------

>> Chunk 701 Started
196608 Packets Was Read From Pcap File
>> 196608 Packets (0.295898 GB) Transfered From Host To Device 
	| Duration : 16.395456 ms
	| Bandwidth : 144.380702 Gb/s
>> RuleGraph Was Processed For 256 Threads Per Block 
>> 196608 Packets (0.192 GB) Processed On GPU 
	| Duration : 1.471168 ms
	| Bandwidth : 1043.494833 Gb/s
>> 196608 Packets (0.295898 GB) Transfered From Device to Host
	| Duration : 17.516031 ms
	| Bandwidth : 135.144055 Gb/s
---------------------------------------------------------------

>> Chunk 702 Started
196608 Packets Was Read From Pcap File
>> 196608 Packets (0.295898 GB) Transfered From Host To Device 
	| Duration : 16.325888 ms
	| Bandwidth : 144.995944 Gb/s
>> RuleGraph Was Processed For 256 Threads Per Block 
>> 196608 Packets (0.192 GB) Processed On GPU 
	| Duration : 1.474752 ms
	| Bandwidth : 1040.958956 Gb/s
>> 196608 Packets (0.295898 GB) Transfered From Device to Host
	| Duration : 17.484159 ms
	| Bandwidth : 135.390409 Gb/s
---------------------------------------------------------------

>> Chunk 703 Started
196608 Packets Was Read From Pcap File
>> 196608 Packets (0.295898 GB) Transfered From Host To Device 
	| Duration : 16.893345 ms
	| Bandwidth : 140.125447 Gb/s
>> RuleGraph Was Processed For 256 Threads Per Block 
>> 196608 Packets (0.192 GB) Processed On GPU 
	| Duration : 1.483136 ms
	| Bandwidth : 1035.074457 Gb/s
>> 196608 Packets (0.295898 GB) Transfered From Device to Host
	| Duration : 17.607584 ms
	| Bandwidth : 134.441358 Gb/s
---------------------------------------------------------------

>> Chunk 704 Started
196608 Packets Was Read From Pcap File
>> 196608 Packets (0.295898 GB) Transfered From Host To Device 
	| Duration : 16.555328 ms
	| Bandwidth : 142.986442 Gb/s
>> RuleGraph Was Processed For 256 Threads Per Block 
>> 196608 Packets (0.192 GB) Processed On GPU 
	| Duration : 1.482368 ms
	| Bandwidth : 1035.610765 Gb/s
>> 196608 Packets (0.295898 GB) Transfered From Device to Host
	| Duration : 17.442976 ms
	| Bandwidth : 135.710070 Gb/s
---------------------------------------------------------------

>> Chunk 705 Started
196608 Packets Was Read From Pcap File
>> 196608 Packets (0.295898 GB) Transfered From Host To Device 
	| Duration : 16.842337 ms
	| Bandwidth : 140.549827 Gb/s
>> RuleGraph Was Processed For 256 Threads Per Block 
>> 196608 Packets (0.192 GB) Processed On GPU 
	| Duration : 1.469728 ms
	| Bandwidth : 1044.517256 Gb/s
>> 196608 Packets (0.295898 GB) Transfered From Device to Host
	| Duration : 17.401472 ms
	| Bandwidth : 136.033750 Gb/s
---------------------------------------------------------------

>> Chunk 706 Started
196608 Packets Was Read From Pcap File
>> 196608 Packets (0.295898 GB) Transfered From Host To Device 
	| Duration : 16.482113 ms
	| Bandwidth : 143.621605 Gb/s
>> RuleGraph Was Processed For 256 Threads Per Block 
>> 196608 Packets (0.192 GB) Processed On GPU 
	| Duration : 1.469952 ms
	| Bandwidth : 1044.358090 Gb/s
>> 196608 Packets (0.295898 GB) Transfered From Device to Host
	| Duration : 17.335712 ms
	| Bandwidth : 136.549767 Gb/s
---------------------------------------------------------------

>> Chunk 707 Started
196608 Packets Was Read From Pcap File
>> 196608 Packets (0.295898 GB) Transfered From Host To Device 
	| Duration : 16.535969 ms
	| Bandwidth : 143.153844 Gb/s
>> RuleGraph Was Processed For 256 Threads Per Block 
>> 196608 Packets (0.192 GB) Processed On GPU 
	| Duration : 1.469824 ms
	| Bandwidth : 1044.449060 Gb/s
>> 196608 Packets (0.295898 GB) Transfered From Device to Host
	| Duration : 17.427999 ms
	| Bandwidth : 135.826691 Gb/s
---------------------------------------------------------------

>> Chunk 708 Started
196608 Packets Was Read From Pcap File
>> 196608 Packets (0.295898 GB) Transfered From Host To Device 
	| Duration : 16.644640 ms
	| Bandwidth : 142.219207 Gb/s
>> RuleGraph Was Processed For 256 Threads Per Block 
>> 196608 Packets (0.192 GB) Processed On GPU 
	| Duration : 1.479296 ms
	| Bandwidth : 1037.761396 Gb/s
>> 196608 Packets (0.295898 GB) Transfered From Device to Host
	| Duration : 17.554144 ms
	| Bandwidth : 134.850638 Gb/s
---------------------------------------------------------------

>> Chunk 709 Started
196608 Packets Was Read From Pcap File
>> 196608 Packets (0.295898 GB) Transfered From Host To Device 
	| Duration : 16.490688 ms
	| Bandwidth : 143.546919 Gb/s
>> RuleGraph Was Processed For 256 Threads Per Block 
>> 196608 Packets (0.192 GB) Processed On GPU 
	| Duration : 1.482944 ms
	| Bandwidth : 1035.208503 Gb/s
>> 196608 Packets (0.295898 GB) Transfered From Device to Host
	| Duration : 17.211329 ms
	| Bandwidth : 137.536594 Gb/s
---------------------------------------------------------------

>> Chunk 710 Started
196608 Packets Was Read From Pcap File
>> 196608 Packets (0.295898 GB) Transfered From Host To Device 
	| Duration : 16.706079 ms
	| Bandwidth : 141.696171 Gb/s
>> RuleGraph Was Processed For 256 Threads Per Block 
>> 196608 Packets (0.192 GB) Processed On GPU 
	| Duration : 1.470976 ms
	| Bandwidth : 1043.631069 Gb/s
>> 196608 Packets (0.295898 GB) Transfered From Device to Host
	| Duration : 17.713535 ms
	| Bandwidth : 133.637214 Gb/s
---------------------------------------------------------------

>> Chunk 711 Started
196608 Packets Was Read From Pcap File
>> 196608 Packets (0.295898 GB) Transfered From Host To Device 
	| Duration : 16.680193 ms
	| Bandwidth : 141.916074 Gb/s
>> RuleGraph Was Processed For 256 Threads Per Block 
>> 196608 Packets (0.192 GB) Processed On GPU 
	| Duration : 1.475744 ms
	| Bandwidth : 1040.259178 Gb/s
>> 196608 Packets (0.295898 GB) Transfered From Device to Host
	| Duration : 17.360479 ms
	| Bandwidth : 136.354962 Gb/s
---------------------------------------------------------------

>> Chunk 712 Started
196608 Packets Was Read From Pcap File
>> 196608 Packets (0.295898 GB) Transfered From Host To Device 
	| Duration : 16.616287 ms
	| Bandwidth : 142.461879 Gb/s
>> RuleGraph Was Processed For 256 Threads Per Block 
>> 196608 Packets (0.192 GB) Processed On GPU 
	| Duration : 1.481248 ms
	| Bandwidth : 1036.393790 Gb/s
>> 196608 Packets (0.295898 GB) Transfered From Device to Host
	| Duration : 17.311487 ms
	| Bandwidth : 136.740851 Gb/s
---------------------------------------------------------------

>> Chunk 713 Started
196608 Packets Was Read From Pcap File
>> 196608 Packets (0.295898 GB) Transfered From Host To Device 
	| Duration : 16.710688 ms
	| Bandwidth : 141.657097 Gb/s
>> RuleGraph Was Processed For 256 Threads Per Block 
>> 196608 Packets (0.192 GB) Processed On GPU 
	| Duration : 1.474112 ms
	| Bandwidth : 1041.410839 Gb/s
>> 196608 Packets (0.295898 GB) Transfered From Device to Host
	| Duration : 17.286625 ms
	| Bandwidth : 136.937517 Gb/s
---------------------------------------------------------------

>> Chunk 714 Started
196608 Packets Was Read From Pcap File
>> 196608 Packets (0.295898 GB) Transfered From Host To Device 
	| Duration : 16.538303 ms
	| Bandwidth : 143.133636 Gb/s
>> RuleGraph Was Processed For 256 Threads Per Block 
>> 196608 Packets (0.192 GB) Processed On GPU 
	| Duration : 1.474368 ms
	| Bandwidth : 1041.230056 Gb/s
>> 196608 Packets (0.295898 GB) Transfered From Device to Host
	| Duration : 17.359873 ms
	| Bandwidth : 136.359726 Gb/s
---------------------------------------------------------------

>> Chunk 715 Started
196608 Packets Was Read From Pcap File
>> 196608 Packets (0.295898 GB) Transfered From Host To Device 
	| Duration : 16.322657 ms
	| Bandwidth : 145.024646 Gb/s
>> RuleGraph Was Processed For 256 Threads Per Block 
>> 196608 Packets (0.192 GB) Processed On GPU 
	| Duration : 1.477824 ms
	| Bandwidth : 1038.795065 Gb/s
>> 196608 Packets (0.295898 GB) Transfered From Device to Host
	| Duration : 17.484159 ms
	| Bandwidth : 135.390409 Gb/s
---------------------------------------------------------------

>> Chunk 716 Started
196608 Packets Was Read From Pcap File
>> 196608 Packets (0.295898 GB) Transfered From Host To Device 
	| Duration : 16.486080 ms
	| Bandwidth : 143.587043 Gb/s
>> RuleGraph Was Processed For 256 Threads Per Block 
>> 196608 Packets (0.192 GB) Processed On GPU 
	| Duration : 1.473760 ms
	| Bandwidth : 1041.659592 Gb/s
>> 196608 Packets (0.295898 GB) Transfered From Device to Host
	| Duration : 17.467712 ms
	| Bandwidth : 135.517888 Gb/s
---------------------------------------------------------------

>> Chunk 717 Started
196608 Packets Was Read From Pcap File
>> 196608 Packets (0.295898 GB) Transfered From Host To Device 
	| Duration : 16.690208 ms
	| Bandwidth : 141.830913 Gb/s
>> RuleGraph Was Processed For 256 Threads Per Block 
>> 196608 Packets (0.192 GB) Processed On GPU 
	| Duration : 1.480704 ms
	| Bandwidth : 1036.774603 Gb/s
>> 196608 Packets (0.295898 GB) Transfered From Device to Host
	| Duration : 17.415903 ms
	| Bandwidth : 135.921031 Gb/s
---------------------------------------------------------------

>> Chunk 718 Started
196608 Packets Was Read From Pcap File
>> 196608 Packets (0.295898 GB) Transfered From Host To Device 
	| Duration : 16.532864 ms
	| Bandwidth : 143.180731 Gb/s
>> RuleGraph Was Processed For 256 Threads Per Block 
>> 196608 Packets (0.192 GB) Processed On GPU 
	| Duration : 1.475072 ms
	| Bandwidth : 1040.733078 Gb/s
>> 196608 Packets (0.295898 GB) Transfered From Device to Host
	| Duration : 17.705631 ms
	| Bandwidth : 133.696871 Gb/s
---------------------------------------------------------------

>> Chunk 719 Started
196608 Packets Was Read From Pcap File
>> 196608 Packets (0.295898 GB) Transfered From Host To Device 
	| Duration : 16.522593 ms
	| Bandwidth : 143.269738 Gb/s
>> RuleGraph Was Processed For 256 Threads Per Block 
>> 196608 Packets (0.192 GB) Processed On GPU 
	| Duration : 1.473312 ms
	| Bandwidth : 1041.976329 Gb/s
>> 196608 Packets (0.295898 GB) Transfered From Device to Host
	| Duration : 17.673311 ms
	| Bandwidth : 133.941369 Gb/s
---------------------------------------------------------------

>> Chunk 720 Started
196608 Packets Was Read From Pcap File
>> 196608 Packets (0.295898 GB) Transfered From Host To Device 
	| Duration : 16.603359 ms
	| Bandwidth : 142.572805 Gb/s
>> RuleGraph Was Processed For 256 Threads Per Block 
>> 196608 Packets (0.192 GB) Processed On GPU 
	| Duration : 1.462496 ms
	| Bandwidth : 1049.682328 Gb/s
>> 196608 Packets (0.295898 GB) Transfered From Device to Host
	| Duration : 17.344543 ms
	| Bandwidth : 136.480243 Gb/s
---------------------------------------------------------------

>> Chunk 721 Started
196608 Packets Was Read From Pcap File
>> 196608 Packets (0.295898 GB) Transfered From Host To Device 
	| Duration : 16.680576 ms
	| Bandwidth : 141.912812 Gb/s
>> RuleGraph Was Processed For 256 Threads Per Block 
>> 196608 Packets (0.192 GB) Processed On GPU 
	| Duration : 1.474656 ms
	| Bandwidth : 1041.026697 Gb/s
>> 196608 Packets (0.295898 GB) Transfered From Device to Host
	| Duration : 17.314592 ms
	| Bandwidth : 136.716329 Gb/s
---------------------------------------------------------------

>> Chunk 722 Started
196608 Packets Was Read From Pcap File
>> 196608 Packets (0.295898 GB) Transfered From Host To Device 
	| Duration : 16.375521 ms
	| Bandwidth : 144.556472 Gb/s
>> RuleGraph Was Processed For 256 Threads Per Block 
>> 196608 Packets (0.192 GB) Processed On GPU 
	| Duration : 1.470400 ms
	| Bandwidth : 1044.039904 Gb/s
>> 196608 Packets (0.295898 GB) Transfered From Device to Host
	| Duration : 17.316256 ms
	| Bandwidth : 136.703197 Gb/s
---------------------------------------------------------------

>> Chunk 723 Started
196608 Packets Was Read From Pcap File
>> 196608 Packets (0.295898 GB) Transfered From Host To Device 
	| Duration : 16.529663 ms
	| Bandwidth : 143.208454 Gb/s
>> RuleGraph Was Processed For 256 Threads Per Block 
>> 196608 Packets (0.192 GB) Processed On GPU 
	| Duration : 1.478816 ms
	| Bandwidth : 1038.098192 Gb/s
>> 196608 Packets (0.295898 GB) Transfered From Device to Host
	| Duration : 17.333088 ms
	| Bandwidth : 136.570443 Gb/s
---------------------------------------------------------------

>> Chunk 724 Started
196608 Packets Was Read From Pcap File
>> 196608 Packets (0.295898 GB) Transfered From Host To Device 
	| Duration : 16.570623 ms
	| Bandwidth : 142.854463 Gb/s
>> RuleGraph Was Processed For 256 Threads Per Block 
>> 196608 Packets (0.192 GB) Processed On GPU 
	| Duration : 1.477632 ms
	| Bandwidth : 1038.929992 Gb/s
>> 196608 Packets (0.295898 GB) Transfered From Device to Host
	| Duration : 17.448000 ms
	| Bandwidth : 135.670994 Gb/s
---------------------------------------------------------------

>> Chunk 725 Started
196608 Packets Was Read From Pcap File
>> 196608 Packets (0.295898 GB) Transfered From Host To Device 
	| Duration : 16.475679 ms
	| Bandwidth : 143.677687 Gb/s
>> RuleGraph Was Processed For 256 Threads Per Block 
>> 196608 Packets (0.192 GB) Processed On GPU 
	| Duration : 1.489408 ms
	| Bandwidth : 1030.715716 Gb/s
>> 196608 Packets (0.295898 GB) Transfered From Device to Host
	| Duration : 17.432032 ms
	| Bandwidth : 135.795273 Gb/s
---------------------------------------------------------------

>> Chunk 726 Started
196608 Packets Was Read From Pcap File
>> 196608 Packets (0.295898 GB) Transfered From Host To Device 
	| Duration : 16.693632 ms
	| Bandwidth : 141.801825 Gb/s
>> RuleGraph Was Processed For 256 Threads Per Block 
>> 196608 Packets (0.192 GB) Processed On GPU 
	| Duration : 1.480352 ms
	| Bandwidth : 1037.021063 Gb/s
>> 196608 Packets (0.295898 GB) Transfered From Device to Host
	| Duration : 17.538015 ms
	| Bandwidth : 134.974651 Gb/s
---------------------------------------------------------------

>> Chunk 727 Started
196608 Packets Was Read From Pcap File
>> 196608 Packets (0.295898 GB) Transfered From Host To Device 
	| Duration : 16.562464 ms
	| Bandwidth : 142.924841 Gb/s
>> RuleGraph Was Processed For 256 Threads Per Block 
>> 196608 Packets (0.192 GB) Processed On GPU 
	| Duration : 1.473376 ms
	| Bandwidth : 1041.931057 Gb/s
>> 196608 Packets (0.295898 GB) Transfered From Device to Host
	| Duration : 17.531809 ms
	| Bandwidth : 135.022434 Gb/s
---------------------------------------------------------------

>> Chunk 728 Started
196608 Packets Was Read From Pcap File
>> 196608 Packets (0.295898 GB) Transfered From Host To Device 
	| Duration : 16.626944 ms
	| Bandwidth : 142.370574 Gb/s
>> RuleGraph Was Processed For 256 Threads Per Block 
>> 196608 Packets (0.192 GB) Processed On GPU 
	| Duration : 1.474144 ms
	| Bandwidth : 1041.388269 Gb/s
>> 196608 Packets (0.295898 GB) Transfered From Device to Host
	| Duration : 17.223743 ms
	| Bandwidth : 137.437457 Gb/s
---------------------------------------------------------------

>> Chunk 729 Started
196608 Packets Was Read From Pcap File
>> 196608 Packets (0.295898 GB) Transfered From Host To Device 
	| Duration : 16.669056 ms
	| Bandwidth : 142.010892 Gb/s
>> RuleGraph Was Processed For 256 Threads Per Block 
>> 196608 Packets (0.192 GB) Processed On GPU 
	| Duration : 1.462656 ms
	| Bandwidth : 1049.567518 Gb/s
>> 196608 Packets (0.295898 GB) Transfered From Device to Host
	| Duration : 17.624512 ms
	| Bandwidth : 134.312232 Gb/s
---------------------------------------------------------------

>> Chunk 730 Started
196608 Packets Was Read From Pcap File
>> 196608 Packets (0.295898 GB) Transfered From Host To Device 
	| Duration : 16.348225 ms
	| Bandwidth : 144.797833 Gb/s
>> RuleGraph Was Processed For 256 Threads Per Block 
>> 196608 Packets (0.192 GB) Processed On GPU 
	| Duration : 1.524160 ms
	| Bandwidth : 1007.214612 Gb/s
>> 196608 Packets (0.295898 GB) Transfered From Device to Host
	| Duration : 17.402817 ms
	| Bandwidth : 136.023239 Gb/s
---------------------------------------------------------------

>> Chunk 731 Started
196608 Packets Was Read From Pcap File
>> 196608 Packets (0.295898 GB) Transfered From Host To Device 
	| Duration : 16.585535 ms
	| Bandwidth : 142.726026 Gb/s
>> RuleGraph Was Processed For 256 Threads Per Block 
>> 196608 Packets (0.192 GB) Processed On GPU 
	| Duration : 1.466560 ms
	| Bandwidth : 1046.773568 Gb/s
>> 196608 Packets (0.295898 GB) Transfered From Device to Host
	| Duration : 17.619583 ms
	| Bandwidth : 134.349802 Gb/s
---------------------------------------------------------------

>> Chunk 732 Started
196608 Packets Was Read From Pcap File
>> 196608 Packets (0.295898 GB) Transfered From Host To Device 
	| Duration : 16.510176 ms
	| Bandwidth : 143.377487 Gb/s
>> RuleGraph Was Processed For 256 Threads Per Block 
>> 196608 Packets (0.192 GB) Processed On GPU 
	| Duration : 1.472544 ms
	| Bandwidth : 1042.519814 Gb/s
>> 196608 Packets (0.295898 GB) Transfered From Device to Host
	| Duration : 17.417952 ms
	| Bandwidth : 135.905045 Gb/s
---------------------------------------------------------------

>> Chunk 733 Started
196608 Packets Was Read From Pcap File
>> 196608 Packets (0.295898 GB) Transfered From Host To Device 
	| Duration : 16.547392 ms
	| Bandwidth : 143.055021 Gb/s
>> RuleGraph Was Processed For 256 Threads Per Block 
>> 196608 Packets (0.192 GB) Processed On GPU 
	| Duration : 1.470528 ms
	| Bandwidth : 1043.949005 Gb/s
>> 196608 Packets (0.295898 GB) Transfered From Device to Host
	| Duration : 17.487488 ms
	| Bandwidth : 135.364641 Gb/s
---------------------------------------------------------------

>> Chunk 734 Started
196608 Packets Was Read From Pcap File
>> 196608 Packets (0.295898 GB) Transfered From Host To Device 
	| Duration : 16.429119 ms
	| Bandwidth : 144.084871 Gb/s
>> RuleGraph Was Processed For 256 Threads Per Block 
>> 196608 Packets (0.192 GB) Processed On GPU 
	| Duration : 1.481952 ms
	| Bandwidth : 1035.901500 Gb/s
>> 196608 Packets (0.295898 GB) Transfered From Device to Host
	| Duration : 17.641376 ms
	| Bandwidth : 134.183832 Gb/s
---------------------------------------------------------------

>> Chunk 735 Started
196608 Packets Was Read From Pcap File
>> 196608 Packets (0.295898 GB) Transfered From Host To Device 
	| Duration : 16.616287 ms
	| Bandwidth : 142.461879 Gb/s
>> RuleGraph Was Processed For 256 Threads Per Block 
>> 196608 Packets (0.192 GB) Processed On GPU 
	| Duration : 1.485760 ms
	| Bandwidth : 1033.246471 Gb/s
>> 196608 Packets (0.295898 GB) Transfered From Device to Host
	| Duration : 17.518463 ms
	| Bandwidth : 135.125295 Gb/s
---------------------------------------------------------------

>> Chunk 736 Started
196608 Packets Was Read From Pcap File
>> 196608 Packets (0.295898 GB) Transfered From Host To Device 
	| Duration : 16.783039 ms
	| Bandwidth : 141.046415 Gb/s
>> RuleGraph Was Processed For 256 Threads Per Block 
>> 196608 Packets (0.192 GB) Processed On GPU 
	| Duration : 1.479296 ms
	| Bandwidth : 1037.761396 Gb/s
>> 196608 Packets (0.295898 GB) Transfered From Device to Host
	| Duration : 17.487137 ms
	| Bandwidth : 135.367357 Gb/s
---------------------------------------------------------------

>> Chunk 737 Started
196608 Packets Was Read From Pcap File
>> 196608 Packets (0.295898 GB) Transfered From Host To Device 
	| Duration : 16.728640 ms
	| Bandwidth : 141.505081 Gb/s
>> RuleGraph Was Processed For 256 Threads Per Block 
>> 196608 Packets (0.192 GB) Processed On GPU 
	| Duration : 1.479168 ms
	| Bandwidth : 1037.851137 Gb/s
>> 196608 Packets (0.295898 GB) Transfered From Device to Host
	| Duration : 17.360449 ms
	| Bandwidth : 136.355202 Gb/s
---------------------------------------------------------------

>> Chunk 738 Started
196608 Packets Was Read From Pcap File
>> 196608 Packets (0.295898 GB) Transfered From Host To Device 
	| Duration : 16.337343 ms
	| Bandwidth : 144.894275 Gb/s
>> RuleGraph Was Processed For 256 Threads Per Block 
>> 196608 Packets (0.192 GB) Processed On GPU 
	| Duration : 1.479680 ms
	| Bandwidth : 1037.492100 Gb/s
>> 196608 Packets (0.295898 GB) Transfered From Device to Host
	| Duration : 17.249311 ms
	| Bandwidth : 137.233739 Gb/s
---------------------------------------------------------------

>> Chunk 739 Started
196608 Packets Was Read From Pcap File
>> 196608 Packets (0.295898 GB) Transfered From Host To Device 
	| Duration : 16.460512 ms
	| Bandwidth : 143.810076 Gb/s
>> RuleGraph Was Processed For 256 Threads Per Block 
>> 196608 Packets (0.192 GB) Processed On GPU 
	| Duration : 1.491072 ms
	| Bandwidth : 1029.565433 Gb/s
>> 196608 Packets (0.295898 GB) Transfered From Device to Host
	| Duration : 17.508127 ms
	| Bandwidth : 135.205066 Gb/s
---------------------------------------------------------------

>> Chunk 740 Started
196608 Packets Was Read From Pcap File
>> 196608 Packets (0.295898 GB) Transfered From Host To Device 
	| Duration : 16.614368 ms
	| Bandwidth : 142.478332 Gb/s
>> RuleGraph Was Processed For 256 Threads Per Block 
>> 196608 Packets (0.192 GB) Processed On GPU 
	| Duration : 1.458112 ms
	| Bandwidth : 1052.838361 Gb/s
>> 196608 Packets (0.295898 GB) Transfered From Device to Host
	| Duration : 17.516289 ms
	| Bandwidth : 135.142069 Gb/s
---------------------------------------------------------------

>> Chunk 741 Started
196608 Packets Was Read From Pcap File
>> 196608 Packets (0.295898 GB) Transfered From Host To Device 
	| Duration : 16.647488 ms
	| Bandwidth : 142.194880 Gb/s
>> RuleGraph Was Processed For 256 Threads Per Block 
>> 196608 Packets (0.192 GB) Processed On GPU 
	| Duration : 1.467872 ms
	| Bandwidth : 1045.837938 Gb/s
>> 196608 Packets (0.295898 GB) Transfered From Device to Host
	| Duration : 17.878752 ms
	| Bandwidth : 132.402280 Gb/s
---------------------------------------------------------------

>> Chunk 742 Started
196608 Packets Was Read From Pcap File
>> 196608 Packets (0.295898 GB) Transfered From Host To Device 
	| Duration : 16.587328 ms
	| Bandwidth : 142.710598 Gb/s
>> RuleGraph Was Processed For 256 Threads Per Block 
>> 196608 Packets (0.192 GB) Processed On GPU 
	| Duration : 1.466176 ms
	| Bandwidth : 1047.047705 Gb/s
>> 196608 Packets (0.295898 GB) Transfered From Device to Host
	| Duration : 17.441536 ms
	| Bandwidth : 135.721275 Gb/s
---------------------------------------------------------------

>> Chunk 743 Started
196608 Packets Was Read From Pcap File
>> 196608 Packets (0.295898 GB) Transfered From Host To Device 
	| Duration : 16.488960 ms
	| Bandwidth : 143.561963 Gb/s
>> RuleGraph Was Processed For 256 Threads Per Block 
>> 196608 Packets (0.192 GB) Processed On GPU 
	| Duration : 1.471936 ms
	| Bandwidth : 1042.950416 Gb/s
>> 196608 Packets (0.295898 GB) Transfered From Device to Host
	| Duration : 17.580896 ms
	| Bandwidth : 134.645438 Gb/s
---------------------------------------------------------------

>> Chunk 744 Started
196608 Packets Was Read From Pcap File
>> 196608 Packets (0.295898 GB) Transfered From Host To Device 
	| Duration : 16.461056 ms
	| Bandwidth : 143.805327 Gb/s
>> RuleGraph Was Processed For 256 Threads Per Block 
>> 196608 Packets (0.192 GB) Processed On GPU 
	| Duration : 1.470368 ms
	| Bandwidth : 1044.062589 Gb/s
>> 196608 Packets (0.295898 GB) Transfered From Device to Host
	| Duration : 17.238655 ms
	| Bandwidth : 137.318572 Gb/s
---------------------------------------------------------------

>> Chunk 745 Started
196608 Packets Was Read From Pcap File
>> 196608 Packets (0.295898 GB) Transfered From Host To Device 
	| Duration : 16.556671 ms
	| Bandwidth : 142.974846 Gb/s
>> RuleGraph Was Processed For 256 Threads Per Block 
>> 196608 Packets (0.192 GB) Processed On GPU 
	| Duration : 1.483840 ms
	| Bandwidth : 1034.583420 Gb/s
>> 196608 Packets (0.295898 GB) Transfered From Device to Host
	| Duration : 17.372448 ms
	| Bandwidth : 136.261021 Gb/s
---------------------------------------------------------------

>> Chunk 746 Started
196608 Packets Was Read From Pcap File
>> 196608 Packets (0.295898 GB) Transfered From Host To Device 
	| Duration : 16.345472 ms
	| Bandwidth : 144.822214 Gb/s
>> RuleGraph Was Processed For 256 Threads Per Block 
>> 196608 Packets (0.192 GB) Processed On GPU 
	| Duration : 1.465248 ms
	| Bandwidth : 1047.710873 Gb/s
>> 196608 Packets (0.295898 GB) Transfered From Device to Host
	| Duration : 17.422497 ms
	| Bandwidth : 135.869590 Gb/s
---------------------------------------------------------------

>> Chunk 747 Started
196608 Packets Was Read From Pcap File
>> 196608 Packets (0.295898 GB) Transfered From Host To Device 
	| Duration : 16.457567 ms
	| Bandwidth : 143.835809 Gb/s
>> RuleGraph Was Processed For 256 Threads Per Block 
>> 196608 Packets (0.192 GB) Processed On GPU 
	| Duration : 1.478656 ms
	| Bandwidth : 1038.210506 Gb/s
>> 196608 Packets (0.295898 GB) Transfered From Device to Host
	| Duration : 17.299105 ms
	| Bandwidth : 136.838729 Gb/s
---------------------------------------------------------------

>> Chunk 748 Started
196608 Packets Was Read From Pcap File
>> 196608 Packets (0.295898 GB) Transfered From Host To Device 
	| Duration : 16.722879 ms
	| Bandwidth : 141.553822 Gb/s
>> RuleGraph Was Processed For 256 Threads Per Block 
>> 196608 Packets (0.192 GB) Processed On GPU 
	| Duration : 1.462112 ms
	| Bandwidth : 1049.958076 Gb/s
>> 196608 Packets (0.295898 GB) Transfered From Device to Host
	| Duration : 17.498592 ms
	| Bandwidth : 135.278738 Gb/s
---------------------------------------------------------------

>> Chunk 749 Started
196608 Packets Was Read From Pcap File
>> 196608 Packets (0.295898 GB) Transfered From Host To Device 
	| Duration : 16.516159 ms
	| Bandwidth : 143.325545 Gb/s
>> RuleGraph Was Processed For 256 Threads Per Block 
>> 196608 Packets (0.192 GB) Processed On GPU 
	| Duration : 1.467776 ms
	| Bandwidth : 1045.906400 Gb/s
>> 196608 Packets (0.295898 GB) Transfered From Device to Host
	| Duration : 17.477728 ms
	| Bandwidth : 135.440231 Gb/s
---------------------------------------------------------------

>> Chunk 750 Started
196608 Packets Was Read From Pcap File
>> 196608 Packets (0.295898 GB) Transfered From Host To Device 
	| Duration : 16.644928 ms
	| Bandwidth : 142.216746 Gb/s
>> RuleGraph Was Processed For 256 Threads Per Block 
>> 196608 Packets (0.192 GB) Processed On GPU 
	| Duration : 1.468864 ms
	| Bandwidth : 1045.131672 Gb/s
>> 196608 Packets (0.295898 GB) Transfered From Device to Host
	| Duration : 17.730495 ms
	| Bandwidth : 133.509383 Gb/s
---------------------------------------------------------------

>> Chunk 751 Started
196608 Packets Was Read From Pcap File
>> 196608 Packets (0.295898 GB) Transfered From Host To Device 
	| Duration : 16.494047 ms
	| Bandwidth : 143.517687 Gb/s
>> RuleGraph Was Processed For 256 Threads Per Block 
>> 196608 Packets (0.192 GB) Processed On GPU 
	| Duration : 1.476160 ms
	| Bandwidth : 1039.965992 Gb/s
>> 196608 Packets (0.295898 GB) Transfered From Device to Host
	| Duration : 17.371616 ms
	| Bandwidth : 136.267544 Gb/s
---------------------------------------------------------------

>> Chunk 752 Started
196608 Packets Was Read From Pcap File
>> 196608 Packets (0.295898 GB) Transfered From Host To Device 
	| Duration : 16.468449 ms
	| Bandwidth : 143.740771 Gb/s
>> RuleGraph Was Processed For 256 Threads Per Block 
>> 196608 Packets (0.192 GB) Processed On GPU 
	| Duration : 1.468192 ms
	| Bandwidth : 1045.610022 Gb/s
>> 196608 Packets (0.295898 GB) Transfered From Device to Host
	| Duration : 17.252224 ms
	| Bandwidth : 137.210571 Gb/s
---------------------------------------------------------------

>> Chunk 753 Started
196608 Packets Was Read From Pcap File
>> 196608 Packets (0.295898 GB) Transfered From Host To Device 
	| Duration : 17.389185 ms
	| Bandwidth : 136.129871 Gb/s
>> RuleGraph Was Processed For 256 Threads Per Block 
>> 196608 Packets (0.192 GB) Processed On GPU 
	| Duration : 1.452608 ms
	| Bandwidth : 1056.827624 Gb/s
>> 196608 Packets (0.295898 GB) Transfered From Device to Host
	| Duration : 17.470016 ms
	| Bandwidth : 135.500015 Gb/s
---------------------------------------------------------------

>> Chunk 754 Started
196608 Packets Was Read From Pcap File
>> 196608 Packets (0.295898 GB) Transfered From Host To Device 
	| Duration : 16.848415 ms
	| Bandwidth : 140.499118 Gb/s
>> RuleGraph Was Processed For 256 Threads Per Block 
>> 196608 Packets (0.192 GB) Processed On GPU 
	| Duration : 1.468992 ms
	| Bandwidth : 1045.040583 Gb/s
>> 196608 Packets (0.295898 GB) Transfered From Device to Host
	| Duration : 17.485632 ms
	| Bandwidth : 135.379008 Gb/s
---------------------------------------------------------------

>> Chunk 755 Started
196608 Packets Was Read From Pcap File
>> 196608 Packets (0.295898 GB) Transfered From Host To Device 
	| Duration : 16.620031 ms
	| Bandwidth : 142.429785 Gb/s
>> RuleGraph Was Processed For 256 Threads Per Block 
>> 196608 Packets (0.192 GB) Processed On GPU 
	| Duration : 1.473472 ms
	| Bandwidth : 1041.863199 Gb/s
>> 196608 Packets (0.295898 GB) Transfered From Device to Host
	| Duration : 17.318592 ms
	| Bandwidth : 136.684754 Gb/s
---------------------------------------------------------------

>> Chunk 756 Started
196608 Packets Was Read From Pcap File
>> 196608 Packets (0.295898 GB) Transfered From Host To Device 
	| Duration : 16.537312 ms
	| Bandwidth : 143.142221 Gb/s
>> RuleGraph Was Processed For 256 Threads Per Block 
>> 196608 Packets (0.192 GB) Processed On GPU 
	| Duration : 1.466208 ms
	| Bandwidth : 1047.024890 Gb/s
>> 196608 Packets (0.295898 GB) Transfered From Device to Host
	| Duration : 17.520416 ms
	| Bandwidth : 135.110232 Gb/s
---------------------------------------------------------------

>> Chunk 757 Started
196608 Packets Was Read From Pcap File
>> 196608 Packets (0.295898 GB) Transfered From Host To Device 
	| Duration : 16.396032 ms
	| Bandwidth : 144.375630 Gb/s
>> RuleGraph Was Processed For 256 Threads Per Block 
>> 196608 Packets (0.192 GB) Processed On GPU 
	| Duration : 1.479520 ms
	| Bandwidth : 1037.604283 Gb/s
>> 196608 Packets (0.295898 GB) Transfered From Device to Host
	| Duration : 17.358879 ms
	| Bandwidth : 136.367532 Gb/s
---------------------------------------------------------------

>> Chunk 758 Started
196608 Packets Was Read From Pcap File
>> 196608 Packets (0.295898 GB) Transfered From Host To Device 
	| Duration : 16.491936 ms
	| Bandwidth : 143.536061 Gb/s
>> RuleGraph Was Processed For 256 Threads Per Block 
>> 196608 Packets (0.192 GB) Processed On GPU 
	| Duration : 1.480096 ms
	| Bandwidth : 1037.200471 Gb/s
>> 196608 Packets (0.295898 GB) Transfered From Device to Host
	| Duration : 17.608929 ms
	| Bandwidth : 134.431091 Gb/s
---------------------------------------------------------------

>> Chunk 759 Started
196608 Packets Was Read From Pcap File
>> 196608 Packets (0.295898 GB) Transfered From Host To Device 
	| Duration : 16.667295 ms
	| Bandwidth : 142.025892 Gb/s
>> RuleGraph Was Processed For 256 Threads Per Block 
>> 196608 Packets (0.192 GB) Processed On GPU 
	| Duration : 1.464928 ms
	| Bandwidth : 1047.939706 Gb/s
>> 196608 Packets (0.295898 GB) Transfered From Device to Host
	| Duration : 17.519775 ms
	| Bandwidth : 135.115174 Gb/s
---------------------------------------------------------------

>> Chunk 760 Started
196608 Packets Was Read From Pcap File
>> 196608 Packets (0.295898 GB) Transfered From Host To Device 
	| Duration : 16.404480 ms
	| Bandwidth : 144.301283 Gb/s
>> RuleGraph Was Processed For 256 Threads Per Block 
>> 196608 Packets (0.192 GB) Processed On GPU 
	| Duration : 1.471008 ms
	| Bandwidth : 1043.608403 Gb/s
>> 196608 Packets (0.295898 GB) Transfered From Device to Host
	| Duration : 17.503263 ms
	| Bandwidth : 135.242637 Gb/s
---------------------------------------------------------------

>> Chunk 761 Started
196608 Packets Was Read From Pcap File
>> 196608 Packets (0.295898 GB) Transfered From Host To Device 
	| Duration : 16.789984 ms
	| Bandwidth : 140.988076 Gb/s
>> RuleGraph Was Processed For 256 Threads Per Block 
>> 196608 Packets (0.192 GB) Processed On GPU 
	| Duration : 1.471264 ms
	| Bandwidth : 1043.426771 Gb/s
>> 196608 Packets (0.295898 GB) Transfered From Device to Host
	| Duration : 17.444609 ms
	| Bandwidth : 135.697369 Gb/s
---------------------------------------------------------------

>> Chunk 762 Started
196608 Packets Was Read From Pcap File
>> 196608 Packets (0.295898 GB) Transfered From Host To Device 
	| Duration : 16.789185 ms
	| Bandwidth : 140.994787 Gb/s
>> RuleGraph Was Processed For 256 Threads Per Block 
>> 196608 Packets (0.192 GB) Processed On GPU 
	| Duration : 1.477888 ms
	| Bandwidth : 1038.750069 Gb/s
>> 196608 Packets (0.295898 GB) Transfered From Device to Host
	| Duration : 17.555744 ms
	| Bandwidth : 134.838346 Gb/s
---------------------------------------------------------------

>> Chunk 763 Started
196608 Packets Was Read From Pcap File
>> 196608 Packets (0.295898 GB) Transfered From Host To Device 
	| Duration : 16.341568 ms
	| Bandwidth : 144.856816 Gb/s
>> RuleGraph Was Processed For 256 Threads Per Block 
>> 196608 Packets (0.192 GB) Processed On GPU 
	| Duration : 1.480224 ms
	| Bandwidth : 1037.110759 Gb/s
>> 196608 Packets (0.295898 GB) Transfered From Device to Host
	| Duration : 17.319551 ms
	| Bandwidth : 136.677183 Gb/s
---------------------------------------------------------------

>> Chunk 764 Started
196608 Packets Was Read From Pcap File
>> 196608 Packets (0.295898 GB) Transfered From Host To Device 
	| Duration : 16.509504 ms
	| Bandwidth : 143.383318 Gb/s
>> RuleGraph Was Processed For 256 Threads Per Block 
>> 196608 Packets (0.192 GB) Processed On GPU 
	| Duration : 1.475488 ms
	| Bandwidth : 1040.439709 Gb/s
>> 196608 Packets (0.295898 GB) Transfered From Device to Host
	| Duration : 17.379808 ms
	| Bandwidth : 136.203314 Gb/s
---------------------------------------------------------------

>> Chunk 765 Started
196608 Packets Was Read From Pcap File
>> 196608 Packets (0.295898 GB) Transfered From Host To Device 
	| Duration : 16.464161 ms
	| Bandwidth : 143.778205 Gb/s
>> RuleGraph Was Processed For 256 Threads Per Block 
>> 196608 Packets (0.192 GB) Processed On GPU 
	| Duration : 1.477760 ms
	| Bandwidth : 1038.840065 Gb/s
>> 196608 Packets (0.295898 GB) Transfered From Device to Host
	| Duration : 17.285343 ms
	| Bandwidth : 136.947672 Gb/s
---------------------------------------------------------------

>> Chunk 766 Started
196608 Packets Was Read From Pcap File
>> 196608 Packets (0.295898 GB) Transfered From Host To Device 
	| Duration : 16.753569 ms
	| Bandwidth : 141.294524 Gb/s
>> RuleGraph Was Processed For 256 Threads Per Block 
>> 196608 Packets (0.192 GB) Processed On GPU 
	| Duration : 1.480992 ms
	| Bandwidth : 1036.572981 Gb/s
>> 196608 Packets (0.295898 GB) Transfered From Device to Host
	| Duration : 17.328896 ms
	| Bandwidth : 136.603484 Gb/s
---------------------------------------------------------------

>> Chunk 767 Started
196608 Packets Was Read From Pcap File
>> 196608 Packets (0.295898 GB) Transfered From Host To Device 
	| Duration : 16.397823 ms
	| Bandwidth : 144.359861 Gb/s
>> RuleGraph Was Processed For 256 Threads Per Block 
>> 196608 Packets (0.192 GB) Processed On GPU 
	| Duration : 1.457824 ms
	| Bandwidth : 1053.046361 Gb/s
>> 196608 Packets (0.295898 GB) Transfered From Device to Host
	| Duration : 17.817408 ms
	| Bandwidth : 132.858132 Gb/s
---------------------------------------------------------------

>> Chunk 768 Started
196608 Packets Was Read From Pcap File
>> 196608 Packets (0.295898 GB) Transfered From Host To Device 
	| Duration : 16.532640 ms
	| Bandwidth : 143.182664 Gb/s
>> RuleGraph Was Processed For 256 Threads Per Block 
>> 196608 Packets (0.192 GB) Processed On GPU 
	| Duration : 1.469344 ms
	| Bandwidth : 1044.790212 Gb/s
>> 196608 Packets (0.295898 GB) Transfered From Device to Host
	| Duration : 17.281664 ms
	| Bandwidth : 136.976828 Gb/s
---------------------------------------------------------------

>> Chunk 769 Started
196608 Packets Was Read From Pcap File
>> 196608 Packets (0.295898 GB) Transfered From Host To Device 
	| Duration : 16.327904 ms
	| Bandwidth : 144.978041 Gb/s
>> RuleGraph Was Processed For 256 Threads Per Block 
>> 196608 Packets (0.192 GB) Processed On GPU 
	| Duration : 1.468416 ms
	| Bandwidth : 1045.450523 Gb/s
>> 196608 Packets (0.295898 GB) Transfered From Device to Host
	| Duration : 17.622145 ms
	| Bandwidth : 134.330273 Gb/s
---------------------------------------------------------------

>> Chunk 770 Started
196608 Packets Was Read From Pcap File
>> 196608 Packets (0.295898 GB) Transfered From Host To Device 
	| Duration : 16.671007 ms
	| Bandwidth : 141.994271 Gb/s
>> RuleGraph Was Processed For 256 Threads Per Block 
>> 196608 Packets (0.192 GB) Processed On GPU 
	| Duration : 1.480512 ms
	| Bandwidth : 1036.909006 Gb/s
>> 196608 Packets (0.295898 GB) Transfered From Device to Host
	| Duration : 17.373888 ms
	| Bandwidth : 136.249727 Gb/s
---------------------------------------------------------------

>> Chunk 771 Started
196608 Packets Was Read From Pcap File
>> 196608 Packets (0.295898 GB) Transfered From Host To Device 
	| Duration : 16.394625 ms
	| Bandwidth : 144.388026 Gb/s
>> RuleGraph Was Processed For 256 Threads Per Block 
>> 196608 Packets (0.192 GB) Processed On GPU 
	| Duration : 1.467232 ms
	| Bandwidth : 1046.294152 Gb/s
>> 196608 Packets (0.295898 GB) Transfered From Device to Host
	| Duration : 17.331137 ms
	| Bandwidth : 136.585819 Gb/s
---------------------------------------------------------------

>> Chunk 772 Started
196608 Packets Was Read From Pcap File
>> 196608 Packets (0.295898 GB) Transfered From Host To Device 
	| Duration : 16.499617 ms
	| Bandwidth : 143.469243 Gb/s
>> RuleGraph Was Processed For 256 Threads Per Block 
>> 196608 Packets (0.192 GB) Processed On GPU 
	| Duration : 1.493376 ms
	| Bandwidth : 1027.977035 Gb/s
>> 196608 Packets (0.295898 GB) Transfered From Device to Host
	| Duration : 17.602207 ms
	| Bandwidth : 134.482425 Gb/s
---------------------------------------------------------------

>> Chunk 773 Started
196608 Packets Was Read From Pcap File
>> 196608 Packets (0.295898 GB) Transfered From Host To Device 
	| Duration : 16.493601 ms
	| Bandwidth : 143.521571 Gb/s
>> RuleGraph Was Processed For 256 Threads Per Block 
>> 196608 Packets (0.192 GB) Processed On GPU 
	| Duration : 1.466816 ms
	| Bandwidth : 1046.590918 Gb/s
>> 196608 Packets (0.295898 GB) Transfered From Device to Host
	| Duration : 17.487904 ms
	| Bandwidth : 135.361422 Gb/s
---------------------------------------------------------------

>> Chunk 774 Started
196608 Packets Was Read From Pcap File
>> 196608 Packets (0.295898 GB) Transfered From Host To Device 
	| Duration : 16.535456 ms
	| Bandwidth : 143.158286 Gb/s
>> RuleGraph Was Processed For 256 Threads Per Block 
>> 196608 Packets (0.192 GB) Processed On GPU 
	| Duration : 1.472320 ms
	| Bandwidth : 1042.678420 Gb/s
>> 196608 Packets (0.295898 GB) Transfered From Device to Host
	| Duration : 17.428801 ms
	| Bandwidth : 135.820448 Gb/s
---------------------------------------------------------------

>> Chunk 775 Started
196608 Packets Was Read From Pcap File
>> 196608 Packets (0.295898 GB) Transfered From Host To Device 
	| Duration : 16.330145 ms
	| Bandwidth : 144.958144 Gb/s
>> RuleGraph Was Processed For 256 Threads Per Block 
>> 196608 Packets (0.192 GB) Processed On GPU 
	| Duration : 1.477824 ms
	| Bandwidth : 1038.795065 Gb/s
>> 196608 Packets (0.295898 GB) Transfered From Device to Host
	| Duration : 17.294497 ms
	| Bandwidth : 136.875190 Gb/s
---------------------------------------------------------------

>> Chunk 776 Started
196608 Packets Was Read From Pcap File
>> 196608 Packets (0.295898 GB) Transfered From Host To Device 
	| Duration : 16.648479 ms
	| Bandwidth : 142.186408 Gb/s
>> RuleGraph Was Processed For 256 Threads Per Block 
>> 196608 Packets (0.192 GB) Processed On GPU 
	| Duration : 1.456256 ms
	| Bandwidth : 1054.180183 Gb/s
>> 196608 Packets (0.295898 GB) Transfered From Device to Host
	| Duration : 17.609344 ms
	| Bandwidth : 134.427917 Gb/s
---------------------------------------------------------------

>> Chunk 777 Started
196608 Packets Was Read From Pcap File
>> 196608 Packets (0.295898 GB) Transfered From Host To Device 
	| Duration : 16.438080 ms
	| Bandwidth : 144.006327 Gb/s
>> RuleGraph Was Processed For 256 Threads Per Block 
>> 196608 Packets (0.192 GB) Processed On GPU 
	| Duration : 1.479200 ms
	| Bandwidth : 1037.828721 Gb/s
>> 196608 Packets (0.295898 GB) Transfered From Device to Host
	| Duration : 17.597601 ms
	| Bandwidth : 134.517626 Gb/s
---------------------------------------------------------------

>> Chunk 778 Started
196608 Packets Was Read From Pcap File
>> 196608 Packets (0.295898 GB) Transfered From Host To Device 
	| Duration : 16.398687 ms
	| Bandwidth : 144.352255 Gb/s
>> RuleGraph Was Processed For 256 Threads Per Block 
>> 196608 Packets (0.192 GB) Processed On GPU 
	| Duration : 1.477280 ms
	| Bandwidth : 1039.177562 Gb/s
>> 196608 Packets (0.295898 GB) Transfered From Device to Host
	| Duration : 17.300352 ms
	| Bandwidth : 136.828863 Gb/s
---------------------------------------------------------------

>> Chunk 779 Started
196608 Packets Was Read From Pcap File
>> 196608 Packets (0.295898 GB) Transfered From Host To Device 
	| Duration : 16.400448 ms
	| Bandwidth : 144.336760 Gb/s
>> RuleGraph Was Processed For 256 Threads Per Block 
>> 196608 Packets (0.192 GB) Processed On GPU 
	| Duration : 1.482624 ms
	| Bandwidth : 1035.431906 Gb/s
>> 196608 Packets (0.295898 GB) Transfered From Device to Host
	| Duration : 17.470720 ms
	| Bandwidth : 135.494557 Gb/s
---------------------------------------------------------------

>> Chunk 780 Started
196608 Packets Was Read From Pcap File
>> 196608 Packets (0.295898 GB) Transfered From Host To Device 
	| Duration : 16.439104 ms
	| Bandwidth : 143.997355 Gb/s
>> RuleGraph Was Processed For 256 Threads Per Block 
>> 196608 Packets (0.192 GB) Processed On GPU 
	| Duration : 1.465376 ms
	| Bandwidth : 1047.619334 Gb/s
>> 196608 Packets (0.295898 GB) Transfered From Device to Host
	| Duration : 17.450687 ms
	| Bandwidth : 135.650100 Gb/s
---------------------------------------------------------------

>> Chunk 781 Started
196608 Packets Was Read From Pcap File
>> 196608 Packets (0.295898 GB) Transfered From Host To Device 
	| Duration : 16.489281 ms
	| Bandwidth : 143.559173 Gb/s
>> RuleGraph Was Processed For 256 Threads Per Block 
>> 196608 Packets (0.192 GB) Processed On GPU 
	| Duration : 1.466848 ms
	| Bandwidth : 1046.568038 Gb/s
>> 196608 Packets (0.295898 GB) Transfered From Device to Host
	| Duration : 17.369120 ms
	| Bandwidth : 136.287132 Gb/s
---------------------------------------------------------------

>> Chunk 782 Started
196608 Packets Was Read From Pcap File
>> 196608 Packets (0.295898 GB) Transfered From Host To Device 
	| Duration : 16.618719 ms
	| Bandwidth : 142.441032 Gb/s
>> RuleGraph Was Processed For 256 Threads Per Block 
>> 196608 Packets (0.192 GB) Processed On GPU 
	| Duration : 1.474368 ms
	| Bandwidth : 1041.230056 Gb/s
>> 196608 Packets (0.295898 GB) Transfered From Device to Host
	| Duration : 17.452576 ms
	| Bandwidth : 135.635424 Gb/s
---------------------------------------------------------------

>> Chunk 783 Started
196608 Packets Was Read From Pcap File
>> 196608 Packets (0.295898 GB) Transfered From Host To Device 
	| Duration : 16.983648 ms
	| Bandwidth : 139.380389 Gb/s
>> RuleGraph Was Processed For 256 Threads Per Block 
>> 196608 Packets (0.192 GB) Processed On GPU 
	| Duration : 1.466176 ms
	| Bandwidth : 1047.047705 Gb/s
>> 196608 Packets (0.295898 GB) Transfered From Device to Host
	| Duration : 17.298847 ms
	| Bandwidth : 136.840766 Gb/s
---------------------------------------------------------------

>> Chunk 784 Started
196608 Packets Was Read From Pcap File
>> 196608 Packets (0.295898 GB) Transfered From Host To Device 
	| Duration : 16.657024 ms
	| Bandwidth : 142.113468 Gb/s
>> RuleGraph Was Processed For 256 Threads Per Block 
>> 196608 Packets (0.192 GB) Processed On GPU 
	| Duration : 1.486624 ms
	| Bandwidth : 1032.645946 Gb/s
>> 196608 Packets (0.295898 GB) Transfered From Device to Host
	| Duration : 17.213217 ms
	| Bandwidth : 137.521506 Gb/s
---------------------------------------------------------------

>> Chunk 785 Started
196608 Packets Was Read From Pcap File
>> 196608 Packets (0.295898 GB) Transfered From Host To Device 
	| Duration : 16.306944 ms
	| Bandwidth : 145.164386 Gb/s
>> RuleGraph Was Processed For 256 Threads Per Block 
>> 196608 Packets (0.192 GB) Processed On GPU 
	| Duration : 1.461216 ms
	| Bandwidth : 1050.601881 Gb/s
>> 196608 Packets (0.295898 GB) Transfered From Device to Host
	| Duration : 17.335327 ms
	| Bandwidth : 136.552802 Gb/s
---------------------------------------------------------------

>> Chunk 786 Started
196608 Packets Was Read From Pcap File
>> 196608 Packets (0.295898 GB) Transfered From Host To Device 
	| Duration : 16.460257 ms
	| Bandwidth : 143.812309 Gb/s
>> RuleGraph Was Processed For 256 Threads Per Block 
>> 196608 Packets (0.192 GB) Processed On GPU 
	| Duration : 1.468192 ms
	| Bandwidth : 1045.610022 Gb/s
>> 196608 Packets (0.295898 GB) Transfered From Device to Host
	| Duration : 17.375135 ms
	| Bandwidth : 136.239945 Gb/s
---------------------------------------------------------------

>> Chunk 787 Started
196608 Packets Was Read From Pcap File
>> 196608 Packets (0.295898 GB) Transfered From Host To Device 
	| Duration : 16.314207 ms
	| Bandwidth : 145.099758 Gb/s
>> RuleGraph Was Processed For 256 Threads Per Block 
>> 196608 Packets (0.192 GB) Processed On GPU 
	| Duration : 1.461536 ms
	| Bandwidth : 1050.371799 Gb/s
>> 196608 Packets (0.295898 GB) Transfered From Device to Host
	| Duration : 17.325151 ms
	| Bandwidth : 136.633005 Gb/s
---------------------------------------------------------------

>> Chunk 788 Started
196608 Packets Was Read From Pcap File
>> 196608 Packets (0.295898 GB) Transfered From Host To Device 
	| Duration : 16.778688 ms
	| Bandwidth : 141.082988 Gb/s
>> RuleGraph Was Processed For 256 Threads Per Block 
>> 196608 Packets (0.192 GB) Processed On GPU 
	| Duration : 1.466016 ms
	| Bandwidth : 1047.161964 Gb/s
>> 196608 Packets (0.295898 GB) Transfered From Device to Host
	| Duration : 17.720032 ms
	| Bandwidth : 133.588220 Gb/s
---------------------------------------------------------------

>> Chunk 789 Started
196608 Packets Was Read From Pcap File
>> 196608 Packets (0.295898 GB) Transfered From Host To Device 
	| Duration : 16.624767 ms
	| Bandwidth : 142.389211 Gb/s
>> RuleGraph Was Processed For 256 Threads Per Block 
>> 196608 Packets (0.192 GB) Processed On GPU 
	| Duration : 1.476128 ms
	| Bandwidth : 1039.988584 Gb/s
>> 196608 Packets (0.295898 GB) Transfered From Device to Host
	| Duration : 17.569088 ms
	| Bandwidth : 134.735935 Gb/s
---------------------------------------------------------------

>> Chunk 790 Started
196608 Packets Was Read From Pcap File
>> 196608 Packets (0.295898 GB) Transfered From Host To Device 
	| Duration : 16.573889 ms
	| Bandwidth : 142.826317 Gb/s
>> RuleGraph Was Processed For 256 Threads Per Block 
>> 196608 Packets (0.192 GB) Processed On GPU 
	| Duration : 1.470112 ms
	| Bandwidth : 1044.244442 Gb/s
>> 196608 Packets (0.295898 GB) Transfered From Device to Host
	| Duration : 17.302176 ms
	| Bandwidth : 136.814443 Gb/s
---------------------------------------------------------------

>> Chunk 791 Started
196608 Packets Was Read From Pcap File
>> 196608 Packets (0.295898 GB) Transfered From Host To Device 
	| Duration : 16.378176 ms
	| Bandwidth : 144.533038 Gb/s
>> RuleGraph Was Processed For 256 Threads Per Block 
>> 196608 Packets (0.192 GB) Processed On GPU 
	| Duration : 1.455712 ms
	| Bandwidth : 1054.574182 Gb/s
>> 196608 Packets (0.295898 GB) Transfered From Device to Host
	| Duration : 17.468128 ms
	| Bandwidth : 135.514663 Gb/s
---------------------------------------------------------------

>> Chunk 792 Started
196608 Packets Was Read From Pcap File
>> 196608 Packets (0.295898 GB) Transfered From Host To Device 
	| Duration : 16.552448 ms
	| Bandwidth : 143.011321 Gb/s
>> RuleGraph Was Processed For 256 Threads Per Block 
>> 196608 Packets (0.192 GB) Processed On GPU 
	| Duration : 1.462944 ms
	| Bandwidth : 1049.360890 Gb/s
>> 196608 Packets (0.295898 GB) Transfered From Device to Host
	| Duration : 17.331743 ms
	| Bandwidth : 136.581039 Gb/s
---------------------------------------------------------------

>> Chunk 793 Started
196608 Packets Was Read From Pcap File
>> 196608 Packets (0.295898 GB) Transfered From Host To Device 
	| Duration : 16.720352 ms
	| Bandwidth : 141.575218 Gb/s
>> RuleGraph Was Processed For 256 Threads Per Block 
>> 196608 Packets (0.192 GB) Processed On GPU 
	| Duration : 1.472384 ms
	| Bandwidth : 1042.633087 Gb/s
>> 196608 Packets (0.295898 GB) Transfered From Device to Host
	| Duration : 17.650368 ms
	| Bandwidth : 134.115478 Gb/s
---------------------------------------------------------------

>> Chunk 794 Started
196608 Packets Was Read From Pcap File
>> 196608 Packets (0.295898 GB) Transfered From Host To Device 
	| Duration : 16.492544 ms
	| Bandwidth : 143.530766 Gb/s
>> RuleGraph Was Processed For 256 Threads Per Block 
>> 196608 Packets (0.192 GB) Processed On GPU 
	| Duration : 1.449120 ms
	| Bandwidth : 1059.371344 Gb/s
>> 196608 Packets (0.295898 GB) Transfered From Device to Host
	| Duration : 17.282335 ms
	| Bandwidth : 136.971507 Gb/s
---------------------------------------------------------------

>> Chunk 795 Started
196608 Packets Was Read From Pcap File
>> 196608 Packets (0.295898 GB) Transfered From Host To Device 
	| Duration : 16.515297 ms
	| Bandwidth : 143.333027 Gb/s
>> RuleGraph Was Processed For 256 Threads Per Block 
>> 196608 Packets (0.192 GB) Processed On GPU 
	| Duration : 1.472096 ms
	| Bandwidth : 1042.837074 Gb/s
>> 196608 Packets (0.295898 GB) Transfered From Device to Host
	| Duration : 17.456608 ms
	| Bandwidth : 135.604095 Gb/s
---------------------------------------------------------------

>> Chunk 796 Started
196608 Packets Was Read From Pcap File
>> 196608 Packets (0.295898 GB) Transfered From Host To Device 
	| Duration : 16.724577 ms
	| Bandwidth : 141.539455 Gb/s
>> RuleGraph Was Processed For 256 Threads Per Block 
>> 196608 Packets (0.192 GB) Processed On GPU 
	| Duration : 1.471712 ms
	| Bandwidth : 1043.109153 Gb/s
>> 196608 Packets (0.295898 GB) Transfered From Device to Host
	| Duration : 17.562689 ms
	| Bandwidth : 134.785028 Gb/s
---------------------------------------------------------------

>> Chunk 797 Started
196608 Packets Was Read From Pcap File
>> 196608 Packets (0.295898 GB) Transfered From Host To Device 
	| Duration : 16.612192 ms
	| Bandwidth : 142.496997 Gb/s
>> RuleGraph Was Processed For 256 Threads Per Block 
>> 196608 Packets (0.192 GB) Processed On GPU 
	| Duration : 1.463808 ms
	| Bandwidth : 1048.741578 Gb/s
>> 196608 Packets (0.295898 GB) Transfered From Device to Host
	| Duration : 17.423136 ms
	| Bandwidth : 135.864607 Gb/s
---------------------------------------------------------------

>> Chunk 798 Started
196608 Packets Was Read From Pcap File
>> 196608 Packets (0.295898 GB) Transfered From Host To Device 
	| Duration : 16.646816 ms
	| Bandwidth : 142.200614 Gb/s
>> RuleGraph Was Processed For 256 Threads Per Block 
>> 196608 Packets (0.192 GB) Processed On GPU 
	| Duration : 1.478240 ms
	| Bandwidth : 1038.502703 Gb/s
>> 196608 Packets (0.295898 GB) Transfered From Device to Host
	| Duration : 17.449057 ms
	| Bandwidth : 135.662778 Gb/s
---------------------------------------------------------------

>> Chunk 799 Started
196608 Packets Was Read From Pcap File
>> 196608 Packets (0.295898 GB) Transfered From Host To Device 
	| Duration : 16.370272 ms
	| Bandwidth : 144.602823 Gb/s
>> RuleGraph Was Processed For 256 Threads Per Block 
>> 196608 Packets (0.192 GB) Processed On GPU 
	| Duration : 1.464992 ms
	| Bandwidth : 1047.893914 Gb/s
>> 196608 Packets (0.295898 GB) Transfered From Device to Host
	| Duration : 17.322369 ms
	| Bandwidth : 136.654955 Gb/s
---------------------------------------------------------------

>> Chunk 800 Started
196608 Packets Was Read From Pcap File
>> 196608 Packets (0.295898 GB) Transfered From Host To Device 
	| Duration : 16.212992 ms
	| Bandwidth : 146.005595 Gb/s
>> RuleGraph Was Processed For 256 Threads Per Block 
>> 196608 Packets (0.192 GB) Processed On GPU 
	| Duration : 1.463808 ms
	| Bandwidth : 1048.741578 Gb/s
>> 196608 Packets (0.295898 GB) Transfered From Device to Host
	| Duration : 17.300800 ms
	| Bandwidth : 136.825318 Gb/s
---------------------------------------------------------------

>> Chunk 801 Started
196608 Packets Was Read From Pcap File
>> 196608 Packets (0.295898 GB) Transfered From Host To Device 
	| Duration : 16.453279 ms
	| Bandwidth : 143.873293 Gb/s
>> RuleGraph Was Processed For 256 Threads Per Block 
>> 196608 Packets (0.192 GB) Processed On GPU 
	| Duration : 1.458112 ms
	| Bandwidth : 1052.838361 Gb/s
>> 196608 Packets (0.295898 GB) Transfered From Device to Host
	| Duration : 17.413952 ms
	| Bandwidth : 135.936261 Gb/s
---------------------------------------------------------------

>> Chunk 802 Started
196608 Packets Was Read From Pcap File
>> 196608 Packets (0.295898 GB) Transfered From Host To Device 
	| Duration : 16.521791 ms
	| Bandwidth : 143.276684 Gb/s
>> RuleGraph Was Processed For 256 Threads Per Block 
>> 196608 Packets (0.192 GB) Processed On GPU 
	| Duration : 1.473376 ms
	| Bandwidth : 1041.931057 Gb/s
>> 196608 Packets (0.295898 GB) Transfered From Device to Host
	| Duration : 17.670719 ms
	| Bandwidth : 133.961017 Gb/s
---------------------------------------------------------------

>> Chunk 803 Started
196608 Packets Was Read From Pcap File
>> 196608 Packets (0.295898 GB) Transfered From Host To Device 
	| Duration : 16.387199 ms
	| Bandwidth : 144.453451 Gb/s
>> RuleGraph Was Processed For 256 Threads Per Block 
>> 196608 Packets (0.192 GB) Processed On GPU 
	| Duration : 1.468736 ms
	| Bandwidth : 1045.222692 Gb/s
>> 196608 Packets (0.295898 GB) Transfered From Device to Host
	| Duration : 17.489471 ms
	| Bandwidth : 135.349288 Gb/s
---------------------------------------------------------------

>> Chunk 804 Started
196608 Packets Was Read From Pcap File
>> 196608 Packets (0.295898 GB) Transfered From Host To Device 
	| Duration : 16.654593 ms
	| Bandwidth : 142.134219 Gb/s
>> RuleGraph Was Processed For 256 Threads Per Block 
>> 196608 Packets (0.192 GB) Processed On GPU 
	| Duration : 1.465632 ms
	| Bandwidth : 1047.436389 Gb/s
>> 196608 Packets (0.295898 GB) Transfered From Device to Host
	| Duration : 17.671167 ms
	| Bandwidth : 133.957619 Gb/s
---------------------------------------------------------------

>> Chunk 805 Started
196608 Packets Was Read From Pcap File
>> 196608 Packets (0.295898 GB) Transfered From Host To Device 
	| Duration : 16.657856 ms
	| Bandwidth : 142.106373 Gb/s
>> RuleGraph Was Processed For 256 Threads Per Block 
>> 196608 Packets (0.192 GB) Processed On GPU 
	| Duration : 1.466016 ms
	| Bandwidth : 1047.161964 Gb/s
>> 196608 Packets (0.295898 GB) Transfered From Device to Host
	| Duration : 17.515585 ms
	| Bandwidth : 135.147499 Gb/s
---------------------------------------------------------------

>> Chunk 806 Started
196608 Packets Was Read From Pcap File
>> 196608 Packets (0.295898 GB) Transfered From Host To Device 
	| Duration : 16.406528 ms
	| Bandwidth : 144.283265 Gb/s
>> RuleGraph Was Processed For 256 Threads Per Block 
>> 196608 Packets (0.192 GB) Processed On GPU 
	| Duration : 1.479904 ms
	| Bandwidth : 1037.334984 Gb/s
>> 196608 Packets (0.295898 GB) Transfered From Device to Host
	| Duration : 17.835680 ms
	| Bandwidth : 132.722021 Gb/s
---------------------------------------------------------------

>> Chunk 807 Started
196608 Packets Was Read From Pcap File
>> 196608 Packets (0.295898 GB) Transfered From Host To Device 
	| Duration : 16.742336 ms
	| Bandwidth : 141.389318 Gb/s
>> RuleGraph Was Processed For 256 Threads Per Block 
>> 196608 Packets (0.192 GB) Processed On GPU 
	| Duration : 1.470816 ms
	| Bandwidth : 1043.744583 Gb/s
>> 196608 Packets (0.295898 GB) Transfered From Device to Host
	| Duration : 17.417601 ms
	| Bandwidth : 135.907784 Gb/s
---------------------------------------------------------------

>> Chunk 808 Started
196608 Packets Was Read From Pcap File
>> 196608 Packets (0.295898 GB) Transfered From Host To Device 
	| Duration : 16.346815 ms
	| Bandwidth : 144.810318 Gb/s
>> RuleGraph Was Processed For 256 Threads Per Block 
>> 196608 Packets (0.192 GB) Processed On GPU 
	| Duration : 1.471616 ms
	| Bandwidth : 1043.177173 Gb/s
>> 196608 Packets (0.295898 GB) Transfered From Device to Host
	| Duration : 17.376961 ms
	| Bandwidth : 136.225634 Gb/s
---------------------------------------------------------------

>> Chunk 809 Started
196608 Packets Was Read From Pcap File
>> 196608 Packets (0.295898 GB) Transfered From Host To Device 
	| Duration : 16.555679 ms
	| Bandwidth : 142.983411 Gb/s
>> RuleGraph Was Processed For 256 Threads Per Block 
>> 196608 Packets (0.192 GB) Processed On GPU 
	| Duration : 1.467776 ms
	| Bandwidth : 1045.906400 Gb/s
>> 196608 Packets (0.295898 GB) Transfered From Device to Host
	| Duration : 17.285791 ms
	| Bandwidth : 136.944120 Gb/s
---------------------------------------------------------------

>> Chunk 810 Started
196608 Packets Was Read From Pcap File
>> 196608 Packets (0.295898 GB) Transfered From Host To Device 
	| Duration : 16.515039 ms
	| Bandwidth : 143.335262 Gb/s
>> RuleGraph Was Processed For 256 Threads Per Block 
>> 196608 Packets (0.192 GB) Processed On GPU 
	| Duration : 1.456448 ms
	| Bandwidth : 1054.041266 Gb/s
>> 196608 Packets (0.295898 GB) Transfered From Device to Host
	| Duration : 17.608128 ms
	| Bandwidth : 134.437207 Gb/s
---------------------------------------------------------------

>> Chunk 811 Started
196608 Packets Was Read From Pcap File
>> 196608 Packets (0.295898 GB) Transfered From Host To Device 
	| Duration : 16.555136 ms
	| Bandwidth : 142.988106 Gb/s
>> RuleGraph Was Processed For 256 Threads Per Block 
>> 196608 Packets (0.192 GB) Processed On GPU 
	| Duration : 1.473184 ms
	| Bandwidth : 1042.066884 Gb/s
>> 196608 Packets (0.295898 GB) Transfered From Device to Host
	| Duration : 17.748512 ms
	| Bandwidth : 133.373855 Gb/s
---------------------------------------------------------------

>> Chunk 812 Started
196608 Packets Was Read From Pcap File
>> 196608 Packets (0.295898 GB) Transfered From Host To Device 
	| Duration : 16.662752 ms
	| Bandwidth : 142.064617 Gb/s
>> RuleGraph Was Processed For 256 Threads Per Block 
>> 196608 Packets (0.192 GB) Processed On GPU 
	| Duration : 1.475456 ms
	| Bandwidth : 1040.462237 Gb/s
>> 196608 Packets (0.295898 GB) Transfered From Device to Host
	| Duration : 17.428768 ms
	| Bandwidth : 135.820700 Gb/s
---------------------------------------------------------------

>> Chunk 813 Started
196608 Packets Was Read From Pcap File
>> 196608 Packets (0.295898 GB) Transfered From Host To Device 
	| Duration : 16.466080 ms
	| Bandwidth : 143.761450 Gb/s
>> RuleGraph Was Processed For 256 Threads Per Block 
>> 196608 Packets (0.192 GB) Processed On GPU 
	| Duration : 1.471200 ms
	| Bandwidth : 1043.472173 Gb/s
>> 196608 Packets (0.295898 GB) Transfered From Device to Host
	| Duration : 17.484129 ms
	| Bandwidth : 135.390645 Gb/s
---------------------------------------------------------------

>> Chunk 814 Started
196608 Packets Was Read From Pcap File
>> 196608 Packets (0.295898 GB) Transfered From Host To Device 
	| Duration : 16.556864 ms
	| Bandwidth : 142.973182 Gb/s
>> RuleGraph Was Processed For 256 Threads Per Block 
>> 196608 Packets (0.192 GB) Processed On GPU 
	| Duration : 1.469248 ms
	| Bandwidth : 1044.858452 Gb/s
>> 196608 Packets (0.295898 GB) Transfered From Device to Host
	| Duration : 17.487743 ms
	| Bandwidth : 135.362662 Gb/s
---------------------------------------------------------------

>> Chunk 815 Started
196608 Packets Was Read From Pcap File
>> 196608 Packets (0.295898 GB) Transfered From Host To Device 
	| Duration : 16.466784 ms
	| Bandwidth : 143.755306 Gb/s
>> RuleGraph Was Processed For 256 Threads Per Block 
>> 196608 Packets (0.192 GB) Processed On GPU 
	| Duration : 1.473312 ms
	| Bandwidth : 1041.976329 Gb/s
>> 196608 Packets (0.295898 GB) Transfered From Device to Host
	| Duration : 17.229025 ms
	| Bandwidth : 137.395327 Gb/s
---------------------------------------------------------------

>> Chunk 816 Started
196608 Packets Was Read From Pcap File
>> 196608 Packets (0.295898 GB) Transfered From Host To Device 
	| Duration : 16.345345 ms
	| Bandwidth : 144.823347 Gb/s
>> RuleGraph Was Processed For 256 Threads Per Block 
>> 196608 Packets (0.192 GB) Processed On GPU 
	| Duration : 1.463808 ms
	| Bandwidth : 1048.741578 Gb/s
>> 196608 Packets (0.295898 GB) Transfered From Device to Host
	| Duration : 17.257631 ms
	| Bandwidth : 137.167579 Gb/s
---------------------------------------------------------------

>> Chunk 817 Started
196608 Packets Was Read From Pcap File
>> 196608 Packets (0.295898 GB) Transfered From Host To Device 
	| Duration : 16.443647 ms
	| Bandwidth : 143.957569 Gb/s
>> RuleGraph Was Processed For 256 Threads Per Block 
>> 196608 Packets (0.192 GB) Processed On GPU 
	| Duration : 1.480448 ms
	| Bandwidth : 1036.953842 Gb/s
>> 196608 Packets (0.295898 GB) Transfered From Device to Host
	| Duration : 17.360289 ms
	| Bandwidth : 136.356460 Gb/s
---------------------------------------------------------------

>> Chunk 818 Started
196608 Packets Was Read From Pcap File
>> 196608 Packets (0.295898 GB) Transfered From Host To Device 
	| Duration : 16.584801 ms
	| Bandwidth : 142.732345 Gb/s
>> RuleGraph Was Processed For 256 Threads Per Block 
>> 196608 Packets (0.192 GB) Processed On GPU 
	| Duration : 1.488544 ms
	| Bandwidth : 1031.313998 Gb/s
>> 196608 Packets (0.295898 GB) Transfered From Device to Host
	| Duration : 17.247200 ms
	| Bandwidth : 137.250539 Gb/s
---------------------------------------------------------------

>> Chunk 819 Started
196608 Packets Was Read From Pcap File
>> 196608 Packets (0.295898 GB) Transfered From Host To Device 
	| Duration : 16.545120 ms
	| Bandwidth : 143.074663 Gb/s
>> RuleGraph Was Processed For 256 Threads Per Block 
>> 196608 Packets (0.192 GB) Processed On GPU 
	| Duration : 1.474848 ms
	| Bandwidth : 1040.891140 Gb/s
>> 196608 Packets (0.295898 GB) Transfered From Device to Host
	| Duration : 17.607904 ms
	| Bandwidth : 134.438911 Gb/s
---------------------------------------------------------------

>> Chunk 820 Started
196608 Packets Was Read From Pcap File
>> 196608 Packets (0.295898 GB) Transfered From Host To Device 
	| Duration : 16.724480 ms
	| Bandwidth : 141.540278 Gb/s
>> RuleGraph Was Processed For 256 Threads Per Block 
>> 196608 Packets (0.192 GB) Processed On GPU 
	| Duration : 1.474400 ms
	| Bandwidth : 1041.207410 Gb/s
>> 196608 Packets (0.295898 GB) Transfered From Device to Host
	| Duration : 17.437023 ms
	| Bandwidth : 135.756400 Gb/s
---------------------------------------------------------------

>> Chunk 821 Started
196608 Packets Was Read From Pcap File
>> 196608 Packets (0.295898 GB) Transfered From Host To Device 
	| Duration : 16.741089 ms
	| Bandwidth : 141.399853 Gb/s
>> RuleGraph Was Processed For 256 Threads Per Block 
>> 196608 Packets (0.192 GB) Processed On GPU 
	| Duration : 1.472384 ms
	| Bandwidth : 1042.633087 Gb/s
>> 196608 Packets (0.295898 GB) Transfered From Device to Host
	| Duration : 17.369247 ms
	| Bandwidth : 136.286129 Gb/s
---------------------------------------------------------------

>> Chunk 822 Started
196608 Packets Was Read From Pcap File
>> 196608 Packets (0.295898 GB) Transfered From Host To Device 
	| Duration : 16.407104 ms
	| Bandwidth : 144.278200 Gb/s
>> RuleGraph Was Processed For 256 Threads Per Block 
>> 196608 Packets (0.192 GB) Processed On GPU 
	| Duration : 1.478752 ms
	| Bandwidth : 1038.143132 Gb/s
>> 196608 Packets (0.295898 GB) Transfered From Device to Host
	| Duration : 17.487904 ms
	| Bandwidth : 135.361422 Gb/s
---------------------------------------------------------------

>> Chunk 823 Started
196608 Packets Was Read From Pcap File
>> 196608 Packets (0.295898 GB) Transfered From Host To Device 
	| Duration : 16.499104 ms
	| Bandwidth : 143.473704 Gb/s
>> RuleGraph Was Processed For 256 Threads Per Block 
>> 196608 Packets (0.192 GB) Processed On GPU 
	| Duration : 1.470176 ms
	| Bandwidth : 1044.198973 Gb/s
>> 196608 Packets (0.295898 GB) Transfered From Device to Host
	| Duration : 17.316704 ms
	| Bandwidth : 136.699659 Gb/s
---------------------------------------------------------------

>> Chunk 824 Started
196608 Packets Was Read From Pcap File
>> 196608 Packets (0.295898 GB) Transfered From Host To Device 
	| Duration : 16.381184 ms
	| Bandwidth : 144.506499 Gb/s
>> RuleGraph Was Processed For 256 Threads Per Block 
>> 196608 Packets (0.192 GB) Processed On GPU 
	| Duration : 1.459584 ms
	| Bandwidth : 1051.776569 Gb/s
>> 196608 Packets (0.295898 GB) Transfered From Device to Host
	| Duration : 17.592257 ms
	| Bandwidth : 134.558491 Gb/s
---------------------------------------------------------------

>> Chunk 825 Started
196608 Packets Was Read From Pcap File
>> 196608 Packets (0.295898 GB) Transfered From Host To Device 
	| Duration : 16.392897 ms
	| Bandwidth : 144.403247 Gb/s
>> RuleGraph Was Processed For 256 Threads Per Block 
>> 196608 Packets (0.192 GB) Processed On GPU 
	| Duration : 1.481056 ms
	| Bandwidth : 1036.528177 Gb/s
>> 196608 Packets (0.295898 GB) Transfered From Device to Host
	| Duration : 17.323839 ms
	| Bandwidth : 136.643355 Gb/s
---------------------------------------------------------------

>> Chunk 826 Started
196608 Packets Was Read From Pcap File
>> 196608 Packets (0.295898 GB) Transfered From Host To Device 
	| Duration : 16.638464 ms
	| Bandwidth : 142.271997 Gb/s
>> RuleGraph Was Processed For 256 Threads Per Block 
>> 196608 Packets (0.192 GB) Processed On GPU 
	| Duration : 1.461856 ms
	| Bandwidth : 1050.141903 Gb/s
>> 196608 Packets (0.295898 GB) Transfered From Device to Host
	| Duration : 17.470753 ms
	| Bandwidth : 135.494305 Gb/s
---------------------------------------------------------------

>> Chunk 827 Started
196608 Packets Was Read From Pcap File
>> 196608 Packets (0.295898 GB) Transfered From Host To Device 
	| Duration : 16.586399 ms
	| Bandwidth : 142.718591 Gb/s
>> RuleGraph Was Processed For 256 Threads Per Block 
>> 196608 Packets (0.192 GB) Processed On GPU 
	| Duration : 1.475520 ms
	| Bandwidth : 1040.417097 Gb/s
>> 196608 Packets (0.295898 GB) Transfered From Device to Host
	| Duration : 17.572063 ms
	| Bandwidth : 134.713120 Gb/s
---------------------------------------------------------------

>> Chunk 828 Started
196608 Packets Was Read From Pcap File
>> 196608 Packets (0.295898 GB) Transfered From Host To Device 
	| Duration : 16.834080 ms
	| Bandwidth : 140.618765 Gb/s
>> RuleGraph Was Processed For 256 Threads Per Block 
>> 196608 Packets (0.192 GB) Processed On GPU 
	| Duration : 1.474048 ms
	| Bandwidth : 1041.456066 Gb/s
>> 196608 Packets (0.295898 GB) Transfered From Device to Host
	| Duration : 17.490944 ms
	| Bandwidth : 135.337893 Gb/s
---------------------------------------------------------------

>> Chunk 829 Started
196608 Packets Was Read From Pcap File
>> 196608 Packets (0.295898 GB) Transfered From Host To Device 
	| Duration : 16.663233 ms
	| Bandwidth : 142.060519 Gb/s
>> RuleGraph Was Processed For 256 Threads Per Block 
>> 196608 Packets (0.192 GB) Processed On GPU 
	| Duration : 1.476224 ms
	| Bandwidth : 1039.920978 Gb/s
>> 196608 Packets (0.295898 GB) Transfered From Device to Host
	| Duration : 17.378143 ms
	| Bandwidth : 136.216364 Gb/s
---------------------------------------------------------------

>> Chunk 830 Started
196608 Packets Was Read From Pcap File
>> 196608 Packets (0.295898 GB) Transfered From Host To Device 
	| Duration : 16.787201 ms
	| Bandwidth : 141.011447 Gb/s
>> RuleGraph Was Processed For 256 Threads Per Block 
>> 196608 Packets (0.192 GB) Processed On GPU 
	| Duration : 1.477408 ms
	| Bandwidth : 1039.087508 Gb/s
>> 196608 Packets (0.295898 GB) Transfered From Device to Host
	| Duration : 17.294497 ms
	| Bandwidth : 136.875190 Gb/s
---------------------------------------------------------------

>> Chunk 831 Started
196608 Packets Was Read From Pcap File
>> 196608 Packets (0.295898 GB) Transfered From Host To Device 
	| Duration : 16.282528 ms
	| Bandwidth : 145.382063 Gb/s
>> RuleGraph Was Processed For 256 Threads Per Block 
>> 196608 Packets (0.192 GB) Processed On GPU 
	| Duration : 1.473600 ms
	| Bandwidth : 1041.772678 Gb/s
>> 196608 Packets (0.295898 GB) Transfered From Device to Host
	| Duration : 17.331455 ms
	| Bandwidth : 136.583309 Gb/s
---------------------------------------------------------------

>> Chunk 832 Started
196608 Packets Was Read From Pcap File
>> 196608 Packets (0.295898 GB) Transfered From Host To Device 
	| Duration : 16.368641 ms
	| Bandwidth : 144.617230 Gb/s
>> RuleGraph Was Processed For 256 Threads Per Block 
>> 196608 Packets (0.192 GB) Processed On GPU 
	| Duration : 1.478560 ms
	| Bandwidth : 1038.277973 Gb/s
>> 196608 Packets (0.295898 GB) Transfered From Device to Host
	| Duration : 17.359680 ms
	| Bandwidth : 136.361239 Gb/s
---------------------------------------------------------------

>> Chunk 833 Started
196608 Packets Was Read From Pcap File
>> 196608 Packets (0.295898 GB) Transfered From Host To Device 
	| Duration : 16.316000 ms
	| Bandwidth : 145.083814 Gb/s
>> RuleGraph Was Processed For 256 Threads Per Block 
>> 196608 Packets (0.192 GB) Processed On GPU 
	| Duration : 1.475104 ms
	| Bandwidth : 1040.710537 Gb/s
>> 196608 Packets (0.295898 GB) Transfered From Device to Host
	| Duration : 17.410400 ms
	| Bandwidth : 135.963990 Gb/s
---------------------------------------------------------------

>> Chunk 834 Started
196608 Packets Was Read From Pcap File
>> 196608 Packets (0.295898 GB) Transfered From Host To Device 
	| Duration : 16.359743 ms
	| Bandwidth : 144.695884 Gb/s
>> RuleGraph Was Processed For 256 Threads Per Block 
>> 196608 Packets (0.192 GB) Processed On GPU 
	| Duration : 1.471840 ms
	| Bandwidth : 1043.018416 Gb/s
>> 196608 Packets (0.295898 GB) Transfered From Device to Host
	| Duration : 17.400640 ms
	| Bandwidth : 136.040251 Gb/s
---------------------------------------------------------------

>> Chunk 835 Started
196608 Packets Was Read From Pcap File
>> 196608 Packets (0.295898 GB) Transfered From Host To Device 
	| Duration : 16.343391 ms
	| Bandwidth : 144.840654 Gb/s
>> RuleGraph Was Processed For 256 Threads Per Block 
>> 196608 Packets (0.192 GB) Processed On GPU 
	| Duration : 1.488480 ms
	| Bandwidth : 1031.358351 Gb/s
>> 196608 Packets (0.295898 GB) Transfered From Device to Host
	| Duration : 17.325600 ms
	| Bandwidth : 136.629470 Gb/s
---------------------------------------------------------------

>> Chunk 836 Started
196608 Packets Was Read From Pcap File
>> 196608 Packets (0.295898 GB) Transfered From Host To Device 
	| Duration : 16.656160 ms
	| Bandwidth : 142.120840 Gb/s
>> RuleGraph Was Processed For 256 Threads Per Block 
>> 196608 Packets (0.192 GB) Processed On GPU 
	| Duration : 1.479424 ms
	| Bandwidth : 1037.671587 Gb/s
>> 196608 Packets (0.295898 GB) Transfered From Device to Host
	| Duration : 17.578592 ms
	| Bandwidth : 134.663087 Gb/s
---------------------------------------------------------------

>> Chunk 837 Started
196608 Packets Was Read From Pcap File
>> 196608 Packets (0.295898 GB) Transfered From Host To Device 
	| Duration : 16.521889 ms
	| Bandwidth : 143.275841 Gb/s
>> RuleGraph Was Processed For 256 Threads Per Block 
>> 196608 Packets (0.192 GB) Processed On GPU 
	| Duration : 1.465664 ms
	| Bandwidth : 1047.413472 Gb/s
>> 196608 Packets (0.295898 GB) Transfered From Device to Host
	| Duration : 17.529345 ms
	| Bandwidth : 135.041415 Gb/s
---------------------------------------------------------------

>> Chunk 838 Started
196608 Packets Was Read From Pcap File
>> 196608 Packets (0.295898 GB) Transfered From Host To Device 
	| Duration : 16.393503 ms
	| Bandwidth : 144.397904 Gb/s
>> RuleGraph Was Processed For 256 Threads Per Block 
>> 196608 Packets (0.192 GB) Processed On GPU 
	| Duration : 1.455648 ms
	| Bandwidth : 1054.620559 Gb/s
>> 196608 Packets (0.295898 GB) Transfered From Device to Host
	| Duration : 17.913313 ms
	| Bandwidth : 132.146829 Gb/s
---------------------------------------------------------------

>> Chunk 839 Started
196608 Packets Was Read From Pcap File
>> 196608 Packets (0.295898 GB) Transfered From Host To Device 
	| Duration : 16.580000 ms
	| Bandwidth : 142.773674 Gb/s
>> RuleGraph Was Processed For 256 Threads Per Block 
>> 196608 Packets (0.192 GB) Processed On GPU 
	| Duration : 1.462240 ms
	| Bandwidth : 1049.866144 Gb/s
>> 196608 Packets (0.295898 GB) Transfered From Device to Host
	| Duration : 17.433825 ms
	| Bandwidth : 135.781308 Gb/s
---------------------------------------------------------------

>> Chunk 840 Started
196608 Packets Was Read From Pcap File
>> 196608 Packets (0.295898 GB) Transfered From Host To Device 
	| Duration : 16.971071 ms
	| Bandwidth : 139.483682 Gb/s
>> RuleGraph Was Processed For 256 Threads Per Block 
>> 196608 Packets (0.192 GB) Processed On GPU 
	| Duration : 1.475264 ms
	| Bandwidth : 1040.597682 Gb/s
>> 196608 Packets (0.295898 GB) Transfered From Device to Host
	| Duration : 17.482592 ms
	| Bandwidth : 135.402551 Gb/s
---------------------------------------------------------------

>> Chunk 841 Started
196608 Packets Was Read From Pcap File
>> 196608 Packets (0.295898 GB) Transfered From Host To Device 
	| Duration : 16.332447 ms
	| Bandwidth : 144.937712 Gb/s
>> RuleGraph Was Processed For 256 Threads Per Block 
>> 196608 Packets (0.192 GB) Processed On GPU 
	| Duration : 1.474016 ms
	| Bandwidth : 1041.478723 Gb/s
>> 196608 Packets (0.295898 GB) Transfered From Device to Host
	| Duration : 17.234720 ms
	| Bandwidth : 137.349923 Gb/s
---------------------------------------------------------------

>> Chunk 842 Started
196608 Packets Was Read From Pcap File
>> 196608 Packets (0.295898 GB) Transfered From Host To Device 
	| Duration : 16.438976 ms
	| Bandwidth : 143.998474 Gb/s
>> RuleGraph Was Processed For 256 Threads Per Block 
>> 196608 Packets (0.192 GB) Processed On GPU 
	| Duration : 1.527008 ms
	| Bandwidth : 1005.336051 Gb/s
>> 196608 Packets (0.295898 GB) Transfered From Device to Host
	| Duration : 17.502625 ms
	| Bandwidth : 135.247574 Gb/s
---------------------------------------------------------------

>> Chunk 843 Started
196608 Packets Was Read From Pcap File
>> 196608 Packets (0.295898 GB) Transfered From Host To Device 
	| Duration : 16.645697 ms
	| Bandwidth : 142.210179 Gb/s
>> RuleGraph Was Processed For 256 Threads Per Block 
>> 196608 Packets (0.192 GB) Processed On GPU 
	| Duration : 1.481696 ms
	| Bandwidth : 1036.080438 Gb/s
>> 196608 Packets (0.295898 GB) Transfered From Device to Host
	| Duration : 17.297216 ms
	| Bandwidth : 136.853667 Gb/s
---------------------------------------------------------------

>> Chunk 844 Started
196608 Packets Was Read From Pcap File
>> 196608 Packets (0.295898 GB) Transfered From Host To Device 
	| Duration : 16.733568 ms
	| Bandwidth : 141.463403 Gb/s
>> RuleGraph Was Processed For 256 Threads Per Block 
>> 196608 Packets (0.192 GB) Processed On GPU 
	| Duration : 1.457312 ms
	| Bandwidth : 1053.416333 Gb/s
>> 196608 Packets (0.295898 GB) Transfered From Device to Host
	| Duration : 17.427008 ms
	| Bandwidth : 135.834421 Gb/s
---------------------------------------------------------------

>> Chunk 845 Started
196608 Packets Was Read From Pcap File
>> 196608 Packets (0.295898 GB) Transfered From Host To Device 
	| Duration : 16.587393 ms
	| Bandwidth : 142.710041 Gb/s
>> RuleGraph Was Processed For 256 Threads Per Block 
>> 196608 Packets (0.192 GB) Processed On GPU 
	| Duration : 1.469344 ms
	| Bandwidth : 1044.790212 Gb/s
>> 196608 Packets (0.295898 GB) Transfered From Device to Host
	| Duration : 17.665567 ms
	| Bandwidth : 134.000083 Gb/s
---------------------------------------------------------------

>> Chunk 846 Started
196608 Packets Was Read From Pcap File
>> 196608 Packets (0.295898 GB) Transfered From Host To Device 
	| Duration : 16.592031 ms
	| Bandwidth : 142.670143 Gb/s
>> RuleGraph Was Processed For 256 Threads Per Block 
>> 196608 Packets (0.192 GB) Processed On GPU 
	| Duration : 1.465632 ms
	| Bandwidth : 1047.436389 Gb/s
>> 196608 Packets (0.295898 GB) Transfered From Device to Host
	| Duration : 17.269793 ms
	| Bandwidth : 137.070986 Gb/s
---------------------------------------------------------------

>> Chunk 847 Started
196608 Packets Was Read From Pcap File
>> 196608 Packets (0.295898 GB) Transfered From Host To Device 
	| Duration : 16.459520 ms
	| Bandwidth : 143.818741 Gb/s
>> RuleGraph Was Processed For 256 Threads Per Block 
>> 196608 Packets (0.192 GB) Processed On GPU 
	| Duration : 1.475904 ms
	| Bandwidth : 1040.146421 Gb/s
>> 196608 Packets (0.295898 GB) Transfered From Device to Host
	| Duration : 17.382240 ms
	| Bandwidth : 136.184258 Gb/s
---------------------------------------------------------------

>> Chunk 848 Started
196608 Packets Was Read From Pcap File
>> 196608 Packets (0.295898 GB) Transfered From Host To Device 
	| Duration : 16.579712 ms
	| Bandwidth : 142.776154 Gb/s
>> RuleGraph Was Processed For 256 Threads Per Block 
>> 196608 Packets (0.192 GB) Processed On GPU 
	| Duration : 1.454304 ms
	| Bandwidth : 1055.595165 Gb/s
>> 196608 Packets (0.295898 GB) Transfered From Device to Host
	| Duration : 17.270817 ms
	| Bandwidth : 137.062857 Gb/s
---------------------------------------------------------------

>> Chunk 849 Started
196608 Packets Was Read From Pcap File
>> 196608 Packets (0.295898 GB) Transfered From Host To Device 
	| Duration : 16.447872 ms
	| Bandwidth : 143.920592 Gb/s
>> RuleGraph Was Processed For 256 Threads Per Block 
>> 196608 Packets (0.192 GB) Processed On GPU 
	| Duration : 1.475264 ms
	| Bandwidth : 1040.597682 Gb/s
>> 196608 Packets (0.295898 GB) Transfered From Device to Host
	| Duration : 17.408735 ms
	| Bandwidth : 135.976994 Gb/s
---------------------------------------------------------------

>> Chunk 850 Started
196608 Packets Was Read From Pcap File
>> 196608 Packets (0.295898 GB) Transfered From Host To Device 
	| Duration : 16.460640 ms
	| Bandwidth : 143.808959 Gb/s
>> RuleGraph Was Processed For 256 Threads Per Block 
>> 196608 Packets (0.192 GB) Processed On GPU 
	| Duration : 1.480224 ms
	| Bandwidth : 1037.110759 Gb/s
>> 196608 Packets (0.295898 GB) Transfered From Device to Host
	| Duration : 18.376801 ms
	| Bandwidth : 128.813908 Gb/s
---------------------------------------------------------------

>> Chunk 851 Started
196608 Packets Was Read From Pcap File
>> 196608 Packets (0.295898 GB) Transfered From Host To Device 
	| Duration : 16.523104 ms
	| Bandwidth : 143.265305 Gb/s
>> RuleGraph Was Processed For 256 Threads Per Block 
>> 196608 Packets (0.192 GB) Processed On GPU 
	| Duration : 1.474688 ms
	| Bandwidth : 1041.004060 Gb/s
>> 196608 Packets (0.295898 GB) Transfered From Device to Host
	| Duration : 17.340416 ms
	| Bandwidth : 136.512729 Gb/s
---------------------------------------------------------------

>> Chunk 852 Started
196608 Packets Was Read From Pcap File
>> 196608 Packets (0.295898 GB) Transfered From Host To Device 
	| Duration : 16.626848 ms
	| Bandwidth : 142.371390 Gb/s
>> RuleGraph Was Processed For 256 Threads Per Block 
>> 196608 Packets (0.192 GB) Processed On GPU 
	| Duration : 1.471200 ms
	| Bandwidth : 1043.472173 Gb/s
>> 196608 Packets (0.295898 GB) Transfered From Device to Host
	| Duration : 17.574848 ms
	| Bandwidth : 134.691775 Gb/s
---------------------------------------------------------------

>> Chunk 853 Started
196608 Packets Was Read From Pcap File
>> 196608 Packets (0.295898 GB) Transfered From Host To Device 
	| Duration : 16.668032 ms
	| Bandwidth : 142.019618 Gb/s
>> RuleGraph Was Processed For 256 Threads Per Block 
>> 196608 Packets (0.192 GB) Processed On GPU 
	| Duration : 1.465216 ms
	| Bandwidth : 1047.733718 Gb/s
>> 196608 Packets (0.295898 GB) Transfered From Device to Host
	| Duration : 17.357281 ms
	| Bandwidth : 136.380090 Gb/s
---------------------------------------------------------------

>> Chunk 854 Started
196608 Packets Was Read From Pcap File
>> 196608 Packets (0.295898 GB) Transfered From Host To Device 
	| Duration : 16.372608 ms
	| Bandwidth : 144.582187 Gb/s
>> RuleGraph Was Processed For 256 Threads Per Block 
>> 196608 Packets (0.192 GB) Processed On GPU 
	| Duration : 1.475072 ms
	| Bandwidth : 1040.733078 Gb/s
>> 196608 Packets (0.295898 GB) Transfered From Device to Host
	| Duration : 17.687937 ms
	| Bandwidth : 133.830617 Gb/s
---------------------------------------------------------------

>> Chunk 855 Started
196608 Packets Was Read From Pcap File
>> 196608 Packets (0.295898 GB) Transfered From Host To Device 
	| Duration : 16.357376 ms
	| Bandwidth : 144.716823 Gb/s
>> RuleGraph Was Processed For 256 Threads Per Block 
>> 196608 Packets (0.192 GB) Processed On GPU 
	| Duration : 1.462272 ms
	| Bandwidth : 1049.843121 Gb/s
>> 196608 Packets (0.295898 GB) Transfered From Device to Host
	| Duration : 17.311968 ms
	| Bandwidth : 136.737055 Gb/s
---------------------------------------------------------------

>> Chunk 856 Started
196608 Packets Was Read From Pcap File
>> 196608 Packets (0.295898 GB) Transfered From Host To Device 
	| Duration : 16.466944 ms
	| Bandwidth : 143.753907 Gb/s
>> RuleGraph Was Processed For 256 Threads Per Block 
>> 196608 Packets (0.192 GB) Processed On GPU 
	| Duration : 1.480288 ms
	| Bandwidth : 1037.065909 Gb/s
>> 196608 Packets (0.295898 GB) Transfered From Device to Host
	| Duration : 17.293217 ms
	| Bandwidth : 136.885320 Gb/s
---------------------------------------------------------------

>> Chunk 857 Started
196608 Packets Was Read From Pcap File
>> 196608 Packets (0.295898 GB) Transfered From Host To Device 
	| Duration : 16.644224 ms
	| Bandwidth : 142.222760 Gb/s
>> RuleGraph Was Processed For 256 Threads Per Block 
>> 196608 Packets (0.192 GB) Processed On GPU 
	| Duration : 1.485696 ms
	| Bandwidth : 1033.290992 Gb/s
>> 196608 Packets (0.295898 GB) Transfered From Device to Host
	| Duration : 17.522465 ms
	| Bandwidth : 135.094436 Gb/s
---------------------------------------------------------------

>> Chunk 858 Started
196608 Packets Was Read From Pcap File
>> 196608 Packets (0.295898 GB) Transfered From Host To Device 
	| Duration : 16.558687 ms
	| Bandwidth : 142.957438 Gb/s
>> RuleGraph Was Processed For 256 Threads Per Block 
>> 196608 Packets (0.192 GB) Processed On GPU 
	| Duration : 1.457504 ms
	| Bandwidth : 1053.277531 Gb/s
>> 196608 Packets (0.295898 GB) Transfered From Device to Host
	| Duration : 17.714945 ms
	| Bandwidth : 133.626580 Gb/s
---------------------------------------------------------------

>> Chunk 859 Started
196608 Packets Was Read From Pcap File
>> 196608 Packets (0.295898 GB) Transfered From Host To Device 
	| Duration : 16.393152 ms
	| Bandwidth : 144.400995 Gb/s
>> RuleGraph Was Processed For 256 Threads Per Block 
>> 196608 Packets (0.192 GB) Processed On GPU 
	| Duration : 1.468448 ms
	| Bandwidth : 1045.427693 Gb/s
>> 196608 Packets (0.295898 GB) Transfered From Device to Host
	| Duration : 17.423840 ms
	| Bandwidth : 135.859119 Gb/s
---------------------------------------------------------------

>> Chunk 860 Started
196608 Packets Was Read From Pcap File
>> 196608 Packets (0.295898 GB) Transfered From Host To Device 
	| Duration : 16.424095 ms
	| Bandwidth : 144.128945 Gb/s
>> RuleGraph Was Processed For 256 Threads Per Block 
>> 196608 Packets (0.192 GB) Processed On GPU 
	| Duration : 1.462368 ms
	| Bandwidth : 1049.774228 Gb/s
>> 196608 Packets (0.295898 GB) Transfered From Device to Host
	| Duration : 17.326817 ms
	| Bandwidth : 136.619874 Gb/s
---------------------------------------------------------------

>> Chunk 861 Started
196608 Packets Was Read From Pcap File
>> 196608 Packets (0.295898 GB) Transfered From Host To Device 
	| Duration : 16.519968 ms
	| Bandwidth : 143.292499 Gb/s
>> RuleGraph Was Processed For 256 Threads Per Block 
>> 196608 Packets (0.192 GB) Processed On GPU 
	| Duration : 1.470208 ms
	| Bandwidth : 1044.176198 Gb/s
>> 196608 Packets (0.295898 GB) Transfered From Device to Host
	| Duration : 17.300800 ms
	| Bandwidth : 136.825318 Gb/s
---------------------------------------------------------------

>> Chunk 862 Started
196608 Packets Was Read From Pcap File
>> 196608 Packets (0.295898 GB) Transfered From Host To Device 
	| Duration : 16.490273 ms
	| Bandwidth : 143.550538 Gb/s
>> RuleGraph Was Processed For 256 Threads Per Block 
>> 196608 Packets (0.192 GB) Processed On GPU 
	| Duration : 1.471488 ms
	| Bandwidth : 1043.267938 Gb/s
>> 196608 Packets (0.295898 GB) Transfered From Device to Host
	| Duration : 17.191263 ms
	| Bandwidth : 137.697124 Gb/s
---------------------------------------------------------------

>> Chunk 863 Started
196608 Packets Was Read From Pcap File
>> 196608 Packets (0.295898 GB) Transfered From Host To Device 
	| Duration : 16.364992 ms
	| Bandwidth : 144.649474 Gb/s
>> RuleGraph Was Processed For 256 Threads Per Block 
>> 196608 Packets (0.192 GB) Processed On GPU 
	| Duration : 1.473504 ms
	| Bandwidth : 1041.840609 Gb/s
>> 196608 Packets (0.295898 GB) Transfered From Device to Host
	| Duration : 17.339552 ms
	| Bandwidth : 136.519531 Gb/s
---------------------------------------------------------------

>> Chunk 864 Started
196608 Packets Was Read From Pcap File
>> 196608 Packets (0.295898 GB) Transfered From Host To Device 
	| Duration : 16.447872 ms
	| Bandwidth : 143.920592 Gb/s
>> RuleGraph Was Processed For 256 Threads Per Block 
>> 196608 Packets (0.192 GB) Processed On GPU 
	| Duration : 1.475392 ms
	| Bandwidth : 1040.507382 Gb/s
>> 196608 Packets (0.295898 GB) Transfered From Device to Host
	| Duration : 17.341345 ms
	| Bandwidth : 136.505417 Gb/s
---------------------------------------------------------------

>> Chunk 865 Started
196608 Packets Was Read From Pcap File
>> 196608 Packets (0.295898 GB) Transfered From Host To Device 
	| Duration : 16.357056 ms
	| Bandwidth : 144.719658 Gb/s
>> RuleGraph Was Processed For 256 Threads Per Block 
>> 196608 Packets (0.192 GB) Processed On GPU 
	| Duration : 1.475616 ms
	| Bandwidth : 1040.349436 Gb/s
>> 196608 Packets (0.295898 GB) Transfered From Device to Host
	| Duration : 17.276735 ms
	| Bandwidth : 137.015904 Gb/s
---------------------------------------------------------------

>> Chunk 866 Started
196608 Packets Was Read From Pcap File
>> 196608 Packets (0.295898 GB) Transfered From Host To Device 
	| Duration : 16.439360 ms
	| Bandwidth : 143.995116 Gb/s
>> RuleGraph Was Processed For 256 Threads Per Block 
>> 196608 Packets (0.192 GB) Processed On GPU 
	| Duration : 1.464512 ms
	| Bandwidth : 1048.237406 Gb/s
>> 196608 Packets (0.295898 GB) Transfered From Device to Host
	| Duration : 17.658913 ms
	| Bandwidth : 134.050581 Gb/s
---------------------------------------------------------------

>> Chunk 867 Started
196608 Packets Was Read From Pcap File
>> 196608 Packets (0.295898 GB) Transfered From Host To Device 
	| Duration : 16.415552 ms
	| Bandwidth : 144.203952 Gb/s
>> RuleGraph Was Processed For 256 Threads Per Block 
>> 196608 Packets (0.192 GB) Processed On GPU 
	| Duration : 1.486432 ms
	| Bandwidth : 1032.779364 Gb/s
>> 196608 Packets (0.295898 GB) Transfered From Device to Host
	| Duration : 17.407743 ms
	| Bandwidth : 135.984742 Gb/s
---------------------------------------------------------------

>> Chunk 868 Started
196608 Packets Was Read From Pcap File
>> 196608 Packets (0.295898 GB) Transfered From Host To Device 
	| Duration : 16.615328 ms
	| Bandwidth : 142.470105 Gb/s
>> RuleGraph Was Processed For 256 Threads Per Block 
>> 196608 Packets (0.192 GB) Processed On GPU 
	| Duration : 1.466944 ms
	| Bandwidth : 1046.499574 Gb/s
>> 196608 Packets (0.295898 GB) Transfered From Device to Host
	| Duration : 17.348896 ms
	| Bandwidth : 136.446002 Gb/s
---------------------------------------------------------------

>> Chunk 869 Started
196608 Packets Was Read From Pcap File
>> 196608 Packets (0.295898 GB) Transfered From Host To Device 
	| Duration : 16.449312 ms
	| Bandwidth : 143.907993 Gb/s
>> RuleGraph Was Processed For 256 Threads Per Block 
>> 196608 Packets (0.192 GB) Processed On GPU 
	| Duration : 1.476896 ms
	| Bandwidth : 1039.447734 Gb/s
>> 196608 Packets (0.295898 GB) Transfered From Device to Host
	| Duration : 17.505535 ms
	| Bandwidth : 135.225086 Gb/s
---------------------------------------------------------------

>> Chunk 870 Started
196608 Packets Was Read From Pcap File
>> 196608 Packets (0.295898 GB) Transfered From Host To Device 
	| Duration : 16.857887 ms
	| Bandwidth : 140.420176 Gb/s
>> RuleGraph Was Processed For 256 Threads Per Block 
>> 196608 Packets (0.192 GB) Processed On GPU 
	| Duration : 1.473984 ms
	| Bandwidth : 1041.501296 Gb/s
>> 196608 Packets (0.295898 GB) Transfered From Device to Host
	| Duration : 17.315712 ms
	| Bandwidth : 136.707489 Gb/s
---------------------------------------------------------------

>> Chunk 871 Started
196608 Packets Was Read From Pcap File
>> 196608 Packets (0.295898 GB) Transfered From Host To Device 
	| Duration : 16.691263 ms
	| Bandwidth : 141.821950 Gb/s
>> RuleGraph Was Processed For 256 Threads Per Block 
>> 196608 Packets (0.192 GB) Processed On GPU 
	| Duration : 1.471680 ms
	| Bandwidth : 1043.131797 Gb/s
>> 196608 Packets (0.295898 GB) Transfered From Device to Host
	| Duration : 17.479839 ms
	| Bandwidth : 135.423871 Gb/s
---------------------------------------------------------------

>> Chunk 872 Started
196608 Packets Was Read From Pcap File
>> 196608 Packets (0.295898 GB) Transfered From Host To Device 
	| Duration : 16.492640 ms
	| Bandwidth : 143.529936 Gb/s
>> RuleGraph Was Processed For 256 Threads Per Block 
>> 196608 Packets (0.192 GB) Processed On GPU 
	| Duration : 1.462496 ms
	| Bandwidth : 1049.682328 Gb/s
>> 196608 Packets (0.295898 GB) Transfered From Device to Host
	| Duration : 17.346687 ms
	| Bandwidth : 136.463375 Gb/s
---------------------------------------------------------------

>> Chunk 873 Started
196608 Packets Was Read From Pcap File
>> 196608 Packets (0.295898 GB) Transfered From Host To Device 
	| Duration : 16.650400 ms
	| Bandwidth : 142.170007 Gb/s
>> RuleGraph Was Processed For 256 Threads Per Block 
>> 196608 Packets (0.192 GB) Processed On GPU 
	| Duration : 1.458624 ms
	| Bandwidth : 1052.468796 Gb/s
>> 196608 Packets (0.295898 GB) Transfered From Device to Host
	| Duration : 17.783136 ms
	| Bandwidth : 133.114174 Gb/s
---------------------------------------------------------------

>> Chunk 874 Started
196608 Packets Was Read From Pcap File
>> 196608 Packets (0.295898 GB) Transfered From Host To Device 
	| Duration : 16.597696 ms
	| Bandwidth : 142.621449 Gb/s
>> RuleGraph Was Processed For 256 Threads Per Block 
>> 196608 Packets (0.192 GB) Processed On GPU 
	| Duration : 1.467872 ms
	| Bandwidth : 1045.837938 Gb/s
>> 196608 Packets (0.295898 GB) Transfered From Device to Host
	| Duration : 17.508512 ms
	| Bandwidth : 135.202091 Gb/s
---------------------------------------------------------------

>> Chunk 875 Started
196608 Packets Was Read From Pcap File
>> 196608 Packets (0.295898 GB) Transfered From Host To Device 
	| Duration : 16.608480 ms
	| Bandwidth : 142.528843 Gb/s
>> RuleGraph Was Processed For 256 Threads Per Block 
>> 196608 Packets (0.192 GB) Processed On GPU 
	| Duration : 1.469664 ms
	| Bandwidth : 1044.562753 Gb/s
>> 196608 Packets (0.295898 GB) Transfered From Device to Host
	| Duration : 17.276608 ms
	| Bandwidth : 137.016917 Gb/s
---------------------------------------------------------------

>> Chunk 876 Started
196608 Packets Was Read From Pcap File
>> 196608 Packets (0.295898 GB) Transfered From Host To Device 
	| Duration : 16.552032 ms
	| Bandwidth : 143.014914 Gb/s
>> RuleGraph Was Processed For 256 Threads Per Block 
>> 196608 Packets (0.192 GB) Processed On GPU 
	| Duration : 1.481120 ms
	| Bandwidth : 1036.483377 Gb/s
>> 196608 Packets (0.295898 GB) Transfered From Device to Host
	| Duration : 17.434561 ms
	| Bandwidth : 135.775574 Gb/s
---------------------------------------------------------------

>> Chunk 877 Started
196608 Packets Was Read From Pcap File
>> 196608 Packets (0.295898 GB) Transfered From Host To Device 
	| Duration : 16.401119 ms
	| Bandwidth : 144.330851 Gb/s
>> RuleGraph Was Processed For 256 Threads Per Block 
>> 196608 Packets (0.192 GB) Processed On GPU 
	| Duration : 1.465248 ms
	| Bandwidth : 1047.710873 Gb/s
>> 196608 Packets (0.295898 GB) Transfered From Device to Host
	| Duration : 17.270529 ms
	| Bandwidth : 137.065143 Gb/s
---------------------------------------------------------------

>> Chunk 878 Started
196608 Packets Was Read From Pcap File
>> 196608 Packets (0.295898 GB) Transfered From Host To Device 
	| Duration : 16.422943 ms
	| Bandwidth : 144.139055 Gb/s
>> RuleGraph Was Processed For 256 Threads Per Block 
>> 196608 Packets (0.192 GB) Processed On GPU 
	| Duration : 1.485984 ms
	| Bandwidth : 1033.090722 Gb/s
>> 196608 Packets (0.295898 GB) Transfered From Device to Host
	| Duration : 17.360607 ms
	| Bandwidth : 136.353958 Gb/s
---------------------------------------------------------------

>> Chunk 879 Started
196608 Packets Was Read From Pcap File
>> 196608 Packets (0.295898 GB) Transfered From Host To Device 
	| Duration : 16.518047 ms
	| Bandwidth : 143.309161 Gb/s
>> RuleGraph Was Processed For 256 Threads Per Block 
>> 196608 Packets (0.192 GB) Processed On GPU 
	| Duration : 1.484192 ms
	| Bandwidth : 1034.338034 Gb/s
>> 196608 Packets (0.295898 GB) Transfered From Device to Host
	| Duration : 17.369312 ms
	| Bandwidth : 136.285620 Gb/s
---------------------------------------------------------------

>> Chunk 880 Started
196608 Packets Was Read From Pcap File
>> 196608 Packets (0.295898 GB) Transfered From Host To Device 
	| Duration : 16.564064 ms
	| Bandwidth : 142.911033 Gb/s
>> RuleGraph Was Processed For 256 Threads Per Block 
>> 196608 Packets (0.192 GB) Processed On GPU 
	| Duration : 1.463264 ms
	| Bandwidth : 1049.131436 Gb/s
>> 196608 Packets (0.295898 GB) Transfered From Device to Host
	| Duration : 17.465729 ms
	| Bandwidth : 135.533280 Gb/s
---------------------------------------------------------------

>> Chunk 881 Started
196608 Packets Was Read From Pcap File
>> 196608 Packets (0.295898 GB) Transfered From Host To Device 
	| Duration : 16.451456 ms
	| Bandwidth : 143.889239 Gb/s
>> RuleGraph Was Processed For 256 Threads Per Block 
>> 196608 Packets (0.192 GB) Processed On GPU 
	| Duration : 1.478944 ms
	| Bandwidth : 1038.008409 Gb/s
>> 196608 Packets (0.295898 GB) Transfered From Device to Host
	| Duration : 17.507393 ms
	| Bandwidth : 135.210737 Gb/s
---------------------------------------------------------------

>> Chunk 882 Started
196608 Packets Was Read From Pcap File
>> 196608 Packets (0.295898 GB) Transfered From Host To Device 
	| Duration : 16.534975 ms
	| Bandwidth : 143.162448 Gb/s
>> RuleGraph Was Processed For 256 Threads Per Block 
>> 196608 Packets (0.192 GB) Processed On GPU 
	| Duration : 1.485696 ms
	| Bandwidth : 1033.290992 Gb/s
>> 196608 Packets (0.295898 GB) Transfered From Device to Host
	| Duration : 17.582432 ms
	| Bandwidth : 134.633680 Gb/s
---------------------------------------------------------------

>> Chunk 883 Started
196608 Packets Was Read From Pcap File
>> 196608 Packets (0.295898 GB) Transfered From Host To Device 
	| Duration : 16.531488 ms
	| Bandwidth : 143.192642 Gb/s
>> RuleGraph Was Processed For 256 Threads Per Block 
>> 196608 Packets (0.192 GB) Processed On GPU 
	| Duration : 1.480352 ms
	| Bandwidth : 1037.021063 Gb/s
>> 196608 Packets (0.295898 GB) Transfered From Device to Host
	| Duration : 17.471775 ms
	| Bandwidth : 135.486377 Gb/s
---------------------------------------------------------------

>> Chunk 884 Started
196608 Packets Was Read From Pcap File
>> 196608 Packets (0.295898 GB) Transfered From Host To Device 
	| Duration : 16.625055 ms
	| Bandwidth : 142.386744 Gb/s
>> RuleGraph Was Processed For 256 Threads Per Block 
>> 196608 Packets (0.192 GB) Processed On GPU 
	| Duration : 1.467808 ms
	| Bandwidth : 1045.883550 Gb/s
>> 196608 Packets (0.295898 GB) Transfered From Device to Host
	| Duration : 17.709663 ms
	| Bandwidth : 133.666431 Gb/s
---------------------------------------------------------------

>> Chunk 885 Started
196608 Packets Was Read From Pcap File
>> 196608 Packets (0.295898 GB) Transfered From Host To Device 
	| Duration : 17.033953 ms
	| Bandwidth : 138.968773 Gb/s
>> RuleGraph Was Processed For 256 Threads Per Block 
>> 196608 Packets (0.192 GB) Processed On GPU 
	| Duration : 1.463680 ms
	| Bandwidth : 1048.833228 Gb/s
>> 196608 Packets (0.295898 GB) Transfered From Device to Host
	| Duration : 17.406656 ms
	| Bandwidth : 135.993235 Gb/s
---------------------------------------------------------------

>> Chunk 886 Started
196608 Packets Was Read From Pcap File
>> 196608 Packets (0.295898 GB) Transfered From Host To Device 
	| Duration : 16.551872 ms
	| Bandwidth : 143.016298 Gb/s
>> RuleGraph Was Processed For 256 Threads Per Block 
>> 196608 Packets (0.192 GB) Processed On GPU 
	| Duration : 1.467936 ms
	| Bandwidth : 1045.792330 Gb/s
>> 196608 Packets (0.295898 GB) Transfered From Device to Host
	| Duration : 17.659328 ms
	| Bandwidth : 134.047425 Gb/s
---------------------------------------------------------------

>> Chunk 887 Started
196608 Packets Was Read From Pcap File
>> 196608 Packets (0.295898 GB) Transfered From Host To Device 
	| Duration : 16.432064 ms
	| Bandwidth : 144.059048 Gb/s
>> RuleGraph Was Processed For 256 Threads Per Block 
>> 196608 Packets (0.192 GB) Processed On GPU 
	| Duration : 1.491136 ms
	| Bandwidth : 1029.521316 Gb/s
>> 196608 Packets (0.295898 GB) Transfered From Device to Host
	| Duration : 17.488895 ms
	| Bandwidth : 135.353746 Gb/s
---------------------------------------------------------------

>> Chunk 888 Started
196608 Packets Was Read From Pcap File
>> 196608 Packets (0.295898 GB) Transfered From Host To Device 
	| Duration : 16.466623 ms
	| Bandwidth : 143.756704 Gb/s
>> RuleGraph Was Processed For 256 Threads Per Block 
>> 196608 Packets (0.192 GB) Processed On GPU 
	| Duration : 1.474208 ms
	| Bandwidth : 1041.343048 Gb/s
>> 196608 Packets (0.295898 GB) Transfered From Device to Host
	| Duration : 17.491552 ms
	| Bandwidth : 135.333186 Gb/s
---------------------------------------------------------------

>> Chunk 889 Started
196608 Packets Was Read From Pcap File
>> 196608 Packets (0.295898 GB) Transfered From Host To Device 
	| Duration : 16.538208 ms
	| Bandwidth : 143.134462 Gb/s
>> RuleGraph Was Processed For 256 Threads Per Block 
>> 196608 Packets (0.192 GB) Processed On GPU 
	| Duration : 1.483104 ms
	| Bandwidth : 1035.096837 Gb/s
>> 196608 Packets (0.295898 GB) Transfered From Device to Host
	| Duration : 17.868481 ms
	| Bandwidth : 132.478387 Gb/s
---------------------------------------------------------------

>> Chunk 890 Started
196608 Packets Was Read From Pcap File
>> 196608 Packets (0.295898 GB) Transfered From Host To Device 
	| Duration : 16.470720 ms
	| Bandwidth : 143.720946 Gb/s
>> RuleGraph Was Processed For 256 Threads Per Block 
>> 196608 Packets (0.192 GB) Processed On GPU 
	| Duration : 1.479680 ms
	| Bandwidth : 1037.492100 Gb/s
>> 196608 Packets (0.295898 GB) Transfered From Device to Host
	| Duration : 17.816896 ms
	| Bandwidth : 132.861944 Gb/s
---------------------------------------------------------------

>> Chunk 891 Started
196608 Packets Was Read From Pcap File
>> 196608 Packets (0.295898 GB) Transfered From Host To Device 
	| Duration : 16.410528 ms
	| Bandwidth : 144.248099 Gb/s
>> RuleGraph Was Processed For 256 Threads Per Block 
>> 196608 Packets (0.192 GB) Processed On GPU 
	| Duration : 1.473344 ms
	| Bandwidth : 1041.953734 Gb/s
>> 196608 Packets (0.295898 GB) Transfered From Device to Host
	| Duration : 17.506304 ms
	| Bandwidth : 135.219149 Gb/s
---------------------------------------------------------------

>> Chunk 892 Started
196608 Packets Was Read From Pcap File
>> 196608 Packets (0.295898 GB) Transfered From Host To Device 
	| Duration : 16.750496 ms
	| Bandwidth : 141.320443 Gb/s
>> RuleGraph Was Processed For 256 Threads Per Block 
>> 196608 Packets (0.192 GB) Processed On GPU 
	| Duration : 1.469248 ms
	| Bandwidth : 1044.858452 Gb/s
>> 196608 Packets (0.295898 GB) Transfered From Device to Host
	| Duration : 17.392193 ms
	| Bandwidth : 136.106328 Gb/s
---------------------------------------------------------------

>> Chunk 893 Started
196608 Packets Was Read From Pcap File
>> 196608 Packets (0.295898 GB) Transfered From Host To Device 
	| Duration : 16.368671 ms
	| Bandwidth : 144.616960 Gb/s
>> RuleGraph Was Processed For 256 Threads Per Block 
>> 196608 Packets (0.192 GB) Processed On GPU 
	| Duration : 1.465504 ms
	| Bandwidth : 1047.527811 Gb/s
>> 196608 Packets (0.295898 GB) Transfered From Device to Host
	| Duration : 17.203232 ms
	| Bandwidth : 137.601325 Gb/s
---------------------------------------------------------------

>> Chunk 894 Started
196608 Packets Was Read From Pcap File
>> 196608 Packets (0.295898 GB) Transfered From Host To Device 
	| Duration : 16.430464 ms
	| Bandwidth : 144.073079 Gb/s
>> RuleGraph Was Processed For 256 Threads Per Block 
>> 196608 Packets (0.192 GB) Processed On GPU 
	| Duration : 1.471808 ms
	| Bandwidth : 1043.041141 Gb/s
>> 196608 Packets (0.295898 GB) Transfered From Device to Host
	| Duration : 17.362207 ms
	| Bandwidth : 136.341390 Gb/s
---------------------------------------------------------------

>> Chunk 895 Started
196608 Packets Was Read From Pcap File
>> 196608 Packets (0.295898 GB) Transfered From Host To Device 
	| Duration : 16.456127 ms
	| Bandwidth : 143.848396 Gb/s
>> RuleGraph Was Processed For 256 Threads Per Block 
>> 196608 Packets (0.192 GB) Processed On GPU 
	| Duration : 1.471008 ms
	| Bandwidth : 1043.608403 Gb/s
>> 196608 Packets (0.295898 GB) Transfered From Device to Host
	| Duration : 17.447552 ms
	| Bandwidth : 135.674480 Gb/s
---------------------------------------------------------------

>> Chunk 896 Started
196608 Packets Was Read From Pcap File
>> 196608 Packets (0.295898 GB) Transfered From Host To Device 
	| Duration : 16.386112 ms
	| Bandwidth : 144.463035 Gb/s
>> RuleGraph Was Processed For 256 Threads Per Block 
>> 196608 Packets (0.192 GB) Processed On GPU 
	| Duration : 1.472160 ms
	| Bandwidth : 1042.791727 Gb/s
>> 196608 Packets (0.295898 GB) Transfered From Device to Host
	| Duration : 17.353088 ms
	| Bandwidth : 136.413038 Gb/s
---------------------------------------------------------------

>> Chunk 897 Started
196608 Packets Was Read From Pcap File
>> 196608 Packets (0.295898 GB) Transfered From Host To Device 
	| Duration : 16.468256 ms
	| Bandwidth : 143.742452 Gb/s
>> RuleGraph Was Processed For 256 Threads Per Block 
>> 196608 Packets (0.192 GB) Processed On GPU 
	| Duration : 1.459296 ms
	| Bandwidth : 1051.984150 Gb/s
>> 196608 Packets (0.295898 GB) Transfered From Device to Host
	| Duration : 17.405697 ms
	| Bandwidth : 136.000731 Gb/s
---------------------------------------------------------------

>> Chunk 898 Started
196608 Packets Was Read From Pcap File
>> 196608 Packets (0.295898 GB) Transfered From Host To Device 
	| Duration : 16.497984 ms
	| Bandwidth : 143.483441 Gb/s
>> RuleGraph Was Processed For 256 Threads Per Block 
>> 196608 Packets (0.192 GB) Processed On GPU 
	| Duration : 1.472384 ms
	| Bandwidth : 1042.633087 Gb/s
>> 196608 Packets (0.295898 GB) Transfered From Device to Host
	| Duration : 17.604193 ms
	| Bandwidth : 134.467257 Gb/s
---------------------------------------------------------------

>> Chunk 899 Started
196608 Packets Was Read From Pcap File
>> 196608 Packets (0.295898 GB) Transfered From Host To Device 
	| Duration : 16.823105 ms
	| Bandwidth : 140.710500 Gb/s
>> RuleGraph Was Processed For 256 Threads Per Block 
>> 196608 Packets (0.192 GB) Processed On GPU 
	| Duration : 1.477664 ms
	| Bandwidth : 1038.907530 Gb/s
>> 196608 Packets (0.295898 GB) Transfered From Device to Host
	| Duration : 17.717953 ms
	| Bandwidth : 133.603895 Gb/s
---------------------------------------------------------------

>> Chunk 900 Started
196608 Packets Was Read From Pcap File
>> 196608 Packets (0.295898 GB) Transfered From Host To Device 
	| Duration : 16.648800 ms
	| Bandwidth : 142.183672 Gb/s
>> RuleGraph Was Processed For 256 Threads Per Block 
>> 196608 Packets (0.192 GB) Processed On GPU 
	| Duration : 1.480512 ms
	| Bandwidth : 1036.909006 Gb/s
>> 196608 Packets (0.295898 GB) Transfered From Device to Host
	| Duration : 17.350624 ms
	| Bandwidth : 136.432412 Gb/s
---------------------------------------------------------------

>> Chunk 901 Started
196608 Packets Was Read From Pcap File
>> 196608 Packets (0.295898 GB) Transfered From Host To Device 
	| Duration : 16.441441 ms
	| Bandwidth : 143.976891 Gb/s
>> RuleGraph Was Processed For 256 Threads Per Block 
>> 196608 Packets (0.192 GB) Processed On GPU 
	| Duration : 1.473920 ms
	| Bandwidth : 1041.546531 Gb/s
>> 196608 Packets (0.295898 GB) Transfered From Device to Host
	| Duration : 17.405312 ms
	| Bandwidth : 136.003742 Gb/s
---------------------------------------------------------------

>> Chunk 902 Started
196608 Packets Was Read From Pcap File
>> 196608 Packets (0.295898 GB) Transfered From Host To Device 
	| Duration : 16.386112 ms
	| Bandwidth : 144.463035 Gb/s
>> RuleGraph Was Processed For 256 Threads Per Block 
>> 196608 Packets (0.192 GB) Processed On GPU 
	| Duration : 1.458208 ms
	| Bandwidth : 1052.769075 Gb/s
>> 196608 Packets (0.295898 GB) Transfered From Device to Host
	| Duration : 17.533567 ms
	| Bandwidth : 135.008891 Gb/s
---------------------------------------------------------------

>> Chunk 903 Started
196608 Packets Was Read From Pcap File
>> 196608 Packets (0.295898 GB) Transfered From Host To Device 
	| Duration : 16.366207 ms
	| Bandwidth : 144.638735 Gb/s
>> RuleGraph Was Processed For 256 Threads Per Block 
>> 196608 Packets (0.192 GB) Processed On GPU 
	| Duration : 1.474144 ms
	| Bandwidth : 1041.388269 Gb/s
>> 196608 Packets (0.295898 GB) Transfered From Device to Host
	| Duration : 17.391264 ms
	| Bandwidth : 136.113597 Gb/s
---------------------------------------------------------------

>> Chunk 904 Started
196608 Packets Was Read From Pcap File
>> 196608 Packets (0.295898 GB) Transfered From Host To Device 
	| Duration : 16.661823 ms
	| Bandwidth : 142.072537 Gb/s
>> RuleGraph Was Processed For 256 Threads Per Block 
>> 196608 Packets (0.192 GB) Processed On GPU 
	| Duration : 1.473696 ms
	| Bandwidth : 1041.704841 Gb/s
>> 196608 Packets (0.295898 GB) Transfered From Device to Host
	| Duration : 17.426592 ms
	| Bandwidth : 135.837662 Gb/s
---------------------------------------------------------------

>> Chunk 905 Started
196608 Packets Was Read From Pcap File
>> 196608 Packets (0.295898 GB) Transfered From Host To Device 
	| Duration : 16.569248 ms
	| Bandwidth : 142.866319 Gb/s
>> RuleGraph Was Processed For 256 Threads Per Block 
>> 196608 Packets (0.192 GB) Processed On GPU 
	| Duration : 1.473120 ms
	| Bandwidth : 1042.112168 Gb/s
>> 196608 Packets (0.295898 GB) Transfered From Device to Host
	| Duration : 17.664225 ms
	| Bandwidth : 134.010269 Gb/s
---------------------------------------------------------------

>> Chunk 906 Started
196608 Packets Was Read From Pcap File
>> 196608 Packets (0.295898 GB) Transfered From Host To Device 
	| Duration : 16.763391 ms
	| Bandwidth : 141.211729 Gb/s
>> RuleGraph Was Processed For 256 Threads Per Block 
>> 196608 Packets (0.192 GB) Processed On GPU 
	| Duration : 1.480096 ms
	| Bandwidth : 1037.200471 Gb/s
>> 196608 Packets (0.295898 GB) Transfered From Device to Host
	| Duration : 17.426336 ms
	| Bandwidth : 135.839654 Gb/s
---------------------------------------------------------------

>> Chunk 907 Started
196608 Packets Was Read From Pcap File
>> 196608 Packets (0.295898 GB) Transfered From Host To Device 
	| Duration : 16.480097 ms
	| Bandwidth : 143.639174 Gb/s
>> RuleGraph Was Processed For 256 Threads Per Block 
>> 196608 Packets (0.192 GB) Processed On GPU 
	| Duration : 1.466336 ms
	| Bandwidth : 1046.933471 Gb/s
>> 196608 Packets (0.295898 GB) Transfered From Device to Host
	| Duration : 17.348768 ms
	| Bandwidth : 136.447007 Gb/s
---------------------------------------------------------------

>> Chunk 908 Started
196608 Packets Was Read From Pcap File
>> 196608 Packets (0.295898 GB) Transfered From Host To Device 
	| Duration : 16.442465 ms
	| Bandwidth : 143.967922 Gb/s
>> RuleGraph Was Processed For 256 Threads Per Block 
>> 196608 Packets (0.192 GB) Processed On GPU 
	| Duration : 1.473696 ms
	| Bandwidth : 1041.704841 Gb/s
>> 196608 Packets (0.295898 GB) Transfered From Device to Host
	| Duration : 17.334240 ms
	| Bandwidth : 136.561367 Gb/s
---------------------------------------------------------------

>> Chunk 909 Started
196608 Packets Was Read From Pcap File
>> 196608 Packets (0.295898 GB) Transfered From Host To Device 
	| Duration : 16.308640 ms
	| Bandwidth : 145.149293 Gb/s
>> RuleGraph Was Processed For 256 Threads Per Block 
>> 196608 Packets (0.192 GB) Processed On GPU 
	| Duration : 1.471232 ms
	| Bandwidth : 1043.449429 Gb/s
>> 196608 Packets (0.295898 GB) Transfered From Device to Host
	| Duration : 17.369761 ms
	| Bandwidth : 136.282103 Gb/s
---------------------------------------------------------------

>> Chunk 910 Started
196608 Packets Was Read From Pcap File
>> 196608 Packets (0.295898 GB) Transfered From Host To Device 
	| Duration : 16.336191 ms
	| Bandwidth : 144.904493 Gb/s
>> RuleGraph Was Processed For 256 Threads Per Block 
>> 196608 Packets (0.192 GB) Processed On GPU 
	| Duration : 1.479008 ms
	| Bandwidth : 1037.963481 Gb/s
>> 196608 Packets (0.295898 GB) Transfered From Device to Host
	| Duration : 17.346016 ms
	| Bandwidth : 136.468657 Gb/s
---------------------------------------------------------------

>> Chunk 911 Started
196608 Packets Was Read From Pcap File
>> 196608 Packets (0.295898 GB) Transfered From Host To Device 
	| Duration : 16.558975 ms
	| Bandwidth : 142.954952 Gb/s
>> RuleGraph Was Processed For 256 Threads Per Block 
>> 196608 Packets (0.192 GB) Processed On GPU 
	| Duration : 1.477600 ms
	| Bandwidth : 1038.952540 Gb/s
>> 196608 Packets (0.295898 GB) Transfered From Device to Host
	| Duration : 17.377537 ms
	| Bandwidth : 136.221119 Gb/s
---------------------------------------------------------------

>> Chunk 912 Started
196608 Packets Was Read From Pcap File
>> 196608 Packets (0.295898 GB) Transfered From Host To Device 
	| Duration : 16.270304 ms
	| Bandwidth : 145.491291 Gb/s
>> RuleGraph Was Processed For 256 Threads Per Block 
>> 196608 Packets (0.192 GB) Processed On GPU 
	| Duration : 1.471584 ms
	| Bandwidth : 1043.199905 Gb/s
>> 196608 Packets (0.295898 GB) Transfered From Device to Host
	| Duration : 17.414560 ms
	| Bandwidth : 135.931511 Gb/s
---------------------------------------------------------------

>> Chunk 913 Started
196608 Packets Was Read From Pcap File
>> 196608 Packets (0.295898 GB) Transfered From Host To Device 
	| Duration : 16.602240 ms
	| Bandwidth : 142.582420 Gb/s
>> RuleGraph Was Processed For 256 Threads Per Block 
>> 196608 Packets (0.192 GB) Processed On GPU 
	| Duration : 1.477984 ms
	| Bandwidth : 1038.682625 Gb/s
>> 196608 Packets (0.295898 GB) Transfered From Device to Host
	| Duration : 17.344801 ms
	| Bandwidth : 136.478217 Gb/s
---------------------------------------------------------------

>> Chunk 914 Started
196608 Packets Was Read From Pcap File
>> 196608 Packets (0.295898 GB) Transfered From Host To Device 
	| Duration : 16.721024 ms
	| Bandwidth : 141.569533 Gb/s
>> RuleGraph Was Processed For 256 Threads Per Block 
>> 196608 Packets (0.192 GB) Processed On GPU 
	| Duration : 1.468512 ms
	| Bandwidth : 1045.382121 Gb/s
>> 196608 Packets (0.295898 GB) Transfered From Device to Host
	| Duration : 17.301985 ms
	| Bandwidth : 136.815951 Gb/s
---------------------------------------------------------------

>> Chunk 915 Started
196608 Packets Was Read From Pcap File
>> 196608 Packets (0.295898 GB) Transfered From Host To Device 
	| Duration : 16.331488 ms
	| Bandwidth : 144.946226 Gb/s
>> RuleGraph Was Processed For 256 Threads Per Block 
>> 196608 Packets (0.192 GB) Processed On GPU 
	| Duration : 1.470528 ms
	| Bandwidth : 1043.949005 Gb/s
>> 196608 Packets (0.295898 GB) Transfered From Device to Host
	| Duration : 17.432287 ms
	| Bandwidth : 135.793282 Gb/s
---------------------------------------------------------------

>> Chunk 916 Started
196608 Packets Was Read From Pcap File
>> 196608 Packets (0.295898 GB) Transfered From Host To Device 
	| Duration : 16.473888 ms
	| Bandwidth : 143.693307 Gb/s
>> RuleGraph Was Processed For 256 Threads Per Block 
>> 196608 Packets (0.192 GB) Processed On GPU 
	| Duration : 1.475488 ms
	| Bandwidth : 1040.439709 Gb/s
>> 196608 Packets (0.295898 GB) Transfered From Device to Host
	| Duration : 18.139616 ms
	| Bandwidth : 130.498214 Gb/s
---------------------------------------------------------------

>> Chunk 917 Started
196608 Packets Was Read From Pcap File
>> 196608 Packets (0.295898 GB) Transfered From Host To Device 
	| Duration : 16.451616 ms
	| Bandwidth : 143.887838 Gb/s
>> RuleGraph Was Processed For 256 Threads Per Block 
>> 196608 Packets (0.192 GB) Processed On GPU 
	| Duration : 1.475040 ms
	| Bandwidth : 1040.755703 Gb/s
>> 196608 Packets (0.295898 GB) Transfered From Device to Host
	| Duration : 17.509600 ms
	| Bandwidth : 135.193696 Gb/s
---------------------------------------------------------------

>> Chunk 918 Started
196608 Packets Was Read From Pcap File
>> 196608 Packets (0.295898 GB) Transfered From Host To Device 
	| Duration : 16.654528 ms
	| Bandwidth : 142.134772 Gb/s
>> RuleGraph Was Processed For 256 Threads Per Block 
>> 196608 Packets (0.192 GB) Processed On GPU 
	| Duration : 1.476352 ms
	| Bandwidth : 1039.830795 Gb/s
>> 196608 Packets (0.295898 GB) Transfered From Device to Host
	| Duration : 17.310560 ms
	| Bandwidth : 136.748174 Gb/s
---------------------------------------------------------------

>> Chunk 919 Started
196608 Packets Was Read From Pcap File
>> 196608 Packets (0.295898 GB) Transfered From Host To Device 
	| Duration : 16.833183 ms
	| Bandwidth : 140.626253 Gb/s
>> RuleGraph Was Processed For 256 Threads Per Block 
>> 196608 Packets (0.192 GB) Processed On GPU 
	| Duration : 1.477952 ms
	| Bandwidth : 1038.705077 Gb/s
>> 196608 Packets (0.295898 GB) Transfered From Device to Host
	| Duration : 17.302431 ms
	| Bandwidth : 136.812422 Gb/s
---------------------------------------------------------------

>> Chunk 920 Started
196608 Packets Was Read From Pcap File
>> 196608 Packets (0.295898 GB) Transfered From Host To Device 
	| Duration : 16.579552 ms
	| Bandwidth : 142.777534 Gb/s
>> RuleGraph Was Processed For 256 Threads Per Block 
>> 196608 Packets (0.192 GB) Processed On GPU 
	| Duration : 1.472000 ms
	| Bandwidth : 1042.905059 Gb/s
>> 196608 Packets (0.295898 GB) Transfered From Device to Host
	| Duration : 17.479456 ms
	| Bandwidth : 135.426841 Gb/s
---------------------------------------------------------------

>> Chunk 921 Started
196608 Packets Was Read From Pcap File
>> 196608 Packets (0.295898 GB) Transfered From Host To Device 
	| Duration : 16.415327 ms
	| Bandwidth : 144.205930 Gb/s
>> RuleGraph Was Processed For 256 Threads Per Block 
>> 196608 Packets (0.192 GB) Processed On GPU 
	| Duration : 1.475072 ms
	| Bandwidth : 1040.733078 Gb/s
>> 196608 Packets (0.295898 GB) Transfered From Device to Host
	| Duration : 17.386944 ms
	| Bandwidth : 136.147418 Gb/s
---------------------------------------------------------------

>> Chunk 922 Started
196608 Packets Was Read From Pcap File
>> 196608 Packets (0.295898 GB) Transfered From Host To Device 
	| Duration : 16.498144 ms
	| Bandwidth : 143.482047 Gb/s
>> RuleGraph Was Processed For 256 Threads Per Block 
>> 196608 Packets (0.192 GB) Processed On GPU 
	| Duration : 1.471872 ms
	| Bandwidth : 1042.995776 Gb/s
>> 196608 Packets (0.295898 GB) Transfered From Device to Host
	| Duration : 17.403969 ms
	| Bandwidth : 136.014235 Gb/s
---------------------------------------------------------------

>> Chunk 923 Started
196608 Packets Was Read From Pcap File
>> 196608 Packets (0.295898 GB) Transfered From Host To Device 
	| Duration : 16.418272 ms
	| Bandwidth : 144.180063 Gb/s
>> RuleGraph Was Processed For 256 Threads Per Block 
>> 196608 Packets (0.192 GB) Processed On GPU 
	| Duration : 1.481920 ms
	| Bandwidth : 1035.923833 Gb/s
>> 196608 Packets (0.295898 GB) Transfered From Device to Host
	| Duration : 17.944609 ms
	| Bandwidth : 131.916362 Gb/s
---------------------------------------------------------------

>> Chunk 924 Started
196608 Packets Was Read From Pcap File
>> 196608 Packets (0.295898 GB) Transfered From Host To Device 
	| Duration : 16.476576 ms
	| Bandwidth : 143.669869 Gb/s
>> RuleGraph Was Processed For 256 Threads Per Block 
>> 196608 Packets (0.192 GB) Processed On GPU 
	| Duration : 1.482112 ms
	| Bandwidth : 1035.789602 Gb/s
>> 196608 Packets (0.295898 GB) Transfered From Device to Host
	| Duration : 17.225056 ms
	| Bandwidth : 137.426987 Gb/s
---------------------------------------------------------------

>> Chunk 925 Started
196608 Packets Was Read From Pcap File
>> 196608 Packets (0.295898 GB) Transfered From Host To Device 
	| Duration : 16.509312 ms
	| Bandwidth : 143.384991 Gb/s
>> RuleGraph Was Processed For 256 Threads Per Block 
>> 196608 Packets (0.192 GB) Processed On GPU 
	| Duration : 1.462944 ms
	| Bandwidth : 1049.360890 Gb/s
>> 196608 Packets (0.295898 GB) Transfered From Device to Host
	| Duration : 17.341633 ms
	| Bandwidth : 136.503149 Gb/s
---------------------------------------------------------------

>> Chunk 926 Started
196608 Packets Was Read From Pcap File
>> 196608 Packets (0.295898 GB) Transfered From Host To Device 
	| Duration : 16.430080 ms
	| Bandwidth : 144.076440 Gb/s
>> RuleGraph Was Processed For 256 Threads Per Block 
>> 196608 Packets (0.192 GB) Processed On GPU 
	| Duration : 1.475648 ms
	| Bandwidth : 1040.326828 Gb/s
>> 196608 Packets (0.295898 GB) Transfered From Device to Host
	| Duration : 17.399839 ms
	| Bandwidth : 136.046514 Gb/s
---------------------------------------------------------------

>> Chunk 927 Started
196608 Packets Was Read From Pcap File
>> 196608 Packets (0.295898 GB) Transfered From Host To Device 
	| Duration : 16.410784 ms
	| Bandwidth : 144.245853 Gb/s
>> RuleGraph Was Processed For 256 Threads Per Block 
>> 196608 Packets (0.192 GB) Processed On GPU 
	| Duration : 1.471392 ms
	| Bandwidth : 1043.335979 Gb/s
>> 196608 Packets (0.295898 GB) Transfered From Device to Host
	| Duration : 17.431681 ms
	| Bandwidth : 135.798007 Gb/s
---------------------------------------------------------------

>> Chunk 928 Started
196608 Packets Was Read From Pcap File
>> 196608 Packets (0.295898 GB) Transfered From Host To Device 
	| Duration : 16.584768 ms
	| Bandwidth : 142.732624 Gb/s
>> RuleGraph Was Processed For 256 Threads Per Block 
>> 196608 Packets (0.192 GB) Processed On GPU 
	| Duration : 1.466304 ms
	| Bandwidth : 1046.956366 Gb/s
>> 196608 Packets (0.295898 GB) Transfered From Device to Host
	| Duration : 17.565311 ms
	| Bandwidth : 134.764903 Gb/s
---------------------------------------------------------------

>> Chunk 929 Started
196608 Packets Was Read From Pcap File
>> 196608 Packets (0.295898 GB) Transfered From Host To Device 
	| Duration : 16.432735 ms
	| Bandwidth : 144.053162 Gb/s
>> RuleGraph Was Processed For 256 Threads Per Block 
>> 196608 Packets (0.192 GB) Processed On GPU 
	| Duration : 1.479744 ms
	| Bandwidth : 1037.447217 Gb/s
>> 196608 Packets (0.295898 GB) Transfered From Device to Host
	| Duration : 17.356800 ms
	| Bandwidth : 136.383866 Gb/s
---------------------------------------------------------------

>> Chunk 930 Started
196608 Packets Was Read From Pcap File
>> 196608 Packets (0.295898 GB) Transfered From Host To Device 
	| Duration : 16.566591 ms
	| Bandwidth : 142.889232 Gb/s
>> RuleGraph Was Processed For 256 Threads Per Block 
>> 196608 Packets (0.192 GB) Processed On GPU 
	| Duration : 1.468512 ms
	| Bandwidth : 1045.382121 Gb/s
>> 196608 Packets (0.295898 GB) Transfered From Device to Host
	| Duration : 17.438272 ms
	| Bandwidth : 135.746675 Gb/s
---------------------------------------------------------------

>> Chunk 931 Started
196608 Packets Was Read From Pcap File
>> 196608 Packets (0.295898 GB) Transfered From Host To Device 
	| Duration : 16.359552 ms
	| Bandwidth : 144.697571 Gb/s
>> RuleGraph Was Processed For 256 Threads Per Block 
>> 196608 Packets (0.192 GB) Processed On GPU 
	| Duration : 1.464096 ms
	| Bandwidth : 1048.535275 Gb/s
>> 196608 Packets (0.295898 GB) Transfered From Device to Host
	| Duration : 17.463776 ms
	| Bandwidth : 135.548437 Gb/s
---------------------------------------------------------------

>> Chunk 932 Started
196608 Packets Was Read From Pcap File
>> 196608 Packets (0.295898 GB) Transfered From Host To Device 
	| Duration : 16.843967 ms
	| Bandwidth : 140.536219 Gb/s
>> RuleGraph Was Processed For 256 Threads Per Block 
>> 196608 Packets (0.192 GB) Processed On GPU 
	| Duration : 1.477792 ms
	| Bandwidth : 1038.817523 Gb/s
>> 196608 Packets (0.295898 GB) Transfered From Device to Host
	| Duration : 17.460064 ms
	| Bandwidth : 135.577253 Gb/s
---------------------------------------------------------------

>> Chunk 933 Started
196608 Packets Was Read From Pcap File
>> 196608 Packets (0.295898 GB) Transfered From Host To Device 
	| Duration : 16.529247 ms
	| Bandwidth : 143.212057 Gb/s
>> RuleGraph Was Processed For 256 Threads Per Block 
>> 196608 Packets (0.192 GB) Processed On GPU 
	| Duration : 1.469312 ms
	| Bandwidth : 1044.813014 Gb/s
>> 196608 Packets (0.295898 GB) Transfered From Device to Host
	| Duration : 17.407713 ms
	| Bandwidth : 135.984980 Gb/s
---------------------------------------------------------------

>> Chunk 934 Started
196608 Packets Was Read From Pcap File
>> 196608 Packets (0.295898 GB) Transfered From Host To Device 
	| Duration : 16.415039 ms
	| Bandwidth : 144.208460 Gb/s
>> RuleGraph Was Processed For 256 Threads Per Block 
>> 196608 Packets (0.192 GB) Processed On GPU 
	| Duration : 1.472416 ms
	| Bandwidth : 1042.610380 Gb/s
>> 196608 Packets (0.295898 GB) Transfered From Device to Host
	| Duration : 17.570911 ms
	| Bandwidth : 134.721953 Gb/s
---------------------------------------------------------------

>> Chunk 935 Started
196608 Packets Was Read From Pcap File
>> 196608 Packets (0.295898 GB) Transfered From Host To Device 
	| Duration : 16.570688 ms
	| Bandwidth : 142.853904 Gb/s
>> RuleGraph Was Processed For 256 Threads Per Block 
>> 196608 Packets (0.192 GB) Processed On GPU 
	| Duration : 1.468160 ms
	| Bandwidth : 1045.632775 Gb/s
>> 196608 Packets (0.295898 GB) Transfered From Device to Host
	| Duration : 17.856705 ms
	| Bandwidth : 132.565753 Gb/s
---------------------------------------------------------------

>> Chunk 936 Started
196608 Packets Was Read From Pcap File
>> 196608 Packets (0.295898 GB) Transfered From Host To Device 
	| Duration : 16.529823 ms
	| Bandwidth : 143.207066 Gb/s
>> RuleGraph Was Processed For 256 Threads Per Block 
>> 196608 Packets (0.192 GB) Processed On GPU 
	| Duration : 1.475040 ms
	| Bandwidth : 1040.755703 Gb/s
>> 196608 Packets (0.295898 GB) Transfered From Device to Host
	| Duration : 17.439487 ms
	| Bandwidth : 135.737217 Gb/s
---------------------------------------------------------------

>> Chunk 937 Started
196608 Packets Was Read From Pcap File
>> 196608 Packets (0.295898 GB) Transfered From Host To Device 
	| Duration : 16.824703 ms
	| Bandwidth : 140.697133 Gb/s
>> RuleGraph Was Processed For 256 Threads Per Block 
>> 196608 Packets (0.192 GB) Processed On GPU 
	| Duration : 1.467392 ms
	| Bandwidth : 1046.180083 Gb/s
>> 196608 Packets (0.295898 GB) Transfered From Device to Host
	| Duration : 17.518721 ms
	| Bandwidth : 135.123309 Gb/s
---------------------------------------------------------------

>> Chunk 938 Started
196608 Packets Was Read From Pcap File
>> 196608 Packets (0.295898 GB) Transfered From Host To Device 
	| Duration : 16.450720 ms
	| Bandwidth : 143.895679 Gb/s
>> RuleGraph Was Processed For 256 Threads Per Block 
>> 196608 Packets (0.192 GB) Processed On GPU 
	| Duration : 1.486880 ms
	| Bandwidth : 1032.468193 Gb/s
>> 196608 Packets (0.295898 GB) Transfered From Device to Host
	| Duration : 17.368832 ms
	| Bandwidth : 136.289392 Gb/s
---------------------------------------------------------------

>> Chunk 939 Started
196608 Packets Was Read From Pcap File
>> 196608 Packets (0.295898 GB) Transfered From Host To Device 
	| Duration : 16.351295 ms
	| Bandwidth : 144.770639 Gb/s
>> RuleGraph Was Processed For 256 Threads Per Block 
>> 196608 Packets (0.192 GB) Processed On GPU 
	| Duration : 1.477344 ms
	| Bandwidth : 1039.132533 Gb/s
>> 196608 Packets (0.295898 GB) Transfered From Device to Host
	| Duration : 17.458591 ms
	| Bandwidth : 135.588687 Gb/s
---------------------------------------------------------------

>> Chunk 940 Started
196608 Packets Was Read From Pcap File
>> 196608 Packets (0.295898 GB) Transfered From Host To Device 
	| Duration : 16.279297 ms
	| Bandwidth : 145.410918 Gb/s
>> RuleGraph Was Processed For 256 Threads Per Block 
>> 196608 Packets (0.192 GB) Processed On GPU 
	| Duration : 1.478784 ms
	| Bandwidth : 1038.120703 Gb/s
>> 196608 Packets (0.295898 GB) Transfered From Device to Host
	| Duration : 17.204321 ms
	| Bandwidth : 137.592615 Gb/s
---------------------------------------------------------------

>> Chunk 941 Started
196608 Packets Was Read From Pcap File
>> 196608 Packets (0.295898 GB) Transfered From Host To Device 
	| Duration : 16.290720 ms
	| Bandwidth : 145.308955 Gb/s
>> RuleGraph Was Processed For 256 Threads Per Block 
>> 196608 Packets (0.192 GB) Processed On GPU 
	| Duration : 1.476800 ms
	| Bandwidth : 1039.515362 Gb/s
>> 196608 Packets (0.295898 GB) Transfered From Device to Host
	| Duration : 17.453953 ms
	| Bandwidth : 135.624722 Gb/s
---------------------------------------------------------------

>> Chunk 942 Started
196608 Packets Was Read From Pcap File
>> 196608 Packets (0.295898 GB) Transfered From Host To Device 
	| Duration : 16.414623 ms
	| Bandwidth : 144.212113 Gb/s
>> RuleGraph Was Processed For 256 Threads Per Block 
>> 196608 Packets (0.192 GB) Processed On GPU 
	| Duration : 1.470816 ms
	| Bandwidth : 1043.744583 Gb/s
>> 196608 Packets (0.295898 GB) Transfered From Device to Host
	| Duration : 17.320480 ms
	| Bandwidth : 136.669853 Gb/s
---------------------------------------------------------------

>> Chunk 943 Started
196608 Packets Was Read From Pcap File
>> 196608 Packets (0.295898 GB) Transfered From Host To Device 
	| Duration : 16.331327 ms
	| Bandwidth : 144.947648 Gb/s
>> RuleGraph Was Processed For 256 Threads Per Block 
>> 196608 Packets (0.192 GB) Processed On GPU 
	| Duration : 1.472448 ms
	| Bandwidth : 1042.587758 Gb/s
>> 196608 Packets (0.295898 GB) Transfered From Device to Host
	| Duration : 17.647873 ms
	| Bandwidth : 134.134437 Gb/s
---------------------------------------------------------------

>> Chunk 944 Started
196608 Packets Was Read From Pcap File
>> 196608 Packets (0.295898 GB) Transfered From Host To Device 
	| Duration : 16.406431 ms
	| Bandwidth : 144.284121 Gb/s
>> RuleGraph Was Processed For 256 Threads Per Block 
>> 196608 Packets (0.192 GB) Processed On GPU 
	| Duration : 1.469792 ms
	| Bandwidth : 1044.471763 Gb/s
>> 196608 Packets (0.295898 GB) Transfered From Device to Host
	| Duration : 17.505089 ms
	| Bandwidth : 135.228534 Gb/s
---------------------------------------------------------------

>> Chunk 945 Started
196608 Packets Was Read From Pcap File
>> 196608 Packets (0.295898 GB) Transfered From Host To Device 
	| Duration : 16.327360 ms
	| Bandwidth : 144.982868 Gb/s
>> RuleGraph Was Processed For 256 Threads Per Block 
>> 196608 Packets (0.192 GB) Processed On GPU 
	| Duration : 1.471584 ms
	| Bandwidth : 1043.199905 Gb/s
>> 196608 Packets (0.295898 GB) Transfered From Device to Host
	| Duration : 17.543776 ms
	| Bandwidth : 134.930334 Gb/s
---------------------------------------------------------------

>> Chunk 946 Started
196608 Packets Was Read From Pcap File
>> 196608 Packets (0.295898 GB) Transfered From Host To Device 
	| Duration : 16.544479 ms
	| Bandwidth : 143.080205 Gb/s
>> RuleGraph Was Processed For 256 Threads Per Block 
>> 196608 Packets (0.192 GB) Processed On GPU 
	| Duration : 1.478496 ms
	| Bandwidth : 1038.322928 Gb/s
>> 196608 Packets (0.295898 GB) Transfered From Device to Host
	| Duration : 17.278496 ms
	| Bandwidth : 137.001943 Gb/s
---------------------------------------------------------------

>> Chunk 947 Started
196608 Packets Was Read From Pcap File
>> 196608 Packets (0.295898 GB) Transfered From Host To Device 
	| Duration : 16.352736 ms
	| Bandwidth : 144.757891 Gb/s
>> RuleGraph Was Processed For 256 Threads Per Block 
>> 196608 Packets (0.192 GB) Processed On GPU 
	| Duration : 1.468192 ms
	| Bandwidth : 1045.610022 Gb/s
>> 196608 Packets (0.295898 GB) Transfered From Device to Host
	| Duration : 17.467392 ms
	| Bandwidth : 135.520374 Gb/s
---------------------------------------------------------------

>> Chunk 948 Started
196608 Packets Was Read From Pcap File
>> 196608 Packets (0.295898 GB) Transfered From Host To Device 
	| Duration : 16.402143 ms
	| Bandwidth : 144.321838 Gb/s
>> RuleGraph Was Processed For 256 Threads Per Block 
>> 196608 Packets (0.192 GB) Processed On GPU 
	| Duration : 1.466656 ms
	| Bandwidth : 1046.705077 Gb/s
>> 196608 Packets (0.295898 GB) Transfered From Device to Host
	| Duration : 17.359873 ms
	| Bandwidth : 136.359726 Gb/s
---------------------------------------------------------------

>> Chunk 949 Started
196608 Packets Was Read From Pcap File
>> 196608 Packets (0.295898 GB) Transfered From Host To Device 
	| Duration : 16.452608 ms
	| Bandwidth : 143.879164 Gb/s
>> RuleGraph Was Processed For 256 Threads Per Block 
>> 196608 Packets (0.192 GB) Processed On GPU 
	| Duration : 1.470304 ms
	| Bandwidth : 1044.108046 Gb/s
>> 196608 Packets (0.295898 GB) Transfered From Device to Host
	| Duration : 17.336544 ms
	| Bandwidth : 136.543217 Gb/s
---------------------------------------------------------------

>> Chunk 950 Started
196608 Packets Was Read From Pcap File
>> 196608 Packets (0.295898 GB) Transfered From Host To Device 
	| Duration : 16.435137 ms
	| Bandwidth : 144.032114 Gb/s
>> RuleGraph Was Processed For 256 Threads Per Block 
>> 196608 Packets (0.192 GB) Processed On GPU 
	| Duration : 1.477504 ms
	| Bandwidth : 1039.020019 Gb/s
>> 196608 Packets (0.295898 GB) Transfered From Device to Host
	| Duration : 17.218464 ms
	| Bandwidth : 137.479598 Gb/s
---------------------------------------------------------------

>> Chunk 951 Started
196608 Packets Was Read From Pcap File
>> 196608 Packets (0.295898 GB) Transfered From Host To Device 
	| Duration : 16.612608 ms
	| Bandwidth : 142.493431 Gb/s
>> RuleGraph Was Processed For 256 Threads Per Block 
>> 196608 Packets (0.192 GB) Processed On GPU 
	| Duration : 1.464032 ms
	| Bandwidth : 1048.581037 Gb/s
>> 196608 Packets (0.295898 GB) Transfered From Device to Host
	| Duration : 17.752960 ms
	| Bandwidth : 133.340439 Gb/s
---------------------------------------------------------------

>> Chunk 952 Started
196608 Packets Was Read From Pcap File
>> 196608 Packets (0.295898 GB) Transfered From Host To Device 
	| Duration : 16.602943 ms
	| Bandwidth : 142.576376 Gb/s
>> RuleGraph Was Processed For 256 Threads Per Block 
>> 196608 Packets (0.192 GB) Processed On GPU 
	| Duration : 1.478048 ms
	| Bandwidth : 1038.637639 Gb/s
>> 196608 Packets (0.295898 GB) Transfered From Device to Host
	| Duration : 17.405664 ms
	| Bandwidth : 136.000984 Gb/s
---------------------------------------------------------------

>> Chunk 953 Started
196608 Packets Was Read From Pcap File
>> 196608 Packets (0.295898 GB) Transfered From Host To Device 
	| Duration : 16.529823 ms
	| Bandwidth : 143.207066 Gb/s
>> RuleGraph Was Processed For 256 Threads Per Block 
>> 196608 Packets (0.192 GB) Processed On GPU 
	| Duration : 1.476896 ms
	| Bandwidth : 1039.447734 Gb/s
>> 196608 Packets (0.295898 GB) Transfered From Device to Host
	| Duration : 17.467104 ms
	| Bandwidth : 135.522609 Gb/s
---------------------------------------------------------------

>> Chunk 954 Started
196608 Packets Was Read From Pcap File
>> 196608 Packets (0.295898 GB) Transfered From Host To Device 
	| Duration : 16.414112 ms
	| Bandwidth : 144.216604 Gb/s
>> RuleGraph Was Processed For 256 Threads Per Block 
>> 196608 Packets (0.192 GB) Processed On GPU 
	| Duration : 1.544160 ms
	| Bandwidth : 994.169155 Gb/s
>> 196608 Packets (0.295898 GB) Transfered From Device to Host
	| Duration : 17.471136 ms
	| Bandwidth : 135.491332 Gb/s
---------------------------------------------------------------

>> Chunk 955 Started
196608 Packets Was Read From Pcap File
>> 196608 Packets (0.295898 GB) Transfered From Host To Device 
	| Duration : 16.425665 ms
	| Bandwidth : 144.115171 Gb/s
>> RuleGraph Was Processed For 256 Threads Per Block 
>> 196608 Packets (0.192 GB) Processed On GPU 
	| Duration : 1.487072 ms
	| Bandwidth : 1032.334856 Gb/s
>> 196608 Packets (0.295898 GB) Transfered From Device to Host
	| Duration : 17.468672 ms
	| Bandwidth : 135.510446 Gb/s
---------------------------------------------------------------

>> Chunk 956 Started
196608 Packets Was Read From Pcap File
>> 196608 Packets (0.295898 GB) Transfered From Host To Device 
	| Duration : 16.305344 ms
	| Bandwidth : 145.178633 Gb/s
>> RuleGraph Was Processed For 256 Threads Per Block 
>> 196608 Packets (0.192 GB) Processed On GPU 
	| Duration : 1.468128 ms
	| Bandwidth : 1045.655614 Gb/s
>> 196608 Packets (0.295898 GB) Transfered From Device to Host
	| Duration : 17.389536 ms
	| Bandwidth : 136.127123 Gb/s
---------------------------------------------------------------

>> Chunk 957 Started
196608 Packets Was Read From Pcap File
>> 196608 Packets (0.295898 GB) Transfered From Host To Device 
	| Duration : 16.462112 ms
	| Bandwidth : 143.796096 Gb/s
>> RuleGraph Was Processed For 256 Threads Per Block 
>> 196608 Packets (0.192 GB) Processed On GPU 
	| Duration : 1.485472 ms
	| Bandwidth : 1033.446802 Gb/s
>> 196608 Packets (0.295898 GB) Transfered From Device to Host
	| Duration : 17.439775 ms
	| Bandwidth : 135.734976 Gb/s
---------------------------------------------------------------

>> Chunk 958 Started
196608 Packets Was Read From Pcap File
>> 196608 Packets (0.295898 GB) Transfered From Host To Device 
	| Duration : 16.506144 ms
	| Bandwidth : 143.412511 Gb/s
>> RuleGraph Was Processed For 256 Threads Per Block 
>> 196608 Packets (0.192 GB) Processed On GPU 
	| Duration : 1.473152 ms
	| Bandwidth : 1042.089484 Gb/s
>> 196608 Packets (0.295898 GB) Transfered From Device to Host
	| Duration : 17.297216 ms
	| Bandwidth : 136.853667 Gb/s
---------------------------------------------------------------

>> Chunk 959 Started
196608 Packets Was Read From Pcap File
>> 196608 Packets (0.295898 GB) Transfered From Host To Device 
	| Duration : 16.352415 ms
	| Bandwidth : 144.760727 Gb/s
>> RuleGraph Was Processed For 256 Threads Per Block 
>> 196608 Packets (0.192 GB) Processed On GPU 
	| Duration : 1.464608 ms
	| Bandwidth : 1048.168724 Gb/s
>> 196608 Packets (0.295898 GB) Transfered From Device to Host
	| Duration : 17.495840 ms
	| Bandwidth : 135.300019 Gb/s
---------------------------------------------------------------

>> Chunk 960 Started
196608 Packets Was Read From Pcap File
>> 196608 Packets (0.295898 GB) Transfered From Host To Device 
	| Duration : 16.530111 ms
	| Bandwidth : 143.204571 Gb/s
>> RuleGraph Was Processed For 256 Threads Per Block 
>> 196608 Packets (0.192 GB) Processed On GPU 
	| Duration : 1.481280 ms
	| Bandwidth : 1036.371437 Gb/s
>> 196608 Packets (0.295898 GB) Transfered From Device to Host
	| Duration : 17.484159 ms
	| Bandwidth : 135.390409 Gb/s
---------------------------------------------------------------

>> Chunk 961 Started
196608 Packets Was Read From Pcap File
>> 196608 Packets (0.295898 GB) Transfered From Host To Device 
	| Duration : 16.553568 ms
	| Bandwidth : 143.001649 Gb/s
>> RuleGraph Was Processed For 256 Threads Per Block 
>> 196608 Packets (0.192 GB) Processed On GPU 
	| Duration : 1.474304 ms
	| Bandwidth : 1041.275267 Gb/s
>> 196608 Packets (0.295898 GB) Transfered From Device to Host
	| Duration : 17.474848 ms
	| Bandwidth : 135.462553 Gb/s
---------------------------------------------------------------

>> Chunk 962 Started
196608 Packets Was Read From Pcap File
>> 196608 Packets (0.295898 GB) Transfered From Host To Device 
	| Duration : 16.651745 ms
	| Bandwidth : 142.158526 Gb/s
>> RuleGraph Was Processed For 256 Threads Per Block 
>> 196608 Packets (0.192 GB) Processed On GPU 
	| Duration : 1.481376 ms
	| Bandwidth : 1036.304217 Gb/s
>> 196608 Packets (0.295898 GB) Transfered From Device to Host
	| Duration : 17.598593 ms
	| Bandwidth : 134.510045 Gb/s
---------------------------------------------------------------

>> Chunk 963 Started
196608 Packets Was Read From Pcap File
>> 196608 Packets (0.295898 GB) Transfered From Host To Device 
	| Duration : 17.184256 ms
	| Bandwidth : 137.753276 Gb/s
>> RuleGraph Was Processed For 256 Threads Per Block 
>> 196608 Packets (0.192 GB) Processed On GPU 
	| Duration : 1.480352 ms
	| Bandwidth : 1037.021063 Gb/s
>> 196608 Packets (0.295898 GB) Transfered From Device to Host
	| Duration : 17.464960 ms
	| Bandwidth : 135.539245 Gb/s
---------------------------------------------------------------

>> Chunk 964 Started
196608 Packets Was Read From Pcap File
>> 196608 Packets (0.295898 GB) Transfered From Host To Device 
	| Duration : 16.365120 ms
	| Bandwidth : 144.648344 Gb/s
>> RuleGraph Was Processed For 256 Threads Per Block 
>> 196608 Packets (0.192 GB) Processed On GPU 
	| Duration : 1.482912 ms
	| Bandwidth : 1035.230889 Gb/s
>> 196608 Packets (0.295898 GB) Transfered From Device to Host
	| Duration : 17.434528 ms
	| Bandwidth : 135.775827 Gb/s
---------------------------------------------------------------

>> Chunk 965 Started
196608 Packets Was Read From Pcap File
>> 196608 Packets (0.295898 GB) Transfered From Host To Device 
	| Duration : 16.427649 ms
	| Bandwidth : 144.097769 Gb/s
>> RuleGraph Was Processed For 256 Threads Per Block 
>> 196608 Packets (0.192 GB) Processed On GPU 
	| Duration : 1.473824 ms
	| Bandwidth : 1041.614348 Gb/s
>> 196608 Packets (0.295898 GB) Transfered From Device to Host
	| Duration : 17.364096 ms
	| Bandwidth : 136.326564 Gb/s
---------------------------------------------------------------

>> Chunk 966 Started
196608 Packets Was Read From Pcap File
>> 196608 Packets (0.295898 GB) Transfered From Host To Device 
	| Duration : 16.287519 ms
	| Bandwidth : 145.337509 Gb/s
>> RuleGraph Was Processed For 256 Threads Per Block 
>> 196608 Packets (0.192 GB) Processed On GPU 
	| Duration : 1.474688 ms
	| Bandwidth : 1041.004060 Gb/s
>> 196608 Packets (0.295898 GB) Transfered From Device to Host
	| Duration : 17.655457 ms
	| Bandwidth : 134.076822 Gb/s
---------------------------------------------------------------

>> Chunk 967 Started
196608 Packets Was Read From Pcap File
>> 196608 Packets (0.295898 GB) Transfered From Host To Device 
	| Duration : 16.568224 ms
	| Bandwidth : 142.875151 Gb/s
>> RuleGraph Was Processed For 256 Threads Per Block 
>> 196608 Packets (0.192 GB) Processed On GPU 
	| Duration : 1.470368 ms
	| Bandwidth : 1044.062589 Gb/s
>> 196608 Packets (0.295898 GB) Transfered From Device to Host
	| Duration : 17.777664 ms
	| Bandwidth : 133.155148 Gb/s
---------------------------------------------------------------

>> Chunk 968 Started
196608 Packets Was Read From Pcap File
>> 196608 Packets (0.295898 GB) Transfered From Host To Device 
	| Duration : 16.516064 ms
	| Bandwidth : 143.326373 Gb/s
>> RuleGraph Was Processed For 256 Threads Per Block 
>> 196608 Packets (0.192 GB) Processed On GPU 
	| Duration : 1.469152 ms
	| Bandwidth : 1044.926786 Gb/s
>> 196608 Packets (0.295898 GB) Transfered From Device to Host
	| Duration : 17.431904 ms
	| Bandwidth : 135.796269 Gb/s
---------------------------------------------------------------

>> Chunk 969 Started
196608 Packets Was Read From Pcap File
>> 196608 Packets (0.295898 GB) Transfered From Host To Device 
	| Duration : 16.488832 ms
	| Bandwidth : 143.563075 Gb/s
>> RuleGraph Was Processed For 256 Threads Per Block 
>> 196608 Packets (0.192 GB) Processed On GPU 
	| Duration : 1.484736 ms
	| Bandwidth : 1033.959091 Gb/s
>> 196608 Packets (0.295898 GB) Transfered From Device to Host
	| Duration : 17.807680 ms
	| Bandwidth : 132.930706 Gb/s
---------------------------------------------------------------

>> Chunk 970 Started
196608 Packets Was Read From Pcap File
>> 196608 Packets (0.295898 GB) Transfered From Host To Device 
	| Duration : 16.678207 ms
	| Bandwidth : 141.932969 Gb/s
>> RuleGraph Was Processed For 256 Threads Per Block 
>> 196608 Packets (0.192 GB) Processed On GPU 
	| Duration : 1.477152 ms
	| Bandwidth : 1039.267632 Gb/s
>> 196608 Packets (0.295898 GB) Transfered From Device to Host
	| Duration : 17.255713 ms
	| Bandwidth : 137.182831 Gb/s
---------------------------------------------------------------

>> Chunk 971 Started
196608 Packets Was Read From Pcap File
>> 196608 Packets (0.295898 GB) Transfered From Host To Device 
	| Duration : 16.308607 ms
	| Bandwidth : 145.149582 Gb/s
>> RuleGraph Was Processed For 256 Threads Per Block 
>> 196608 Packets (0.192 GB) Processed On GPU 
	| Duration : 1.473984 ms
	| Bandwidth : 1041.501296 Gb/s
>> 196608 Packets (0.295898 GB) Transfered From Device to Host
	| Duration : 17.228895 ms
	| Bandwidth : 137.396361 Gb/s
---------------------------------------------------------------

>> Chunk 972 Started
196608 Packets Was Read From Pcap File
>> 196608 Packets (0.295898 GB) Transfered From Host To Device 
	| Duration : 16.355583 ms
	| Bandwidth : 144.732687 Gb/s
>> RuleGraph Was Processed For 256 Threads Per Block 
>> 196608 Packets (0.192 GB) Processed On GPU 
	| Duration : 1.480064 ms
	| Bandwidth : 1037.222859 Gb/s
>> 196608 Packets (0.295898 GB) Transfered From Device to Host
	| Duration : 17.304577 ms
	| Bandwidth : 136.795457 Gb/s
---------------------------------------------------------------

>> Chunk 973 Started
196608 Packets Was Read From Pcap File
>> 196608 Packets (0.295898 GB) Transfered From Host To Device 
	| Duration : 16.476288 ms
	| Bandwidth : 143.672381 Gb/s
>> RuleGraph Was Processed For 256 Threads Per Block 
>> 196608 Packets (0.192 GB) Processed On GPU 
	| Duration : 1.485184 ms
	| Bandwidth : 1033.647210 Gb/s
>> 196608 Packets (0.295898 GB) Transfered From Device to Host
	| Duration : 17.312351 ms
	| Bandwidth : 136.734027 Gb/s
---------------------------------------------------------------

>> Chunk 974 Started
196608 Packets Was Read From Pcap File
>> 196608 Packets (0.295898 GB) Transfered From Host To Device 
	| Duration : 16.583200 ms
	| Bandwidth : 142.746119 Gb/s
>> RuleGraph Was Processed For 256 Threads Per Block 
>> 196608 Packets (0.192 GB) Processed On GPU 
	| Duration : 1.460704 ms
	| Bandwidth : 1050.970137 Gb/s
>> 196608 Packets (0.295898 GB) Transfered From Device to Host
	| Duration : 17.403839 ms
	| Bandwidth : 136.015248 Gb/s
---------------------------------------------------------------

>> Chunk 975 Started
196608 Packets Was Read From Pcap File
>> 196608 Packets (0.295898 GB) Transfered From Host To Device 
	| Duration : 17.113983 ms
	| Bandwidth : 138.318910 Gb/s
>> RuleGraph Was Processed For 256 Threads Per Block 
>> 196608 Packets (0.192 GB) Processed On GPU 
	| Duration : 1.485024 ms
	| Bandwidth : 1033.758562 Gb/s
>> 196608 Packets (0.295898 GB) Transfered From Device to Host
	| Duration : 17.512672 ms
	| Bandwidth : 135.169975 Gb/s
---------------------------------------------------------------

>> Chunk 976 Started
196608 Packets Was Read From Pcap File
>> 196608 Packets (0.295898 GB) Transfered From Host To Device 
	| Duration : 16.469919 ms
	| Bandwidth : 143.727936 Gb/s
>> RuleGraph Was Processed For 256 Threads Per Block 
>> 196608 Packets (0.192 GB) Processed On GPU 
	| Duration : 1.470432 ms
	| Bandwidth : 1044.017136 Gb/s
>> 196608 Packets (0.295898 GB) Transfered From Device to Host
	| Duration : 17.763424 ms
	| Bandwidth : 133.261893 Gb/s
---------------------------------------------------------------

>> Chunk 977 Started
196608 Packets Was Read From Pcap File
>> 196608 Packets (0.295898 GB) Transfered From Host To Device 
	| Duration : 16.518145 ms
	| Bandwidth : 143.308317 Gb/s
>> RuleGraph Was Processed For 256 Threads Per Block 
>> 196608 Packets (0.192 GB) Processed On GPU 
	| Duration : 1.482368 ms
	| Bandwidth : 1035.610765 Gb/s
>> 196608 Packets (0.295898 GB) Transfered From Device to Host
	| Duration : 17.256321 ms
	| Bandwidth : 137.177994 Gb/s
---------------------------------------------------------------

>> Chunk 978 Started
196608 Packets Was Read From Pcap File
>> 196608 Packets (0.295898 GB) Transfered From Host To Device 
	| Duration : 16.426369 ms
	| Bandwidth : 144.108996 Gb/s
>> RuleGraph Was Processed For 256 Threads Per Block 
>> 196608 Packets (0.192 GB) Processed On GPU 
	| Duration : 1.476160 ms
	| Bandwidth : 1039.965992 Gb/s
>> 196608 Packets (0.295898 GB) Transfered From Device to Host
	| Duration : 17.394560 ms
	| Bandwidth : 136.087807 Gb/s
---------------------------------------------------------------

>> Chunk 979 Started
196608 Packets Was Read From Pcap File
>> 196608 Packets (0.295898 GB) Transfered From Host To Device 
	| Duration : 16.546593 ms
	| Bandwidth : 143.061931 Gb/s
>> RuleGraph Was Processed For 256 Threads Per Block 
>> 196608 Packets (0.192 GB) Processed On GPU 
	| Duration : 1.486208 ms
	| Bandwidth : 1032.935019 Gb/s
>> 196608 Packets (0.295898 GB) Transfered From Device to Host
	| Duration : 17.521664 ms
	| Bandwidth : 135.100613 Gb/s
---------------------------------------------------------------

>> Chunk 980 Started
196608 Packets Was Read From Pcap File
>> 196608 Packets (0.295898 GB) Transfered From Host To Device 
	| Duration : 16.474560 ms
	| Bandwidth : 143.687451 Gb/s
>> RuleGraph Was Processed For 256 Threads Per Block 
>> 196608 Packets (0.192 GB) Processed On GPU 
	| Duration : 1.476224 ms
	| Bandwidth : 1039.920978 Gb/s
>> 196608 Packets (0.295898 GB) Transfered From Device to Host
	| Duration : 17.761120 ms
	| Bandwidth : 133.279181 Gb/s
---------------------------------------------------------------

>> Chunk 981 Started
196608 Packets Was Read From Pcap File
>> 196608 Packets (0.295898 GB) Transfered From Host To Device 
	| Duration : 16.493631 ms
	| Bandwidth : 143.521305 Gb/s
>> RuleGraph Was Processed For 256 Threads Per Block 
>> 196608 Packets (0.192 GB) Processed On GPU 
	| Duration : 1.483360 ms
	| Bandwidth : 1034.918156 Gb/s
>> 196608 Packets (0.295898 GB) Transfered From Device to Host
	| Duration : 17.266239 ms
	| Bandwidth : 137.099196 Gb/s
---------------------------------------------------------------

>> Chunk 982 Started
196608 Packets Was Read From Pcap File
>> 196608 Packets (0.295898 GB) Transfered From Host To Device 
	| Duration : 16.552704 ms
	| Bandwidth : 143.009113 Gb/s
>> RuleGraph Was Processed For 256 Threads Per Block 
>> 196608 Packets (0.192 GB) Processed On GPU 
	| Duration : 1.478240 ms
	| Bandwidth : 1038.502703 Gb/s
>> 196608 Packets (0.295898 GB) Transfered From Device to Host
	| Duration : 17.471424 ms
	| Bandwidth : 135.489098 Gb/s
---------------------------------------------------------------

>> Chunk 983 Started
196608 Packets Was Read From Pcap File
>> 196608 Packets (0.295898 GB) Transfered From Host To Device 
	| Duration : 16.722528 ms
	| Bandwidth : 141.556793 Gb/s
>> RuleGraph Was Processed For 256 Threads Per Block 
>> 196608 Packets (0.192 GB) Processed On GPU 
	| Duration : 1.472064 ms
	| Bandwidth : 1042.859706 Gb/s
>> 196608 Packets (0.295898 GB) Transfered From Device to Host
	| Duration : 17.537024 ms
	| Bandwidth : 134.982284 Gb/s
---------------------------------------------------------------

>> Chunk 984 Started
196608 Packets Was Read From Pcap File
>> 196608 Packets (0.295898 GB) Transfered From Host To Device 
	| Duration : 16.562719 ms
	| Bandwidth : 142.922636 Gb/s
>> RuleGraph Was Processed For 256 Threads Per Block 
>> 196608 Packets (0.192 GB) Processed On GPU 
	| Duration : 1.477024 ms
	| Bandwidth : 1039.357717 Gb/s
>> 196608 Packets (0.295898 GB) Transfered From Device to Host
	| Duration : 17.589151 ms
	| Bandwidth : 134.582246 Gb/s
---------------------------------------------------------------

>> Chunk 985 Started
196608 Packets Was Read From Pcap File
>> 196608 Packets (0.295898 GB) Transfered From Host To Device 
	| Duration : 16.463167 ms
	| Bandwidth : 143.786883 Gb/s
>> RuleGraph Was Processed For 256 Threads Per Block 
>> 196608 Packets (0.192 GB) Processed On GPU 
	| Duration : 1.479168 ms
	| Bandwidth : 1037.851137 Gb/s
>> 196608 Packets (0.295898 GB) Transfered From Device to Host
	| Duration : 17.499296 ms
	| Bandwidth : 135.273298 Gb/s
---------------------------------------------------------------

>> Chunk 986 Started
21356 Packets Was Read From Pcap File
>> 21356 Packets (0.032141 GB) Transfered From Host To Device 
	| Duration : 1.831456 ms
	| Bandwidth : 140.396056 Gb/s
>> RuleGraph Was Processed For 256 Threads Per Block 
>> 21356 Packets (0.021 GB) Processed On GPU 
	| Duration : 0.152736 ms
	| Bandwidth : 1091.766888 Gb/s
>> 21356 Packets (0.032141 GB) Transfered From Device to Host
	| Duration : 2.034720 ms
	| Bandwidth : 126.370803 Gb/s
	| Total Packets: 193680236
	| N/A : 191203169
	| Ethernet-IPv4-UDP-DNS : 2476883
	| Ethernet-IPv4-UDP-RTP : 177
	| Ethernet-IPv4-UDP-GTP-IPv4-UDP-RTP : 7
>> Host To Device:
	| Duration: 16290.086421 ms
	| Bandwidth: 92.835337 Gb/s
>> Kernel:
	| Duration: 1449.268445 ms
	| Bandwidth: 1043.488985 Gb/s
>> Device To Host:
	| Duration: 17198.220595 ms
	| Bandwidth: 87.933263 Gb/s

**********************************************************************************************

